Component: ARM Compiler 5.05 update 1 (build 106) Tool: armlink [4d0efa]

==============================================================================

Section Cross References

    main.o(.text) refers to stm32f10x_iwdg.o(.text) for IWDG_ReloadCounter
    main.o(.text) refers to target.o(.text) for InitTarget
    main.o(.text) refers to rf_parameter.o(.text) for InitParam
    main.o(.text) refers to rf_protocol.o(.text) for InitProtocol
    main.o(.text) refers to rf_control.o(.text) for InitTaskControl
    main.o(.text) refers to stm32f10x_rcc.o(.text) for RCC_GetFlagStatus
    main.o(.text) refers to task.o(.text) for AddTaskTimer
    rf_control.o(.text) refers to dev_e2prom.o(.text) for ReadE2prom
    rf_control.o(.text) refers to rf_control.o(i.usdelay) for usdelay
    rf_control.o(.text) refers to dev_spi.o(.text) for WriteSpiOneWord
    rf_control.o(.text) refers to stm32f10x_gpio.o(.text) for GPIO_ReadInputDataBit
    rf_control.o(.text) refers to user_adc.o(.text) for ReadAdcValue
    rf_control.o(.text) refers to rf_control.o(.constdata) for .constdata
    rf_control.o(.text) refers to target.o(.constdata) for attBus
    rf_control.o(.text) refers to rf_control.o(.bss) for .bss
    rf_control.o(.text) refers to dev_att.o(.text) for WritePe4302
    rf_control.o(.text) refers to rf_control.o(.data) for .data
    rf_control.o(.text) refers to dev_temp.o(.text) for ReadInternalTemperatureSensor
    rf_control.o(.constdata) refers to rf_control.o(.data) for gRFSrcRef
    rf_control.o(.constdata) refers to rf_control.o(.text) for execSwitchReference
    rf_control.o(.constdata) refers to rf_control.o(.data) for gRFSrcSel
    rf_control.o(.constdata) refers to rf_control.o(.data) for gTempValue
    rf_control.o(.constdata) refers to rf_control.o(.data) for gAtteVal
    rf_control.o(.constdata) refers to rf_control.o(.data) for gGainOffset
    rf_control.o(.constdata) refers to rf_control.o(.data) for gAtt2
    rf_control.o(.constdata) refers to rf_control.o(.data) for gDAoutA
    rf_control.o(.constdata) refers to rf_control.o(.data) for gDAoutB
    rf_control.o(.constdata) refers to rf_control.o(.data) for gDAoutC
    rf_control.o(.constdata) refers to rf_control.o(.data) for gDAoutD
    rf_control.o(.constdata) refers to rf_control.o(.data) for gOutPwrVal
    rf_control.o(.constdata) refers to rf_control.o(.data) for gOutPwrSlopeVal
    rf_control.o(.constdata) refers to rf_control.o(.data) for gRefPwrVal
    rf_control.o(.constdata) refers to rf_control.o(.data) for gRefPwrSlopeVal
    rf_control.o(.constdata) refers to rf_control.o(.data) for gOutPwrShutVal
    rf_control.o(.constdata) refers to rf_control.o(.data) for gPALimNumer
    rf_control.o(.constdata) refers to rf_control.o(.data) for gPReadADNumer
    rf_control.o(.constdata) refers to rf_control.o(.data) for gPequDenomi
    rf_control.o(.constdata) refers to rf_control.o(.data) for gPBmFreq
    rf_control.o(.constdata) refers to rf_control.o(.data) for gBandWidth
    rf_control.o(.constdata) refers to rf_control.o(.data) for gIFOffset
    rf_control.o(.constdata) refers to rf_control.o(.data) for gIFFreq
    rf_control.o(.constdata) refers to rf_control.o(.data) for gFreq
    rf_control.o(.constdata) refers to rf_control.o(.data) for gCurCo
    rf_control.o(.constdata) refers to rf_control.o(.data) for gCurOffset
    rf_control.o(.constdata) refers to rf_control.o(.data) for gCurHlim
    rf_control.o(.constdata) refers to rf_control.o(.data) for gCurLlim
    rf_control.o(.constdata) refers to rf_control.o(.data) for gGainNumer
    rf_control.o(.constdata) refers to rf_control.o(.data) for gGainDenomi
    rf_control.o(.constdata) refers to rf_control.o(.data) for gPAProtecttLim
    rf_control.o(.constdata) refers to rf_control.o(.data) for gPAResetLim
    rf_control.o(.constdata) refers to rf_control.o(.data) for gRF_No
    rf_control.o(.constdata) refers to rf_control.o(.data) for gSigPowerOffset
    rf_control.o(.constdata) refers to rf_control.o(.data) for gFWCheck
    rf_control.o(.constdata) refers to rf_control.o(.data) for gDownFlag
    rf_control.o(.constdata) refers to rf_control.o(.bss) for gModuleNo
    rf_control.o(.constdata) refers to rf_control.o(.data) for gPlusValue
    rf_control.o(.constdata) refers to rf_protocol.o(.text) for execRFParamQ
    rf_protocol.o(.text) refers to rt_memcpy_w.o(.text) for __aeabi_memcpy4
    rf_protocol.o(.text) refers to user_uart.o(.text) for GetUartBufInfo
    rf_protocol.o(.text) refers to dev_e2prom.o(.text) for WriteE2prom
    rf_protocol.o(.text) refers to user_timer.o(.text) for UserTimerReset
    rf_protocol.o(.text) refers to user_flash.o(.text) for EndCode2Flash
    rf_protocol.o(.text) refers to rf_protocol.o(.constdata) for .constdata
    rf_protocol.o(.text) refers to rf_parameter.o(.data) for modelAddr
    rf_protocol.o(.text) refers to rf_parameter.o(.data) for modelFwCrc
    rf_protocol.o(.text) refers to rf_control.o(.data) for gDownFlag
[...]
    x$fpl$fnaninf                            0x08004c2e   Section      140  fnaninf.o(x$fpl$fnaninf)
    x$fpl$fretinf                            0x08004cba   Section       10  fretinf.o(x$fpl$fretinf)
    x$fpl$retnan                             0x08004cc4   Section      100  retnan.o(x$fpl$retnan)
    x$fpl$scalbn                             0x08004d28   Section       92  scalbn.o(x$fpl$scalbn)
    x$fpl$trapveneer                         0x08004d84   Section       48  trapv.o(x$fpl$trapveneer)
    .constdata                               0x08004db4   Section     1388  rf_control.o(.constdata)
    x$fpl$usenofp                            0x08004db4   Section        0  usenofp.o(x$fpl$usenofp)
    .constdata                               0x08005320   Section       32  rf_protocol.o(.constdata)
    .constdata                               0x08005340   Section       60  target.o(.constdata)
    .constdata                               0x0800537c   Section      560  target.o(.constdata)
    gpioTable                                0x0800537c   Data         560  target.o(.constdata)
    .ARM.__AT_0x08005FF0                     0x08005ff0   Section        1  rf_control.o(.ARM.__AT_0x08005FF0)
    .ARM.__AT_0x08005FF4                     0x08005ff4   Section        1  rf_control.o(.ARM.__AT_0x08005FF4)
    .ARM.__AT_0x08005FF8                     0x08005ff8   Section        1  rf_control.o(.ARM.__AT_0x08005FF8)
    .text                                    0x08007000   Section        0  stm32f10x_flash.o(.text)
    .text                                    0x08007480   Section        0  stm32f10x_iwdg.o(.text)
    BOOTLOADER                               0x080074bc   Section        0  user_flash.o(BOOTLOADER)
    .data                                    0x20000000   Section       38  rf_control.o(.data)
    __gAtt1                                  0x20000000   Data           1  rf_control.o(.data)
    __gAtt2                                  0x20000001   Data           1  rf_control.o(.data)
    __gAtt3                                  0x20000002   Data           1  rf_control.o(.data)
    .data                                    0x20000026   Section        1  rf_control.o(.data)
    .data                                    0x20000027   Section        1  rf_control.o(.data)
    .data                                    0x20000028   Section        1  rf_control.o(.data)
    .data                                    0x2000002a   Section        2  rf_control.o(.data)
    .data                                    0x2000002c   Section        2  rf_control.o(.data)
    .data                                    0x2000002e   Section        2  rf_control.o(.data)
    .data                                    0x20000030   Section        2  rf_control.o(.data)
    .data                                    0x20000032   Section        2  rf_control.o(.data)
    .data                                    0x20000034   Section        2  rf_control.o(.data)
    .data                                    0x20000036   Section        2  rf_control.o(.data)
    .data                                    0x20000038   Section        2  rf_control.o(.data)
    .data                                    0x2000003a   Section        1  rf_control.o(.data)
    .data                                    0x2000003b   Section        1  rf_control.o(.data)
    .data                                    0x2000003c   Section        1  rf_control.o(.data)
    .data                                    0x2000003d   Section        1  rf_control.o(.data)
    .data                                    0x20000040   Section        4  rf_control.o(.data)
    .data                                    0x20000044   Section        4  rf_control.o(.data)
    .data                                    0x20000048   Section        2  rf_control.o(.data)
    .data                                    0x2000004c   Section        4  rf_control.o(.data)
    .data                                    0x20000050   Section        4  rf_control.o(.data)
    .data                                    0x20000054   Section        2  rf_control.o(.data)
    .data                                    0x20000056   Section        2  rf_control.o(.data)
    .data                                    0x20000058   Section        2  rf_control.o(.data)
    .data                                    0x2000005a   Section        2  rf_control.o(.data)
    .data                                    0x2000005c   Section        1  rf_control.o(.data)
    .data                                    0x2000005d   Section        1  rf_control.o(.data)
    .data                                    0x2000005e   Section        1  rf_control.o(.data)
    .data                                    0x2000005f   Section        1  rf_control.o(.data)
    .data                                    0x20000060   Section        1  rf_control.o(.data)
    .data                                    0x20000062   Section        2  rf_control.o(.data)
    .data                                    0x20000064   Section        1  rf_control.o(.data)
    .data                                    0x20000068   Section        4  rf_control.o(.data)
    .data                                    0x2000006c   Section        4  rf_control.o(.data)
    .data                                    0x20000070   Section        6  rf_control.o(.data)
    .data                                    0x20000076   Section        1  rf_control.o(.data)
    .data                                    0x20000078   Section        2  rf_control.o(.data)
    .data                                    0x2000007a   Section        2  rf_control.o(.data)
    .data                                    0x2000007c   Section        2  rf_control.o(.data)
    .data                                    0x20000080   Section       12  rf_protocol.o(.data)
    bFWLoad                                  0x20000080   Data           1  rf_protocol.o(.data)
    nextPktIdx                               0x20000082   Data           2  rf_protocol.o(.data)
    checksum                                 0x20000084   Data           2  rf_protocol.o(.data)
    loadFwCnt                                0x20000088   Data           4  rf_protocol.o(.data)
    .data                                    0x2000008c   Section        1  rf_parameter.o(.data)
    .data                                    0x2000008e   Section        2  rf_parameter.o(.data)
    .data                                    0x20000090   Section        2  rf_parameter.o(.data)
    .data                                    0x20000092   Section        1  task.o(.data)
    taskNum                                  0x20000092   Data           1  task.o(.data)
    .data                                    0x20000094   Section       20  system_stm32f10x.o(.data)
    .data                                    0x200000a8   Section        4  user_timer.o(.data)
    .data                                    0x200000ac   Section       16  user_i2c.o(.data)
    rxCnt                                    0x200000ac   Data           2  user_i2c.o(.data)
    txCnt                                    0x200000ae   Data           2  user_i2c.o(.data)
    txSum                                    0x200000b0   Data           2  user_i2c.o(.data)
    txBuf                                    0x200000b4   Data           4  user_i2c.o(.data)
    .data                                    0x200000bc   Section       20  stm32f10x_rcc.o(.data)
    ADCPrescTable                            0x200000bc   Data           4  stm32f10x_rcc.o(.data)
    APBAHBPrescTable                         0x200000c0   Data          16  stm32f10x_rcc.o(.data)
    .bss                                     0x200000d0   Section       40  rf_control.o(.bss)
    aBuf                                     0x200000d0   Data          20  rf_control.o(.bss)
    rBuf                                     0x200000e4   Data          20  rf_control.o(.bss)
    .bss                                     0x200000f8   Section       10  rf_control.o(.bss)
    .bss                                     0x20000104   Section       12  rf_protocol.o(.bss)
    rollTimer                                0x20000104   Data          12  rf_protocol.o(.bss)
    .bss                                     0x20000110   Section      200  task.o(.bss)
    taskTable                                0x20000110   Data         200  task.o(.bss)
    .bss                                     0x200001d8   Section      512  user_i2c.o(.bss)
    rxBuf                                    0x200001d8   Data         512  user_i2c.o(.bss)
    .bss                                     0x200003d8   Section     1072  user_uart.o(.bss)
    rxTimer                                  0x200003d8   Data          12  user_uart.o(.bss)
    rxTimer                                  0x200003e4   Data          12  user_uart.o(.bss)
    uartBufQS                                0x200007f0   Data          24  user_uart.o(.bss)
    .bss                                     0x20000808   Section     1032  user_flash.o(.bss)
    bufQueue                                 0x20000808   Data        1032  user_flash.o(.bss)
    .bss                                     0x20000c10   Section       96  libspace.o(.bss)
    HEAP                                     0x20000c70   Section      512  startup_stm32f10x_md_vl.o(HEAP)
    Heap_Mem                                 0x20000c70   Data         512  startup_stm32f10x_md_vl.o(HEAP)
    STACK                                    0x20000e70   Section     1024  startup_stm32f10x_md_vl.o(STACK)
    Stack_Mem                                0x20000e70   Data        1024  startup_stm32f10x_md_vl.o(STACK)
    __initial_sp                             0x20001270   Data           0  startup_stm32f10x_md_vl.o(STACK)

    Global Symbols

    Symbol Name                              Value     Ov Type        Size  Object(Section)

    BuildAttributes$$THM_ISAv4$P$D$K$B$S$PE$A:L22UL41UL21$X:L11$S22US41US21$IEEE1$IW$USESV6$~STKCKD$USESV7$~SHL$OSPACE$ROPI$EBA8$UX$STANDARDLIB$REQ8$PRES8$EABIv2 0x00000000   Number         0  anon$$obj.o ABSOLUTE
    __ARM_use_no_argv                        0x00000000   Number         0  main.o ABSOLUTE
    __ARM_exceptions_init                     - Undefined Weak Reference
    __alloca_initialize                       - Undefined Weak Reference
    __arm_preinit_                            - Undefined Weak Reference
    __cpp_initialize__aeabi_                  - Undefined Weak Reference
    __cxa_finalize                            - Undefined Weak Reference
    __rt_locale                               - Undefined Weak Reference
    __sigvec_lookup                           - Undefined Weak Reference
    _atexit_init                              - Undefined Weak Reference
    _call_atexit_fns                          - Undefined Weak Reference
    _clock_init                               - Undefined Weak Reference
    _fp_trap_init                             - Undefined Weak Reference
    _fp_trap_shutdown                         - Undefined Weak Reference
    _get_lc_collate                           - Undefined Weak Reference
    _get_lc_ctype                             - Undefined Weak Reference
    _get_lc_monetary                          - Undefined Weak Reference
    _get_lc_numeric                           - Undefined Weak Reference
    _get_lc_time                              - Undefined Weak Reference
    _getenv_init                              - Undefined Weak Reference
    _handle_redirection                       - Undefined Weak Reference
    _init_alloc                               - Undefined Weak Reference
    _init_user_alloc                          - Undefined Weak Reference
    _initio                                   - Undefined Weak Reference
    _rand_init                                - Undefined Weak Reference
    _signal_finish                            - Undefined Weak Reference
    _signal_init                              - Undefined Weak Reference
    _terminate_alloc                          - Undefined Weak Reference
    _terminate_user_alloc                     - Undefined Weak Reference
    _terminateio                              - Undefined Weak Reference
    __Vectors_Size                           0x00000120   Number         0  startup_stm32f10x_md_vl.o ABSOLUTE
    __Vectors                                0x08000000   Data           4  startup_stm32f10x_md_vl.o(RESET)
    __Vectors_End                            0x08000120   Data           0  startup_stm32f10x_md_vl.o(RESET)
    __main                                   0x08000121   Thumb Code     8  __main.o(!!!main)
    __scatterload                            0x08000129   Thumb Code     0  __scatter.o(!!!scatter)
    __scatterload_rt2                        0x08000129   Thumb Code    44  __scatter.o(!!!scatter)
    __scatterload_rt2_thumb_only             0x08000129   Thumb Code     0  __scatter.o(!!!scatter)
    __scatterload_null                       0x08000137   Thumb Code     0  __scatter.o(!!!scatter)
    __scatterload_copy                       0x0800015d   Thumb Code    26  __scatter_copy.o(!!handler_copy)
    __scatterload_zeroinit                   0x08000179   Thumb Code    28  __scatter_zi.o(!!handler_zi)
    __rt_lib_init                            0x08000195   Thumb Code     0  libinit.o(.ARM.Collect$$libinit$$00000000)
    __rt_lib_init_alloca_1                   0x08000197   Thumb Code     0  libinit2.o(.ARM.Collect$$libinit$$0000002E)
    __rt_lib_init_argv_1                     0x08000197   Thumb Code     0  libinit2.o(.ARM.Collect$$libinit$$0000002C)
    __rt_lib_init_atexit_1                   0x08000197   Thumb Code     0  libinit2.o(.ARM.Collect$$libinit$$0000001B)
    __rt_lib_init_clock_1                    0x08000197   Thumb Code     0  libinit2.o(.ARM.Collect$$libinit$$00000021)
    __rt_lib_init_cpp_1                      0x08000197   Thumb Code     0  libinit2.o(.ARM.Collect$$libinit$$00000032)
    __rt_lib_init_exceptions_1               0x08000197   Thumb Code     0  libinit2.o(.ARM.Collect$$libinit$$00000030)
    __rt_lib_init_fp_1                       0x08000197   Thumb Code     0  libinit2.o(.ARM.Collect$$libinit$$00000002)
    __rt_lib_init_fp_trap_1                  0x08000197   Thumb Code     0  libinit2.o(.ARM.Collect$$libinit$$0000001F)
    __rt_lib_init_getenv_1                   0x08000197   Thumb Code     0  libinit2.o(.ARM.Collect$$libinit$$00000023)
    __rt_lib_init_heap_1                     0x08000197   Thumb Code     0  libinit2.o(.ARM.Collect$$libinit$$0000000A)
    __rt_lib_init_lc_collate_1               0x08000197   Thumb Code     0  libinit2.o(.ARM.Collect$$libinit$$00000011)
    __rt_lib_init_lc_ctype_1                 0x08000197   Thumb Code     0  libinit2.o(.ARM.Collect$$libinit$$00000013)
    __rt_lib_init_lc_monetary_1              0x08000197   Thumb Code     0  libinit2.o(.ARM.Collect$$libinit$$00000015)
    __rt_lib_init_lc_numeric_1               0x08000197   Thumb Code     0  libinit2.o(.ARM.Collect$$libinit$$00000017)
    __rt_lib_init_lc_time_1                  0x08000197   Thumb Code     0  libinit2.o(.ARM.Collect$$libinit$$00000019)
    __rt_lib_init_preinit_1                  0x08000197   Thumb Code     0  libinit2.o(.ARM.Collect$$libinit$$00000004)
    __rt_lib_init_rand_1                     0x08000197   Thumb Code     0  libinit2.o(.ARM.Collect$$libinit$$0000000E)
    __rt_lib_init_return                     0x08000197   Thumb Code     0  libinit2.o(.ARM.Collect$$libinit$$00000033)
    __rt_lib_init_signal_1                   0x08000197   Thumb Code     0  libinit2.o(.ARM.Collect$$libinit$$0000001D)
    __rt_lib_init_stdio_1                    0x08000197   Thumb Code     0  libinit2.o(.ARM.Collect$$libinit$$00000025)
    __rt_lib_init_user_alloc_1               0x08000197   Thumb Code     0  libinit2.o(.ARM.Collect$$libinit$$0000000C)
    __rt_lib_shutdown                        0x08000199   Thumb Code     0  libshutdown.o(.ARM.Collect$$libshutdown$$00000000)
    __rt_lib_shutdown_fp_trap_1              0x0800019b   Thumb Code     0  libshutdown2.o(.ARM.Collect$$libshutdown$$00000006)
    __rt_lib_shutdown_heap_1                 0x0800019b   Thumb Code     0  libshutdown2.o(.ARM.Collect$$libshutdown$$0000000E)
    __rt_lib_shutdown_return                 0x0800019b   Thumb Code     0  libshutdown2.o(.ARM.Collect$$libshutdown$$0000000F)
    __rt_lib_shutdown_signal_1               0x0800019b   Thumb Code     0  libshutdown2.o(.ARM.Collect$$libshutdown$$00000009)
    __rt_lib_shutdown_stdio_1                0x0800019b   Thumb Code     0  libshutdown2.o(.ARM.Collect$$libshutdown$$00000003)
    __rt_lib_shutdown_user_alloc_1           0x0800019b   Thumb Code     0  libshutdown2.o(.ARM.Collect$$libshutdown$$0000000B)
    __rt_entry                               0x0800019d   Thumb Code     0  __rtentry.o(.ARM.Collect$$rtentry$$00000000)
    __rt_entry_presh_1                       0x0800019d   Thumb Code     0  __rtentry2.o(.ARM.Collect$$rtentry$$00000002)
    __rt_entry_sh                            0x0800019d   Thumb Code     0  __rtentry4.o(.ARM.Collect$$rtentry$$00000004)
    __rt_entry_li                            0x080001a3   Thumb Code     0  __rtentry2.o(.ARM.Collect$$rtentry$$0000000A)
    __rt_entry_postsh_1                      0x080001a3   Thumb Code     0  __rtentry2.o(.ARM.Collect$$rtentry$$00000009)
    __rt_entry_main                          0x080001a7   Thumb Code     0  __rtentry2.o(.ARM.Collect$$rtentry$$0000000D)
    __rt_entry_postli_1                      0x080001a7   Thumb Code     0  __rtentry2.o(.ARM.Collect$$rtentry$$0000000C)
    __rt_exit                                0x080001af   Thumb Code     0  rtexit.o(.ARM.Collect$$rtexit$$00000000)
    __rt_exit_ls                             0x080001b1   Thumb Code     0  rtexit2.o(.ARM.Collect$$rtexit$$00000003)
    __rt_exit_prels_1                        0x080001b1   Thumb Code     0  rtexit2.o(.ARM.Collect$$rtexit$$00000002)
    __rt_exit_exit                           0x080001b5   Thumb Code     0  rtexit2.o(.ARM.Collect$$rtexit$$00000004)
    main                                     0x080001cb   Thumb Code   132  main.o(.text)
    GetTable                                 0x08000269   Thumb Code     4  rf_control.o(.text)
    GetSigOffsetWithPower                    0x080002cd   Thumb Code   270  rf_control.o(.text)
    SetSigOffsetWithPower                    0x080003db   Thumb Code   102  rf_control.o(.text)
    GetTableMebCnt                           0x08000441   Thumb Code     4  rf_control.o(.text)
    SynthesizerADF4350                       0x08000445   Thumb Code   368  rf_control.o(.text)
    WriteAD5324                              0x080005b5   Thumb Code    76  rf_control.o(.text)
    ReadPowerADC                             0x08000601   Thumb Code   164  rf_control.o(.text)
    SetSigPowerAtt                           0x080006a5   Thumb Code   224  rf_control.o(.text)
    SetSigPowerAttLow                        0x08000785   Thumb Code    90  rf_control.o(.text)
    InitTaskControl                          0x08000c33   Thumb Code   102  rf_control.o(.text)
    TaskControl                              0x08000c99   Thumb Code    48  rf_control.o(.text)
    CalcCRC16Value                           0x08000cdd   Thumb Code    76  rf_protocol.o(.text)
    HdlcConvertData                          0x08000d29   Thumb Code   168  rf_protocol.o(.text)
    ReturnUpgradeFlag                        0x08000dd1   Thumb Code    94  rf_protocol.o(.text)
    ReturnResetFlag                          0x08000e2f   Thumb Code    88  rf_protocol.o(.text)
    sendInitpacket                           0x08000e87   Thumb Code    98  rf_protocol.o(.text)
    execRFParamQ                             0x08000ee9   Thumb Code   306  rf_protocol.o(.text)
    execFWEnter                              0x0800101b   Thumb Code    62  rf_protocol.o(.text)
    execFWLoad                               0x08001059   Thumb Code   168  rf_protocol.o(.text)
    execFWReboot                             0x08001101   Thumb Code    12  rf_protocol.o(.text)
    execAnaylize                             0x0800110d   Thumb Code   232  rf_protocol.o(.text)
    ProcSetLoadStart                         0x08001451   Thumb Code    10  rf_protocol.o(.text)
    ProcSetLoading                           0x0800145b   Thumb Code    50  rf_protocol.o(.text)
    ProcSetLoadingPrev                       0x0800148d   Thumb Code    78  rf_protocol.o(.text)
    ProcSetLoadEndPrev                       0x080014db   Thumb Code    70  rf_protocol.o(.text)
    ProcSetLoadEnd                           0x08001521   Thumb Code    48  rf_protocol.o(.text)
    InitProtocol                             0x08001551   Thumb Code    22  rf_protocol.o(.text)
    TaskProtocol                             0x08001567   Thumb Code    12  rf_protocol.o(.text)
    FirmwareVerify                           0x08001599   Thumb Code    68  rf_parameter.o(.text)
    FirmwareIsExist                          0x080015dd   Thumb Code    56  rf_parameter.o(.text)
    CalcCheckSum                             0x08001615   Thumb Code    28  rf_parameter.o(.text)
    CalcUpgradeCheckSum                      0x08001631   Thumb Code    44  rf_parameter.o(.text)
    CalcFirmwareAllCRC16                     0x0800165d   Thumb Code    12  rf_parameter.o(.text)
    CalcFirmwareBufCRC16                     0x08001669   Thumb Code    10  rf_parameter.o(.text)
    DownFlagSet                              0x08001673   Thumb Code    16  rf_parameter.o(.text)
    DownFlagCheck                            0x08001683   Thumb Code    32  rf_parameter.o(.text)
    RebootFlagCheck                          0x080016a3   Thumb Code    30  rf_parameter.o(.text)
    RebootFlagSet                            0x080016c1   Thumb Code    14  rf_parameter.o(.text)
    InitParam                                0x080016cf   Thumb Code    72  rf_parameter.o(.text)
    TaskParameter                            0x08001717   Thumb Code     4  rf_parameter.o(.text)
    AddTaskTimer                             0x0800175d   Thumb Code    50  task.o(.text)
    DelTaskTimer                             0x0800178f   Thumb Code    86  task.o(.text)
    InitTaskTimer                            0x080017e5   Thumb Code    44  task.o(.text)
    TaskTimerRoutine                         0x08001811   Thumb Code    66  task.o(.text)
    InitTarget                               0x0800185d   Thumb Code   156  target.o(.text)
    NMI_Handler                              0x08001905   Thumb Code     2  stm32f10x_it.o(.text)
    HardFault_Handler                        0x08001907   Thumb Code     2  stm32f10x_it.o(.text)
    MemManage_Handler                        0x08001909   Thumb Code     2  stm32f10x_it.o(.text)
    BusFault_Handler                         0x0800190b   Thumb Code     2  stm32f10x_it.o(.text)
    UsageFault_Handler                       0x0800190d   Thumb Code     2  stm32f10x_it.o(.text)
    SVC_Handler                              0x0800190f   Thumb Code     2  stm32f10x_it.o(.text)
    DebugMon_Handler                         0x08001911   Thumb Code     2  stm32f10x_it.o(.text)
    PendSV_Handler                           0x08001913   Thumb Code     2  stm32f10x_it.o(.text)
    SysTick_Handler                          0x08001915   Thumb Code     2  stm32f10x_it.o(.text)
    SystemInit                               0x08001919   Thumb Code    60  system_stm32f10x.o(.text)
    SystemCoreClockUpdate                    0x08001955   Thumb Code    98  system_stm32f10x.o(.text)
    WriteSpiOneWord                          0x08001a5f   Thumb Code   122  dev_spi.o(.text)
    WritePe4302                              0x08001b35   Thumb Code    58  dev_att.o(.text)
    WriteE2prom                              0x08001b75   Thumb Code   104  dev_e2prom.o(.text)
    ReadE2prom                               0x08001bdd   Thumb Code    32  dev_e2prom.o(.text)
    ReadInternalTemperatureSensor            0x08001c01   Thumb Code     4  dev_temp.o(.text)
    ReadExternalTemperatureSensor            0x08001c05   Thumb Code    54  dev_temp.o(.text)
    InitTimer                                0x08001c41   Thumb Code    60  user_timer.o(.text)
    InitTIM1                                 0x08001c7d   Thumb Code    68  user_timer.o(.text)
    UserTimerReset                           0x08001cc1   Thumb Code    18  user_timer.o(.text)
    UserTimerOver                            0x08001cd3   Thumb Code    60  user_timer.o(.text)
    TIM1_UP_TIM16_IRQHandler                 0x08001d0f   Thumb Code    40  user_timer.o(.text)
    InitAdc                                  0x08001d45   Thumb Code   108  user_adc.o(.text)
    ReadAdcValue                             0x08001db1   Thumb Code    96  user_adc.o(.text)
    ReadAdcTemperature                       0x08001e11   Thumb Code   150  user_adc.o(.text)
    I2C1_EV_IRQHandler                       0x08001ec1   Thumb Code   236  user_i2c.o(.text)
    I2C2_EV_IRQHandler                       0x08001fad   Thumb Code     2  user_i2c.o(.text)
    I2cReadDevice                            0x08002065   Thumb Code    50  user_i2c.o(.text)
    I2cWriteDevice                           0x08002097   Thumb Code    16  user_i2c.o(.text)
    InitI2c                                  0x080020a7   Thumb Code    58  user_i2c.o(.text)
    InitI2cProc                              0x080020e1   Thumb Code     6  user_i2c.o(.text)
    InitUartBuf                              0x080021e1   Thumb Code    30  user_uart.o(.text)
    ResetUartBuf                             0x080021ff   Thumb Code    20  user_uart.o(.text)
    GetUartBufInfo                           0x08002269   Thumb Code    30  user_uart.o(.text)
    SetUartBufInfo                           0x08002287   Thumb Code    14  user_uart.o(.text)
    InitUart                                 0x08002295   Thumb Code   108  user_uart.o(.text)
    USART1_IRQHandler                        0x08002301   Thumb Code   146  user_uart.o(.text)
    USART2_IRQHandler                        0x08002393   Thumb Code   144  user_uart.o(.text)
    UartSendStr                              0x08002423   Thumb Code    48  user_uart.o(.text)
    InitUartIAP                              0x08002453   Thumb Code   108  user_uart.o(.text)
    UartTxOpen                               0x080024bf   Thumb Code    50  user_uart.o(.text)
    Code2Flash                               0x08002501   Thumb Code   400  user_flash.o(.text)
    EndCode2Flash                            0x08002691   Thumb Code     8  user_flash.o(.text)
    InitCode2Flash                           0x08002699   Thumb Code     8  user_flash.o(.text)
    Section2Bak                              0x08002705   Thumb Code     8  user_flash.o(.text)
    Bak2Section                              0x0800270d   Thumb Code     8  user_flash.o(.text)
    EndCode2FlashRrev                        0x08002715   Thumb Code    18  user_flash.o(.text)
    NVIC_PriorityGroupConfig                 0x08002759   Thumb Code    10  misc.o(.text)
    NVIC_Init                                0x08002763   Thumb Code    94  misc.o(.text)
    NVIC_SetVectorTable                      0x080027c1   Thumb Code    14  misc.o(.text)
    NVIC_SystemLPConfig                      0x080027cf   Thumb Code    20  misc.o(.text)
    SysTick_CLKSourceConfig                  0x080027e3   Thumb Code    24  misc.o(.text)
    ADC_DeInit                               0x08002809   Thumb Code    56  stm32f10x_adc.o(.text)
    ADC_Init                                 0x08002841   Thumb Code    62  stm32f10x_adc.o(.text)
    ADC_StructInit                           0x0800287f   Thumb Code    18  stm32f10x_adc.o(.text)
    ADC_Cmd                                  0x08002891   Thumb Code    20  stm32f10x_adc.o(.text)
    ADC_DMACmd                               0x080028a5   Thumb Code    20  stm32f10x_adc.o(.text)
    ADC_ITConfig                             0x080028b9   Thumb Code    18  stm32f10x_adc.o(.text)
    ADC_ResetCalibration                     0x080028cb   Thumb Code    10  stm32f10x_adc.o(.text)
    ADC_GetResetCalibrationStatus            0x080028d5   Thumb Code    14  stm32f10x_adc.o(.text)
    ADC_StartCalibration                     0x080028e3   Thumb Code    10  stm32f10x_adc.o(.text)
    ADC_GetCalibrationStatus                 0x080028ed   Thumb Code    14  stm32f10x_adc.o(.text)
    ADC_SoftwareStartConvCmd                 0x080028fb   Thumb Code    20  stm32f10x_adc.o(.text)
    ADC_GetSoftwareStartConvStatus           0x0800290f   Thumb Code    14  stm32f10x_adc.o(.text)
    ADC_DiscModeChannelCountConfig           0x0800291d   Thumb Code    16  stm32f10x_adc.o(.text)
    ADC_DiscModeCmd                          0x0800292d   Thumb Code    20  stm32f10x_adc.o(.text)
    ADC_RegularChannelConfig                 0x08002941   Thumb Code   116  stm32f10x_adc.o(.text)
    ADC_ExternalTrigConvCmd                  0x080029b5   Thumb Code    20  stm32f10x_adc.o(.text)
    ADC_GetConversionValue                   0x080029c9   Thumb Code     6  stm32f10x_adc.o(.text)
    ADC_GetDualModeConversionValue           0x080029cf   Thumb Code     8  stm32f10x_adc.o(.text)
    ADC_AutoInjectedConvCmd                  0x080029d7   Thumb Code    20  stm32f10x_adc.o(.text)
    ADC_InjectedDiscModeCmd                  0x080029eb   Thumb Code    20  stm32f10x_adc.o(.text)
    ADC_ExternalTrigInjectedConvConfig       0x080029ff   Thumb Code    12  stm32f10x_adc.o(.text)
    ADC_ExternalTrigInjectedConvCmd          0x08002a0b   Thumb Code    20  stm32f10x_adc.o(.text)
    ADC_SoftwareStartInjectedConvCmd         0x08002a1f   Thumb Code    20  stm32f10x_adc.o(.text)
    ADC_GetSoftwareStartInjectedConvCmdStatus 0x08002a33   Thumb Code    14  stm32f10x_adc.o(.text)
    ADC_InjectedChannelConfig                0x08002a41   Thumb Code    74  stm32f10x_adc.o(.text)
    ADC_InjectedSequencerLengthConfig        0x08002a8b   Thumb Code    16  stm32f10x_adc.o(.text)
    ADC_SetInjectedOffset                    0x08002a9b   Thumb Code    10  stm32f10x_adc.o(.text)
    ADC_GetInjectedConversionValue           0x08002aa5   Thumb Code    14  stm32f10x_adc.o(.text)
    ADC_AnalogWatchdogCmd                    0x08002ab3   Thumb Code    12  stm32f10x_adc.o(.text)
    ADC_AnalogWatchdogThresholdsConfig       0x08002abf   Thumb Code     6  stm32f10x_adc.o(.text)
    ADC_AnalogWatchdogSingleChannelConfig    0x08002ac5   Thumb Code    12  stm32f10x_adc.o(.text)
    ADC_TempSensorVrefintCmd                 0x08002ad1   Thumb Code    24  stm32f10x_adc.o(.text)
    ADC_GetFlagStatus                        0x08002ae9   Thumb Code    14  stm32f10x_adc.o(.text)
    ADC_ClearFlag                            0x08002af7   Thumb Code     6  stm32f10x_adc.o(.text)
    ADC_GetITStatus                          0x08002afd   Thumb Code    28  stm32f10x_adc.o(.text)
    ADC_ClearITPendingBit                    0x08002b19   Thumb Code     8  stm32f10x_adc.o(.text)
    GPIO_DeInit                              0x08002b39   Thumb Code   152  stm32f10x_gpio.o(.text)
    GPIO_AFIODeInit                          0x08002bd1   Thumb Code    22  stm32f10x_gpio.o(.text)
    GPIO_Init                                0x08002be7   Thumb Code   156  stm32f10x_gpio.o(.text)
    GPIO_StructInit                          0x08002c83   Thumb Code    16  stm32f10x_gpio.o(.text)
    GPIO_ReadInputDataBit                    0x08002c93   Thumb Code    14  stm32f10x_gpio.o(.text)
    GPIO_ReadInputData                       0x08002ca1   Thumb Code     6  stm32f10x_gpio.o(.text)
    GPIO_ReadOutputDataBit                   0x08002ca7   Thumb Code    14  stm32f10x_gpio.o(.text)
    GPIO_ReadOutputData                      0x08002cb5   Thumb Code     6  stm32f10x_gpio.o(.text)
    GPIO_SetBits                             0x08002cbb   Thumb Code     4  stm32f10x_gpio.o(.text)
    GPIO_ResetBits                           0x08002cbf   Thumb Code     4  stm32f10x_gpio.o(.text)
    GPIO_WriteBit                            0x08002cc3   Thumb Code    10  stm32f10x_gpio.o(.text)
    GPIO_Write                               0x08002ccd   Thumb Code     4  stm32f10x_gpio.o(.text)
    GPIO_PinLockConfig                       0x08002cd1   Thumb Code    16  stm32f10x_gpio.o(.text)
    GPIO_EventOutputConfig                   0x08002ce1   Thumb Code    22  stm32f10x_gpio.o(.text)
    GPIO_EventOutputCmd                      0x08002cf7   Thumb Code     6  stm32f10x_gpio.o(.text)
    GPIO_PinRemapConfig                      0x08002cfd   Thumb Code    82  stm32f10x_gpio.o(.text)
    GPIO_EXTILineConfig                      0x08002d4f   Thumb Code    34  stm32f10x_gpio.o(.text)
    GPIO_ETH_MediaInterfaceConfig            0x08002d71   Thumb Code     8  stm32f10x_gpio.o(.text)
    I2C_DeInit                               0x08002d9d   Thumb Code    38  stm32f10x_i2c.o(.text)
    I2C_Init                                 0x08002dc3   Thumb Code   178  stm32f10x_i2c.o(.text)
    I2C_StructInit                           0x08002e75   Thumb Code    28  stm32f10x_i2c.o(.text)
    I2C_Cmd                                  0x08002e91   Thumb Code    20  stm32f10x_i2c.o(.text)
    I2C_DMACmd                               0x08002ea5   Thumb Code    20  stm32f10x_i2c.o(.text)
    I2C_DMALastTransferCmd                   0x08002eb9   Thumb Code    20  stm32f10x_i2c.o(.text)
    I2C_GenerateSTART                        0x08002ecd   Thumb Code    20  stm32f10x_i2c.o(.text)
    I2C_GenerateSTOP                         0x08002ee1   Thumb Code    20  stm32f10x_i2c.o(.text)
    I2C_AcknowledgeConfig                    0x08002ef5   Thumb Code    20  stm32f10x_i2c.o(.text)
    I2C_OwnAddress2Config                    0x08002f09   Thumb Code    16  stm32f10x_i2c.o(.text)
    I2C_DualAddressCmd                       0x08002f19   Thumb Code    20  stm32f10x_i2c.o(.text)
    I2C_GeneralCallCmd                       0x08002f2d   Thumb Code    20  stm32f10x_i2c.o(.text)
    I2C_ITConfig                             0x08002f41   Thumb Code    16  stm32f10x_i2c.o(.text)
    I2C_SendData                             0x08002f51   Thumb Code     4  stm32f10x_i2c.o(.text)
    I2C_ReceiveData                          0x08002f55   Thumb Code     6  stm32f10x_i2c.o(.text)
    I2C_Send7bitAddress                      0x08002f5b   Thumb Code    16  stm32f10x_i2c.o(.text)
    I2C_ReadRegister                         0x08002f6b   Thumb Code    10  stm32f10x_i2c.o(.text)
    I2C_SoftwareResetCmd                     0x08002f75   Thumb Code    20  stm32f10x_i2c.o(.text)
    I2C_NACKPositionConfig                   0x08002f89   Thumb Code    22  stm32f10x_i2c.o(.text)
    I2C_SMBusAlertConfig                     0x08002f9f   Thumb Code    22  stm32f10x_i2c.o(.text)
    I2C_TransmitPEC                          0x08002fb5   Thumb Code    20  stm32f10x_i2c.o(.text)
    I2C_PECPositionConfig                    0x08002fc9   Thumb Code    22  stm32f10x_i2c.o(.text)
    I2C_CalculatePEC                         0x08002fdf   Thumb Code    20  stm32f10x_i2c.o(.text)
    I2C_GetPEC                               0x08002ff3   Thumb Code     6  stm32f10x_i2c.o(.text)
    I2C_ARPCmd                               0x08002ff9   Thumb Code    20  stm32f10x_i2c.o(.text)
    I2C_StretchClockCmd                      0x0800300d   Thumb Code    20  stm32f10x_i2c.o(.text)
    I2C_FastModeDutyCycleConfig              0x08003021   Thumb Code    22  stm32f10x_i2c.o(.text)
    I2C_CheckEvent                           0x08003037   Thumb Code    24  stm32f10x_i2c.o(.text)
    I2C_GetLastEvent                         0x0800304f   Thumb Code    14  stm32f10x_i2c.o(.text)
    I2C_GetFlagStatus                        0x0800305d   Thumb Code    42  stm32f10x_i2c.o(.text)
    I2C_ClearFlag                            0x08003087   Thumb Code     6  stm32f10x_i2c.o(.text)
    I2C_GetITStatus                          0x0800308d   Thumb Code    36  stm32f10x_i2c.o(.text)
    I2C_ClearITPendingBit                    0x080030b1   Thumb Code     6  stm32f10x_i2c.o(.text)
    RCC_DeInit                               0x080030c5   Thumb Code    54  stm32f10x_rcc.o(.text)
    RCC_HSEConfig                            0x080030fb   Thumb Code    48  stm32f10x_rcc.o(.text)
    RCC_GetFlagStatus                        0x0800312b   Thumb Code    42  stm32f10x_rcc.o(.text)
    RCC_WaitForHSEStartUp                    0x08003155   Thumb Code    44  stm32f10x_rcc.o(.text)
    RCC_AdjustHSICalibrationValue            0x08003181   Thumb Code    16  stm32f10x_rcc.o(.text)
    RCC_HSICmd                               0x08003191   Thumb Code     6  stm32f10x_rcc.o(.text)
    RCC_PLLConfig                            0x08003197   Thumb Code    16  stm32f10x_rcc.o(.text)
    RCC_PLLCmd                               0x080031a7   Thumb Code     6  stm32f10x_rcc.o(.text)
    RCC_PREDIV1Config                        0x080031ad   Thumb Code    18  stm32f10x_rcc.o(.text)
    RCC_SYSCLKConfig                         0x080031bf   Thumb Code    14  stm32f10x_rcc.o(.text)
    RCC_GetSYSCLKSource                      0x080031cd   Thumb Code    10  stm32f10x_rcc.o(.text)
    RCC_HCLKConfig                           0x080031d7   Thumb Code    14  stm32f10x_rcc.o(.text)
    RCC_PCLK1Config                          0x080031e5   Thumb Code    14  stm32f10x_rcc.o(.text)
    RCC_PCLK2Config                          0x080031f3   Thumb Code    16  stm32f10x_rcc.o(.text)
    RCC_ITConfig                             0x08003203   Thumb Code    18  stm32f10x_rcc.o(.text)
    RCC_USBCLKConfig                         0x08003215   Thumb Code     8  stm32f10x_rcc.o(.text)
    RCC_ADCCLKConfig                         0x0800321d   Thumb Code    14  stm32f10x_rcc.o(.text)
    RCC_LSEConfig                            0x0800322b   Thumb Code    28  stm32f10x_rcc.o(.text)
    RCC_LSICmd                               0x08003247   Thumb Code     6  stm32f10x_rcc.o(.text)
    RCC_RTCCLKConfig                         0x0800324d   Thumb Code    10  stm32f10x_rcc.o(.text)
    RCC_RTCCLKCmd                            0x08003257   Thumb Code     8  stm32f10x_rcc.o(.text)
    RCC_GetClocksFreq                        0x0800325f   Thumb Code   144  stm32f10x_rcc.o(.text)
    RCC_AHBPeriphClockCmd                    0x080032ef   Thumb Code    18  stm32f10x_rcc.o(.text)
    RCC_APB2PeriphClockCmd                   0x08003301   Thumb Code    18  stm32f10x_rcc.o(.text)
    RCC_APB1PeriphClockCmd                   0x08003313   Thumb Code    18  stm32f10x_rcc.o(.text)
    RCC_APB2PeriphResetCmd                   0x08003325   Thumb Code    18  stm32f10x_rcc.o(.text)
    RCC_APB1PeriphResetCmd                   0x08003337   Thumb Code    18  stm32f10x_rcc.o(.text)
    RCC_BackupResetCmd                       0x08003349   Thumb Code     8  stm32f10x_rcc.o(.text)
    RCC_ClockSecuritySystemCmd               0x08003351   Thumb Code     6  stm32f10x_rcc.o(.text)
    RCC_MCOConfig                            0x08003357   Thumb Code     6  stm32f10x_rcc.o(.text)
    RCC_ClearFlag                            0x0800335d   Thumb Code    12  stm32f10x_rcc.o(.text)
    RCC_GetITStatus                          0x08003369   Thumb Code    16  stm32f10x_rcc.o(.text)
    RCC_ClearITPendingBit                    0x08003379   Thumb Code     6  stm32f10x_rcc.o(.text)
    TIM_DeInit                               0x080033a9   Thumb Code   304  stm32f10x_tim.o(.text)
    TIM_TimeBaseInit                         0x080034d9   Thumb Code   114  stm32f10x_tim.o(.text)
    TIM_OC1Init                              0x0800354b   Thumb Code   106  stm32f10x_tim.o(.text)
    TIM_OC2Init                              0x080035b5   Thumb Code   120  stm32f10x_tim.o(.text)
    TIM_OC3Init                              0x0800362d   Thumb Code   116  stm32f10x_tim.o(.text)
    TIM_OC4Init                              0x080036a1   Thumb Code    90  stm32f10x_tim.o(.text)
    TIM_SetIC4Prescaler                      0x080036fb   Thumb Code    24  stm32f10x_tim.o(.text)
    TIM_SetIC3Prescaler                      0x08003713   Thumb Code    16  stm32f10x_tim.o(.text)
    TIM_SetIC2Prescaler                      0x08003723   Thumb Code    24  stm32f10x_tim.o(.text)
    TIM_SetIC1Prescaler                      0x080037e1   Thumb Code    16  stm32f10x_tim.o(.text)
    TIM_ICInit                               0x08003849   Thumb Code   270  stm32f10x_tim.o(.text)
    TIM_PWMIConfig                           0x08003957   Thumb Code   104  stm32f10x_tim.o(.text)
    TIM_BDTRConfig                           0x080039bf   Thumb Code    34  stm32f10x_tim.o(.text)
    TIM_TimeBaseStructInit                   0x080039e1   Thumb Code    18  stm32f10x_tim.o(.text)
    TIM_OCStructInit                         0x080039f3   Thumb Code    20  stm32f10x_tim.o(.text)
    TIM_ICStructInit                         0x08003a07   Thumb Code    16  stm32f10x_tim.o(.text)
    TIM_BDTRStructInit                       0x08003a17   Thumb Code    18  stm32f10x_tim.o(.text)
    TIM_Cmd                                  0x08003a29   Thumb Code    20  stm32f10x_tim.o(.text)
    TIM_CtrlPWMOutputs                       0x08003a3d   Thumb Code    22  stm32f10x_tim.o(.text)
    TIM_ITConfig                             0x08003a53   Thumb Code    16  stm32f10x_tim.o(.text)
    TIM_GenerateEvent                        0x08003a63   Thumb Code     4  stm32f10x_tim.o(.text)
    TIM_DMAConfig                            0x08003a67   Thumb Code     8  stm32f10x_tim.o(.text)
    TIM_DMACmd                               0x08003a6f   Thumb Code    16  stm32f10x_tim.o(.text)
    TIM_InternalClockConfig                  0x08003a7f   Thumb Code    10  stm32f10x_tim.o(.text)
    TIM_SelectInputTrigger                   0x08003a89   Thumb Code    12  stm32f10x_tim.o(.text)
    TIM_ITRxExternalClockConfig              0x08003a95   Thumb Code    18  stm32f10x_tim.o(.text)
    TIM_TIxExternalClockConfig               0x08003aa7   Thumb Code    46  stm32f10x_tim.o(.text)
    TIM_ETRConfig                            0x08003ad5   Thumb Code    24  stm32f10x_tim.o(.text)
    TIM_ETRClockMode1Config                  0x08003aed   Thumb Code    18  stm32f10x_tim.o(.text)
    TIM_ETRClockMode2Config                  0x08003aff   Thumb Code    18  stm32f10x_tim.o(.text)
    TIM_PrescalerConfig                      0x08003b11   Thumb Code     6  stm32f10x_tim.o(.text)
    TIM_CounterModeConfig                    0x08003b17   Thumb Code    12  stm32f10x_tim.o(.text)
    TIM_EncoderInterfaceConfig               0x08003b23   Thumb Code    50  stm32f10x_tim.o(.text)
    TIM_ForcedOC1Config                      0x08003b55   Thumb Code    12  stm32f10x_tim.o(.text)
    TIM_ForcedOC2Config                      0x08003b61   Thumb Code    20  stm32f10x_tim.o(.text)
    TIM_ForcedOC3Config                      0x08003b75   Thumb Code    12  stm32f10x_tim.o(.text)
    TIM_ForcedOC4Config                      0x08003b81   Thumb Code    20  stm32f10x_tim.o(.text)
    TIM_ARRPreloadConfig                     0x08003b95   Thumb Code    20  stm32f10x_tim.o(.text)
    TIM_SelectCOM                            0x08003ba9   Thumb Code    20  stm32f10x_tim.o(.text)
    TIM_SelectCCDMA                          0x08003bbd   Thumb Code    20  stm32f10x_tim.o(.text)
    TIM_CCPreloadControl                     0x08003bd1   Thumb Code    20  stm32f10x_tim.o(.text)
    TIM_OC1PreloadConfig                     0x08003be5   Thumb Code    32  stm32f10x_tim.o(.text)
    TIM_OC2PreloadConfig                     0x08003c05   Thumb Code    20  stm32f10x_tim.o(.text)
    TIM_OC3PreloadConfig                     0x08003c19   Thumb Code    12  stm32f10x_tim.o(.text)
    TIM_OC4PreloadConfig                     0x08003c25   Thumb Code    20  stm32f10x_tim.o(.text)
    TIM_OC1FastConfig                        0x08003c39   Thumb Code    12  stm32f10x_tim.o(.text)
    TIM_OC2FastConfig                        0x08003c45   Thumb Code    20  stm32f10x_tim.o(.text)
    TIM_OC3FastConfig                        0x08003c59   Thumb Code    12  stm32f10x_tim.o(.text)
    TIM_OC4FastConfig                        0x08003c65   Thumb Code    20  stm32f10x_tim.o(.text)
    TIM_ClearOC1Ref                          0x08003c79   Thumb Code    12  stm32f10x_tim.o(.text)
    TIM_ClearOC2Ref                          0x08003c85   Thumb Code    20  stm32f10x_tim.o(.text)
    TIM_ClearOC3Ref                          0x08003c99   Thumb Code    12  stm32f10x_tim.o(.text)
    TIM_ClearOC4Ref                          0x08003ca5   Thumb Code    20  stm32f10x_tim.o(.text)
    TIM_OC1PolarityConfig                    0x08003cb9   Thumb Code    12  stm32f10x_tim.o(.text)
    TIM_OC1NPolarityConfig                   0x08003cc5   Thumb Code    12  stm32f10x_tim.o(.text)
    TIM_OC2PolarityConfig                    0x08003cd1   Thumb Code    20  stm32f10x_tim.o(.text)
    TIM_OC2NPolarityConfig                   0x08003ce5   Thumb Code    20  stm32f10x_tim.o(.text)
    TIM_OC3PolarityConfig                    0x08003cf9   Thumb Code    20  stm32f10x_tim.o(.text)
    TIM_OC3NPolarityConfig                   0x08003d0d   Thumb Code    20  stm32f10x_tim.o(.text)
    TIM_OC4PolarityConfig                    0x08003d21   Thumb Code    20  stm32f10x_tim.o(.text)
    TIM_CCxCmd                               0x08003d35   Thumb Code    22  stm32f10x_tim.o(.text)
    TIM_CCxNCmd                              0x08003d4b   Thumb Code    22  stm32f10x_tim.o(.text)
    TIM_SelectOCxM                           0x08003d61   Thumb Code    70  stm32f10x_tim.o(.text)
    TIM_UpdateDisableConfig                  0x08003da7   Thumb Code    20  stm32f10x_tim.o(.text)
    TIM_UpdateRequestConfig                  0x08003dbb   Thumb Code    20  stm32f10x_tim.o(.text)
    TIM_SelectHallSensor                     0x08003dcf   Thumb Code    20  stm32f10x_tim.o(.text)
    TIM_SelectOnePulseMode                   0x08003de3   Thumb Code    16  stm32f10x_tim.o(.text)
    TIM_SelectOutputTrigger                  0x08003df3   Thumb Code    16  stm32f10x_tim.o(.text)
    TIM_SelectSlaveMode                      0x08003e03   Thumb Code    16  stm32f10x_tim.o(.text)
    TIM_SelectMasterSlaveMode                0x08003e13   Thumb Code    16  stm32f10x_tim.o(.text)
    TIM_SetCounter                           0x08003e23   Thumb Code     4  stm32f10x_tim.o(.text)
    TIM_SetAutoreload                        0x08003e27   Thumb Code     4  stm32f10x_tim.o(.text)
    TIM_SetCompare1                          0x08003e2b   Thumb Code     4  stm32f10x_tim.o(.text)
    TIM_SetCompare2                          0x08003e2f   Thumb Code     4  stm32f10x_tim.o(.text)
    TIM_SetCompare3                          0x08003e33   Thumb Code     4  stm32f10x_tim.o(.text)
    TIM_SetCompare4                          0x08003e37   Thumb Code     6  stm32f10x_tim.o(.text)
    TIM_SetClockDivision                     0x08003e3d   Thumb Code    16  stm32f10x_tim.o(.text)
    TIM_GetCapture1                          0x08003e4d   Thumb Code     4  stm32f10x_tim.o(.text)
    TIM_GetCapture2                          0x08003e51   Thumb Code     4  stm32f10x_tim.o(.text)
    TIM_GetCapture3                          0x08003e55   Thumb Code     4  stm32f10x_tim.o(.text)
    TIM_GetCapture4                          0x08003e59   Thumb Code     6  stm32f10x_tim.o(.text)
    TIM_GetCounter                           0x08003e5f   Thumb Code     4  stm32f10x_tim.o(.text)
    TIM_GetPrescaler                         0x08003e63   Thumb Code     4  stm32f10x_tim.o(.text)
    TIM_GetFlagStatus                        0x08003e67   Thumb Code    14  stm32f10x_tim.o(.text)
    TIM_ClearFlag                            0x08003e75   Thumb Code     6  stm32f10x_tim.o(.text)
    TIM_GetITStatus                          0x08003e7b   Thumb Code    24  stm32f10x_tim.o(.text)
    TIM_ClearITPendingBit                    0x08003e93   Thumb Code     6  stm32f10x_tim.o(.text)
    USART_DeInit                             0x08003e99   Thumb Code    96  stm32f10x_usart.o(.text)
    USART_Init                               0x08003ef9   Thumb Code   166  stm32f10x_usart.o(.text)
    USART_StructInit                         0x08003f9f   Thumb Code    22  stm32f10x_usart.o(.text)
    USART_ClockInit                          0x08003fb5   Thumb Code    30  stm32f10x_usart.o(.text)
    USART_ClockStructInit                    0x08003fd3   Thumb Code    12  stm32f10x_usart.o(.text)
    USART_Cmd                                0x08003fdf   Thumb Code    20  stm32f10x_usart.o(.text)
    USART_ITConfig                           0x08003ff3   Thumb Code    48  stm32f10x_usart.o(.text)
    USART_DMACmd                             0x08004023   Thumb Code    16  stm32f10x_usart.o(.text)
    USART_SetAddress                         0x08004033   Thumb Code    16  stm32f10x_usart.o(.text)
    USART_WakeUpConfig                       0x08004043   Thumb Code    16  stm32f10x_usart.o(.text)
    USART_ReceiverWakeUpCmd                  0x08004053   Thumb Code    20  stm32f10x_usart.o(.text)
    USART_LINBreakDetectLengthConfig         0x08004067   Thumb Code    16  stm32f10x_usart.o(.text)
    USART_LINCmd                             0x08004077   Thumb Code    20  stm32f10x_usart.o(.text)
    USART_SendData                           0x0800408b   Thumb Code     8  stm32f10x_usart.o(.text)
    USART_ReceiveData                        0x08004093   Thumb Code     8  stm32f10x_usart.o(.text)
    USART_SendBreak                          0x0800409b   Thumb Code    10  stm32f10x_usart.o(.text)
    USART_SetGuardTime                       0x080040a5   Thumb Code    16  stm32f10x_usart.o(.text)
    USART_SetPrescaler                       0x080040b5   Thumb Code    16  stm32f10x_usart.o(.text)
    USART_SmartCardCmd                       0x080040c5   Thumb Code    20  stm32f10x_usart.o(.text)
    USART_SmartCardNACKCmd                   0x080040d9   Thumb Code    20  stm32f10x_usart.o(.text)
    USART_HalfDuplexCmd                      0x080040ed   Thumb Code    20  stm32f10x_usart.o(.text)
    USART_OverSampling8Cmd                   0x08004101   Thumb Code    20  stm32f10x_usart.o(.text)
    USART_OneBitMethodCmd                    0x08004115   Thumb Code    20  stm32f10x_usart.o(.text)
    USART_IrDAConfig                         0x08004129   Thumb Code    16  stm32f10x_usart.o(.text)
    USART_IrDACmd                            0x08004139   Thumb Code    20  stm32f10x_usart.o(.text)
    USART_GetFlagStatus                      0x0800414d   Thumb Code    14  stm32f10x_usart.o(.text)
    USART_ClearFlag                          0x0800415b   Thumb Code     6  stm32f10x_usart.o(.text)
    USART_GetITStatus                        0x08004161   Thumb Code    62  stm32f10x_usart.o(.text)
    USART_ClearITPendingBit                  0x0800419f   Thumb Code    12  stm32f10x_usart.o(.text)
    Reset_Handler                            0x080041c1   Thumb Code     8  startup_stm32f10x_md_vl.o(.text)
    ADC1_IRQHandler                          0x080041db   Thumb Code     0  startup_stm32f10x_md_vl.o(.text)
    CEC_IRQHandler                           0x080041db   Thumb Code     0  startup_stm32f10x_md_vl.o(.text)
    DMA1_Channel1_IRQHandler                 0x080041db   Thumb Code     0  startup_stm32f10x_md_vl.o(.text)
    DMA1_Channel2_IRQHandler                 0x080041db   Thumb Code     0  startup_stm32f10x_md_vl.o(.text)
    DMA1_Channel3_IRQHandler                 0x080041db   Thumb Code     0  startup_stm32f10x_md_vl.o(.text)
    DMA1_Channel4_IRQHandler                 0x080041db   Thumb Code     0  startup_stm32f10x_md_vl.o(.text)
    DMA1_Channel5_IRQHandler                 0x080041db   Thumb Code     0  startup_stm32f10x_md_vl.o(.text)
    DMA1_Channel6_IRQHandler                 0x080041db   Thumb Code     0  startup_stm32f10x_md_vl.o(.text)
    DMA1_Channel7_IRQHandler                 0x080041db   Thumb Code     0  startup_stm32f10x_md_vl.o(.text)
    EXTI0_IRQHandler                         0x080041db   Thumb Code     0  startup_stm32f10x_md_vl.o(.text)
    EXTI15_10_IRQHandler                     0x080041db   Thumb Code     0  startup_stm32f10x_md_vl.o(.text)
    EXTI1_IRQHandler                         0x080041db   Thumb Code     0  startup_stm32f10x_md_vl.o(.text)
    EXTI2_IRQHandler                         0x080041db   Thumb Code     0  startup_stm32f10x_md_vl.o(.text)
    EXTI3_IRQHandler                         0x080041db   Thumb Code     0  startup_stm32f10x_md_vl.o(.text)
    EXTI4_IRQHandler                         0x080041db   Thumb Code     0  startup_stm32f10x_md_vl.o(.text)
    EXTI9_5_IRQHandler                       0x080041db   Thumb Code     0  startup_stm32f10x_md_vl.o(.text)
    FLASH_IRQHandler                         0x080041db   Thumb Code     0  startup_stm32f10x_md_vl.o(.text)
    I2C1_ER_IRQHandler                       0x080041db   Thumb Code     0  startup_stm32f10x_md_vl.o(.text)
    I2C2_ER_IRQHandler                       0x080041db   Thumb Code     0  startup_stm32f10x_md_vl.o(.text)
    PVD_IRQHandler                           0x080041db   Thumb Code     0  startup_stm32f10x_md_vl.o(.text)
    RCC_IRQHandler                           0x080041db   Thumb Code     0  startup_stm32f10x_md_vl.o(.text)
    RTCAlarm_IRQHandler                      0x080041db   Thumb Code     0  startup_stm32f10x_md_vl.o(.text)
    RTC_IRQHandler                           0x080041db   Thumb Code     0  startup_stm32f10x_md_vl.o(.text)
    SPI1_IRQHandler                          0x080041db   Thumb Code     0  startup_stm32f10x_md_vl.o(.text)
    SPI2_IRQHandler                          0x080041db   Thumb Code     0  startup_stm32f10x_md_vl.o(.text)
    TAMPER_IRQHandler                        0x080041db   Thumb Code     0  startup_stm32f10x_md_vl.o(.text)
    TIM1_BRK_TIM15_IRQHandler                0x080041db   Thumb Code     0  startup_stm32f10x_md_vl.o(.text)
    TIM1_CC_IRQHandler                       0x080041db   Thumb Code     0  startup_stm32f10x_md_vl.o(.text)
    TIM1_TRG_COM_TIM17_IRQHandler            0x080041db   Thumb Code     0  startup_stm32f10x_md_vl.o(.text)
    TIM2_IRQHandler                          0x080041db   Thumb Code     0  startup_stm32f10x_md_vl.o(.text)
    TIM3_IRQHandler                          0x080041db   Thumb Code     0  startup_stm32f10x_md_vl.o(.text)
    TIM4_IRQHandler                          0x080041db   Thumb Code     0  startup_stm32f10x_md_vl.o(.text)
    TIM6_DAC_IRQHandler                      0x080041db   Thumb Code     0  startup_stm32f10x_md_vl.o(.text)
    TIM7_IRQHandler                          0x080041db   Thumb Code     0  startup_stm32f10x_md_vl.o(.text)
    USART3_IRQHandler                        0x080041db   Thumb Code     0  startup_stm32f10x_md_vl.o(.text)
    WWDG_IRQHandler                          0x080041db   Thumb Code     0  startup_stm32f10x_md_vl.o(.text)
    __user_initial_stackheap                 0x080041dd   Thumb Code     0  startup_stm32f10x_md_vl.o(.text)
    __aeabi_memcpy                           0x08004201   Thumb Code     0  rt_memcpy_v6.o(.text)
    __rt_memcpy                              0x08004201   Thumb Code   138  rt_memcpy_v6.o(.text)
    _memcpy_lastbytes                        0x08004267   Thumb Code     0  rt_memcpy_v6.o(.text)
    __aeabi_memcpy4                          0x0800428b   Thumb Code     0  rt_memcpy_w.o(.text)
    __aeabi_memcpy8                          0x0800428b   Thumb Code     0  rt_memcpy_w.o(.text)
    __rt_memcpy_w                            0x0800428b   Thumb Code   100  rt_memcpy_w.o(.text)
    _memcpy_lastbytes_aligned                0x080042d3   Thumb Code     0  rt_memcpy_w.o(.text)
    __use_two_region_memory                  0x080042ef   Thumb Code     2  heapauxi.o(.text)
    __rt_heap_escrow$2region                 0x080042f1   Thumb Code     2  heapauxi.o(.text)
    __rt_heap_expand$2region                 0x080042f3   Thumb Code     2  heapauxi.o(.text)
    __user_setup_stackheap                   0x080042f5   Thumb Code    74  sys_stackheap_outer.o(.text)
    exit                                     0x0800433f   Thumb Code    12  exit.o(.text)
    __user_libspace                          0x0800434d   Thumb Code     8  libspace.o(.text)
    __user_perproc_libspace                  0x0800434d   Thumb Code     0  libspace.o(.text)
    __user_perthread_libspace                0x0800434d   Thumb Code     0  libspace.o(.text)
    _sys_exit                                0x08004355   Thumb Code     8  sys_exit.o(.text)
    __I$use$semihosting                      0x08004361   Thumb Code     0  use_no_semi.o(.text)
    __use_no_semihosting_swi                 0x08004361   Thumb Code     2  use_no_semi.o(.text)
    __semihosting_library_function           0x08004363   Thumb Code     0  indicate_semi.o(.text)
    usdelay                                  0x08004363   Thumb Code    18  rf_control.o(i.usdelay)
    __aeabi_d2f                              0x08004375   Thumb Code     0  d2f.o(x$fpl$d2f)
    _d2f                                     0x08004375   Thumb Code    98  d2f.o(x$fpl$d2f)
    __aeabi_dadd                             0x080043d9   Thumb Code     0  daddsub_clz.o(x$fpl$dadd)
    _dadd                                    0x080043d9   Thumb Code   332  daddsub_clz.o(x$fpl$dadd)
    __fpl_dcheck_NaN1                        0x08004529   Thumb Code    10  dcheck1.o(x$fpl$dcheck1)
    __aeabi_ddiv                             0x08004539   Thumb Code     0  ddiv.o(x$fpl$ddiv)
    _ddiv                                    0x08004539   Thumb Code   552  ddiv.o(x$fpl$ddiv)
    __aeabi_ui2d                             0x080047e9   Thumb Code     0  dflt_clz.o(x$fpl$dfltu)
    _dfltu                                   0x080047e9   Thumb Code    38  dflt_clz.o(x$fpl$dfltu)
    __aeabi_dmul                             0x08004811   Thumb Code     0  dmul.o(x$fpl$dmul)
    _dmul                                    0x08004811   Thumb Code   332  dmul.o(x$fpl$dmul)
    __fpl_dnaninf                            0x08004965   Thumb Code   156  dnaninf.o(x$fpl$dnaninf)
    __fpl_dretinf                            0x08004a01   Thumb Code    12  dretinf.o(x$fpl$dretinf)
    __aeabi_drsub                            0x08004a0d   Thumb Code     0  daddsub_clz.o(x$fpl$drsb)
    _drsb                                    0x08004a0d   Thumb Code    22  daddsub_clz.o(x$fpl$drsb)
    __aeabi_dsub                             0x08004a25   Thumb Code     0  daddsub_clz.o(x$fpl$dsub)
    _dsub                                    0x08004a25   Thumb Code   464  daddsub_clz.o(x$fpl$dsub)
    __aeabi_f2iz                             0x08004bf9   Thumb Code     0  ffix.o(x$fpl$ffix)
    _ffix                                    0x08004bf9   Thumb Code    54  ffix.o(x$fpl$ffix)
    __fpl_fnaninf                            0x08004c2f   Thumb Code   140  fnaninf.o(x$fpl$fnaninf)
    __fpl_fretinf                            0x08004cbb   Thumb Code    10  fretinf.o(x$fpl$fretinf)
    __fpl_return_NaN                         0x08004cc5   Thumb Code   100  retnan.o(x$fpl$retnan)
    __ARM_scalbn                             0x08004d29   Thumb Code    92  scalbn.o(x$fpl$scalbn)
    __fpl_cmpreturn                          0x08004d85   Thumb Code    48  trapv.o(x$fpl$trapveneer)
    __I$use$fp                               0x08004db4   Number         0  usenofp.o(x$fpl$usenofp)
    gSigOffset                               0x08004db4   Data          66  rf_control.o(.constdata)
    tabInfo                                  0x08004df8   Data        1320  rf_control.o(.constdata)
    attBus                                   0x08005340   Data          60  target.o(.constdata)
    Region$$Table$$Base                      0x080055ac   Number         0  anon$$obj.o(Region$$Table)
    Region$$Table$$Limit                     0x080055cc   Number         0  anon$$obj.o(Region$$Table)
    BootloaderV                              0x08005ff0   Data           1  rf_control.o(.ARM.__AT_0x08005FF0)
    SoftwareV                                0x08005ff4   Data           1  rf_control.o(.ARM.__AT_0x08005FF4)
    HardwareV                                0x08005ff8   Data           1  rf_control.o(.ARM.__AT_0x08005FF8)
    FLASH_SetLatency                         0x08007001   Thumb Code    14  stm32f10x_flash.o(.text)
    FLASH_HalfCycleAccessCmd                 0x0800700f   Thumb Code    18  stm32f10x_flash.o(.text)
    FLASH_PrefetchBufferCmd                  0x08007021   Thumb Code    18  stm32f10x_flash.o(.text)
    FLASH_Unlock                             0x08007033   Thumb Code    12  stm32f10x_flash.o(.text)
    FLASH_UnlockBank1                        0x0800703f   Thumb Code    12  stm32f10x_flash.o(.text)
    FLASH_Lock                               0x0800704b   Thumb Code    12  stm32f10x_flash.o(.text)
    FLASH_LockBank1                          0x08007057   Thumb Code    12  stm32f10x_flash.o(.text)
    FLASH_GetBank1Status                     0x08007063   Thumb Code    34  stm32f10x_flash.o(.text)
    FLASH_WaitForLastOperation               0x08007085   Thumb Code    34  stm32f10x_flash.o(.text)
    FLASH_ErasePage                          0x080070a7   Thumb Code    56  stm32f10x_flash.o(.text)
    FLASH_EraseAllPages                      0x080070df   Thumb Code    52  stm32f10x_flash.o(.text)
    FLASH_WaitForLastBank1Operation          0x08007113   Thumb Code    34  stm32f10x_flash.o(.text)
    FLASH_EraseAllBank1Pages                 0x08007135   Thumb Code    52  stm32f10x_flash.o(.text)
    FLASH_GetReadOutProtectionStatus         0x08007169   Thumb Code    14  stm32f10x_flash.o(.text)
    FLASH_EraseOptionBytes                   0x08007177   Thumb Code   108  stm32f10x_flash.o(.text)
    FLASH_ProgramWord                        0x080071e3   Thumb Code    72  stm32f10x_flash.o(.text)
    FLASH_ProgramHalfWord                    0x0800722b   Thumb Code    48  stm32f10x_flash.o(.text)
    FLASH_ProgramOptionByteData              0x0800725b   Thumb Code    62  stm32f10x_flash.o(.text)
    FLASH_EnableWriteProtection              0x08007299   Thumb Code   158  stm32f10x_flash.o(.text)
    FLASH_ReadOutProtection                  0x08007337   Thumb Code   118  stm32f10x_flash.o(.text)
    FLASH_UserOptionByteConfig               0x080073ad   Thumb Code    92  stm32f10x_flash.o(.text)
    FLASH_GetUserOptionByte                  0x08007409   Thumb Code     8  stm32f10x_flash.o(.text)
    FLASH_GetWriteProtectionOptionByte       0x08007411   Thumb Code     6  stm32f10x_flash.o(.text)
    FLASH_GetPrefetchBufferStatus            0x08007417   Thumb Code    14  stm32f10x_flash.o(.text)
    FLASH_ITConfig                           0x08007425   Thumb Code    18  stm32f10x_flash.o(.text)
    FLASH_GetFlagStatus                      0x08007437   Thumb Code    28  stm32f10x_flash.o(.text)
    FLASH_ClearFlag                          0x08007453   Thumb Code     6  stm32f10x_flash.o(.text)
    FLASH_GetStatus                          0x08007459   Thumb Code    34  stm32f10x_flash.o(.text)
    IWDG_WriteAccessCmd                      0x08007481   Thumb Code     6  stm32f10x_iwdg.o(.text)
    IWDG_SetPrescaler                        0x08007487   Thumb Code     6  stm32f10x_iwdg.o(.text)
    IWDG_SetReload                           0x0800748d   Thumb Code     6  stm32f10x_iwdg.o(.text)
    IWDG_ReloadCounter                       0x08007493   Thumb Code    10  stm32f10x_iwdg.o(.text)
    IWDG_Enable                              0x0800749d   Thumb Code    10  stm32f10x_iwdg.o(.text)
    IWDG_GetFlagStatus                       0x080074a7   Thumb Code    16  stm32f10x_iwdg.o(.text)
    Bootloader                               0x080074bd   Thumb Code    86  user_flash.o(BOOTLOADER)
    gAtt1                                    0x20000003   Data           1  rf_control.o(.data)
    gPASW                                    0x20000004   Data           1  rf_control.o(.data)
    gRFSW                                    0x20000005   Data           1  rf_control.o(.data)
    gRFModify                                0x20000006   Data           1  rf_control.o(.data)
    gSigAtt                                  0x20000007   Data           1  rf_control.o(.data)
    gSigFreqStep                             0x20000008   Data           1  rf_control.o(.data)
    gPlusSwitchState                         0x20000009   Data           1  rf_control.o(.data)
    gRFSrcSel                                0x2000000a   Data           1  rf_control.o(.data)
    gLimState                                0x2000000b   Data           1  rf_control.o(.data)
    gPLLLock                                 0x2000000c   Data           1  rf_control.o(.data)
    gCurRfTemp                               0x2000000e   Data           2  rf_control.o(.data)
    gPALim                                   0x20000010   Data           2  rf_control.o(.data)
    gFreqStep                                0x20000012   Data           2  rf_control.o(.data)
    gSigPower                                0x20000014   Data           2  rf_control.o(.data)
    gCenFreq                                 0x20000018   Data           4  rf_control.o(.data)
    gRefFreq                                 0x2000001c   Data           4  rf_control.o(.data)
    gFreqLim                                 0x20000020   Data           6  rf_control.o(.data)
    gAtteVal                                 0x20000026   Data           1  rf_control.o(.data)
    gGainOffset                              0x20000027   Data           1  rf_control.o(.data)
    gAtt2                                    0x20000028   Data           1  rf_control.o(.data)
    gDAoutA                                  0x2000002a   Data           2  rf_control.o(.data)
    gDAoutB                                  0x2000002c   Data           2  rf_control.o(.data)
    gDAoutC                                  0x2000002e   Data           2  rf_control.o(.data)
    gDAoutD                                  0x20000030   Data           2  rf_control.o(.data)
    gOutPwrVal                               0x20000032   Data           2  rf_control.o(.data)
    gOutPwrSlopeVal                          0x20000034   Data           2  rf_control.o(.data)
    gRefPwrVal                               0x20000036   Data           2  rf_control.o(.data)
    gRefPwrSlopeVal                          0x20000038   Data           2  rf_control.o(.data)
    gOutPwrShutVal                           0x2000003a   Data           1  rf_control.o(.data)
    gPALimNumer                              0x2000003b   Data           1  rf_control.o(.data)
    gPReadADNumer                            0x2000003c   Data           1  rf_control.o(.data)
    gPequDenomi                              0x2000003d   Data           1  rf_control.o(.data)
    gPBmFreq                                 0x20000040   Data           4  rf_control.o(.data)
    gBandWidth                               0x20000044   Data           4  rf_control.o(.data)
    gIFOffset                                0x20000048   Data           2  rf_control.o(.data)
    gIFFreq                                  0x2000004c   Data           4  rf_control.o(.data)
    gFreq                                    0x20000050   Data           4  rf_control.o(.data)
    gCurCo                                   0x20000054   Data           2  rf_control.o(.data)
    gCurOffset                               0x20000056   Data           2  rf_control.o(.data)
    gCurHlim                                 0x20000058   Data           2  rf_control.o(.data)
    gCurLlim                                 0x2000005a   Data           2  rf_control.o(.data)
    gGainNumer                               0x2000005c   Data           1  rf_control.o(.data)
    gGainDenomi                              0x2000005d   Data           1  rf_control.o(.data)
    gPAProtecttLim                           0x2000005e   Data           1  rf_control.o(.data)
    gPAResetLim                              0x2000005f   Data           1  rf_control.o(.data)
    gRF_No                                   0x20000060   Data           1  rf_control.o(.data)
    gFWCheck                                 0x20000062   Data           2  rf_control.o(.data)
    gDownFlag                                0x20000064   Data           1  rf_control.o(.data)
    gSigPowerOffset                          0x20000068   Data           4  rf_control.o(.data)
    gPlusValue                               0x2000006c   Data           4  rf_control.o(.data)
    gTempValue                               0x20000070   Data           6  rf_control.o(.data)
    gRFSrcRef                                0x20000076   Data           1  rf_control.o(.data)
    gPACurrent                               0x20000078   Data           2  rf_control.o(.data)
    gPwrOut                                  0x2000007a   Data           2  rf_control.o(.data)
    gPwrRef                                  0x2000007c   Data           2  rf_control.o(.data)
    modelAddr                                0x2000008c   Data           1  rf_parameter.o(.data)
    modelFwCrc                               0x2000008e   Data           2  rf_parameter.o(.data)
    modelReset                               0x20000090   Data           1  rf_parameter.o(.data)
    modelUpgrade                             0x20000091   Data           1  rf_parameter.o(.data)
    SystemCoreClock                          0x20000094   Data           4  system_stm32f10x.o(.data)
    AHBPrescTable                            0x20000098   Data          16  system_stm32f10x.o(.data)
    Timer1CallBack                           0x200000a8   Data           4  user_timer.o(.data)
    i2c_slave_handle                         0x200000b8   Data           4  user_i2c.o(.data)
    gModuleNo                                0x200000f8   Data          10  rf_control.o(.bss)
    uartBuf                                  0x200003f0   Data        1024  user_uart.o(.bss)
    __libspace_start                         0x20000c10   Data          96  libspace.o(.bss)
    __temporary_stack_top$libspace           0x20000c70   Data           0  libspace.o(.bss)



==============================================================================

Memory Map of the image

  Image Entry point : 0x08000121

  Load Region LR_IROM1 (Base: 0x08000000, Size: 0x0000751c, Max: 0x00010000, ABSOLUTE)

    Execution Region ER_IROM1 (Base: 0x08000000, Size: 0x00005ffc, Max: 0x00010000, ABSOLUTE)

    Base Addr    Size         Type   Attr      Idx    E Section Name        Object

    0x08000000   0x00000120   Data   RO          114    RESET               startup_stm32f10x_md_vl.o
    0x08000120   0x00000008   Code   RO          121  * !!!main             c_w.l(__main.o)
    0x08000128   0x00000034   Code   RO          266    !!!scatter          c_w.l(__scatter.o)
    0x0800015c   0x0000001a   Code   RO          267    !!handler_copy      c_w.l(__scatter_copy.o)
    0x08000176   0x00000002   PAD
    0x08000178   0x0000001c   Code   RO          268    !!handler_zi        c_w.l(__scatter_zi.o)
    0x08000194   0x00000002   Code   RO          163    .ARM.Collect$$libinit$$00000000  c_w.l(libinit.o)
    0x08000196   0x00000000   Code   RO          170    .ARM.Collect$$libinit$$00000002  c_w.l(libinit2.o)
    0x08000196   0x00000000   Code   RO          172    .ARM.Collect$$libinit$$00000004  c_w.l(libinit2.o)
    0x08000196   0x00000000   Code   RO          175    .ARM.Collect$$libinit$$0000000A  c_w.l(libinit2.o)
    0x08000196   0x00000000   Code   RO          177    .ARM.Collect$$libinit$$0000000C  c_w.l(libinit2.o)
    0x08000196   0x00000000   Code   RO          179    .ARM.Collect$$libinit$$0000000E  c_w.l(libinit2.o)
    0x08000196   0x00000000   Code   RO          182    .ARM.Collect$$libinit$$00000011  c_w.l(libinit2.o)
    0x08000196   0x00000000   Code   RO          184    .ARM.Collect$$libinit$$00000013  c_w.l(libinit2.o)
    0x08000196   0x00000000   Code   RO          186    .ARM.Collect$$libinit$$00000015  c_w.l(libinit2.o)
    0x08000196   0x00000000   Code   RO          188    .ARM.Collect$$libinit$$00000017  c_w.l(libinit2.o)
    0x08000196   0x00000000   Code   RO          190    .ARM.Collect$$libinit$$00000019  c_w.l(libinit2.o)
    0x08000196   0x00000000   Code   RO          192    .ARM.Collect$$libinit$$0000001B  c_w.l(libinit2.o)
    0x08000196   0x00000000   Code   RO          194    .ARM.Collect$$libinit$$0000001D  c_w.l(libinit2.o)
    0x08000196   0x00000000   Code   RO          196    .ARM.Collect$$libinit$$0000001F  c_w.l(libinit2.o)
    0x08000196   0x00000000   Code   RO          198    .ARM.Collect$$libinit$$00000021  c_w.l(libinit2.o)
    0x08000196   0x00000000   Code   RO          200    .ARM.Collect$$libinit$$00000023  c_w.l(libinit2.o)
    0x08000196   0x00000000   Code   RO          202    .ARM.Collect$$libinit$$00000025  c_w.l(libinit2.o)
    0x08000196   0x00000000   Code   RO          206    .ARM.Collect$$libinit$$0000002C  c_w.l(libinit2.o)
    0x08000196   0x00000000   Code   RO          208    .ARM.Collect$$libinit$$0000002E  c_w.l(libinit2.o)
    0x08000196   0x00000000   Code   RO          210    .ARM.Collect$$libinit$$00000030  c_w.l(libinit2.o)
    0x08000196   0x00000000   Code   RO          212    .ARM.Collect$$libinit$$00000032  c_w.l(libinit2.o)
    0x08000196   0x00000002   Code   RO          213    .ARM.Collect$$libinit$$00000033  c_w.l(libinit2.o)
    0x08000198   0x00000002   Code   RO          227    .ARM.Collect$$libshutdown$$00000000  c_w.l(libshutdown.o)
    0x0800019a   0x00000000   Code   RO          236    .ARM.Collect$$libshutdown$$00000003  c_w.l(libshutdown2.o)
    0x0800019a   0x00000000   Code   RO          239    .ARM.Collect$$libshutdown$$00000006  c_w.l(libshutdown2.o)
    0x0800019a   0x00000000   Code   RO          242    .ARM.Collect$$libshutdown$$00000009  c_w.l(libshutdown2.o)
    0x0800019a   0x00000000   Code   RO          244    .ARM.Collect$$libshutdown$$0000000B  c_w.l(libshutdown2.o)
    0x0800019a   0x00000000   Code   RO          247    .ARM.Collect$$libshutdown$$0000000E  c_w.l(libshutdown2.o)
    0x0800019a   0x00000002   Code   RO          248    .ARM.Collect$$libshutdown$$0000000F  c_w.l(libshutdown2.o)
    0x0800019c   0x00000000   Code   RO          135    .ARM.Collect$$rtentry$$00000000  c_w.l(__rtentry.o)
    0x0800019c   0x00000000   Code   RO          143    .ARM.Collect$$rtentry$$00000002  c_w.l(__rtentry2.o)
    0x0800019c   0x00000006   Code   RO          155    .ARM.Collect$$rtentry$$00000004  c_w.l(__rtentry4.o)
    0x080001a2   0x00000000   Code   RO          145    .ARM.Collect$$rtentry$$00000009  c_w.l(__rtentry2.o)
    0x080001a2   0x00000004   Code   RO          146    .ARM.Collect$$rtentry$$0000000A  c_w.l(__rtentry2.o)
    0x080001a6   0x00000000   Code   RO          148    .ARM.Collect$$rtentry$$0000000C  c_w.l(__rtentry2.o)
    0x080001a6   0x00000008   Code   RO          149    .ARM.Collect$$rtentry$$0000000D  c_w.l(__rtentry2.o)
    0x080001ae   0x00000002   Code   RO          167    .ARM.Collect$$rtexit$$00000000  c_w.l(rtexit.o)
    0x080001b0   0x00000000   Code   RO          215    .ARM.Collect$$rtexit$$00000002  c_w.l(rtexit2.o)
    0x080001b0   0x00000004   Code   RO          216    .ARM.Collect$$rtexit$$00000003  c_w.l(rtexit2.o)
    0x080001b4   0x00000006   Code   RO          217    .ARM.Collect$$rtexit$$00000004  c_w.l(rtexit2.o)
    0x080001ba   0x00000002   PAD
    0x080001bc   0x000000ac   Code   RO            1    .text               main.o
    0x08000268   0x00000a74   Code   RO            2    .text               rf_control.o
    0x08000cdc   0x000008bc   Code   RO           66    .text               rf_protocol.o
    0x08001598   0x000001c4   Code   RO           70    .text               rf_parameter.o
    0x0800175c   0x00000100   Code   RO           74    .text               task.o
    0x0800185c   0x000000a8   Code   RO           77    .text               target.o
    0x08001904   0x00000012   Code   RO           81    .text               stm32f10x_it.o
    0x08001916   0x00000002   PAD
    0x08001918   0x000000c0   Code   RO           82    .text               system_stm32f10x.o
    0x080019d8   0x0000015c   Code   RO           84    .text               dev_spi.o
    0x08001b34   0x00000040   Code   RO           85    .text               dev_att.o
    0x08001b74   0x0000008c   Code   RO           86    .text               dev_e2prom.o
    0x08001c00   0x00000040   Code   RO           87    .text               dev_temp.o
    0x08001c40   0x00000104   Code   RO           88    .text               user_timer.o
    0x08001d44   0x0000017c   Code   RO           90    .text               user_adc.o
    0x08001ec0   0x00000320   Code   RO           92    .text               user_i2c.o
    0x080021e0   0x00000320   Code   RO           95    .text               user_uart.o
    0x08002500   0x00000258   Code   RO           97    .text               user_flash.o
    0x08002758   0x000000b0   Code   RO          100    .text               misc.o
    0x08002808   0x00000330   Code   RO          101    .text               stm32f10x_adc.o
    0x08002b38   0x00000264   Code   RO          102    .text               stm32f10x_gpio.o
    0x08002d9c   0x00000328   Code   RO          103    .text               stm32f10x_i2c.o
    0x080030c4   0x000002e4   Code   RO          104    .text               stm32f10x_rcc.o
    0x080033a8   0x00000af0   Code   RO          106    .text               stm32f10x_tim.o
    0x08003e98   0x00000328   Code   RO          107    .text               stm32f10x_usart.o
    0x080041c0   0x00000040   Code   RO          115    .text               startup_stm32f10x_md_vl.o
    0x08004200   0x0000008a   Code   RO          118    .text               c_w.l(rt_memcpy_v6.o)
    0x0800428a   0x00000064   Code   RO          119    .text               c_w.l(rt_memcpy_w.o)
    0x080042ee   0x00000006   Code   RO          120    .text               c_w.l(heapauxi.o)
    0x080042f4   0x0000004a   Code   RO          158    .text               c_w.l(sys_stackheap_outer.o)
    0x0800433e   0x0000000c   Code   RO          159    .text               c_w.l(exit.o)
    0x0800434a   0x00000002   PAD
    0x0800434c   0x00000008   Code   RO          165    .text               c_w.l(libspace.o)
    0x08004354   0x0000000c   Code   RO          223    .text               c_w.l(sys_exit.o)
    0x08004360   0x00000002   Code   RO          229    .text               c_w.l(use_no_semi.o)
    0x08004362   0x00000000   Code   RO          230    .text               c_w.l(indicate_semi.o)
    0x08004362   0x00000012   Code   RO           65    i.usdelay           rf_control.o
    0x08004374   0x00000062   Code   RO          122    x$fpl$d2f           fz_ws.l(d2f.o)
    0x080043d6   0x00000002   PAD
    0x080043d8   0x00000150   Code   RO          123    x$fpl$dadd          fz_ws.l(daddsub_clz.o)
    0x08004528   0x00000010   Code   RO          136    x$fpl$dcheck1       fz_ws.l(dcheck1.o)
    0x08004538   0x000002b0   Code   RO          127    x$fpl$ddiv          fz_ws.l(ddiv.o)
    0x080047e8   0x00000026   Code   RO          128    x$fpl$dfltu         fz_ws.l(dflt_clz.o)
    0x0800480e   0x00000002   PAD
    0x08004810   0x00000154   Code   RO          131    x$fpl$dmul          fz_ws.l(dmul.o)
    0x08004964   0x0000009c   Code   RO          137    x$fpl$dnaninf       fz_ws.l(dnaninf.o)
    0x08004a00   0x0000000c   Code   RO          138    x$fpl$dretinf       fz_ws.l(dretinf.o)
    0x08004a0c   0x00000016   Code   RO          124    x$fpl$drsb          fz_ws.l(daddsub_clz.o)
    0x08004a22   0x00000002   PAD
    0x08004a24   0x000001d4   Code   RO          125    x$fpl$dsub          fz_ws.l(daddsub_clz.o)
    0x08004bf8   0x00000036   Code   RO          132    x$fpl$ffix          fz_ws.l(ffix.o)
    0x08004c2e   0x0000008c   Code   RO          139    x$fpl$fnaninf       fz_ws.l(fnaninf.o)
    0x08004cba   0x0000000a   Code   RO          140    x$fpl$fretinf       fz_ws.l(fretinf.o)
    0x08004cc4   0x00000064   Code   RO          157    x$fpl$retnan        fz_ws.l(retnan.o)
    0x08004d28   0x0000005c   Code   RO          134    x$fpl$scalbn        fz_ws.l(scalbn.o)
    0x08004d84   0x00000030   Code   RO          164    x$fpl$trapveneer    fz_ws.l(trapv.o)
    0x08004db4   0x00000000   Code   RO          141    x$fpl$usenofp       fz_ws.l(usenofp.o)
    0x08004db4   0x0000056c   Data   RO            8    .constdata          rf_control.o
    0x08005320   0x00000020   Data   RO           68    .constdata          rf_protocol.o
    0x08005340   0x0000003c   Data   RO           78    .constdata          target.o
    0x0800537c   0x00000230   Data   RO           79    .constdata          target.o
    0x080055ac   0x00000020   Data   RO          264    Region$$Table       anon$$obj.o
    0x080055cc   0x00000a24   PAD
    0x08005ff0   0x00000001   Data   RO            3    .ARM.__AT_0x08005FF0  rf_control.o
    0x08005ff1   0x00000003   PAD
    0x08005ff4   0x00000001   Data   RO            4    .ARM.__AT_0x08005FF4  rf_control.o
    0x08005ff5   0x00000003   PAD
    0x08005ff8   0x00000001   Data   RO            5    .ARM.__AT_0x08005FF8  rf_control.o


    Execution Region EX_2 (Base: 0x08007000, Size: 0x0000051c, Max: 0x00001000, ABSOLUTE, FIXED)

    Base Addr    Size         Type   Attr      Idx    E Section Name        Object

    0x08007000   0x00000480   Code   RO          108    .text               stm32f10x_flash.o
    0x08007480   0x0000003c   Code   RO          109    .text               stm32f10x_iwdg.o
    0x080074bc   0x00000060   Code   RO           98    BOOTLOADER          user_flash.o


    Execution Region RW_IRAM1 (Base: 0x20000000, Size: 0x00001270, Max: 0x00002000, ABSOLUTE)

    Base Addr    Size         Type   Attr      Idx    E Section Name        Object

    0x20000000   0x00000026   Data   RW            9    .data               rf_control.o
    0x20000026   0x00000001   Data   RW           16    .data               rf_control.o
    0x20000027   0x00000001   Data   RW           17    .data               rf_control.o
    0x20000028   0x00000001   Data   RW           18    .data               rf_control.o
    0x20000029   0x00000001   PAD
    0x2000002a   0x00000002   Data   RW           19    .data               rf_control.o
    0x2000002c   0x00000002   Data   RW           20    .data               rf_control.o
    0x2000002e   0x00000002   Data   RW           21    .data               rf_control.o
    0x20000030   0x00000002   Data   RW           22    .data               rf_control.o
    0x20000032   0x00000002   Data   RW           23    .data               rf_control.o
    0x20000034   0x00000002   Data   RW           24    .data               rf_control.o
    0x20000036   0x00000002   Data   RW           25    .data               rf_control.o
    0x20000038   0x00000002   Data   RW           26    .data               rf_control.o
    0x2000003a   0x00000001   Data   RW           27    .data               rf_control.o
    0x2000003b   0x00000001   Data   RW           28    .data               rf_control.o
    0x2000003c   0x00000001   Data   RW           29    .data               rf_control.o
    0x2000003d   0x00000001   Data   RW           30    .data               rf_control.o
    0x2000003e   0x00000002   PAD
    0x20000040   0x00000004   Data   RW           31    .data               rf_control.o
    0x20000044   0x00000004   Data   RW           32    .data               rf_control.o
    0x20000048   0x00000002   Data   RW           33    .data               rf_control.o
    0x2000004a   0x00000002   PAD
    0x2000004c   0x00000004   Data   RW           34    .data               rf_control.o
    0x20000050   0x00000004   Data   RW           35    .data               rf_control.o
    0x20000054   0x00000002   Data   RW           36    .data               rf_control.o
    0x20000056   0x00000002   Data   RW           37    .data               rf_control.o
    0x20000058   0x00000002   Data   RW           38    .data               rf_control.o
    0x2000005a   0x00000002   Data   RW           39    .data               rf_control.o
    0x2000005c   0x00000001   Data   RW           40    .data               rf_control.o
    0x2000005d   0x00000001   Data   RW           41    .data               rf_control.o
    0x2000005e   0x00000001   Data   RW           42    .data               rf_control.o
    0x2000005f   0x00000001   Data   RW           43    .data               rf_control.o
    0x20000060   0x00000001   Data   RW           45    .data               rf_control.o
    0x20000061   0x00000001   PAD
    0x20000062   0x00000002   Data   RW           47    .data               rf_control.o
    0x20000064   0x00000001   Data   RW           48    .data               rf_control.o
    0x20000065   0x00000003   PAD
    0x20000068   0x00000004   Data   RW           55    .data               rf_control.o
    0x2000006c   0x00000004   Data   RW           56    .data               rf_control.o
    0x20000070   0x00000006   Data   RW           57    .data               rf_control.o
    0x20000076   0x00000001   Data   RW           58    .data               rf_control.o
    0x20000077   0x00000001   PAD
    0x20000078   0x00000002   Data   RW           60    .data               rf_control.o
    0x2000007a   0x00000002   Data   RW           61    .data               rf_control.o
    0x2000007c   0x00000002   Data   RW           62    .data               rf_control.o
    0x2000007e   0x00000002   PAD
    0x20000080   0x0000000c   Data   RW           69    .data               rf_protocol.o
    0x2000008c   0x00000001   Data   RW           71    .data               rf_parameter.o
    0x2000008d   0x00000001   PAD
    0x2000008e   0x00000002   Data   RW           72    .data               rf_parameter.o
    0x20000090   0x00000002   Data   RW           73    .data               rf_parameter.o
    0x20000092   0x00000001   Data   RW           76    .data               task.o
    0x20000093   0x00000001   PAD
    0x20000094   0x00000014   Data   RW           83    .data               system_stm32f10x.o
    0x200000a8   0x00000004   Data   RW           89    .data               user_timer.o
    0x200000ac   0x00000010   Data   RW           94    .data               user_i2c.o
    0x200000bc   0x00000014   Data   RW          105    .data               stm32f10x_rcc.o
    0x200000d0   0x00000028   Zero   RW            6    .bss                rf_control.o
    0x200000f8   0x0000000a   Zero   RW            7    .bss                rf_control.o
    0x20000102   0x00000002   PAD
    0x20000104   0x0000000c   Zero   RW           67    .bss                rf_protocol.o
    0x20000110   0x000000c8   Zero   RW           75    .bss                task.o
    0x200001d8   0x00000200   Zero   RW           93    .bss                user_i2c.o
    0x200003d8   0x00000430   Zero   RW           96    .bss                user_uart.o
    0x20000808   0x00000408   Zero   RW           99    .bss                user_flash.o
    0x20000c10   0x00000060   Zero   RW          166    .bss                c_w.l(libspace.o)
    0x20000c70   0x00000200   Zero   RW          113    HEAP                startup_stm32f10x_md_vl.o
    0x20000e70   0x00000400   Zero   RW          112    STACK               startup_stm32f10x_md_vl.o


==============================================================================

Image component sizes


      Code (inc. data)   RO Data    RW Data    ZI Data      Debug   Object Name

        64          6          0          0          0          0   dev_att.o
       140          4          0          0          0          0   dev_e2prom.o
       348         16          0          0          0          0   dev_spi.o
        64          6          0          0          0          0   dev_temp.o
       172         26          0          0          0          0   main.o
       176         14          0          0          0          0   misc.o
      2694         86       1391        116         50          0   rf_control.o
       452         46          0          5          0          0   rf_parameter.o
      2236         90         32         12         12          0   rf_protocol.o
        64         26        288          0       1536          0   startup_stm32f10x_md_vl.o
       816         24          0          0          0          0   stm32f10x_adc.o
      1152         22          0          0          0          0   stm32f10x_flash.o
       612         36          0          0          0          0   stm32f10x_gpio.o
       808         14          0          0          0          0   stm32f10x_i2c.o
        18          0          0          0          0          0   stm32f10x_it.o
        60          6          0          0          0          0   stm32f10x_iwdg.o
       740         42          0         20          0          0   stm32f10x_rcc.o
      2800         84          0          0          0          0   stm32f10x_tim.o
       808         22          0          0          0          0   stm32f10x_usart.o
       192         34          0         20          0          0   system_stm32f10x.o
       168         12        620          0          0          0   target.o
       256         10          0          1        200          0   task.o
       380         26          0          0          0          0   user_adc.o
       696         40          0          0       1032          0   user_flash.o
       800         40          0         16        512          0   user_i2c.o
       260         14          0          4          0          0   user_timer.o
       800         16          0          0       1072          0   user_uart.o

    ----------------------------------------------------------------------
     17778        762       4968        208       4416          0   Object Totals
         0          0         32          0          0          0   (incl. Generated)
         2          0       2605         14          2          0   (incl. Padding)

    ----------------------------------------------------------------------

      Code (inc. data)   RO Data    RW Data    ZI Data      Debug   Library Member Name

         8          0          0          0          0          0   __main.o
         0          0          0          0          0          0   __rtentry.o
        12          0          0          0          0          0   __rtentry2.o
         6          0          0          0          0          0   __rtentry4.o
        52          8          0          0          0          0   __scatter.o
        26          0          0          0          0          0   __scatter_copy.o
        28          0          0          0          0          0   __scatter_zi.o
        12          0          0          0          0          0   exit.o
         6          0          0          0          0          0   heapauxi.o
         0          0          0          0          0          0   indicate_semi.o
         2          0          0          0          0          0   libinit.o
         2          0          0          0          0          0   libinit2.o
         2          0          0          0          0          0   libshutdown.o
         2          0          0          0          0          0   libshutdown2.o
         8          4          0          0         96          0   libspace.o
       138          0          0          0          0          0   rt_memcpy_v6.o
       100          0          0          0          0          0   rt_memcpy_w.o
         2          0          0          0          0          0   rtexit.o
        10          0          0          0          0          0   rtexit2.o
        12          4          0          0          0          0   sys_exit.o
        74          0          0          0          0          0   sys_stackheap_outer.o
         2          0          0          0          0          0   use_no_semi.o
        98          4          0          0          0          0   d2f.o
       826         16          0          0          0          0   daddsub_clz.o
        16          4          0          0          0          0   dcheck1.o
       688        140          0          0          0          0   ddiv.o
        38          0          0          0          0          0   dflt_clz.o
       340         12          0          0          0          0   dmul.o
       156          4          0          0          0          0   dnaninf.o
        12          0          0          0          0          0   dretinf.o
        54          4          0          0          0          0   ffix.o
       140          4          0          0          0          0   fnaninf.o
        10          0          0          0          0          0   fretinf.o
       100          0          0          0          0          0   retnan.o
        92          0          0          0          0          0   scalbn.o
        48          0          0          0          0          0   trapv.o
         0          0          0          0          0          0   usenofp.o

    ----------------------------------------------------------------------
      3134        204          0          0         96          0   Library Totals
        12          0          0          0          0          0   (incl. Padding)

    ----------------------------------------------------------------------

      Code (inc. data)   RO Data    RW Data    ZI Data      Debug   Library Name

       504         16          0          0         96          0   c_w.l
      2618        188          0          0          0          0   fz_ws.l

    ----------------------------------------------------------------------
      3134        204          0          0         96          0   Library Totals

    ----------------------------------------------------------------------

==============================================================================


      Code (inc. data)   RO Data    RW Data    ZI Data      Debug   

     20912        966       4968        208       4512          0   Grand Totals
     20912        966       4968        208       4512          0   ELF Image Totals
     20912        966       4968        208          0          0   ROM Totals

==============================================================================

    Total RO  Size (Code + RO Data)                25880 (  25.27kB)
    Total RW  Size (RW Data + ZI Data)              4720 (   4.61kB)
    Total ROM Size (Code + RO Data + RW Data)      26088 (  25.48kB)

==============================================================================

