BL51 BANKED LINKER/LOCATER V6.22                                                        10/30/2014  16:21:20  PAGE 1


BL51 BANKED LINKER/LOCATER V6.22, INVOKED BY:
C:\PROGRAM FILES\KEIL\C51\BIN\BL51.EXE .\OUTPUT\main.obj, .\OUTPUT\timer.obj, .\OUTPUT\bro20W_cpu.obj, .\OUTPUT\bro20W_R
>> Fcontrol.obj, .\OUTPUT\bro20W_packet.obj, .\OUTPUT\START900.obj, .\OUTPUT\I2C.obj, .\OUTPUT\SPI.obj, .\OUTPUT\e2prom.
>> obj, .\OUTPUT\serial.obj TO .\OUTPUT\my_project REGFILE (.\OUTPUT\my_project.ORC) PRINT (.\list\my_project.m51) RAMSI
>> ZE (256)


MEMORY MODEL: SMALL WITH FLOATING POINT ARITHMETIC


INPUT MODULES INCLUDED:
  .\OUTPUT\main.obj (MAIN)
  .\OUTPUT\timer.obj (TIMER)
  .\OUTPUT\bro20W_cpu.obj (BRO20W_CPU)
  .\OUTPUT\bro20W_RFcontrol.obj (BRO20W_RFCONTROL)
  .\OUTPUT\bro20W_packet.obj (BRO20W_PACKET)
  .\OUTPUT\START900.obj (?C_STARTUP)
  .\OUTPUT\I2C.obj (I2C)
  .\OUTPUT\SPI.obj (SPI)
  .\OUTPUT\e2prom.obj (E2PROM)
  .\OUTPUT\serial.obj (SERIAL)
  C:\PROGRAM FILES\KEIL\C51\LIB\C51FPS.LIB (?C?FPADD)
  C:\PROGRAM FILES\KEIL\C51\LIB\C51FPS.LIB (?C?FPDIV)
  C:\PROGRAM FILES\KEIL\C51\LIB\C51FPS.LIB (?C?FCAST)
  C:\PROGRAM FILES\KEIL\C51\LIB\C51FPS.LIB (?C?CASTF)
  C:\PROGRAM FILES\KEIL\C51\LIB\C51FPS.LIB (?C?FPGETOPN)
  C:\PROGRAM FILES\KEIL\C51\LIB\C51S.LIB (?C_INIT)
  C:\PROGRAM FILES\KEIL\C51\LIB\C51S.LIB (?C?COPY)
  C:\PROGRAM FILES\KEIL\C51\LIB\C51S.LIB (?C?CLDPTR)
  C:\PROGRAM FILES\KEIL\C51\LIB\C51S.LIB (?C?CLDOPTR)
  C:\PROGRAM FILES\KEIL\C51\LIB\C51S.LIB (?C?CSTPTR)
  C:\PROGRAM FILES\KEIL\C51\LIB\C51S.LIB (?C?IMUL)
  C:\PROGRAM FILES\KEIL\C51\LIB\C51S.LIB (?C?UIDIV)
  C:\PROGRAM FILES\KEIL\C51\LIB\C51S.LIB (?C?SIDIV)
  C:\PROGRAM FILES\KEIL\C51\LIB\C51S.LIB (?C?IILDX)
  C:\PROGRAM FILES\KEIL\C51\LIB\C51S.LIB (?C?LMUL)
  C:\PROGRAM FILES\KEIL\C51\LIB\C51S.LIB (?C?ULDIV)
  C:\PROGRAM FILES\KEIL\C51\LIB\C51S.LIB (?C?LOR)
  C:\PROGRAM FILES\KEIL\C51\LIB\C51S.LIB (?C?LNEG)
  C:\PROGRAM FILES\KEIL\C51\LIB\C51S.LIB (?C?ULCMP)
  C:\PROGRAM FILES\KEIL\C51\LIB\C51S.LIB (?C?LSHL)
  C:\PROGRAM FILES\KEIL\C51\LIB\C51S.LIB (?C?LLDIDATA)
  C:\PROGRAM FILES\KEIL\C51\LIB\C51S.LIB (?C?LLDIDATA0)
  C:\PROGRAM FILES\KEIL\C51\LIB\C51S.LIB (?C?PLDIIDATA)
  C:\PROGRAM FILES\KEIL\C51\LIB\C51S.LIB (?C?CCASE)
  C:\PROGRAM FILES\KEIL\C51\LIB\C51S.LIB (?C?ICASE)
  C:\PROGRAM FILES\KEIL\C51\LIB\C51S.LIB (?C?ICALL)


LINK MAP OF MODULE:  .\OUTPUT\my_project (MAIN)


            TYPE    BASE      LENGTH    RELOCATION   SEGMENT NAME
            -----------------------------------------------------

            * * * * * * *   D A T A   M E M O R Y   * * * * * * *
            REG     0000H     0008H     ABSOLUTE     "REG BANK 0"
            DATA    0008H     0003H     UNIT         ?DT?BRO20W_PACKET
BL51 BANKED LINKER/LOCATER V6.22                                                      10/30/2014  16:21:20  PAGE 2


            DATA    000BH     0002H     UNIT         ?DT?TIMER
            DATA    000DH     0002H     UNIT         ?DT?SERIAL
            IDATA   000FH     0008H     UNIT         _IDATA_GROUP_
                    0017H     0009H                  *** GAP ***
            BIT     0020H.0   0000H.1   UNIT         ?BI?MAIN
            BIT     0020H.1   0000H.1   UNIT         _BIT_GROUP_
                    0020H.2   0000H.6                *** GAP ***
            DATA    0021H     002EH     UNIT         _DATA_GROUP_
            DATA    004FH     002DH     UNIT         ?DT?MAIN
            IDATA   007CH     0016H     UNIT         ?ID?MAIN
            IDATA   0092H     0001H     UNIT         ?STACK

            * * * * * * *  X D A T A   M E M O R Y  * * * * * * *
            XDATA   0000H     0184H     UNIT         ?XD?MAIN
            XDATA   0184H     0008H     UNIT         ?XD?BRO20W_PACKET
            XDATA   018CH     0001H     UNIT         _XDATA_GROUP_

            * * * * * * *   C O D E   M E M O R Y   * * * * * * *
            CODE    0000H     0003H     ABSOLUTE     
            CODE    0003H     0018H     UNIT         ?PR?_WRITEATT1?BRO20W_RFCONTROL
            CODE    001BH     0003H     ABSOLUTE     
            CODE    001EH     0004H     UNIT         ?PR?INITSPI?SPI
                    0022H     0001H                  *** GAP ***
            CODE    0023H     0003H     ABSOLUTE     
            CODE    0026H     000FH     UNIT         ?PR?_CHECKMBIT?BRO20W_RFCONTROL
            CODE    0035H     000BH     UNIT         ?PR?WATCHDOG?BRO20W_RFCONTROL
            CODE    0040H     000AH     ABSOLUTE     
            CODE    004AH     001CH     UNIT         ?PR?_DELAY?BRO20W_RFCONTROL
                    0066H     0005H                  *** GAP ***
            CODE    006BH     0003H     ABSOLUTE     
            CODE    006EH     0636H     UNIT         ?C?LIB_CODE
            CODE    06A4H     0355H     UNIT         ?PR?EXECFCTPARAMSET?BRO20W_PACKET
            CODE    09F9H     01A0H     UNIT         ?PR?WRITEPLL?BRO20W_RFCONTROL
            CODE    0B99H     019FH     UNIT         ?PR?SERIALRCV_ISR?SERIAL
            CODE    0D38H     0172H     UNIT         ?PR?EXECRFPARAMQ?BRO20W_PACKET
            CODE    0EAAH     016DH     UNIT         ?PR?EXECDWNLDSOFT?BRO20W_PACKET
            CODE    1017H     0160H     UNIT         ?PR?OUTPUTPWRSAMPLING?BRO20W_PACKET
            CODE    1177H     0157H     UNIT         ?PR?GPALIMCOMPENSATE?BRO20W_RFCONTROL
            CODE    12CEH     0149H     UNIT         ?PR?INITRF?BRO20W_RFCONTROL
            CODE    1417H     0136H     UNIT         ?PR?ENDDWNLDSOFT?BRO20W_PACKET
            CODE    154DH     0131H     UNIT         ?PR?_WRITEAD5314?BRO20W_RFCONTROL
            CODE    167EH     00E9H     UNIT         ?PR?UPDATEALMINFO?BRO20W_PACKET
            CODE    1767H     00E6H     UNIT         ?PR?BRO20W_RFCONTROL
            CODE    184DH     00DFH     UNIT         ?PR?BRO20W_PACKET
            CODE    192CH     00C5H     UNIT         ?PR?ZHOUQIFASONG5MS?MAIN
            CODE    19F1H     0092H     UNIT         ?PR?EXECUTE_CMD?BRO20W_PACKET
            CODE    1A83H     0089H     UNIT         ?PR?_READAD?BRO20W_RFCONTROL
            CODE    1B0CH     0087H     UNIT         ?PR?_SWITCHRF?BRO20W_RFCONTROL
            CODE    1B93H     0086H     UNIT         ?C_C51STARTUP
            CODE    1C19H     007BH     UNIT         ?PR?SENDPKT?BRO20W_PACKET
            CODE    1C94H     006FH     UNIT         ?PR?_PROGPLL?BRO20W_RFCONTROL
            CODE    1D03H     0067H     UNIT         ?PR?_IRCVSTR?I2C
            CODE    1D6AH     0065H     UNIT         ?PR?TIMER1?TIMER
            CODE    1DCFH     005BH     UNIT         ?PR?EXECCHECKSUMQ?BRO20W_RFCONTROL
            CODE    1E2AH     005AH     UNIT         ?PR?TASKROUTINE?MAIN
            CODE    1E84H     004EH     UNIT         ?PR?SERIALSEND_ISR?SERIAL
            CODE    1ED2H     004CH     UNIT         ?PR?TASKHANDLEPKT?MAIN
BL51 BANKED LINKER/LOCATER V6.22                                                      10/30/2014  16:21:20  PAGE 3


            CODE    1F1EH     0046H     UNIT         ?PR?MAIN?MAIN
            CODE    1F64H     003FH     UNIT         ?PR?SENDINITPACKET?BRO20W_PACKET
            CODE    1FA3H     003DH     UNIT         ?PR?_ISENDSTREXT?I2C
            CODE    1FE0H     003BH     UNIT         ?PR?_SWAPBYTES?BRO20W_PACKET
            CODE    201BH     0037H     UNIT         ?PR?_READE2PROMSTR?E2PROM
            CODE    2052H     0036H     UNIT         ?PR?SWITCH_CLOCK?MAIN
            CODE    2088H     0036H     UNIT         ?PR?_CALDEFCKSUM?BRO20W_PACKET
            CODE    20BEH     0036H     UNIT         ?PR?_WRITEE2PROMSTR?E2PROM
            CODE    20F4H     0031H     UNIT         ?PR?READTEMPERATUR?BRO20W_RFCONTROL
            CODE    2125H     002CH     UNIT         ?PR?INITCPU?BRO20W_CPU
            CODE    2151H     002CH     UNIT         ?PR?_WRITELM75?BRO20W_RFCONTROL
            CODE    217DH     002CH     UNIT         ?PR?_MSEND_BIT?SPI
            CODE    21A9H     0023H     UNIT         ?PR?TASKRUNPER30S?MAIN
            CODE    21CCH     0022H     UNIT         ?C_INITSEG
            CODE    21EEH     0022H     UNIT         ?PR?_READE2PROM?E2PROM
            CODE    2210H     0022H     UNIT         ?PR?_WRITEE2PROM?E2PROM
            CODE    2232H     001CH     UNIT         ?PR?INITSERIAL?SERIAL
            CODE    224EH     000EH     UNIT         ?PR?INITTIMER1?TIMER
            CODE    225CH     000DH     UNIT         ?PR?GETBUS?I2C
            CODE    2269H     000BH     UNIT         ?PR?I2C
            CODE    2274H     000AH     UNIT         ?PR?TASKRUNPER5S?MAIN
            CODE    227EH     0009H     UNIT         ?PR?GETTIME?TIMER
            CODE    2287H     0009H     UNIT         ?PR?_SENDBYTE?I2C
            CODE    2290H     0008H     UNIT         ?CO?BRO20W_PACKET



OVERLAY MAP OF MODULE:   .\OUTPUT\my_project (MAIN)


SEGMENT                                          BIT_GROUP          DATA_GROUP          IDATA_GROUP         XDATA_GROUP
  +--> CALLED SEGMENT                         START    LENGTH     START    LENGTH     START    LENGTH     START    LENGT
>> H
------------------------------------------------------------------------------------------------------------------------
>> -
?C_C51STARTUP                                 -----    -----      -----    -----      -----    -----      -----    -----
>> 
  +--> ?PR?MAIN?MAIN
  +--> ?C_INITSEG

?PR?MAIN?MAIN                                 -----    -----      -----    -----      -----    -----      -----    -----
>> 
  +--> ?PR?INITCPU?BRO20W_CPU
  +--> ?PR?INITSERIAL?SERIAL
  +--> ?PR?INITSPI?SPI
  +--> ?PR?INITRF?BRO20W_RFCONTROL
  +--> ?PR?INITTIMER1?TIMER
  +--> ?PR?SENDINITPACKET?BRO20W_PACKET
  +--> ?PR?GETTIME?TIMER
  +--> ?PR?ZHOUQIFASONG5MS?MAIN
  +--> ?PR?TASKROUTINE?MAIN
  +--> ?PR?TASKHANDLEPKT?MAIN

?PR?INITRF?BRO20W_RFCONTROL                   -----    -----      0021H    000AH      -----    -----      -----    -----
>> 
  +--> ?PR?GETTIME?TIMER
  +--> ?PR?_SWITCHRF?BRO20W_RFCONTROL
BL51 BANKED LINKER/LOCATER V6.22                                                      10/30/2014  16:21:20  PAGE 4


  +--> ?PR?_DELAY?BRO20W_RFCONTROL
  +--> ?PR?WATCHDOG?BRO20W_RFCONTROL
  +--> ?PR?_READE2PROMSTR?E2PROM
  +--> ?PR?_SWAPBYTES?BRO20W_PACKET
  +--> ?PR?GPALIMCOMPENSATE?BRO20W_RFCONTROL
  +--> ?PR?_WRITEAD5314?BRO20W_RFCONTROL
  +--> ?PR?_WRITELM75?BRO20W_RFCONTROL
  +--> ?PR?_WRITEATT1?BRO20W_RFCONTROL
  +--> ?PR?WRITEPLL?BRO20W_RFCONTROL
  +--> ?PR?READTEMPERATUR?BRO20W_RFCONTROL
  +--> ?PR?EXECCHECKSUMQ?BRO20W_RFCONTROL

?PR?_SWITCHRF?BRO20W_RFCONTROL                -----    -----      002FH    0005H      -----    -----      -----    -----
>> 
  +--> ?PR?BRO20W_RFCONTROL
  +--> ?PR?_READE2PROMSTR?E2PROM
  +--> ?PR?_WRITEAD5314?BRO20W_RFCONTROL
  +--> ?PR?_SWAPBYTES?BRO20W_PACKET

?PR?_READE2PROMSTR?E2PROM                     -----    -----      0045H    0007H      -----    -----      -----    -----
>> 
  +--> ?PR?_READE2PROM?E2PROM

?PR?_READE2PROM?E2PROM                        0020H.1  0000H.1    -----    -----      -----    -----      -----    -----
>> 

?PR?_WRITEAD5314?BRO20W_RFCONTROL             -----    -----      0034H    0003H      -----    -----      018CH    0001H
>> 
  +--> ?PR?BRO20W_RFCONTROL
  +--> ?PR?_MSEND_BIT?SPI

?PR?_SWAPBYTES?BRO20W_PACKET                  -----    -----      0045H    0007H      -----    -----      -----    -----
>> 
  +--> ?PR?BRO20W_PACKET

?PR?_DELAY?BRO20W_RFCONTROL                   -----    -----      -----    -----      -----    -----      -----    -----
>> 
  +--> ?PR?WATCHDOG?BRO20W_RFCONTROL

?PR?GPALIMCOMPENSATE?BRO20W_RFCONTROL         -----    -----      002FH    0007H      -----    -----      -----    -----
>> 
  +--> ?PR?_READE2PROMSTR?E2PROM
  +--> ?PR?BRO20W_RFCONTROL
  +--> ?PR?_SWAPBYTES?BRO20W_PACKET

?PR?_WRITELM75?BRO20W_RFCONTROL               -----    -----      002FH    0006H      -----    -----      -----    -----
>> 
  +--> ?PR?WATCHDOG?BRO20W_RFCONTROL
  +--> ?PR?_ISENDSTREXT?I2C

?PR?_ISENDSTREXT?I2C                          -----    -----      0035H    0005H      -----    -----      018CH    0001H
>> 
  +--> ?PR?I2C
  +--> ?PR?_SENDBYTE?I2C

?PR?I2C                                       -----    -----      -----    -----      -----    -----      -----    -----
>> 
BL51 BANKED LINKER/LOCATER V6.22                                                      10/30/2014  16:21:20  PAGE 5


  +--> ?PR?GETBUS?I2C
  +--> ?PR?_SENDBYTE?I2C

?PR?_WRITEATT1?BRO20W_RFCONTROL               -----    -----      -----    -----      -----    -----      -----    -----
>> 
  +--> ?PR?_MSEND_BIT?SPI

?PR?WRITEPLL?BRO20W_RFCONTROL                 -----    -----      002FH    0016H      -----    -----      -----    -----
>> 
  +--> ?PR?BRO20W_RFCONTROL
  +--> ?PR?_CHECKMBIT?BRO20W_RFCONTROL
  +--> ?PR?_PROGPLL?BRO20W_RFCONTROL
  +--> ?PR?WATCHDOG?BRO20W_RFCONTROL
  +--> ?PR?_READE2PROMSTR?E2PROM
  +--> ?PR?_SWAPBYTES?BRO20W_PACKET

?PR?_PROGPLL?BRO20W_RFCONTROL                 -----    -----      0045H    000AH      -----    -----      -----    -----
>> 

?PR?READTEMPERATUR?BRO20W_RFCONTROL           -----    -----      002BH    0002H      -----    -----      -----    -----
>> 
  +--> ?PR?_IRCVSTR?I2C

?PR?_IRCVSTR?I2C                              -----    -----      002FH    0006H      -----    -----      -----    -----
>> 
  +--> ?PR?I2C
  +--> ?PR?_SENDBYTE?I2C

?PR?EXECCHECKSUMQ?BRO20W_RFCONTROL            -----    -----      002BH    0002H      -----    -----      -----    -----
>> 
  +--> ?PR?WATCHDOG?BRO20W_RFCONTROL

?PR?SENDINITPACKET?BRO20W_PACKET              -----    -----      -----    -----      -----    -----      -----    -----
>> 
  +--> ?PR?BRO20W_PACKET
  +--> ?PR?_READE2PROMSTR?E2PROM
  +--> ?PR?_WRITEE2PROMSTR?E2PROM
  +--> ?PR?SENDPKT?BRO20W_PACKET

?PR?_WRITEE2PROMSTR?E2PROM                    -----    -----      002FH    0006H      -----    -----      -----    -----
>> 
  +--> ?PR?_WRITEE2PROM?E2PROM

?PR?_WRITEE2PROM?E2PROM                       0020H.1  0000H.1    -----    -----      -----    -----      -----    -----
>> 

?PR?SENDPKT?BRO20W_PACKET                     -----    -----      0022H    0004H      -----    -----      -----    -----
>> 
  +--> ?PR?BRO20W_PACKET
  +--> ?PR?_CALDEFCKSUM?BRO20W_PACKET

?PR?_CALDEFCKSUM?BRO20W_PACKET                -----    -----      0026H    0008H      -----    -----      018CH    0001H
>> 
  +--> ?PR?BRO20W_PACKET

?PR?ZHOUQIFASONG5MS?MAIN                      -----    -----      -----    -----      -----    -----      -----    -----
>> 
BL51 BANKED LINKER/LOCATER V6.22                                                      10/30/2014  16:21:20  PAGE 6


  +--> ?PR?_WRITEAD5314?BRO20W_RFCONTROL

?PR?TASKROUTINE?MAIN                          -----    -----      -----    -----      -----    -----      -----    -----
>> 
  +--> ?PR?WATCHDOG?BRO20W_RFCONTROL
  +--> ?PR?GETTIME?TIMER
  +--> ?PR?SWITCH_CLOCK?MAIN
  +--> ?PR?TASKRUNPER5S?MAIN
  +--> ?PR?TASKRUNPER30S?MAIN

?PR?SWITCH_CLOCK?MAIN                         -----    -----      -----    -----      -----    -----      -----    -----
>> 
  +--> ?PR?_READAD?BRO20W_RFCONTROL

?PR?_READAD?BRO20W_RFCONTROL                  -----    -----      0036H    0002H      -----    -----      -----    -----
>> 

?PR?TASKRUNPER5S?MAIN                         -----    -----      -----    -----      -----    -----      -----    -----
>> 
  +--> ?PR?UPDATEALMINFO?BRO20W_PACKET

?PR?UPDATEALMINFO?BRO20W_PACKET               -----    -----      -----    -----      -----    -----      -----    -----
>> 
  +--> ?PR?WATCHDOG?BRO20W_RFCONTROL
  +--> ?PR?BRO20W_PACKET
  +--> ?PR?_SWITCHRF?BRO20W_RFCONTROL
  +--> ?PR?WRITEPLL?BRO20W_RFCONTROL
  +--> ?PR?_DELAY?BRO20W_RFCONTROL
  +--> ?PR?_READAD?BRO20W_RFCONTROL
  +--> ?PR?OUTPUTPWRSAMPLING?BRO20W_PACKET

?PR?OUTPUTPWRSAMPLING?BRO20W_PACKET           -----    -----      002FH    0007H      -----    -----      -----    -----
>> 
  +--> ?PR?_READAD?BRO20W_RFCONTROL
  +--> ?PR?_READE2PROMSTR?E2PROM
  +--> ?PR?_SWAPBYTES?BRO20W_PACKET
  +--> ?PR?BRO20W_PACKET

?PR?TASKRUNPER30S?MAIN                        -----    -----      -----    -----      -----    -----      -----    -----
>> 
  +--> ?PR?READTEMPERATUR?BRO20W_RFCONTROL
  +--> ?PR?GPALIMCOMPENSATE?BRO20W_RFCONTROL
  +--> ?PR?_WRITEAD5314?BRO20W_RFCONTROL
  +--> ?PR?WATCHDOG?BRO20W_RFCONTROL

?PR?TASKHANDLEPKT?MAIN                        -----    -----      0021H    0001H      -----    -----      -----    -----
>> 
  +--> ?PR?WATCHDOG?BRO20W_RFCONTROL
  +--> ?PR?EXECUTE_CMD?BRO20W_PACKET
  +--> ?PR?SENDPKT?BRO20W_PACKET

?PR?EXECUTE_CMD?BRO20W_PACKET                 -----    -----      0022H    0002H      -----    -----      -----    -----
>> 
  +--> ?PR?EXECFCTPARAMSET?BRO20W_PACKET
  +--> ?PR?EXECRFPARAMQ?BRO20W_PACKET
  +--> ?PR?ENDDWNLDSOFT?BRO20W_PACKET
  +--> ?PR?GETTIME?TIMER
BL51 BANKED LINKER/LOCATER V6.22                                                      10/30/2014  16:21:20  PAGE 7


  +--> ?PR?EXECDWNLDSOFT?BRO20W_PACKET
  +--> ?PR?BRO20W_PACKET

?PR?EXECFCTPARAMSET?BRO20W_PACKET             -----    -----      0024H    000BH      -----    -----      -----    -----
>> 
  +--> ?PR?BRO20W_PACKET
  +--> ?PR?_READE2PROMSTR?E2PROM
  +--> ?PR?_IRCVSTR?I2C
  +--> ?PR?_WRITEE2PROMSTR?E2PROM
  +--> ?PR?_WRITEAD5314?BRO20W_RFCONTROL
  +--> ?PR?_WRITEATT1?BRO20W_RFCONTROL
  +--> ?PR?UPDATEALMINFO?BRO20W_PACKET
  +--> ?PR?_SWAPBYTES?BRO20W_PACKET
  +--> ?PR?WRITEPLL?BRO20W_RFCONTROL
  +--> ?PR?_DELAY?BRO20W_RFCONTROL
  +--> ?PR?GPALIMCOMPENSATE?BRO20W_RFCONTROL
  +--> ?PR?_WRITELM75?BRO20W_RFCONTROL
  +--> ?PR?WATCHDOG?BRO20W_RFCONTROL

?PR?EXECRFPARAMQ?BRO20W_PACKET                -----    -----      0024H    0002H      -----    -----      -----    -----
>> 
  +--> ?PR?BRO20W_PACKET
  +--> ?PR?_READE2PROMSTR?E2PROM
  +--> ?PR?_SWAPBYTES?BRO20W_PACKET
  +--> ?PR?WATCHDOG?BRO20W_RFCONTROL

?PR?ENDDWNLDSOFT?BRO20W_PACKET                -----    -----      0024H    000AH      -----    -----      -----    -----
>> 
  +--> ?PR?BRO20W_PACKET
  +--> ?PR?WATCHDOG?BRO20W_RFCONTROL
  +--> ?PR?_WRITEE2PROMSTR?E2PROM
  +--> ?PR?_ISENDSTREXT?I2C

?PR?EXECDWNLDSOFT?BRO20W_PACKET               -----    -----      0024H    0002H      000FH    0008H      -----    -----
>> 
  +--> ?PR?BRO20W_PACKET
  +--> ?PR?_SWAPBYTES?BRO20W_PACKET
  +--> ?PR?WATCHDOG?BRO20W_RFCONTROL
  +--> ?PR?_ISENDSTREXT?I2C
  +--> ?CO?BRO20W_PACKET

*** NEW ROOT ***************************************************

?PR?SERIALRCV_ISR?SERIAL                      -----    -----      -----    -----      -----    -----      -----    -----
>> 
  +--> ?PR?GETTIME?TIMER



SYMBOL TABLE OF MODULE:  .\OUTPUT\my_project (MAIN)

  VALUE           TYPE          NAME
  ----------------------------------

  -------         MODULE        MAIN
  C:0000H         SYMBOL        _ICE_DUMMY_
  X:0006H         PUBLIC        gDownFlag
BL51 BANKED LINKER/LOCATER V6.22                                                      10/30/2014  16:21:20  PAGE 8


  X:0007H         PUBLIC        gCurOffset
  B:00A0H.6       PUBLIC        V33C
  D:0080H         PUBLIC        P0
  C:1E2AH         PUBLIC        TaskRoutine
  D:0090H         PUBLIC        P1
  X:0009H         PUBLIC        gOutPwrVal
  D:00A0H         PUBLIC        P2
  D:0051H         PUBLIC        gpreRfTemp
  I:007CH         PUBLIC        Rx_ptr
  D:00B0H         PUBLIC        P3
  D:0053H         PUBLIC        Tx_ptr
  D:0054H         PUBLIC        gcurRfTemp
  B:00A8H.7       PUBLIC        EA
  X:000BH         PUBLIC        gOutPwrSlopeVal
  I:007DH         PUBLIC        gDAoutA
  I:007FH         PUBLIC        gDAoutB
  I:0081H         PUBLIC        gDAoutC
  I:0083H         PUBLIC        gDAoutD
  D:00A8H         PUBLIC        IEN0
  X:000DH         PUBLIC        __PlusReqAddr
  D:00E8H         PUBLIC        IEN1
  D:0056H         PUBLIC        gCenFreq
  X:000EH         PUBLIC        gAtttempval
  X:000FH         PUBLIC        AutoSwitch
  B:0020H.0       PUBLIC        rfPramModified
  D:005AH         PUBLIC        pack_valid
  D:005BH         PUBLIC        TimerCallback
  X:0010H         PUBLIC        AppModel
  C:1ED2H         PUBLIC        TaskHandlePkt
  I:0085H         PUBLIC        PktHandle2S_time
  I:0087H         PUBLIC        gPALim
  X:0011H         PUBLIC        gAtteVal
  D:005EH         PUBLIC        Data_len
  X:0012H         PUBLIC        gRF_No
  C:2274H         PUBLIC        TaskRunPer5s
  X:0013H         PUBLIC        gCurHlim
  X:0015H         PUBLIC        __PlusReqFreq
  X:0017H         PUBLIC        __PlusReqPower
  X:0018H         PUBLIC        gTempgain
  X:0019H         PUBLIC        gPAResetLim
  X:001AH         PUBLIC        gCurLlim
  X:001CH         PUBLIC        __temp_que
  C:1F1EH         PUBLIC        main
  X:0022H         PUBLIC        gPALimNumer
  D:005FH         PUBLIC        PaSwitch
  D:0060H         PUBLIC        Lim_state
  D:00C0H         PUBLIC        ADMODA
  X:0023H         PUBLIC        gOutPwrShutVal
  X:0024H         PUBLIC        gRFSW
  D:0061H         PUBLIC        ack_flag
  B:0090H.7       PUBLIC        RFswitch
  D:0062H         PUBLIC        RfSwitch
  D:0063H         PUBLIC        Task5S_time
  D:0098H         PUBLIC        SCON
  D:0088H         PUBLIC        TCON
  I:0089H         PUBLIC        Rx_chksum
  D:0065H         PUBLIC        Tx_chksum
BL51 BANKED LINKER/LOCATER V6.22                                                      10/30/2014  16:21:20  PAGE 9


  C:192CH         SYMBOL        ZhouQiFaSong5ms
  X:0025H         PUBLIC        ByteCnt
  X:0026H         PUBLIC        gAtt1
  X:0027H         PUBLIC        gCurCo
  X:0029H         PUBLIC        gPReadADNumer
  D:0066H         PUBLIC        gtestflag
  X:002AH         PUBLIC        RcvDat
  X:004AH         PUBLIC        gGainDenomi
  D:00B8H         PUBLIC        IP0
  D:00F8H         PUBLIC        IP1
  D:0067H         PUBLIC        DwnldSoft1m_time
  D:00C8H         PUBLIC        TCR20
  C:21A9H         PUBLIC        TaskRunPer30s
  X:004BH         PUBLIC        NoAck
  D:0069H         PUBLIC        InputPwr
  I:008AH         PUBLIC        Rx_state
  D:006BH         PUBLIC        OutputPwr
  D:006DH         PUBLIC        TempOverAlm
  X:004CH         PUBLIC        gGainOffset
  D:006EH         PUBLIC        gainCo
  X:004DH         PUBLIC        XmtDat
  I:008BH         PUBLIC        Task100MS_time
  D:0070H         PUBLIC        softDownLoad
  D:00D8H         PUBLIC        I2CON
  D:0071H         PUBLIC        Task30S_time
  X:006FH         PUBLIC        PaAdjEquModulus
  D:0073H         PUBLIC        LNA_state
  X:0070H         PUBLIC        __PlusSwitchState
  X:0071H         PUBLIC        PaLastAdjDate_month
  X:0073H         PUBLIC        gPequDenomi
  C:2052H         PUBLIC        Switch_clock
  X:0074H         PUBLIC        gRefPwrVal
  X:0076H         PUBLIC        gGain
  I:008DH         PUBLIC        Rx_size
  X:0077H         PUBLIC        RxBuf
  D:0074H         PUBLIC        Tx_size
  X:00F7H         PUBLIC        TxBuf
  X:0177H         PUBLIC        gRefPwrSlopeVal
  D:0075H         PUBLIC        PLL_state
  X:0179H         PUBLIC        PaLastAdjDate_year
  D:0076H         PUBLIC        re_Pwr
  X:017BH         PUBLIC        all_checksum
  X:017DH         PUBLIC        gGainNumer
  X:017EH         PUBLIC        gPAProtecttLim
  I:008EH         PUBLIC        gPBmFreq
  D:0078H         PUBLIC        PA_current
  X:017FH         PUBLIC        PaUpLimit
  X:0181H         PUBLIC        PaLastAdjDate_day
  D:00D0H         PUBLIC        PSW
  D:007AH         PUBLIC        gtestRfTemp
  X:0183H         PUBLIC        gBaseTemp
  -------         PROC          ZHOUQIFASONG5MS
  -------         DO            
  D:004FH         SYMBOL        idx
  D:0050H         SYMBOL        cycCnt
  X:0000H         SYMBOL        txPaBuf
  D:0007H         SYMBOL        state
BL51 BANKED LINKER/LOCATER V6.22                                                      10/30/2014  16:21:20  PAGE 10


  D:0007H         SYMBOL        check
  -------         ENDDO         
  C:192CH         LINE#         50
  C:192CH         LINE#         58
  C:1936H         LINE#         61
  C:1939H         LINE#         63
  C:1942H         LINE#         65
  C:1946H         LINE#         66
  C:1946H         LINE#         67
  C:194EH         LINE#         68
  C:1963H         LINE#         69
  C:1976H         LINE#         70
  C:1976H         LINE#         71
  C:197BH         LINE#         72
  C:197FH         LINE#         73
  C:1983H         LINE#         74
  C:1986H         LINE#         75
  C:1986H         LINE#         77
  C:19AAH         LINE#         79
  C:19B9H         LINE#         80
  C:19B9H         LINE#         81
  C:19BCH         LINE#         82
  C:19C0H         LINE#         83
  C:19C0H         LINE#         85
  C:19C3H         LINE#         86
  C:19C3H         LINE#         88
  C:19CFH         LINE#         89
  C:19DBH         LINE#         91
  C:19DDH         LINE#         92
  C:19DEH         LINE#         94
  C:19DEH         LINE#         96
  C:19E6H         LINE#         97
  C:19EEH         LINE#         99
  C:19F0H         LINE#         100
  C:19F0H         LINE#         101
  -------         ENDPROC       ZHOUQIFASONG5MS
  -------         PROC          MAIN
  C:1F1EH         LINE#         114
  C:1F1EH         LINE#         116
  C:1F21H         LINE#         117
  C:1F24H         LINE#         118
  C:1F27H         LINE#         119
  C:1F2AH         LINE#         120
  C:1F2DH         LINE#         121
  C:1F30H         LINE#         122
  C:1F37H         LINE#         124
  C:1F39H         LINE#         125
  C:1F42H         LINE#         126
  C:1F44H         LINE#         128
  C:1F44H         LINE#         129
  C:1F44H         LINE#         130
  C:1F59H         LINE#         131
  C:1F59H         LINE#         132
  C:1F5CH         LINE#         133
  C:1F5CH         LINE#         134
  C:1F5FH         LINE#         135
  C:1F62H         LINE#         136
BL51 BANKED LINKER/LOCATER V6.22                                                      10/30/2014  16:21:20  PAGE 11


  -------         ENDPROC       MAIN
  -------         PROC          TASKHANDLEPKT
  -------         DO            
  D:0021H         SYMBOL        bPulse
  -------         ENDDO         
  C:1ED2H         LINE#         150
  C:1ED2H         LINE#         151
  C:1ED2H         LINE#         152
  C:1ED5H         LINE#         154
  C:1EDBH         LINE#         155
  C:1EDBH         LINE#         160
  C:1EDFH         LINE#         161
  C:1EDFH         LINE#         162
  C:1EE2H         LINE#         163
  C:1EE5H         LINE#         164
  C:1EE5H         LINE#         165
  C:1EE9H         LINE#         167
  C:1EE9H         LINE#         168
  C:1EEDH         LINE#         169
  C:1EF5H         LINE#         170
  C:1EF5H         LINE#         172
  C:1EF7H         LINE#         173
  C:1F06H         LINE#         175
  C:1F17H         LINE#         176
  C:1F17H         LINE#         177
  C:1F1AH         LINE#         178
  C:1F1AH         LINE#         180
  C:1F1AH         LINE#         181
  C:1F1DH         LINE#         182
  C:1F1DH         LINE#         183
  C:1F1DH         LINE#         184
  -------         ENDPROC       TASKHANDLEPKT
  -------         PROC          TASKROUTINE
  C:1E2AH         LINE#         198
  C:1E2AH         LINE#         199
  C:1E2AH         LINE#         200
  C:1E2DH         LINE#         201
  C:1E35H         LINE#         202
  C:1E35H         LINE#         203
  C:1E42H         LINE#         204
  C:1E42H         LINE#         205
  C:1E4BH         LINE#         206
  C:1E4EH         LINE#         207
  C:1E4EH         LINE#         208
  C:1E5AH         LINE#         209
  C:1E5AH         LINE#         210
  C:1E65H         LINE#         211
  C:1E68H         LINE#         212
  C:1E68H         LINE#         213
  C:1E74H         LINE#         214
  C:1E74H         LINE#         215
  C:1E80H         LINE#         216
  C:1E83H         LINE#         217
  C:1E83H         LINE#         218
  C:1E83H         LINE#         219
  -------         ENDPROC       TASKROUTINE
  -------         PROC          SWITCH_CLOCK
BL51 BANKED LINKER/LOCATER V6.22                                                      10/30/2014  16:21:20  PAGE 12


  -------         DO            
  D:0004H         SYMBOL        vcc_in
  D:0003H         SYMBOL        i
  -------         ENDDO         
  C:2052H         LINE#         232
  C:2052H         LINE#         233
  C:2052H         LINE#         234
  C:2055H         LINE#         236
  C:205BH         LINE#         237
  C:205BH         LINE#         240
  C:205DH         LINE#         241
  C:205DH         LINE#         243
  C:2068H         LINE#         244
  C:206CH         LINE#         247
  C:207AH         LINE#         249
  C:2082H         LINE#         250
  C:2085H         LINE#         252
  C:2087H         LINE#         253
  C:2087H         LINE#         254
  -------         ENDPROC       SWITCH_CLOCK
  -------         PROC          TASKRUNPER5S
  C:2274H         LINE#         266
  C:2274H         LINE#         267
  C:2274H         LINE#         268
  C:227AH         LINE#         269
  C:227AH         LINE#         270
  C:227DH         LINE#         271
  C:227DH         LINE#         272
  -------         ENDPROC       TASKRUNPER5S
  -------         PROC          TASKRUNPER30S
  C:21A9H         LINE#         284
  C:21A9H         LINE#         285
  C:21A9H         LINE#         286
  C:21AFH         LINE#         287
  C:21AFH         LINE#         289
  C:21B2H         LINE#         292
  C:21B9H         LINE#         293
  C:21B9H         LINE#         294
  C:21BCH         LINE#         295
  C:21C8H         LINE#         296
  C:21C8H         LINE#         301
  C:21CBH         LINE#         302
  C:21CBH         LINE#         303
  -------         ENDPROC       TASKRUNPER30S
  -------         ENDMOD        MAIN

  -------         MODULE        TIMER
  C:0000H         SYMBOL        _ICE_DUMMY_
  D:0080H         PUBLIC        P0
  D:0090H         PUBLIC        P1
  D:00A0H         PUBLIC        P2
  D:00B0H         PUBLIC        P3
  B:00A8H.7       PUBLIC        EA
  D:00A8H         PUBLIC        IEN0
  D:00E8H         PUBLIC        IEN1
  D:0098H         PUBLIC        SCON
  C:1D6AH         PUBLIC        Timer1
BL51 BANKED LINKER/LOCATER V6.22                                                      10/30/2014  16:21:20  PAGE 13


  D:0089H         PUBLIC        TMOD
  D:0088H         PUBLIC        TCON
  D:00B8H         PUBLIC        IP0
  B:00A8H.3       PUBLIC        ET1
  D:00F8H         PUBLIC        IP1
  C:224EH         PUBLIC        InitTimer1
  D:00C8H         PUBLIC        TCR20
  D:008DH         PUBLIC        TH1
  D:008BH         PUBLIC        TL1
  C:227EH         PUBLIC        getTime
  B:0088H.6       PUBLIC        TR1
  D:00C0H         PUBLIC        AD0MODA
  D:00D8H         PUBLIC        I2CON
  D:000BH         SYMBOL        sysTime
  D:00D0H         PUBLIC        PSW
  -------         PROC          INITTIMER1
  C:224EH         LINE#         33
  C:224EH         LINE#         34
  C:224EH         LINE#         35
  C:2251H         LINE#         37
  C:2254H         LINE#         38
  C:2257H         LINE#         40
  C:2259H         LINE#         41
  C:225BH         LINE#         43
  -------         ENDPROC       INITTIMER1
  -------         PROC          TIMER1
  C:1D6AH         LINE#         55
  C:1D87H         LINE#         57
  C:1D89H         LINE#         58
  C:1D8CH         LINE#         59
  C:1D8FH         LINE#         60
  C:1D91H         LINE#         61
  C:1D99H         LINE#         62
  C:1DA1H         LINE#         63
  C:1DA3H         LINE#         64
  C:1DA5H         LINE#         67
  C:1DADH         LINE#         68
  C:1DB4H         LINE#         69
  -------         ENDPROC       TIMER1
  -------         PROC          GETTIME
  -------         DO            
  D:0006H         SYMBOL        ticks
  -------         ENDDO         
  C:227EH         LINE#         80
  C:227EH         LINE#         84
  C:2280H         LINE#         85
  C:2284H         LINE#         86
  C:2286H         LINE#         88
  C:2286H         LINE#         89
  -------         ENDPROC       GETTIME
  -------         ENDMOD        TIMER

  -------         MODULE        BRO20W_CPU
  C:0000H         SYMBOL        _ICE_DUMMY_
  D:0084H         PUBLIC        P0M1
  D:0091H         PUBLIC        P1M1
  D:0085H         PUBLIC        P0M2
BL51 BANKED LINKER/LOCATER V6.22                                                      10/30/2014  16:21:20  PAGE 14


  D:0080H         PUBLIC        P0
  D:00A4H         PUBLIC        P2M1
  D:0092H         PUBLIC        P1M2
  D:0090H         PUBLIC        P1
  D:00B1H         PUBLIC        P3M1
  D:00A5H         PUBLIC        P2M2
  D:00A0H         PUBLIC        P2
  D:00B2H         PUBLIC        P3M2
  D:00B0H         PUBLIC        P3
  B:00A8H.7       PUBLIC        EA
  D:00A8H         PUBLIC        IEN0
  D:00E8H         PUBLIC        IEN1
  D:00C2H         PUBLIC        WFEED1
  D:00C3H         PUBLIC        WFEED2
  B:0090H.4       PUBLIC        WP
  D:0098H         PUBLIC        SCON
  D:0088H         PUBLIC        TCON
  C:2125H         PUBLIC        InitCpu
  D:00E0H         PUBLIC        ACC
  D:00B8H         PUBLIC        IP0
  D:00F8H         PUBLIC        IP1
  D:00C8H         PUBLIC        TCR20
  D:00C0H         PUBLIC        AD0MODA
  D:00D8H         PUBLIC        I2CON
  D:00C1H         PUBLIC        WDL
  D:00D0H         PUBLIC        PSW
  D:00A7H         PUBLIC        WDCON
  -------         PROC          INITCPU
  C:2125H         LINE#         31
  C:2125H         LINE#         32
  C:2125H         LINE#         34
  C:2128H         LINE#         35
  C:212BH         LINE#         44
  C:212EH         LINE#         45
  C:2131H         LINE#         54
  C:2134H         LINE#         55
  C:2137H         LINE#         64
  C:213AH         LINE#         65
  C:213DH         LINE#         69
  C:213FH         LINE#         70
  C:2141H         LINE#         71
  C:2144H         LINE#         72
  C:2146H         LINE#         73
  C:2149H         LINE#         74
  C:214CH         LINE#         78
  C:214EH         LINE#         79
  C:2150H         LINE#         81
  -------         ENDPROC       INITCPU
  -------         ENDMOD        BRO20W_CPU

  -------         MODULE        BRO20W_RFCONTROL
  C:0000H         SYMBOL        _ICE_DUMMY_
  D:0080H         PUBLIC        P0
  D:0090H         PUBLIC        P1
  D:00A0H         PUBLIC        P2
  C:154DH         PUBLIC        _writeAD5314
  D:00B0H         PUBLIC        P3
BL51 BANKED LINKER/LOCATER V6.22                                                      10/30/2014  16:21:20  PAGE 15


  B:00A8H.7       PUBLIC        EA
  C:0003H         PUBLIC        _writeAtt1
  D:00A8H         PUBLIC        IEN0
  D:00E8H         PUBLIC        IEN1
  B:0080H.6       PUBLIC        LD
  C:004AH         PUBLIC        _delay
  C:1DCFH         PUBLIC        execCheckSumQ
  D:008EH         PUBLIC        ADCON0
  C:09F9H         PUBLIC        writePLL
  D:0097H         PUBLIC        ADCON1
  B:00A0H.4       PUBLIC        DATA
  D:00C2H         PUBLIC        WFEED1
  D:00C3H         PUBLIC        WFEED2
  B:0080H.3       PUBLIC        SrcSwitch
  C:1A83H         PUBLIC        _readAD
  C:1C94H         PUBLIC        _progPLL
  B:0090H.6       PUBLIC        RFSrcSelect
  D:00C0H         PUBLIC        ADMODA
  D:00A1H         PUBLIC        ADMODB
  C:1B0CH         PUBLIC        _switchRF
  C:12CEH         PUBLIC        InitRF
  B:0090H.7       PUBLIC        RFswitch
  C:1177H         PUBLIC        gPALimCompensate
  D:0098H         PUBLIC        SCON
  C:2151H         PUBLIC        _writeLM75
  D:0088H         PUBLIC        TCON
  D:00C5H         PUBLIC        AD0DAT0
  D:00D5H         PUBLIC        AD1DAT0
  D:00C6H         PUBLIC        AD0DAT1
  B:00A0H.7       PUBLIC        LE1
  B:00A0H.2       PUBLIC        LD2
  D:00D6H         PUBLIC        AD1DAT1
  D:00C7H         PUBLIC        AD0DAT2
  D:00D7H         PUBLIC        AD1DAT2
  D:00F4H         PUBLIC        AD0DAT3
  D:00F5H         PUBLIC        AD1DAT3
  D:00B8H         PUBLIC        IP0
  D:00F8H         PUBLIC        IP1
  D:00C8H         PUBLIC        TCR20
  C:20F4H         PUBLIC        readTemperatur
  B:0098H.5       PUBLIC        SM2
  C:0035H         PUBLIC        watchdog
  B:00A0H.5       PUBLIC        CLK
  D:00D8H         PUBLIC        I2CON
  C:0026H         PUBLIC        _checkMBit
  D:00A3H         PUBLIC        ADINS
  D:00D0H         PUBLIC        PSW
  C:1767H         SYMBOL        Com006D
  C:1767H         SYMBOL        L?0110
  C:1774H         SYMBOL        L?0111
  C:1777H         SYMBOL        L?0112
  C:1780H         SYMBOL        L?0114
  C:1780H         SYMBOL        L?0115
  C:1797H         SYMBOL        L?0116
  C:17B8H         SYMBOL        L?0119
  C:17D3H         SYMBOL        L?0120
  C:17D6H         SYMBOL        L?0121
BL51 BANKED LINKER/LOCATER V6.22                                                      10/30/2014  16:21:20  PAGE 16


  C:17DFH         SYMBOL        L?0122
  C:17F4H         SYMBOL        L?0123
  C:1809H         SYMBOL        L?0124
  C:1814H         SYMBOL        L?0125
  C:1817H         SYMBOL        L?0126
  C:1820H         SYMBOL        L?0131
  C:1820H         SYMBOL        L?0132
  C:1829H         SYMBOL        L?0135
  C:1835H         SYMBOL        L?0136
  C:1841H         SYMBOL        L?0137
  -------         PROC          COM006D
  -------         ENDPROC       COM006D
  C:13F7H         SYMBOL        L?0117
  C:1403H         SYMBOL        L?0118
  C:140DH         SYMBOL        L?0127
  -------         PROC          INITRF
  -------         DO            
  D:0021H         SYMBOL        temp
  -------         ENDDO         
  C:12CEH         LINE#         35
  C:12CEH         LINE#         36
  C:12CEH         LINE#         39
  C:12D0H         LINE#         40
  C:12DCH         LINE#         41
  C:12E8H         LINE#         42
  C:12F2H         LINE#         44
  C:12F4H         LINE#         45
  C:12F6H         LINE#         46
  C:12F8H         LINE#         47
  C:12FAH         LINE#         48
  C:12FDH         LINE#         49
  C:12FFH         LINE#         50
  C:1301H         LINE#         51
  C:1306H         LINE#         52
  C:130BH         LINE#         53
  C:1310H         LINE#         54
  C:1314H         LINE#         56
  C:1318H         LINE#         58
  C:131CH         LINE#         59
  C:1320H         LINE#         60
  C:1324H         LINE#         63
  C:1328H         LINE#         64
  C:132CH         LINE#         66
  C:1330H         LINE#         68
  C:1335H         LINE#         69
  C:1338H         LINE#         72
  C:1347H         LINE#         75
  C:134EH         LINE#         76
  C:135CH         LINE#         78
  C:1363H         LINE#         79
  C:1378H         LINE#         81
  C:1381H         LINE#         83
  C:1384H         LINE#         84
  C:1390H         LINE#         86
  C:1393H         LINE#         87
  C:139CH         LINE#         89
  C:13A5H         LINE#         90
BL51 BANKED LINKER/LOCATER V6.22                                                      10/30/2014  16:21:20  PAGE 17


  C:13B1H         LINE#         92
  C:13BAH         LINE#         93
  C:13C6H         LINE#         95
  C:13CFH         LINE#         96
  C:13D2H         LINE#         97
  C:13E1H         LINE#         98
  C:13E9H         LINE#         99
  C:13ECH         LINE#         100
  C:13F1H         LINE#         101
  C:13F4H         LINE#         102
  C:13F7H         LINE#         103
  -------         ENDPROC       INITRF
  -------         PROC          _WRITELM75
  D:0007H         SYMBOL        point
  D:0005H         SYMBOL        value
  D:002FH         SYMBOL        num
  -------         DO            
  D:0030H         SYMBOL        temp
  -------         ENDDO         
  C:2151H         LINE#         107
  C:2153H         LINE#         108
  C:2153H         LINE#         110
  C:2158H         LINE#         111
  C:2158H         LINE#         112
  C:215BH         LINE#         113
  C:215EH         LINE#         114
  C:2160H         LINE#         115
  C:2165H         LINE#         116
  C:2165H         LINE#         117
  C:2167H         LINE#         118
  C:2169H         LINE#         119
  C:216CH         LINE#         120
  C:216CH         LINE#         121
  C:216FH         LINE#         122
  -------         ENDPROC       _WRITELM75
  C:1B85H         SYMBOL        L?0133
  -------         PROC          _SWITCHRF
  D:002FH         SYMBOL        value
  -------         DO            
  D:0030H         SYMBOL        temp
  -------         ENDDO         
  C:1B0CH         LINE#         127
  C:1B0EH         LINE#         128
  C:1B0EH         LINE#         131
  C:1B16H         LINE#         132
  C:1B1FH         LINE#         133
  C:1B31H         LINE#         135
  C:1B39H         LINE#         136
  C:1B42H         LINE#         137
  C:1B54H         LINE#         139
  C:1B58H         LINE#         140
  C:1B58H         LINE#         142
  C:1B5FH         LINE#         143
  C:1B67H         LINE#         145
  C:1B69H         LINE#         146
  C:1B6AH         LINE#         148
  C:1B6AH         LINE#         150
BL51 BANKED LINKER/LOCATER V6.22                                                      10/30/2014  16:21:20  PAGE 18


  C:1B76H         LINE#         151
  C:1B82H         LINE#         153
  C:1B84H         LINE#         154
  C:1B84H         LINE#         155
  -------         ENDPROC       _SWITCHRF
  -------         PROC          _WRITEAD5314
  D:0034H         SYMBOL        value
  D:0036H         SYMBOL        channel
  -------         DO            
  X:018CH         SYMBOL        curTemp
  -------         ENDDO         
  C:154DH         LINE#         203
  C:1553H         LINE#         204
  C:1553H         LINE#         206
  C:1563H         LINE#         208
  C:157BH         LINE#         209
  C:157BH         LINE#         210
  C:15BEH         LINE#         211
  C:15C1H         LINE#         213
  C:15DFH         LINE#         214
  C:15DFH         LINE#         215
  C:1639H         LINE#         216
  C:1639H         LINE#         218
  C:164AH         LINE#         219
  C:164DH         LINE#         220
  C:1652H         LINE#         221
  C:1652H         LINE#         222
  C:1655H         LINE#         223
  C:1657H         LINE#         224
  C:165CH         LINE#         225
  C:165CH         LINE#         226
  C:165FH         LINE#         227
  C:1661H         LINE#         228
  C:1666H         LINE#         229
  C:1666H         LINE#         230
  C:1669H         LINE#         231
  C:166BH         LINE#         233
  C:166BH         LINE#         234
  C:166EH         LINE#         235
  C:166EH         LINE#         236
  C:1670H         LINE#         237
  C:1672H         LINE#         238
  C:167BH         LINE#         239
  C:167DH         LINE#         240
  -------         ENDPROC       _WRITEAD5314
  -------         PROC          _WRITEATT1
  D:0007H         SYMBOL        att1
  -------         DO            
  D:0006H         SYMBOL        value
  -------         ENDDO         
  C:0003H         LINE#         243
  C:0003H         LINE#         244
  C:0003H         LINE#         246
  C:0005H         LINE#         247
  C:000AH         LINE#         257
  C:0011H         LINE#         258
  C:0016H         LINE#         259
BL51 BANKED LINKER/LOCATER V6.22                                                      10/30/2014  16:21:20  PAGE 19


  C:0018H         LINE#         260
  C:001AH         LINE#         261
  -------         ENDPROC       _WRITEATT1
  C:12A5H         SYMBOL        L?0113
  C:12B8H         SYMBOL        L?0128
  C:12C4H         SYMBOL        L?0138
  -------         PROC          GPALIMCOMPENSATE
  -------         DO            
  D:002FH         SYMBOL        temp
  D:0033H         SYMBOL        gPALimNumerN
  D:0034H         SYMBOL        calVal
  -------         ENDDO         
  C:1177H         LINE#         289
  C:1177H         LINE#         290
  C:1177H         LINE#         295
  C:117EH         LINE#         296
  C:118DH         LINE#         302
  C:1194H         LINE#         303
  C:119DH         LINE#         305
  C:11A9H         LINE#         306
  C:11B2H         LINE#         308
  C:11BEH         LINE#         309
  C:11CDH         LINE#         311
  C:11D5H         LINE#         313
  C:11DEH         LINE#         315
  C:11F1H         LINE#         316
  C:11F1H         LINE#         317
  C:11F6H         LINE#         318
  C:11F6H         LINE#         319
  C:11FFH         LINE#         320
  C:1202H         LINE#         322
  C:1202H         LINE#         323
  C:1208H         LINE#         324
  C:1208H         LINE#         325
  C:120AH         LINE#         326
  C:121DH         LINE#         327
  C:121DH         LINE#         328
  C:1222H         LINE#         329
  C:1222H         LINE#         330
  C:124FH         LINE#         331
  C:1251H         LINE#         333
  C:1251H         LINE#         334
  C:127AH         LINE#         335
  C:127AH         LINE#         336
  C:127AH         LINE#         339
  C:1283H         LINE#         340
  C:1283H         LINE#         341
  C:1289H         LINE#         342
  C:128AH         LINE#         343
  C:1299H         LINE#         344
  C:1299H         LINE#         345
  C:129EH         LINE#         346
  C:129FH         LINE#         348
  C:129FH         LINE#         349
  C:12A4H         LINE#         350
  C:12A4H         LINE#         353
  -------         ENDPROC       GPALIMCOMPENSATE
BL51 BANKED LINKER/LOCATER V6.22                                                      10/30/2014  16:21:20  PAGE 20


  -------         PROC          READTEMPERATUR
  -------         DO            
  D:002BH         SYMBOL        value
  -------         ENDDO         
  C:20F4H         LINE#         365
  C:20F4H         LINE#         366
  C:20F4H         LINE#         367
  C:20F9H         LINE#         369
  C:20FFH         LINE#         372
  C:210DH         LINE#         377
  C:211FH         LINE#         378
  C:2124H         LINE#         388
  -------         ENDPROC       READTEMPERATUR
  -------         PROC          _PROGPLL
  D:0045H         SYMBOL        value
  -------         DO            
  D:0049H         SYMBOL        num_bit
  D:004AH         SYMBOL        i
  D:004BH         SYMBOL        masque_bit
  D:0007H         SYMBOL        x
  -------         ENDDO         
  C:1C94H         LINE#         447
  C:1C9CH         LINE#         448
  C:1C9CH         LINE#         453
  C:1C9FH         LINE#         454
  C:1CA9H         LINE#         456
  C:1CABH         LINE#         457
  C:1CADH         LINE#         459
  C:1CAFH         LINE#         460
  C:1CB8H         LINE#         461
  C:1CB8H         LINE#         462
  C:1CD7H         LINE#         463
  C:1CD7H         LINE#         464
  C:1CD9H         LINE#         465
  C:1CDBH         LINE#         467
  C:1CDBH         LINE#         468
  C:1CDDH         LINE#         469
  C:1CDDH         LINE#         470
  C:1CDFH         LINE#         471
  C:1CDFH         LINE#         472
  C:1CE3H         LINE#         473
  C:1CE5H         LINE#         474
  C:1CFAH         LINE#         475
  C:1CFCH         LINE#         476
  C:1D00H         LINE#         477
  C:1D02H         LINE#         478
  -------         ENDPROC       _PROGPLL
  C:0B73H         SYMBOL        L?0129
  C:0B82H         SYMBOL        L?0134
  C:0B8FH         SYMBOL        L?0139
  -------         PROC          WRITEPLL
  -------         DO            
  D:002FH         SYMBOL        counterTemp
  D:0033H         SYMBOL        counterN
  D:0037H         SYMBOL        divSel
  D:003BH         SYMBOL        refFreq
  D:003FH         SYMBOL        freqStep
BL51 BANKED LINKER/LOCATER V6.22                                                      10/30/2014  16:21:20  PAGE 21


  D:0041H         SYMBOL        temp
  -------         ENDDO         
  C:09F9H         LINE#         501
  C:09F9H         LINE#         502
  C:09F9H         LINE#         546
  C:09FDH         LINE#         547
  C:0A0CH         LINE#         549
  C:0A10H         LINE#         550
  C:0A1FH         LINE#         559
  C:0A25H         LINE#         560
  C:0A25H         LINE#         561
  C:0A2AH         LINE#         562
  C:0A2AH         LINE#         565
  C:0A3FH         LINE#         568
  C:0A5AH         LINE#         569
  C:0A66H         LINE#         570
  C:0A70H         LINE#         571
  C:0A84H         LINE#         572
  C:0A8FH         LINE#         574
  C:0A9BH         LINE#         575
  C:0AA8H         LINE#         576
  C:0AD1H         LINE#         577
  C:0AD4H         LINE#         579
  C:0ADFH         LINE#         581
  C:0AEAH         LINE#         585
  C:0AF6H         LINE#         586
  C:0B09H         LINE#         587
  C:0B0CH         LINE#         588
  C:0B1AH         LINE#         589
  C:0B1DH         LINE#         592
  C:0B36H         LINE#         593
  C:0B41H         LINE#         594
  C:0B44H         LINE#         595
  C:0B55H         LINE#         596
  C:0B5AH         LINE#         597
  C:0B6DH         LINE#         598
  C:0B70H         LINE#         599
  C:0B73H         LINE#         600
  -------         ENDPROC       WRITEPLL
  -------         PROC          _READAD
  D:0007H         SYMBOL        channel
  -------         DO            
  D:0036H         SYMBOL        value
  -------         ENDDO         
  C:1A83H         LINE#         612
  C:1A83H         LINE#         613
  C:1A83H         LINE#         614
  C:1A88H         LINE#         616
  C:1A8AH         LINE#         617
  C:1A8DH         LINE#         618
  C:1A90H         LINE#         619
  C:1A96H         LINE#         620
  C:1A96H         LINE#         621
  C:1A99H         LINE#         622
  C:1AA9H         LINE#         625
  C:1AA9H         LINE#         626
  C:1AACH         LINE#         627
BL51 BANKED LINKER/LOCATER V6.22                                                      10/30/2014  16:21:20  PAGE 22


  C:1ABAH         LINE#         628
  C:1ABAH         LINE#         631
  C:1ADAH         LINE#         632
  C:1ADAH         LINE#         633
  C:1ADAH         LINE#         634
  C:1ADCH         LINE#         635
  C:1ADEH         LINE#         636
  C:1ADEH         LINE#         637
  C:1AE0H         LINE#         638
  C:1AE2H         LINE#         639
  C:1AE2H         LINE#         640
  C:1AE4H         LINE#         641
  C:1AE6H         LINE#         642
  C:1AE6H         LINE#         643
  C:1AE8H         LINE#         644
  C:1AEAH         LINE#         645
  C:1AEAH         LINE#         646
  C:1AECH         LINE#         647
  C:1AEEH         LINE#         648
  C:1AEEH         LINE#         649
  C:1AF0H         LINE#         650
  C:1AF2H         LINE#         651
  C:1AF2H         LINE#         652
  C:1AF4H         LINE#         653
  C:1AF6H         LINE#         654
  C:1AF6H         LINE#         655
  C:1AFDH         LINE#         656
  C:1AFDH         LINE#         657
  C:1AFDH         LINE#         658
  C:1AFDH         LINE#         660
  C:1B0BH         LINE#         661
  -------         ENDPROC       _READAD
  C:1E1BH         SYMBOL        L?0130
  -------         PROC          EXECCHECKSUMQ
  -------         DO            
  D:002BH         SYMBOL        pt_flash
  -------         ENDDO         
  C:1DCFH         LINE#         673
  C:1DCFH         LINE#         674
  C:1DCFH         LINE#         676
  C:1DD6H         LINE#         677
  C:1DE1H         LINE#         678
  C:1DE1H         LINE#         679
  C:1DECH         LINE#         680
  C:1DECH         LINE#         681
  C:1DF5H         LINE#         682
  C:1E05H         LINE#         683
  C:1E05H         LINE#         684
  C:1E08H         LINE#         685
  C:1E08H         LINE#         686
  C:1E11H         LINE#         688
  C:1E1BH         LINE#         689
  -------         ENDPROC       EXECCHECKSUMQ
  -------         PROC          WATCHDOG
  C:0035H         LINE#         691
  C:0035H         LINE#         692
  C:0035H         LINE#         693
BL51 BANKED LINKER/LOCATER V6.22                                                      10/30/2014  16:21:20  PAGE 23


  C:0037H         LINE#         694
  C:003AH         LINE#         695
  C:003DH         LINE#         696
  C:003FH         LINE#         697
  -------         ENDPROC       WATCHDOG
  -------         PROC          _DELAY
  D:0007H         SYMBOL        time
  -------         DO            
  D:0006H         SYMBOL        x
  D:0004H         SYMBOL        y
  -------         ENDDO         
  C:004AH         LINE#         699
  C:004AH         LINE#         700
  C:004AH         LINE#         703
  C:0051H         LINE#         704
  C:0051H         LINE#         705
  C:0054H         LINE#         706
  C:0062H         LINE#         708
  C:0065H         LINE#         709
  -------         ENDPROC       _DELAY
  -------         PROC          _CHECKMBIT
  D:0007H         SYMBOL        value
  -------         DO            
  D:0006H         SYMBOL        i
  -------         ENDDO         
  C:0026H         LINE#         711
  C:0026H         LINE#         712
  C:0026H         LINE#         716
  C:0028H         LINE#         717
  C:0028H         LINE#         718
  C:002CH         LINE#         719
  C:002CH         LINE#         720
  C:002CH         LINE#         721
  C:002CH         LINE#         722
  C:0030H         LINE#         723
  C:0032H         LINE#         725
  C:0034H         LINE#         726
  -------         ENDPROC       _CHECKMBIT
  -------         ENDMOD        BRO20W_RFCONTROL

  -------         MODULE        BRO20W_PACKET
  C:0000H         SYMBOL        _ICE_DUMMY_
  D:0080H         PUBLIC        P0
  D:0090H         PUBLIC        P1
  D:00A0H         PUBLIC        P2
  D:00B0H         PUBLIC        P3
  B:00A8H.7       PUBLIC        EA
  C:0D38H         PUBLIC        execRFParamQ
  C:2290H         PUBLIC        factry
  D:00A8H         PUBLIC        IEN0
  C:19F1H         PUBLIC        execute_cmd
  D:00E8H         PUBLIC        IEN1
  D:0097H         PUBLIC        AD0CON
  X:0184H         SYMBOL        preSoftChecksum
  B:0090H.6       PUBLIC        RFSrcSelect
  B:0090H.4       PUBLIC        WP
  D:00E5H         PUBLIC        FMDATA
BL51 BANKED LINKER/LOCATER V6.22                                                      10/30/2014  16:21:20  PAGE 24


  D:0099H         PUBLIC        SBUF
  C:1017H         PUBLIC        OutputPwrsampling
  C:167EH         PUBLIC        updateAlmInfo
  D:0098H         PUBLIC        SCON
  D:0088H         PUBLIC        TCON
  D:00E6H         PUBLIC        FMADRL
  B:00A0H.3       PUBLIC        LockYes
  C:1F64H         PUBLIC        sendInitpacket
  C:0EAAH         PUBLIC        execDwnldSoft
  C:1FE0H         PUBLIC        _swapBytes
  D:00B8H         PUBLIC        IP0
  D:00F8H         PUBLIC        IP1
  D:00C8H         PUBLIC        TCR20
  B:0098H.3       PUBLIC        TB8
  X:0186H         SYMBOL        nextSoftPktSn
  C:1417H         PUBLIC        endDwnldSoft
  B:00A0H.1       PUBLIC        LimYes
  D:00C0H         PUBLIC        AD0MODA
  D:00D8H         PUBLIC        I2CON
  C:1C19H         PUBLIC        sendPkt
  X:0188H         SYMBOL        softLen
  C:2088H         PUBLIC        _calDefcksum
  C:06A4H         PUBLIC        execFctParamSet
  D:00A2H         PUBLIC        AUXR1
  D:00E4H         PUBLIC        FMCON
  X:018AH         SYMBOL        softChecksum
  D:00D0H         PUBLIC        PSW
  C:184DH         SYMBOL        Com00D0
  C:184DH         SYMBOL        L?0209
  C:1868H         SYMBOL        L?0210
  C:1868H         SYMBOL        L?0211
  C:186AH         SYMBOL        L?0212
  C:186BH         SYMBOL        L?0213
  C:1871H         SYMBOL        L?0215
  C:1886H         SYMBOL        L?0216
  C:189BH         SYMBOL        L?0217
  C:189DH         SYMBOL        L?0218
  C:18A8H         SYMBOL        L?0219
  C:18BCH         SYMBOL        L?0220
  C:18BCH         SYMBOL        L?0221
  C:18C5H         SYMBOL        L?0222
  C:18C8H         SYMBOL        L?0223
  C:18CFH         SYMBOL        L?0224
  C:18CFH         SYMBOL        L?0225
  C:18D6H         SYMBOL        L?0227
  C:18E5H         SYMBOL        L?0228
  C:18F3H         SYMBOL        L?0229
  C:18FBH         SYMBOL        L?0230
  C:1907H         SYMBOL        L?0232
  C:1911H         SYMBOL        L?0233
  C:191BH         SYMBOL        L?0234
  C:1925H         SYMBOL        L?0235
  C:1925H         SYMBOL        L?0236
  -------         PROC          COM00D0
  -------         ENDPROC       COM00D0
  -------         PROC          EXECUTE_CMD
  -------         DO            
BL51 BANKED LINKER/LOCATER V6.22                                                      10/30/2014  16:21:20  PAGE 25


  D:0022H         SYMBOL        resultCode
  D:0023H         SYMBOL        downresult
  -------         ENDDO         
  C:19F1H         LINE#         52
  C:19F1H         LINE#         53
  C:19F1H         LINE#         54
  C:19F4H         LINE#         55
  C:19F6H         LINE#         56
  C:1A0DH         LINE#         57
  C:1A0DH         LINE#         58
  C:1A0DH         LINE#         59
  C:1A0DH         LINE#         60
  C:1A10H         LINE#         61
  C:1A10H         LINE#         62
  C:1A10H         LINE#         63
  C:1A10H         LINE#         64
  C:1A10H         LINE#         65
  C:1A13H         LINE#         66
  C:1A13H         LINE#         67
  C:1A13H         LINE#         68
  C:1A13H         LINE#         69
  C:1A13H         LINE#         70
  C:1A1BH         LINE#         71
  C:1A1BH         LINE#         72
  C:1A1FH         LINE#         73
  C:1A1FH         LINE#         74
  C:1A22H         LINE#         75
  C:1A24H         LINE#         76
  C:1A25H         LINE#         78
  C:1A25H         LINE#         79
  C:1A2AH         LINE#         80
  C:1A2AH         LINE#         81
  C:1A2FH         LINE#         82
  C:1A36H         LINE#         83
  C:1A38H         LINE#         85
  C:1A38H         LINE#         86
  C:1A3FH         LINE#         87
  C:1A3FH         LINE#         88
  C:1A42H         LINE#         89
  C:1A42H         LINE#         90
  C:1A42H         LINE#         91
  C:1A43H         LINE#         92
  C:1A43H         LINE#         93
  C:1A43H         LINE#         94
  C:1A43H         LINE#         95
  C:1A4AH         LINE#         96
  C:1A4FH         LINE#         97
  C:1A51H         LINE#         98
  C:1A57H         LINE#         99
  C:1A5EH         LINE#         100
  C:1A69H         LINE#         101
  C:1A6CH         LINE#         102
  C:1A6FH         LINE#         103
  C:1A70H         LINE#         104
  C:1A70H         LINE#         105
  C:1A70H         LINE#         106
  C:1A70H         LINE#         107
BL51 BANKED LINKER/LOCATER V6.22                                                      10/30/2014  16:21:20  PAGE 26


  C:1A77H         LINE#         108
  C:1A77H         LINE#         109
  C:1A7AH         LINE#         110
  C:1A7AH         LINE#         111
  C:1A7BH         LINE#         112
  C:1A7BH         LINE#         114
  C:1A7BH         LINE#         115
  C:1A7BH         LINE#         116
  C:1A82H         LINE#         117
  C:1A82H         LINE#         118
  C:1A82H         LINE#         119
  C:1A82H         LINE#         120
  -------         ENDPROC       EXECUTE_CMD
  C:1159H         SYMBOL        L?0206
  C:116CH         SYMBOL        L?0231
  -------         PROC          OUTPUTPWRSAMPLING
  -------         DO            
  D:002FH         SYMBOL        temp
  D:0033H         SYMBOL        gPReadADNumerN
  D:0005H         SYMBOL        i
  D:0034H         SYMBOL        calVal
  -------         ENDDO         
  C:1017H         LINE#         133
  C:1017H         LINE#         134
  C:1017H         LINE#         140
  C:101CH         LINE#         142
  C:101DH         LINE#         143
  C:101DH         LINE#         145
  C:102CH         LINE#         146
  C:1030H         LINE#         148
  C:1041H         LINE#         150
  C:1049H         LINE#         151
  C:1052H         LINE#         153
  C:1057H         LINE#         154
  C:1060H         LINE#         159
  C:106CH         LINE#         160
  C:1081H         LINE#         162
  C:1089H         LINE#         164
  C:108FH         LINE#         165
  C:10A2H         LINE#         166
  C:10A2H         LINE#         167
  C:10A7H         LINE#         168
  C:10A7H         LINE#         169
  C:10B0H         LINE#         170
  C:10B3H         LINE#         172
  C:10B3H         LINE#         173
  C:10BBH         LINE#         174
  C:10BBH         LINE#         175
  C:10BDH         LINE#         176
  C:10D0H         LINE#         177
  C:10D0H         LINE#         178
  C:10D5H         LINE#         179
  C:10D5H         LINE#         180
  C:1102H         LINE#         181
  C:1104H         LINE#         183
  C:1104H         LINE#         184
  C:112FH         LINE#         185
BL51 BANKED LINKER/LOCATER V6.22                                                      10/30/2014  16:21:20  PAGE 27


  C:112FH         LINE#         186
  C:112FH         LINE#         189
  C:1138H         LINE#         190
  C:1138H         LINE#         191
  C:113DH         LINE#         192
  C:113EH         LINE#         193
  C:114BH         LINE#         194
  C:114BH         LINE#         195
  C:1151H         LINE#         196
  C:1152H         LINE#         198
  C:1152H         LINE#         199
  C:1158H         LINE#         200
  C:1158H         LINE#         202
  -------         ENDPROC       OUTPUTPWRSAMPLING
  -------         PROC          UPDATEALMINFO
  -------         DO            
  D:0005H         SYMBOL        i
  D:0008H         SYMBOL        preRFSW
  -------         ENDDO         
  C:167EH         LINE#         214
  C:167EH         LINE#         223
  C:1683H         LINE#         224
  C:1687H         LINE#         225
  C:168BH         LINE#         227
  C:1691H         LINE#         228
  C:1691H         LINE#         229
  C:1693H         LINE#         230
  C:1695H         LINE#         232
  C:1695H         LINE#         233
  C:16A0H         LINE#         234
  C:16A0H         LINE#         236
  C:16ABH         LINE#         238
  C:16AEH         LINE#         240
  C:16B4H         LINE#         241
  C:16B4H         LINE#         242
  C:16B8H         LINE#         243
  C:16BAH         LINE#         244
  C:16BCH         LINE#         246
  C:16BCH         LINE#         247
  C:16CEH         LINE#         248
  C:16CEH         LINE#         249
  C:16D3H         LINE#         250
  C:16D6H         LINE#         251
  C:16D8H         LINE#         253
  C:16EAH         LINE#         254
  C:16EAH         LINE#         255
  C:16F0H         LINE#         256
  C:16F3H         LINE#         257
  C:16F3H         LINE#         258
  C:16F3H         LINE#         260
  C:16FBH         LINE#         262
  C:1703H         LINE#         263
  C:1703H         LINE#         264
  C:1706H         LINE#         265
  C:170DH         LINE#         266
  C:170DH         LINE#         267
  C:1712H         LINE#         268
BL51 BANKED LINKER/LOCATER V6.22                                                      10/30/2014  16:21:20  PAGE 28


  C:1712H         LINE#         269
  C:1712H         LINE#         270
  C:1718H         LINE#         279
  C:171AH         LINE#         280
  C:171AH         LINE#         283
  C:1729H         LINE#         284
  C:1738H         LINE#         285
  C:173CH         LINE#         287
  C:174DH         LINE#         288
  C:175EH         LINE#         289
  C:1761H         LINE#         290
  C:1764H         LINE#         297
  -------         ENDPROC       UPDATEALMINFO
  -------         PROC          EXECFCTPARAMSET
  -------         DO            
  D:0024H         SYMBOL        tempLen
  D:0025H         SYMBOL        param_addr
  D:0027H         SYMBOL        tmpInt
  D:0029H         SYMBOL        temp
  D:002DH         SYMBOL        tPALim
  -------         ENDDO         
  C:06A4H         LINE#         310
  C:06A4H         LINE#         311
  C:06A4H         LINE#         315
  C:06A9H         LINE#         320
  C:06B2H         LINE#         321
  C:06BFH         LINE#         323
  C:06C3H         LINE#         325
  C:06CCH         LINE#         327
  C:06D5H         LINE#         328
  C:06D5H         LINE#         329
  C:06E1H         LINE#         331
  C:070FH         LINE#         332
  C:070FH         LINE#         333
  C:070FH         LINE#         334
  C:0715H         LINE#         335
  C:0715H         LINE#         336
  C:0720H         LINE#         337
  C:0720H         LINE#         338
  C:0723H         LINE#         339
  C:0723H         LINE#         340
  C:0725H         LINE#         341
  C:0725H         LINE#         342
  C:0727H         LINE#         343
  C:0727H         LINE#         344
  C:073CH         LINE#         345
  C:0743H         LINE#         346
  C:0745H         LINE#         347
  C:0745H         LINE#         348
  C:074AH         LINE#         349
  C:074AH         LINE#         350
  C:074CH         LINE#         351
  C:074CH         LINE#         352
  C:0756H         LINE#         353
  C:075CH         LINE#         354
  C:075FH         LINE#         356
  C:075FH         LINE#         357
BL51 BANKED LINKER/LOCATER V6.22                                                      10/30/2014  16:21:20  PAGE 29


  C:075FH         LINE#         358
  C:0767H         LINE#         359
  C:076AH         LINE#         379
  C:076AH         LINE#         381
  C:076DH         LINE#         382
  C:0770H         LINE#         383
  C:0773H         LINE#         385
  C:0773H         LINE#         386
  C:0779H         LINE#         387
  C:077CH         LINE#         388
  C:077FH         LINE#         389
  C:077FH         LINE#         390
  C:078AH         LINE#         391
  C:078DH         LINE#         392
  C:0790H         LINE#         393
  C:0790H         LINE#         394
  C:0790H         LINE#         395
  C:0790H         LINE#         396
  C:0790H         LINE#         398
  C:0790H         LINE#         400
  C:0795H         LINE#         401
  C:0795H         LINE#         402
  C:079EH         LINE#         403
  C:07ABH         LINE#         404
  C:07ABH         LINE#         407
  C:07D0H         LINE#         408
  C:07D0H         LINE#         410
  C:07D0H         LINE#         411
  C:07D0H         LINE#         412
  C:07D5H         LINE#         413
  C:07D5H         LINE#         414
  C:07D7H         LINE#         415
  C:07D7H         LINE#         416
  C:07E3H         LINE#         417
  C:07E3H         LINE#         418
  C:07E3H         LINE#         419
  C:07E3H         LINE#         420
  C:07E5H         LINE#         421
  C:07E5H         LINE#         422
  C:07E5H         LINE#         423
  C:07F0H         LINE#         424
  C:07F0H         LINE#         425
  C:07F0H         LINE#         426
  C:07F0H         LINE#         427
  C:07F2H         LINE#         428
  C:07F2H         LINE#         429
  C:07FDH         LINE#         430
  C:07FDH         LINE#         431
  C:07FDH         LINE#         432
  C:07FDH         LINE#         433
  C:07FFH         LINE#         434
  C:07FFH         LINE#         435
  C:080AH         LINE#         436
  C:080AH         LINE#         437
  C:080AH         LINE#         438
  C:080AH         LINE#         439
  C:080CH         LINE#         440
BL51 BANKED LINKER/LOCATER V6.22                                                      10/30/2014  16:21:20  PAGE 30


  C:080CH         LINE#         441
  C:0817H         LINE#         442
  C:0817H         LINE#         443
  C:081EH         LINE#         444
  C:081EH         LINE#         445
  C:081EH         LINE#         446
  C:081EH         LINE#         447
  C:081EH         LINE#         448
  C:081EH         LINE#         449
  C:0829H         LINE#         450
  C:0829H         LINE#         451
  C:0835H         LINE#         452
  C:0835H         LINE#         453
  C:0842H         LINE#         454
  C:0842H         LINE#         455
  C:084EH         LINE#         456
  C:085AH         LINE#         457
  C:085CH         LINE#         459
  C:085CH         LINE#         460
  C:0868H         LINE#         461
  C:0868H         LINE#         462
  C:0868H         LINE#         463
  C:086AH         LINE#         464
  C:08BEH         LINE#         465
  C:08BEH         LINE#         466
  C:08BEH         LINE#         467
  C:08CEH         LINE#         468
  C:08D1H         LINE#         469
  C:08D1H         LINE#         470
  C:08D3H         LINE#         471
  C:08D9H         LINE#         472
  C:08E1H         LINE#         473
  C:08E9H         LINE#         474
  C:0900H         LINE#         475
  C:0902H         LINE#         476
  C:0905H         LINE#         477
  C:0905H         LINE#         478
  C:090CH         LINE#         479
  C:090EH         LINE#         480
  C:0910H         LINE#         481
  C:0910H         LINE#         482
  C:0917H         LINE#         483
  C:0920H         LINE#         484
  C:0923H         LINE#         485
  C:0923H         LINE#         486
  C:0936H         LINE#         487
  C:0936H         LINE#         488
  C:0938H         LINE#         491
  C:0938H         LINE#         492
  C:0941H         LINE#         493
  C:0944H         LINE#         494
  C:0947H         LINE#         495
  C:0947H         LINE#         497
  C:0947H         LINE#         498
  C:0947H         LINE#         499
  C:0947H         LINE#         500
  C:0947H         LINE#         502
BL51 BANKED LINKER/LOCATER V6.22                                                      10/30/2014  16:21:20  PAGE 31


  C:0947H         LINE#         504
  C:0947H         LINE#         505
  C:0947H         LINE#         506
  C:0947H         LINE#         508
  C:0949H         LINE#         509
  C:0949H         LINE#         510
  C:0949H         LINE#         512
  C:095BH         LINE#         513
  C:095EH         LINE#         514
  C:0963H         LINE#         520
  C:096CH         LINE#         521
  C:096CH         LINE#         522
  C:096CH         LINE#         523
  C:096CH         LINE#         524
  C:096CH         LINE#         525
  C:096CH         LINE#         527
  C:096CH         LINE#         529
  C:096CH         LINE#         530
  C:096CH         LINE#         531
  C:096CH         LINE#         532
  C:096CH         LINE#         534
  C:096EH         LINE#         536
  C:096EH         LINE#         537
  C:096EH         LINE#         538
  C:0971H         LINE#         539
  C:0973H         LINE#         541
  C:0973H         LINE#         543
  C:0973H         LINE#         544
  C:0973H         LINE#         546
  C:0976H         LINE#         547
  C:098BH         LINE#         548
  C:0990H         LINE#         549
  C:0993H         LINE#         551
  C:0998H         LINE#         553
  C:099BH         LINE#         554
  C:09A7H         LINE#         555
  C:09AAH         LINE#         556
  C:09ACH         LINE#         558
  C:09ACH         LINE#         559
  C:09B5H         LINE#         560
  C:09B9H         LINE#         561
  C:09BBH         LINE#         563
  C:09BBH         LINE#         564
  C:09C4H         LINE#         565
  C:09CBH         LINE#         566
  C:09CDH         LINE#         568
  C:09CDH         LINE#         569
  C:09D5H         LINE#         570
  C:09D7H         LINE#         572
  C:09D7H         LINE#         573
  C:09D7H         LINE#         574
  C:09D7H         LINE#         575
  C:09DFH         LINE#         577
  C:09E2H         LINE#         578
  C:09EAH         LINE#         579
  C:09EDH         LINE#         591
  C:09EDH         LINE#         592
BL51 BANKED LINKER/LOCATER V6.22                                                      10/30/2014  16:21:20  PAGE 32


  C:09F0H         LINE#         593
  C:09F0H         LINE#         594
  C:09F0H         LINE#         595
  C:09F0H         LINE#         596
  C:09F0H         LINE#         597
  C:09F0H         LINE#         598
  C:09F0H         LINE#         599
  C:09F8H         LINE#         600
  -------         ENDPROC       EXECFCTPARAMSET
  -------         PROC          SENDINITPACKET
  C:1F64H         LINE#         602
  C:1F64H         LINE#         603
  C:1F64H         LINE#         604
  C:1F6AH         LINE#         606
  C:1F71H         LINE#         607
  C:1F71H         LINE#         608
  C:1F72H         LINE#         609
  C:1F78H         LINE#         611
  C:1F7DH         LINE#         612
  C:1F81H         LINE#         613
  C:1F85H         LINE#         614
  C:1F88H         LINE#         615
  C:1F8CH         LINE#         616
  C:1F90H         LINE#         617
  C:1F94H         LINE#         618
  C:1F98H         LINE#         619
  C:1F9AH         LINE#         620
  C:1F9CH         LINE#         622
  C:1F9FH         LINE#         624
  C:1FA2H         LINE#         625
  C:1FA2H         LINE#         626
  -------         ENDPROC       SENDINITPACKET
  C:0E8EH         SYMBOL        L?0205
  C:0E9AH         SYMBOL        L?0207
  C:0EA2H         SYMBOL        L?0226
  -------         PROC          EXECRFPARAMQ
  -------         DO            
  D:0007H         SYMBOL        i
  D:0024H         SYMBOL        CKS
  D:0009H         SYMBOL        tmpCurr
  -------         ENDDO         
  C:0D38H         LINE#         639
  C:0D38H         LINE#         640
  C:0D38H         LINE#         642
  C:0D3DH         LINE#         646
  C:0D5AH         LINE#         653
  C:0D60H         LINE#         654
  C:0D60H         LINE#         655
  C:0D62H         LINE#         656
  C:0D68H         LINE#         658
  C:0D6EH         LINE#         659
  C:0D76H         LINE#         660
  C:0D78H         LINE#         661
  C:0D7BH         LINE#         662
  C:0D7FH         LINE#         663
  C:0D83H         LINE#         664
  C:0D87H         LINE#         665
BL51 BANKED LINKER/LOCATER V6.22                                                      10/30/2014  16:21:20  PAGE 33


  C:0D8BH         LINE#         666
  C:0D8FH         LINE#         667
  C:0D90H         LINE#         668
  C:0D93H         LINE#         669
  C:0D97H         LINE#         670
  C:0D9AH         LINE#         671
  C:0D9BH         LINE#         672
  C:0DA6H         LINE#         673
  C:0DA6H         LINE#         674
  C:0DACH         LINE#         675
  C:0DB2H         LINE#         677
  C:0DBDH         LINE#         678
  C:0DC3H         LINE#         679
  C:0DD3H         LINE#         680
  C:0DDEH         LINE#         681
  C:0DE9H         LINE#         682
  C:0DF4H         LINE#         683
  C:0E03H         LINE#         684
  C:0E09H         LINE#         685
  C:0E19H         LINE#         692
  C:0E2EH         LINE#         695
  C:0E36H         LINE#         696
  C:0E38H         LINE#         697
  C:0E3CH         LINE#         698
  C:0E3FH         LINE#         699
  C:0E4AH         LINE#         700
  C:0E4DH         LINE#         701
  C:0E5CH         LINE#         702
  C:0E5FH         LINE#         703
  C:0E61H         LINE#         704
  C:0E61H         LINE#         705
  C:0E75H         LINE#         706
  C:0E79H         LINE#         707
  C:0E7CH         LINE#         708
  C:0E82H         LINE#         709
  C:0E86H         LINE#         711
  C:0E89H         LINE#         712
  C:0E8AH         LINE#         714
  C:0E8AH         LINE#         715
  C:0E8DH         LINE#         716
  C:0E8DH         LINE#         717
  -------         ENDPROC       EXECRFPARAMQ
  -------         PROC          SENDPKT
  -------         DO            
  D:0022H         SYMBOL        tmpPtr
  D:0025H         SYMBOL        calPktChecksum
  D:0007H         SYMBOL        x
  -------         ENDDO         
  C:1C19H         LINE#         730
  C:1C19H         LINE#         731
  C:1C19H         LINE#         735
  C:1C22H         LINE#         736
  C:1C29H         LINE#         737
  C:1C33H         LINE#         738
  C:1C3BH         LINE#         739
  C:1C4EH         LINE#         740
  C:1C65H         LINE#         741
BL51 BANKED LINKER/LOCATER V6.22                                                      10/30/2014  16:21:20  PAGE 34


  C:1C70H         LINE#         742
  C:1C78H         LINE#         744
  C:1C7AH         LINE#         745
  C:1C7DH         LINE#         747
  C:1C7EH         LINE#         748
  C:1C7EH         LINE#         749
  C:1C82H         LINE#         750
  C:1C90H         LINE#         751
  C:1C93H         LINE#         753
  -------         ENDPROC       SENDPKT
  C:1543H         SYMBOL        L?0237
  -------         PROC          ENDDWNLDSOFT
  -------         DO            
  D:0024H         SYMBOL        checksum
  D:0026H         SYMBOL        count
  D:0028H         SYMBOL        i
  D:002AH         SYMBOL        j
  D:002CH         SYMBOL        leaveCnt
  D:002DH         SYMBOL        err
  D:0006H         SYMBOL        tmpInt
  D:0006H         SYMBOL        y
  -------         ENDDO         
  C:1417H         LINE#         766
  C:1417H         LINE#         767
  C:1417H         LINE#         768
  C:141CH         LINE#         776
  C:142EH         LINE#         777
  C:1434H         LINE#         778
  C:1445H         LINE#         780
  C:1449H         LINE#         781
  C:1449H         LINE#         782
  C:144EH         LINE#         783
  C:1453H         LINE#         784
  C:1463H         LINE#         785
  C:1463H         LINE#         786
  C:1463H         LINE#         787
  C:146CH         LINE#         788
  C:146FH         LINE#         789
  C:1478H         LINE#         790
  C:147DH         LINE#         791
  C:147DH         LINE#         792
  C:1480H         LINE#         793
  C:1480H         LINE#         794
  C:1480H         LINE#         795
  C:1490H         LINE#         796
  C:1490H         LINE#         797
  C:1493H         LINE#         802
  C:14A0H         LINE#         803
  C:14C0H         LINE#         804
  C:14C5H         LINE#         805
  C:14CCH         LINE#         807
  C:14D1H         LINE#         808
  C:14D1H         LINE#         809
  C:14D1H         LINE#         810
  C:14DEH         LINE#         811
  C:14E1H         LINE#         812
  C:14E7H         LINE#         813
BL51 BANKED LINKER/LOCATER V6.22                                                      10/30/2014  16:21:20  PAGE 35


  C:14ECH         LINE#         814
  C:14ECH         LINE#         815
  C:14EFH         LINE#         816
  C:14EFH         LINE#         817
  C:14FAH         LINE#         818
  C:1500H         LINE#         819
  C:1507H         LINE#         821
  C:1509H         LINE#         822
  C:150BH         LINE#         824
  C:150EH         LINE#         825
  C:1511H         LINE#         826
  C:1517H         LINE#         828
  C:151AH         LINE#         829
  C:151DH         LINE#         830
  C:1523H         LINE#         832
  C:1526H         LINE#         833
  C:1529H         LINE#         834
  C:152CH         LINE#         835
  C:1532H         LINE#         837
  C:1535H         LINE#         838
  C:1538H         LINE#         839
  C:153BH         LINE#         840
  C:1541H         LINE#         842
  C:1543H         LINE#         845
[...]
  -------         ENDPROC       _ISENDSTREXT
  -------         PROC          _IRCVSTR
  D:0006H         SYMBOL        sla
  D:0005H         SYMBOL        suba
  D:0001H         SYMBOL        s
  D:0034H         SYMBOL        no
  -------         DO            
  D:0007H         SYMBOL        i
  -------         ENDDO         
  C:1D03H         LINE#         95
  C:1D05H         LINE#         96
BL51 BANKED LINKER/LOCATER V6.22                                                      10/30/2014  16:21:20  PAGE 39


  C:1D05H         LINE#         98
  C:1D05H         LINE#         99
  C:1D05H         LINE#         100
  C:1D0AH         LINE#         101
  C:1D0AH         LINE#         102
  C:1D0CH         LINE#         103
  C:1D0CH         LINE#         104
  C:1D11H         LINE#         105
  C:1D17H         LINE#         106
  C:1D17H         LINE#         107
  C:1D19H         LINE#         108
  C:1D19H         LINE#         110
  C:1D1CH         LINE#         111
  C:1D1FH         LINE#         112
  C:1D25H         LINE#         113
  C:1D2BH         LINE#         114
  C:1D2BH         LINE#         115
  C:1D2DH         LINE#         116
  C:1D2DH         LINE#         118
  C:1D38H         LINE#         119
  C:1D3BH         LINE#         120
  C:1D3EH         LINE#         121
  C:1D44H         LINE#         122
  C:1D47H         LINE#         123
  C:1D4AH         LINE#         124
  C:1D4AH         LINE#         125
  C:1D4FH         LINE#         126
  C:1D56H         LINE#         127
  C:1D59H         LINE#         128
  C:1D5CH         LINE#         129
  C:1D5FH         LINE#         130
  C:1D64H         LINE#         131
  C:1D67H         LINE#         132
  C:1D69H         LINE#         133
  -------         ENDPROC       _IRCVSTR
  -------         ENDMOD        I2C

  -------         MODULE        SPI
  C:0000H         SYMBOL        _ICE_DUMMY_
  D:0080H         PUBLIC        P0
  D:0090H         PUBLIC        P1
  D:00A0H         PUBLIC        P2
  D:00B0H         PUBLIC        P3
  C:001EH         PUBLIC        InitSPI
  D:00E2H         PUBLIC        SPCTL
  D:00A8H         PUBLIC        IEN0
  D:00E8H         PUBLIC        IEN1
  B:00A0H.4       PUBLIC        DATA
  D:0098H         PUBLIC        SCON
  D:0088H         PUBLIC        TCON
  D:00B8H         PUBLIC        IP0
  D:00F8H         PUBLIC        IP1
  D:00C8H         PUBLIC        TCR20
  D:00C0H         PUBLIC        AD0MODA
  B:00A0H.5       PUBLIC        CLK
  D:00D8H         PUBLIC        I2CON
  C:217DH         PUBLIC        _MSend_bit
BL51 BANKED LINKER/LOCATER V6.22                                                      10/30/2014  16:21:20  PAGE 40


  D:00D0H         PUBLIC        PSW
  -------         PROC          INITSPI
  C:001EH         LINE#         30
  C:001EH         LINE#         31
  C:001EH         LINE#         33
  C:0021H         LINE#         34
  -------         ENDPROC       INITSPI
  -------         PROC          _MSEND_BIT
  D:0006H         SYMBOL        send_data
  D:0005H         SYMBOL        Bitcnt
  -------         DO            
  D:0004H         SYMBOL        i
  D:0002H         SYMBOL        trans_data
  -------         ENDDO         
  C:217DH         LINE#         47
  C:217DH         LINE#         48
  C:217DH         LINE#         51
  C:2184H         LINE#         52
  C:2184H         LINE#         53
  C:2188H         LINE#         54
  C:2194H         LINE#         55
  C:2194H         LINE#         56
  C:2196H         LINE#         57
  C:2198H         LINE#         59
  C:2198H         LINE#         60
  C:219AH         LINE#         61
  C:219AH         LINE#         62
  C:219CH         LINE#         63
  C:219EH         LINE#         64
  C:21A5H         LINE#         65
  C:21A8H         LINE#         66
  -------         ENDPROC       _MSEND_BIT
  -------         ENDMOD        SPI

  -------         MODULE        E2PROM
  C:0000H         SYMBOL        _ICE_DUMMY_
  D:0080H         PUBLIC        P0
  D:0090H         PUBLIC        P1
  D:00A0H         PUBLIC        P2
  D:00B0H         PUBLIC        P3
  B:00A8H.7       PUBLIC        EA
  D:00A8H         PUBLIC        IEN0
  D:00E8H         PUBLIC        IEN1
  C:201BH         PUBLIC        _readE2promStr
  C:20BEH         PUBLIC        _writeE2promStr
  D:00F3H         PUBLIC        DEEADR
  D:00F2H         PUBLIC        DEEDAT
  D:00F1H         PUBLIC        DEECON
  D:0098H         PUBLIC        SCON
  D:0088H         PUBLIC        TCON
  D:00B8H         PUBLIC        IP0
  D:00F8H         PUBLIC        IP1
  D:00C8H         PUBLIC        TCR20
  C:21EEH         PUBLIC        _readE2prom
  D:00C0H         PUBLIC        AD0MODA
  D:00D8H         PUBLIC        I2CON
  C:2210H         PUBLIC        _writeE2prom
BL51 BANKED LINKER/LOCATER V6.22                                                      10/30/2014  16:21:20  PAGE 41


  D:00D0H         PUBLIC        PSW
  -------         PROC          _READE2PROM
  D:0004H         SYMBOL        address
  -------         DO            
  D:0007H         SYMBOL        eeprom_value
  B:0020H.1       SYMBOL        ea_save
  D:0006H         SYMBOL        temp
  -------         ENDDO         
  C:21EEH         LINE#         22
  C:21F0H         LINE#         23
  C:21F0H         LINE#         28
  C:21F0H         LINE#         29
  C:21F2H         LINE#         30
  C:21F5H         LINE#         32
  C:21F9H         LINE#         33
  C:21FBH         LINE#         34
  C:21FDH         LINE#         36
  C:21FFH         LINE#         37
  C:21FFH         LINE#         38
  C:2201H         LINE#         40
  C:2206H         LINE#         42
  C:2209H         LINE#         43
  C:220BH         LINE#         44
  C:220FH         LINE#         46
  C:220FH         LINE#         47
  -------         ENDPROC       _READE2PROM
  -------         PROC          _WRITEE2PROM
  D:0002H         SYMBOL        address
  D:0005H         SYMBOL        value
  -------         DO            
  B:0020H.1       SYMBOL        ea_save
  D:0006H         SYMBOL        temp
  -------         ENDDO         
  C:2210H         LINE#         50
  C:2212H         LINE#         51
  C:2212H         LINE#         55
  C:2212H         LINE#         56
  C:2214H         LINE#         57
  C:2217H         LINE#         59
  C:221BH         LINE#         60
  C:221DH         LINE#         61
  C:221FH         LINE#         63
  C:2221H         LINE#         65
  C:2223H         LINE#         66
  C:2223H         LINE#         67
  C:2225H         LINE#         68
  C:222AH         LINE#         69
  C:222AH         LINE#         70
  C:222AH         LINE#         71
  C:222DH         LINE#         73
  C:2231H         LINE#         74
  -------         ENDPROC       _WRITEE2PROM
  -------         PROC          _WRITEE2PROMSTR
  D:002FH         SYMBOL        len_car
  D:0030H         SYMBOL        adr_eeprom
  D:0032H         SYMBOL        src
  -------         DO            
BL51 BANKED LINKER/LOCATER V6.22                                                      10/30/2014  16:21:20  PAGE 42


  D:0004H         SYMBOL        i
  -------         ENDDO         
  C:20BEH         LINE#         76
  C:20CAH         LINE#         77
  C:20CAH         LINE#         80
  C:20D2H         LINE#         81
  C:20D2H         LINE#         82
  C:20F0H         LINE#         83
  C:20F3H         LINE#         84
  -------         ENDPROC       _WRITEE2PROMSTR
  -------         PROC          _READE2PROMSTR
  D:0045H         SYMBOL        len_car
  D:0046H         SYMBOL        adr_eeprom
  D:0048H         SYMBOL        dest
  -------         DO            
  D:004BH         SYMBOL        i
  -------         ENDDO         
  C:201BH         LINE#         86
  C:2027H         LINE#         87
  C:2027H         LINE#         90
  C:2031H         LINE#         91
  C:2031H         LINE#         92
  C:204DH         LINE#         93
  C:2051H         LINE#         94
  -------         ENDPROC       _READE2PROMSTR
  -------         ENDMOD        E2PROM

  -------         MODULE        SERIAL
  C:0000H         SYMBOL        _ICE_DUMMY_
  D:0080H         PUBLIC        P0
  D:0090H         PUBLIC        P1
  D:00A0H         PUBLIC        P2
  D:00B0H         PUBLIC        P3
  B:00A8H.7       PUBLIC        EA
  D:00A8H         PUBLIC        IEN0
  D:00E8H         PUBLIC        IEN1
  D:00BAH         PUBLIC        SSTAT
  B:0098H.0       PUBLIC        RI
  B:0098H.1       PUBLIC        TI
  D:0099H         PUBLIC        SBUF
  D:0098H         PUBLIC        SCON
  D:0088H         PUBLIC        TCON
  D:00BDH         PUBLIC        BRGCON
  C:1E84H         PUBLIC        SerialSend_ISR
  D:00B8H         PUBLIC        IP0
  D:00F8H         PUBLIC        IP1
  D:00C8H         PUBLIC        TCR20
  B:0098H.3       PUBLIC        TB8
  D:00C0H         PUBLIC        AD0MODA
  D:00D8H         PUBLIC        I2CON
  D:00BEH         PUBLIC        BRGR0
  D:00BFH         PUBLIC        BRGR1
  C:0B99H         PUBLIC        SerialRcv_ISR
  B:00A8H.4       PUBLIC        ESR
  B:00E8H.6       PUBLIC        EST
  C:2232H         PUBLIC        InitSerial
  D:00D0H         PUBLIC        PSW
BL51 BANKED LINKER/LOCATER V6.22                                                      10/30/2014  16:21:20  PAGE 43


  -------         PROC          INITSERIAL
  C:2232H         LINE#         50
  C:2232H         LINE#         51
  C:2232H         LINE#         54
  C:2236H         LINE#         55
  C:2238H         LINE#         59
  C:223BH         LINE#         60
  C:223DH         LINE#         63
  C:2240H         LINE#         64
  C:2243H         LINE#         66
  C:2246H         LINE#         67
  C:2249H         LINE#         82
  C:224BH         LINE#         83
  C:224DH         LINE#         85
  -------         ENDPROC       INITSERIAL
  -------         PROC          SERIALSEND_ISR
  C:1E84H         LINE#         98
  C:1E95H         LINE#         100
  C:1E98H         LINE#         101
  C:1E98H         LINE#         102
  C:1E9AH         LINE#         104
  C:1E9CH         LINE#         105
  C:1E9EH         LINE#         106
  C:1EB5H         LINE#         107
  C:1EB5H         LINE#         108
  C:1EC3H         LINE#         109
  C:1EC3H         LINE#         111
  C:1EC3H         LINE#         113
  C:1EC3H         LINE#         114
  C:1EC3H         LINE#         115
  -------         ENDPROC       SERIALSEND_ISR
  -------         PROC          SERIALRCV_ISR
  -------         DO            
  D:000DH         SYMBOL        recv_timer
  D:0007H         SYMBOL        Rx_byte
  -------         ENDDO         
  C:0B99H         LINE#         128
  C:0BAEH         LINE#         133
  C:0BC3H         LINE#         134
  C:0BC3H         LINE#         135
  C:0BC6H         LINE#         136
  C:0BCAH         LINE#         137
  C:0BCAH         LINE#         139
  C:0BD1H         LINE#         141
  C:0BD3H         LINE#         143
  C:0BD9H         LINE#         144
  C:0BD9H         LINE#         145
  C:0BDBH         LINE#         146
  C:0BDDH         LINE#         147
  C:0C0BH         LINE#         148
  C:0C0BH         LINE#         149
  C:0C0BH         LINE#         160
  C:0C0BH         LINE#         161
  C:0C10H         LINE#         162
  C:0C10H         LINE#         163
  C:0C12H         LINE#         164
  C:0C15H         LINE#         166
BL51 BANKED LINKER/LOCATER V6.22                                                      10/30/2014  16:21:20  PAGE 44


  C:0C15H         LINE#         167
  C:0C17H         LINE#         168
  C:0C17H         LINE#         169
  C:0C1AH         LINE#         170
  C:0C1AH         LINE#         171
  C:0C1FH         LINE#         172
  C:0C1FH         LINE#         173
  C:0C21H         LINE#         174
  C:0C24H         LINE#         176
  C:0C24H         LINE#         177
  C:0C26H         LINE#         178
  C:0C26H         LINE#         179
  C:0C29H         LINE#         180
  C:0C29H         LINE#         183
  C:0C2DH         LINE#         184
  C:0C31H         LINE#         185
  C:0C36H         LINE#         191
  C:0C39H         LINE#         192
  C:0C39H         LINE#         194
  C:0C3EH         LINE#         195
  C:0C43H         LINE#         196
  C:0C47H         LINE#         197
  C:0C47H         LINE#         198
  C:0C49H         LINE#         199
  C:0C4CH         LINE#         201
  C:0C4CH         LINE#         202
  C:0C4EH         LINE#         203
  C:0C4EH         LINE#         204
  C:0C51H         LINE#         205
  C:0C51H         LINE#         206
  C:0C56H         LINE#         207
  C:0C56H         LINE#         208
  C:0C58H         LINE#         209
  C:0C5DH         LINE#         210
  C:0C61H         LINE#         211
  C:0C64H         LINE#         213
  C:0C64H         LINE#         214
  C:0C66H         LINE#         215
  C:0C66H         LINE#         216
  C:0C69H         LINE#         217
  C:0C69H         LINE#         218
  C:0C6EH         LINE#         219
  C:0C6EH         LINE#         220
  C:0C70H         LINE#         221
  C:0C75H         LINE#         222
  C:0C7AH         LINE#         223
  C:0C7CH         LINE#         224
  C:0C7FH         LINE#         226
  C:0C7FH         LINE#         227
  C:0C81H         LINE#         228
  C:0C81H         LINE#         229
  C:0C84H         LINE#         230
  C:0C84H         LINE#         231
  C:0C89H         LINE#         232
  C:0C8EH         LINE#         233
  C:0C92H         LINE#         234
  C:0C92H         LINE#         235
BL51 BANKED LINKER/LOCATER V6.22                                                      10/30/2014  16:21:20  PAGE 45


  C:0C94H         LINE#         236
  C:0C97H         LINE#         238
  C:0C97H         LINE#         239
  C:0C99H         LINE#         240
  C:0C99H         LINE#         241
  C:0C9CH         LINE#         242
  C:0C9CH         LINE#         243
  C:0CA1H         LINE#         244
  C:0CA6H         LINE#         245
  C:0CAAH         LINE#         246
  C:0CACH         LINE#         247
  C:0CACH         LINE#         248
  C:0CB1H         LINE#         249
  C:0CB6H         LINE#         250
  C:0CBAH         LINE#         251
  C:0CBEH         LINE#         252
  C:0CC0H         LINE#         254
  C:0CC0H         LINE#         255
  C:0CC5H         LINE#         256
  C:0CD3H         LINE#         257
  C:0CD4H         LINE#         258
  C:0CE0H         LINE#         259
  C:0CE0H         LINE#         260
  C:0CE4H         LINE#         261
  C:0CE4H         LINE#         262
  C:0CFAH         LINE#         263
  C:0CFAH         LINE#         264
  C:0CFEH         LINE#         265
  C:0D01H         LINE#         267
  C:0D04H         LINE#         269
  C:0D04H         LINE#         270
  C:0D04H         LINE#         271
  C:0D06H         LINE#         272
  C:0D06H         LINE#         273
  C:0D0CH         LINE#         274
  C:0D0CH         LINE#         275
  C:0D0FH         LINE#         276
  C:0D0FH         LINE#         277
  C:0D13H         LINE#         278
  C:0D16H         LINE#         279
  C:0D1DH         LINE#         282
  C:0D1FH         LINE#         283
  C:0D1FH         LINE#         284
  C:0D23H         LINE#         285
  C:0D23H         LINE#         286
  C:0D23H         LINE#         287
  C:0D23H         LINE#         289
  C:0D25H         LINE#         290
  -------         ENDPROC       SERIALRCV_ISR
  -------         ENDMOD        SERIAL

  -------         MODULE        ?C?FPADD
  C:0075H         PUBLIC        ?C?FPADD
  C:0071H         PUBLIC        ?C?FPSUB
  -------         ENDMOD        ?C?FPADD

  -------         MODULE        ?C?FPDIV
BL51 BANKED LINKER/LOCATER V6.22                                                      10/30/2014  16:21:20  PAGE 46


  C:0169H         PUBLIC        ?C?FPDIV
  -------         ENDMOD        ?C?FPDIV

  -------         MODULE        ?C?FCAST
  C:0210H         PUBLIC        ?C?FCASTC
  C:020BH         PUBLIC        ?C?FCASTI
  C:0206H         PUBLIC        ?C?FCASTL
  -------         ENDMOD        ?C?FCAST

  -------         MODULE        ?C?CASTF
  C:0244H         PUBLIC        ?C?CASTF
  -------         ENDMOD        ?C?CASTF

  -------         MODULE        ?C?COPY
  C:0395H         PUBLIC        ?C?COPY
  -------         ENDMOD        ?C?COPY

  -------         MODULE        ?C?CLDPTR
  C:03BBH         PUBLIC        ?C?CLDPTR
  -------         ENDMOD        ?C?CLDPTR

  -------         MODULE        ?C?CLDOPTR
  C:03D4H         PUBLIC        ?C?CLDOPTR
  -------         ENDMOD        ?C?CLDOPTR

  -------         MODULE        ?C?CSTPTR
  C:0401H         PUBLIC        ?C?CSTPTR
  -------         ENDMOD        ?C?CSTPTR

  -------         MODULE        ?C?IMUL
  C:0413H         PUBLIC        ?C?IMUL
  -------         ENDMOD        ?C?IMUL

  -------         MODULE        ?C?UIDIV
  C:0425H         PUBLIC        ?C?UIDIV
  -------         ENDMOD        ?C?UIDIV

  -------         MODULE        ?C?SIDIV
  C:047AH         PUBLIC        ?C?SIDIV
  -------         ENDMOD        ?C?SIDIV

  -------         MODULE        ?C?IILDX
  C:04B0H         PUBLIC        ?C?IILDX
  -------         ENDMOD        ?C?IILDX

  -------         MODULE        ?C?LMUL
  C:04C6H         PUBLIC        ?C?LMUL
  -------         ENDMOD        ?C?LMUL

  -------         MODULE        ?C?ULDIV
  C:0551H         PUBLIC        ?C?ULDIV
  -------         ENDMOD        ?C?ULDIV

  -------         MODULE        ?C?LOR
  C:05E3H         PUBLIC        ?C?LOR
  -------         ENDMOD        ?C?LOR

BL51 BANKED LINKER/LOCATER V6.22                                                      10/30/2014  16:21:20  PAGE 47


  -------         MODULE        ?C?LNEG
  C:05F0H         PUBLIC        ?C?LNEG
  -------         ENDMOD        ?C?LNEG

  -------         MODULE        ?C?ULCMP
  C:05FEH         PUBLIC        ?C?ULCMP
  -------         ENDMOD        ?C?ULCMP

  -------         MODULE        ?C?LSHL
  C:060FH         PUBLIC        ?C?LSHL
  -------         ENDMOD        ?C?LSHL

  -------         MODULE        ?C?LLDIDATA
  C:0622H         PUBLIC        ?C?LLDIDATA
  -------         ENDMOD        ?C?LLDIDATA

  -------         MODULE        ?C?LLDIDATA0
  C:062EH         PUBLIC        ?C?LLDIDATA0
  -------         ENDMOD        ?C?LLDIDATA0

  -------         MODULE        ?C?PLDIIDATA
  C:063BH         PUBLIC        ?C?PLDIIDATA
  -------         ENDMOD        ?C?PLDIIDATA

  -------         MODULE        ?C?CCASE
  C:064BH         PUBLIC        ?C?CCASE
  -------         ENDMOD        ?C?CCASE

  -------         MODULE        ?C?ICASE
  C:0671H         PUBLIC        ?C?ICASE
  -------         ENDMOD        ?C?ICASE

  -------         MODULE        ?C?ICALL
  C:069EH         PUBLIC        ?C?ICALL
  C:06A2H         PUBLIC        ?C?ICALL2
  -------         ENDMOD        ?C?ICALL



FUNCTION REGISTER MASKS


FUNCTION . . . . . . . REG MASK
-------------------------------

ENDDWNLDSOFT . . . . . @0xf3ff
GETBUS . . . . . . . . @0x8000
GETTIME. . . . . . . . @0xc003
INITCPU. . . . . . . . @0xe000
INITSERIAL . . . . . . @0xe080
INITSPI. . . . . . . . @0xe000
INITTIMER1 . . . . . . @0xe000
READTEMPERATUR . . . . @0xf3f7
SERIALRCV_ISR. . . . . @0xf38f
SERIALSEND_ISR . . . . @0xf383
SWITCH_CLOCK . . . . . @0xf39f
WATCHDOG . . . . . . . @0xc000
BL51 BANKED LINKER/LOCATER V6.22                                                      10/30/2014  16:21:20  PAGE 48


_CHECKMBIT . . . . . . @0xf003
_DELAY . . . . . . . . @0xf00e
_IRCVSTR . . . . . . . @0xf363
_ISENDSTREXT . . . . . @0xf361
_MSEND_BIT . . . . . . @0xf33b
_READAD. . . . . . . . @0xf383
_READE2PROM. . . . . . @0xf00f
_SENDBYTE. . . . . . . @0x8000
_SWAPBYTES . . . . . . @0xfff3
_WRITEATT1 . . . . . . @0xf33f
_WRITEE2PROM . . . . . @0xf033
_WRITEE2PROMSTR. . . . @0xf3ff

Program Size: data=137.2 xdata=397 code=8850
LINK/LOCATE RUN COMPLETE.  0 WARNING(S),  0 ERROR(S)
