BL51 BANKED LINKER/LOCATER V6.22                                                        07/11/2014  13:22:11  PAGE 1


BL51 BANKED LINKER/LOCATER V6.22, INVOKED BY:
C:\PROGRAM FILES\KEIL\C51\BIN\BL51.EXE .\OUTPUT\main.obj, .\OUTPUT\timer.obj, .\OUTPUT\bro20W_cpu.obj, .\OUTPUT\bro20W_R
>> Fcontrol.obj, .\OUTPUT\bro20W_packet.obj, .\OUTPUT\START900.obj, .\OUTPUT\I2C.obj, .\OUTPUT\SPI.obj, .\OUTPUT\e2prom.
>> obj, .\OUTPUT\serial.obj TO .\OUTPUT\my_project REGFILE (.\OUTPUT\my_project.ORC) PRINT (.\list\my_project.m51) RAMSI
>> ZE (256)


MEMORY MODEL: SMALL WITH FLOATING POINT ARITHMETIC


INPUT MODULES INCLUDED:
  .\OUTPUT\main.obj (MAIN)
  .\OUTPUT\timer.obj (TIMER)
  .\OUTPUT\bro20W_cpu.obj (BRO20W_CPU)
  .\OUTPUT\bro20W_RFcontrol.obj (BRO20W_RFCONTROL)
  .\OUTPUT\bro20W_packet.obj (BRO20W_PACKET)
  .\OUTPUT\START900.obj (?C_STARTUP)
  .\OUTPUT\I2C.obj (I2C)
  .\OUTPUT\SPI.obj (SPI)
  .\OUTPUT\e2prom.obj (E2PROM)
  .\OUTPUT\serial.obj (SERIAL)
  C:\PROGRAM FILES\KEIL\C51\LIB\C51FPS.LIB (?C?FPADD)
  C:\PROGRAM FILES\KEIL\C51\LIB\C51FPS.LIB (?C?FPDIV)
  C:\PROGRAM FILES\KEIL\C51\LIB\C51FPS.LIB (?C?FCAST)
  C:\PROGRAM FILES\KEIL\C51\LIB\C51FPS.LIB (?C?CASTF)
  C:\PROGRAM FILES\KEIL\C51\LIB\C51FPS.LIB (?C?FPGETOPN)
  C:\PROGRAM FILES\KEIL\C51\LIB\C51S.LIB (?C_INIT)
  C:\PROGRAM FILES\KEIL\C51\LIB\C51S.LIB (?C?COPY)
  C:\PROGRAM FILES\KEIL\C51\LIB\C51S.LIB (?C?CLDPTR)
  C:\PROGRAM FILES\KEIL\C51\LIB\C51S.LIB (?C?CLDOPTR)
  C:\PROGRAM FILES\KEIL\C51\LIB\C51S.LIB (?C?CSTPTR)
  C:\PROGRAM FILES\KEIL\C51\LIB\C51S.LIB (?C?IMUL)
  C:\PROGRAM FILES\KEIL\C51\LIB\C51S.LIB (?C?UIDIV)
  C:\PROGRAM FILES\KEIL\C51\LIB\C51S.LIB (?C?SIDIV)
  C:\PROGRAM FILES\KEIL\C51\LIB\C51S.LIB (?C?IILDX)
  C:\PROGRAM FILES\KEIL\C51\LIB\C51S.LIB (?C?LMUL)
  C:\PROGRAM FILES\KEIL\C51\LIB\C51S.LIB (?C?ULDIV)
  C:\PROGRAM FILES\KEIL\C51\LIB\C51S.LIB (?C?LOR)
  C:\PROGRAM FILES\KEIL\C51\LIB\C51S.LIB (?C?LNEG)
  C:\PROGRAM FILES\KEIL\C51\LIB\C51S.LIB (?C?ULCMP)
  C:\PROGRAM FILES\KEIL\C51\LIB\C51S.LIB (?C?LSHL)
  C:\PROGRAM FILES\KEIL\C51\LIB\C51S.LIB (?C?LLDIDATA)
  C:\PROGRAM FILES\KEIL\C51\LIB\C51S.LIB (?C?LLDIDATA0)
  C:\PROGRAM FILES\KEIL\C51\LIB\C51S.LIB (?C?PLDIIDATA)
  C:\PROGRAM FILES\KEIL\C51\LIB\C51S.LIB (?C?CCASE)
  C:\PROGRAM FILES\KEIL\C51\LIB\C51S.LIB (?C?ICASE)
  C:\PROGRAM FILES\KEIL\C51\LIB\C51S.LIB (?C?ICALL)


LINK MAP OF MODULE:  .\OUTPUT\my_project (MAIN)


            TYPE    BASE      LENGTH    RELOCATION   SEGMENT NAME
            -----------------------------------------------------

            * * * * * * *   D A T A   M E M O R Y   * * * * * * *
            REG     0000H     0008H     ABSOLUTE     "REG BANK 0"
            DATA    0008H     0003H     UNIT         ?DT?BRO20W_PACKET
BL51 BANKED LINKER/LOCATER V6.22                                                      07/11/2014  13:22:11  PAGE 2


            DATA    000BH     0002H     UNIT         ?DT?TIMER
            DATA    000DH     0002H     UNIT         ?DT?SERIAL
            IDATA   000FH     0008H     UNIT         _IDATA_GROUP_
                    0017H     0009H                  *** GAP ***
            BIT     0020H.0   0000H.1   UNIT         ?BI?MAIN
            BIT     0020H.1   0000H.1   UNIT         _BIT_GROUP_
                    0020H.2   0000H.6                *** GAP ***
            DATA    0021H     002DH     UNIT         _DATA_GROUP_
            DATA    004EH     002CH     UNIT         ?DT?MAIN
            IDATA   007AH     0016H     UNIT         ?ID?MAIN
            IDATA   0090H     0001H     UNIT         ?STACK

            * * * * * * *  X D A T A   M E M O R Y  * * * * * * *
            XDATA   0000H     0186H     UNIT         ?XD?MAIN
            XDATA   0186H     0008H     UNIT         ?XD?BRO20W_PACKET
            XDATA   018EH     0001H     UNIT         _XDATA_GROUP_

            * * * * * * *   C O D E   M E M O R Y   * * * * * * *
            CODE    0000H     0003H     ABSOLUTE     
            CODE    0003H     0018H     UNIT         ?PR?_WRITEATT1?BRO20W_RFCONTROL
            CODE    001BH     0003H     ABSOLUTE     
            CODE    001EH     0004H     UNIT         ?PR?INITSPI?SPI
                    0022H     0001H                  *** GAP ***
            CODE    0023H     0003H     ABSOLUTE     
            CODE    0026H     000FH     UNIT         ?PR?_CHECKMBIT?BRO20W_RFCONTROL
            CODE    0035H     000BH     UNIT         ?PR?WATCHDOG?BRO20W_RFCONTROL
            CODE    0040H     000AH     ABSOLUTE     
            CODE    004AH     001EH     UNIT         ?C_INITSEG
                    0068H     0003H                  *** GAP ***
            CODE    006BH     0003H     ABSOLUTE     
            CODE    006EH     0636H     UNIT         ?C?LIB_CODE
            CODE    06A4H     0351H     UNIT         ?PR?EXECFCTPARAMSET?BRO20W_PACKET
            CODE    09F5H     01A0H     UNIT         ?PR?WRITEPLL?BRO20W_RFCONTROL
            CODE    0B95H     019FH     UNIT         ?PR?SERIALRCV_ISR?SERIAL
            CODE    0D34H     0172H     UNIT         ?PR?EXECRFPARAMQ?BRO20W_PACKET
            CODE    0EA6H     016DH     UNIT         ?PR?EXECDWNLDSOFT?BRO20W_PACKET
            CODE    1013H     0160H     UNIT         ?PR?OUTPUTPWRSAMPLING?BRO20W_PACKET
            CODE    1173H     0157H     UNIT         ?PR?GPALIMCOMPENSATE?BRO20W_RFCONTROL
            CODE    12CAH     0149H     UNIT         ?PR?INITRF?BRO20W_RFCONTROL
            CODE    1413H     0136H     UNIT         ?PR?ENDDWNLDSOFT?BRO20W_PACKET
            CODE    1549H     0131H     UNIT         ?PR?_WRITEAD5314?BRO20W_RFCONTROL
            CODE    167AH     00E9H     UNIT         ?PR?UPDATEALMINFO?BRO20W_PACKET
            CODE    1763H     00E6H     UNIT         ?PR?BRO20W_RFCONTROL
            CODE    1849H     00DFH     UNIT         ?PR?BRO20W_PACKET
            CODE    1928H     0092H     UNIT         ?PR?EXECUTE_CMD?BRO20W_PACKET
            CODE    19BAH     0089H     UNIT         ?PR?_READAD?BRO20W_RFCONTROL
            CODE    1A43H     0088H     UNIT         ?PR?ZHOUQIFASONG5MS?MAIN
            CODE    1ACBH     0087H     UNIT         ?PR?_SWITCHRF?BRO20W_RFCONTROL
            CODE    1B52H     0086H     UNIT         ?C_C51STARTUP
            CODE    1BD8H     007BH     UNIT         ?PR?SENDPKT?BRO20W_PACKET
            CODE    1C53H     006FH     UNIT         ?PR?_PROGPLL?BRO20W_RFCONTROL
            CODE    1CC2H     0067H     UNIT         ?PR?_IRCVSTR?I2C
            CODE    1D29H     0065H     UNIT         ?PR?TIMER1?TIMER
            CODE    1D8EH     005BH     UNIT         ?PR?EXECCHECKSUMQ?BRO20W_RFCONTROL
            CODE    1DE9H     005AH     UNIT         ?PR?TASKROUTINE?MAIN
            CODE    1E43H     004EH     UNIT         ?PR?SERIALSEND_ISR?SERIAL
            CODE    1E91H     0046H     UNIT         ?PR?MAIN?MAIN
BL51 BANKED LINKER/LOCATER V6.22                                                      07/11/2014  13:22:11  PAGE 3


            CODE    1ED7H     003FH     UNIT         ?PR?SENDINITPACKET?BRO20W_PACKET
            CODE    1F16H     003DH     UNIT         ?PR?_ISENDSTREXT?I2C
            CODE    1F53H     003BH     UNIT         ?PR?_SWAPBYTES?BRO20W_PACKET
            CODE    1F8EH     0037H     UNIT         ?PR?_READE2PROMSTR?E2PROM
            CODE    1FC5H     0036H     UNIT         ?PR?TASKHANDLEPKT?MAIN
            CODE    1FFBH     0036H     UNIT         ?PR?SWITCH_CLOCK?MAIN
            CODE    2031H     0036H     UNIT         ?PR?_CALDEFCKSUM?BRO20W_PACKET
            CODE    2067H     0036H     UNIT         ?PR?_WRITEE2PROMSTR?E2PROM
            CODE    209DH     0031H     UNIT         ?PR?READTEMPERATUR?BRO20W_RFCONTROL
            CODE    20CEH     002CH     UNIT         ?PR?INITCPU?BRO20W_CPU
            CODE    20FAH     002CH     UNIT         ?PR?_WRITELM75?BRO20W_RFCONTROL
            CODE    2126H     002CH     UNIT         ?PR?_MSEND_BIT?SPI
            CODE    2152H     0023H     UNIT         ?PR?TASKRUNPER30S?MAIN
            CODE    2175H     0022H     UNIT         ?PR?_READE2PROM?E2PROM
            CODE    2197H     0022H     UNIT         ?PR?_WRITEE2PROM?E2PROM
            CODE    21B9H     001CH     UNIT         ?PR?_DELAY?BRO20W_RFCONTROL
            CODE    21D5H     001CH     UNIT         ?PR?INITSERIAL?SERIAL
            CODE    21F1H     000EH     UNIT         ?PR?INITTIMER1?TIMER
            CODE    21FFH     000DH     UNIT         ?PR?GETBUS?I2C
            CODE    220CH     000BH     UNIT         ?PR?I2C
            CODE    2217H     000AH     UNIT         ?PR?TASKRUNPER5S?MAIN
            CODE    2221H     0009H     UNIT         ?PR?GETTIME?TIMER
            CODE    222AH     0009H     UNIT         ?PR?_SENDBYTE?I2C
            CODE    2233H     0008H     UNIT         ?CO?BRO20W_PACKET



OVERLAY MAP OF MODULE:   .\OUTPUT\my_project (MAIN)


SEGMENT                                          BIT_GROUP          DATA_GROUP          IDATA_GROUP         XDATA_GROUP
  +--> CALLED SEGMENT                         START    LENGTH     START    LENGTH     START    LENGTH     START    LENGT
>> H
------------------------------------------------------------------------------------------------------------------------
>> -
?C_C51STARTUP                                 -----    -----      -----    -----      -----    -----      -----    -----
>> 
  +--> ?PR?MAIN?MAIN
  +--> ?C_INITSEG

?PR?MAIN?MAIN                                 -----    -----      -----    -----      -----    -----      -----    -----
>> 
  +--> ?PR?INITCPU?BRO20W_CPU
  +--> ?PR?INITSERIAL?SERIAL
  +--> ?PR?INITSPI?SPI
  +--> ?PR?INITRF?BRO20W_RFCONTROL
  +--> ?PR?INITTIMER1?TIMER
  +--> ?PR?SENDINITPACKET?BRO20W_PACKET
  +--> ?PR?GETTIME?TIMER
  +--> ?PR?ZHOUQIFASONG5MS?MAIN
  +--> ?PR?TASKROUTINE?MAIN
  +--> ?PR?TASKHANDLEPKT?MAIN

?PR?INITRF?BRO20W_RFCONTROL                   -----    -----      0021H    000AH      -----    -----      -----    -----
>> 
  +--> ?PR?GETTIME?TIMER
  +--> ?PR?_SWITCHRF?BRO20W_RFCONTROL
BL51 BANKED LINKER/LOCATER V6.22                                                      07/11/2014  13:22:11  PAGE 4


  +--> ?PR?_DELAY?BRO20W_RFCONTROL
  +--> ?PR?WATCHDOG?BRO20W_RFCONTROL
  +--> ?PR?_READE2PROMSTR?E2PROM
  +--> ?PR?_SWAPBYTES?BRO20W_PACKET
  +--> ?PR?GPALIMCOMPENSATE?BRO20W_RFCONTROL
  +--> ?PR?_WRITEAD5314?BRO20W_RFCONTROL
  +--> ?PR?_WRITELM75?BRO20W_RFCONTROL
  +--> ?PR?_WRITEATT1?BRO20W_RFCONTROL
  +--> ?PR?WRITEPLL?BRO20W_RFCONTROL
  +--> ?PR?READTEMPERATUR?BRO20W_RFCONTROL
  +--> ?PR?EXECCHECKSUMQ?BRO20W_RFCONTROL

?PR?_SWITCHRF?BRO20W_RFCONTROL                -----    -----      002EH    0005H      -----    -----      -----    -----
>> 
  +--> ?PR?BRO20W_RFCONTROL
  +--> ?PR?_READE2PROMSTR?E2PROM
  +--> ?PR?_WRITEAD5314?BRO20W_RFCONTROL
  +--> ?PR?_SWAPBYTES?BRO20W_PACKET

?PR?_READE2PROMSTR?E2PROM                     -----    -----      0044H    0007H      -----    -----      -----    -----
>> 
  +--> ?PR?_READE2PROM?E2PROM

?PR?_READE2PROM?E2PROM                        0020H.1  0000H.1    -----    -----      -----    -----      -----    -----
>> 

?PR?_WRITEAD5314?BRO20W_RFCONTROL             -----    -----      0033H    0003H      -----    -----      018EH    0001H
>> 
  +--> ?PR?BRO20W_RFCONTROL
  +--> ?PR?_MSEND_BIT?SPI

?PR?_SWAPBYTES?BRO20W_PACKET                  -----    -----      0044H    0007H      -----    -----      -----    -----
>> 
  +--> ?PR?BRO20W_PACKET

?PR?_DELAY?BRO20W_RFCONTROL                   -----    -----      -----    -----      -----    -----      -----    -----
>> 
  +--> ?PR?WATCHDOG?BRO20W_RFCONTROL

?PR?GPALIMCOMPENSATE?BRO20W_RFCONTROL         -----    -----      002EH    0007H      -----    -----      -----    -----
>> 
  +--> ?PR?_READE2PROMSTR?E2PROM
  +--> ?PR?BRO20W_RFCONTROL
  +--> ?PR?_SWAPBYTES?BRO20W_PACKET

?PR?_WRITELM75?BRO20W_RFCONTROL               -----    -----      002EH    0006H      -----    -----      -----    -----
>> 
  +--> ?PR?WATCHDOG?BRO20W_RFCONTROL
  +--> ?PR?_ISENDSTREXT?I2C

?PR?_ISENDSTREXT?I2C                          -----    -----      0034H    0005H      -----    -----      018EH    0001H
>> 
  +--> ?PR?I2C
  +--> ?PR?_SENDBYTE?I2C

?PR?I2C                                       -----    -----      -----    -----      -----    -----      -----    -----
>> 
BL51 BANKED LINKER/LOCATER V6.22                                                      07/11/2014  13:22:11  PAGE 5


  +--> ?PR?GETBUS?I2C
  +--> ?PR?_SENDBYTE?I2C

?PR?_WRITEATT1?BRO20W_RFCONTROL               -----    -----      -----    -----      -----    -----      -----    -----
>> 
  +--> ?PR?_MSEND_BIT?SPI

?PR?WRITEPLL?BRO20W_RFCONTROL                 -----    -----      002EH    0016H      -----    -----      -----    -----
>> 
  +--> ?PR?BRO20W_RFCONTROL
  +--> ?PR?_CHECKMBIT?BRO20W_RFCONTROL
  +--> ?PR?_PROGPLL?BRO20W_RFCONTROL
  +--> ?PR?WATCHDOG?BRO20W_RFCONTROL
  +--> ?PR?_READE2PROMSTR?E2PROM
  +--> ?PR?_SWAPBYTES?BRO20W_PACKET

?PR?_PROGPLL?BRO20W_RFCONTROL                 -----    -----      0044H    000AH      -----    -----      -----    -----
>> 

?PR?READTEMPERATUR?BRO20W_RFCONTROL           -----    -----      002BH    0002H      -----    -----      -----    -----
>> 
  +--> ?PR?_IRCVSTR?I2C

?PR?_IRCVSTR?I2C                              -----    -----      002EH    0006H      -----    -----      -----    -----
>> 
  +--> ?PR?I2C
  +--> ?PR?_SENDBYTE?I2C

?PR?EXECCHECKSUMQ?BRO20W_RFCONTROL            -----    -----      002BH    0002H      -----    -----      -----    -----
>> 
  +--> ?PR?WATCHDOG?BRO20W_RFCONTROL

?PR?SENDINITPACKET?BRO20W_PACKET              -----    -----      -----    -----      -----    -----      -----    -----
>> 
  +--> ?PR?BRO20W_PACKET
  +--> ?PR?_READE2PROMSTR?E2PROM
  +--> ?PR?_WRITEE2PROMSTR?E2PROM
  +--> ?PR?SENDPKT?BRO20W_PACKET

?PR?_WRITEE2PROMSTR?E2PROM                    -----    -----      002EH    0006H      -----    -----      -----    -----
>> 
  +--> ?PR?_WRITEE2PROM?E2PROM

?PR?_WRITEE2PROM?E2PROM                       0020H.1  0000H.1    -----    -----      -----    -----      -----    -----
>> 

?PR?SENDPKT?BRO20W_PACKET                     -----    -----      0021H    0004H      -----    -----      -----    -----
>> 
  +--> ?PR?BRO20W_PACKET
  +--> ?PR?_CALDEFCKSUM?BRO20W_PACKET

?PR?_CALDEFCKSUM?BRO20W_PACKET                -----    -----      0025H    0008H      -----    -----      018EH    0001H
>> 
  +--> ?PR?BRO20W_PACKET

?PR?ZHOUQIFASONG5MS?MAIN                      -----    -----      -----    -----      -----    -----      -----    -----
>> 
BL51 BANKED LINKER/LOCATER V6.22                                                      07/11/2014  13:22:11  PAGE 6


  +--> ?PR?_WRITEATT1?BRO20W_RFCONTROL

?PR?TASKROUTINE?MAIN                          -----    -----      -----    -----      -----    -----      -----    -----
>> 
  +--> ?PR?WATCHDOG?BRO20W_RFCONTROL
  +--> ?PR?GETTIME?TIMER
  +--> ?PR?SWITCH_CLOCK?MAIN
  +--> ?PR?TASKRUNPER5S?MAIN
  +--> ?PR?TASKRUNPER30S?MAIN

?PR?SWITCH_CLOCK?MAIN                         -----    -----      -----    -----      -----    -----      -----    -----
>> 
  +--> ?PR?_READAD?BRO20W_RFCONTROL

?PR?_READAD?BRO20W_RFCONTROL                  -----    -----      0035H    0002H      -----    -----      -----    -----
>> 

?PR?TASKRUNPER5S?MAIN                         -----    -----      -----    -----      -----    -----      -----    -----
>> 
  +--> ?PR?UPDATEALMINFO?BRO20W_PACKET

?PR?UPDATEALMINFO?BRO20W_PACKET               -----    -----      -----    -----      -----    -----      -----    -----
>> 
  +--> ?PR?WATCHDOG?BRO20W_RFCONTROL
  +--> ?PR?BRO20W_PACKET
  +--> ?PR?_SWITCHRF?BRO20W_RFCONTROL
  +--> ?PR?WRITEPLL?BRO20W_RFCONTROL
  +--> ?PR?_DELAY?BRO20W_RFCONTROL
  +--> ?PR?_READAD?BRO20W_RFCONTROL
  +--> ?PR?OUTPUTPWRSAMPLING?BRO20W_PACKET

?PR?OUTPUTPWRSAMPLING?BRO20W_PACKET           -----    -----      002EH    0007H      -----    -----      -----    -----
>> 
  +--> ?PR?_READAD?BRO20W_RFCONTROL
  +--> ?PR?_READE2PROMSTR?E2PROM
  +--> ?PR?_SWAPBYTES?BRO20W_PACKET
  +--> ?PR?BRO20W_PACKET

?PR?TASKRUNPER30S?MAIN                        -----    -----      -----    -----      -----    -----      -----    -----
>> 
  +--> ?PR?READTEMPERATUR?BRO20W_RFCONTROL
  +--> ?PR?GPALIMCOMPENSATE?BRO20W_RFCONTROL
  +--> ?PR?_WRITEAD5314?BRO20W_RFCONTROL
  +--> ?PR?WATCHDOG?BRO20W_RFCONTROL

?PR?TASKHANDLEPKT?MAIN                        -----    -----      -----    -----      -----    -----      -----    -----
>> 
  +--> ?PR?WATCHDOG?BRO20W_RFCONTROL
  +--> ?PR?EXECUTE_CMD?BRO20W_PACKET
  +--> ?PR?SENDPKT?BRO20W_PACKET

?PR?EXECUTE_CMD?BRO20W_PACKET                 -----    -----      0021H    0002H      -----    -----      -----    -----
>> 
  +--> ?PR?EXECFCTPARAMSET?BRO20W_PACKET
  +--> ?PR?EXECRFPARAMQ?BRO20W_PACKET
  +--> ?PR?ENDDWNLDSOFT?BRO20W_PACKET
  +--> ?PR?GETTIME?TIMER
BL51 BANKED LINKER/LOCATER V6.22                                                      07/11/2014  13:22:11  PAGE 7


  +--> ?PR?EXECDWNLDSOFT?BRO20W_PACKET
  +--> ?PR?BRO20W_PACKET

?PR?EXECFCTPARAMSET?BRO20W_PACKET             -----    -----      0023H    000BH      -----    -----      -----    -----
>> 
  +--> ?PR?BRO20W_PACKET
  +--> ?PR?_READE2PROMSTR?E2PROM
  +--> ?PR?_IRCVSTR?I2C
  +--> ?PR?_WRITEE2PROMSTR?E2PROM
  +--> ?PR?_WRITEAD5314?BRO20W_RFCONTROL
  +--> ?PR?_WRITEATT1?BRO20W_RFCONTROL
  +--> ?PR?UPDATEALMINFO?BRO20W_PACKET
  +--> ?PR?_SWAPBYTES?BRO20W_PACKET
  +--> ?PR?WRITEPLL?BRO20W_RFCONTROL
  +--> ?PR?_DELAY?BRO20W_RFCONTROL
  +--> ?PR?GPALIMCOMPENSATE?BRO20W_RFCONTROL
  +--> ?PR?_WRITELM75?BRO20W_RFCONTROL
  +--> ?PR?WATCHDOG?BRO20W_RFCONTROL

?PR?EXECRFPARAMQ?BRO20W_PACKET                -----    -----      0023H    0002H      -----    -----      -----    -----
>> 
  +--> ?PR?BRO20W_PACKET
  +--> ?PR?_READE2PROMSTR?E2PROM
  +--> ?PR?_SWAPBYTES?BRO20W_PACKET
  +--> ?PR?WATCHDOG?BRO20W_RFCONTROL

?PR?ENDDWNLDSOFT?BRO20W_PACKET                -----    -----      0023H    000AH      -----    -----      -----    -----
>> 
  +--> ?PR?BRO20W_PACKET
  +--> ?PR?WATCHDOG?BRO20W_RFCONTROL
  +--> ?PR?_WRITEE2PROMSTR?E2PROM
  +--> ?PR?_ISENDSTREXT?I2C

?PR?EXECDWNLDSOFT?BRO20W_PACKET               -----    -----      0023H    0002H      000FH    0008H      -----    -----
>> 
  +--> ?PR?BRO20W_PACKET
  +--> ?PR?_SWAPBYTES?BRO20W_PACKET
  +--> ?PR?WATCHDOG?BRO20W_RFCONTROL
  +--> ?PR?_ISENDSTREXT?I2C
  +--> ?CO?BRO20W_PACKET

*** NEW ROOT ***************************************************

?PR?SERIALRCV_ISR?SERIAL                      -----    -----      -----    -----      -----    -----      -----    -----
>> 
  +--> ?PR?GETTIME?TIMER



SYMBOL TABLE OF MODULE:  .\OUTPUT\my_project (MAIN)

  VALUE           TYPE          NAME
  ----------------------------------

  -------         MODULE        MAIN
  C:0000H         SYMBOL        _ICE_DUMMY_
  X:0008H         PUBLIC        gDownFlag
BL51 BANKED LINKER/LOCATER V6.22                                                      07/11/2014  13:22:11  PAGE 8


  X:0009H         PUBLIC        gCurOffset
  B:00A0H.6       PUBLIC        V33C
  D:0080H         PUBLIC        P0
  C:1DE9H         PUBLIC        TaskRoutine
  D:0090H         PUBLIC        P1
  X:000BH         PUBLIC        gOutPwrVal
  D:00A0H         PUBLIC        P2
  D:004FH         PUBLIC        gpreRfTemp
  I:007AH         PUBLIC        Rx_ptr
  D:00B0H         PUBLIC        P3
  D:0051H         PUBLIC        Tx_ptr
  D:0052H         PUBLIC        gcurRfTemp
  B:00A8H.7       PUBLIC        EA
  X:000DH         PUBLIC        gOutPwrSlopeVal
  I:007BH         PUBLIC        gDAoutA
  I:007DH         PUBLIC        gDAoutB
  I:007FH         PUBLIC        gDAoutC
  I:0081H         PUBLIC        gDAoutD
  D:00A8H         PUBLIC        IEN0
  X:000FH         PUBLIC        __PlusReqAddr
  D:00E8H         PUBLIC        IEN1
  D:0054H         PUBLIC        gCenFreq
  X:0010H         PUBLIC        gAtttempval
  X:0011H         PUBLIC        AutoSwitch
  B:0020H.0       PUBLIC        rfPramModified
  D:0058H         PUBLIC        pack_valid
  D:0059H         PUBLIC        TimerCallback
  X:0012H         PUBLIC        AppModel
  C:1FC5H         PUBLIC        TaskHandlePkt
  I:0083H         PUBLIC        PktHandle2S_time
  I:0085H         PUBLIC        gPALim
  X:0013H         PUBLIC        gAtteVal
  D:005CH         PUBLIC        Data_len
  X:0014H         PUBLIC        gRF_No
  C:2217H         PUBLIC        TaskRunPer5s
  X:0015H         PUBLIC        gCurHlim
  X:0017H         PUBLIC        __PlusReqFreq
  X:0019H         PUBLIC        __PlusReqPower
  X:001AH         PUBLIC        gTempgain
  X:001BH         PUBLIC        gPAResetLim
  X:001CH         PUBLIC        gCurLlim
  X:001EH         PUBLIC        __temp_que
  C:1E91H         PUBLIC        main
  X:0024H         PUBLIC        gPALimNumer
  D:005DH         PUBLIC        PaSwitch
  D:005EH         PUBLIC        Lim_state
  D:00C0H         PUBLIC        ADMODA
  X:0025H         PUBLIC        gOutPwrShutVal
  X:0026H         PUBLIC        gRFSW
  D:005FH         PUBLIC        ack_flag
  D:0060H         PUBLIC        RfSwitch
  D:0061H         PUBLIC        Task5S_time
  D:0098H         PUBLIC        SCON
  D:0088H         PUBLIC        TCON
  I:0087H         PUBLIC        Rx_chksum
  D:0063H         PUBLIC        Tx_chksum
  C:1A43H         SYMBOL        ZhouQiFaSong5ms
BL51 BANKED LINKER/LOCATER V6.22                                                      07/11/2014  13:22:11  PAGE 9


  X:0027H         PUBLIC        ByteCnt
  X:0028H         PUBLIC        gAtt1
  X:0029H         PUBLIC        gCurCo
  X:002BH         PUBLIC        gPReadADNumer
  D:0064H         PUBLIC        gtestflag
  X:002CH         PUBLIC        RcvDat
  X:004CH         PUBLIC        gGainDenomi
  D:00B8H         PUBLIC        IP0
  D:00F8H         PUBLIC        IP1
  D:0065H         PUBLIC        DwnldSoft1m_time
  D:00C8H         PUBLIC        TCR20
  C:2152H         PUBLIC        TaskRunPer30s
  X:004DH         PUBLIC        NoAck
  D:0067H         PUBLIC        InputPwr
  I:0088H         PUBLIC        Rx_state
  D:0069H         PUBLIC        OutputPwr
  D:006BH         PUBLIC        TempOverAlm
  X:004EH         PUBLIC        gGainOffset
  D:006CH         PUBLIC        gainCo
  X:004FH         PUBLIC        XmtDat
  I:0089H         PUBLIC        Task100MS_time
  D:006EH         PUBLIC        softDownLoad
  D:00D8H         PUBLIC        I2CON
  D:006FH         PUBLIC        Task30S_time
  X:0071H         PUBLIC        PaAdjEquModulus
  D:0071H         PUBLIC        LNA_state
  X:0072H         PUBLIC        __PlusSwitchState
  X:0073H         PUBLIC        PaLastAdjDate_month
  X:0075H         PUBLIC        gPequDenomi
  C:1FFBH         PUBLIC        Switch_clock
  X:0076H         PUBLIC        gRefPwrVal
  X:0078H         PUBLIC        gGain
  I:008BH         PUBLIC        Rx_size
  X:0079H         PUBLIC        RxBuf
  D:0072H         PUBLIC        Tx_size
  X:00F9H         PUBLIC        TxBuf
  X:0179H         PUBLIC        gRefPwrSlopeVal
  D:0073H         PUBLIC        PLL_state
  X:017BH         PUBLIC        PaLastAdjDate_year
  D:0074H         PUBLIC        re_Pwr
  X:017DH         PUBLIC        all_checksum
  X:017FH         PUBLIC        gGainNumer
  X:0180H         PUBLIC        gPAProtecttLim
  I:008CH         PUBLIC        gPBmFreq
  D:0076H         PUBLIC        PA_current
  X:0181H         PUBLIC        PaUpLimit
  X:0183H         PUBLIC        PaLastAdjDate_day
  D:00D0H         PUBLIC        PSW
  D:0078H         PUBLIC        gtestRfTemp
  X:0185H         PUBLIC        gBaseTemp
  -------         PROC          ZHOUQIFASONG5MS
  -------         DO            
  D:004EH         SYMBOL        idx
  X:0000H         SYMBOL        txPaBuf
  D:0007H         SYMBOL        state
  D:0006H         SYMBOL        check
  -------         ENDDO         
BL51 BANKED LINKER/LOCATER V6.22                                                      07/11/2014  13:22:11  PAGE 10


  C:1A43H         LINE#         50
  C:1A43H         LINE#         57
  C:1A4CH         LINE#         59
  C:1A50H         LINE#         60
  C:1A50H         LINE#         61
  C:1A59H         LINE#         62
  C:1A6EH         LINE#         63
  C:1A73H         LINE#         64
  C:1A73H         LINE#         65
  C:1A78H         LINE#         66
  C:1A7CH         LINE#         67
  C:1A7FH         LINE#         68
  C:1A84H         LINE#         69
  C:1A84H         LINE#         71
  C:1AA8H         LINE#         73
  C:1AB7H         LINE#         74
  C:1AB7H         LINE#         75
  C:1ABAH         LINE#         76
  C:1ABEH         LINE#         77
  C:1ABEH         LINE#         79
  C:1AC1H         LINE#         80
  C:1AC1H         LINE#         81
  C:1AC3H         LINE#         82
  C:1AC5H         LINE#         84
  C:1AC5H         LINE#         85
  C:1ACAH         LINE#         86
  C:1ACAH         LINE#         87
  -------         ENDPROC       ZHOUQIFASONG5MS
  -------         PROC          MAIN
  C:1E91H         LINE#         100
  C:1E91H         LINE#         102
  C:1E94H         LINE#         103
  C:1E97H         LINE#         104
  C:1E9AH         LINE#         105
  C:1E9DH         LINE#         106
  C:1EA0H         LINE#         107
  C:1EA3H         LINE#         108
  C:1EAAH         LINE#         110
  C:1EACH         LINE#         111
  C:1EB5H         LINE#         112
  C:1EB7H         LINE#         114
  C:1EB7H         LINE#         115
  C:1EB7H         LINE#         116
  C:1ECCH         LINE#         117
  C:1ECCH         LINE#         118
  C:1ECFH         LINE#         119
  C:1ECFH         LINE#         120
  C:1ED2H         LINE#         121
  C:1ED5H         LINE#         122
  -------         ENDPROC       MAIN
  -------         PROC          TASKHANDLEPKT
  C:1FC5H         LINE#         136
  C:1FC5H         LINE#         137
  C:1FC5H         LINE#         138
  C:1FCBH         LINE#         139
  C:1FCBH         LINE#         144
  C:1FCFH         LINE#         145
BL51 BANKED LINKER/LOCATER V6.22                                                      07/11/2014  13:22:11  PAGE 11


  C:1FCFH         LINE#         146
  C:1FD2H         LINE#         147
  C:1FD5H         LINE#         148
  C:1FD5H         LINE#         149
  C:1FD9H         LINE#         151
  C:1FD9H         LINE#         152
  C:1FDDH         LINE#         153
  C:1FE5H         LINE#         154
  C:1FE5H         LINE#         155
  C:1FE8H         LINE#         158
  C:1FF4H         LINE#         159
  C:1FF4H         LINE#         160
  C:1FF7H         LINE#         161
  C:1FF7H         LINE#         163
  C:1FF7H         LINE#         164
  C:1FFAH         LINE#         165
  C:1FFAH         LINE#         166
  C:1FFAH         LINE#         167
  -------         ENDPROC       TASKHANDLEPKT
  -------         PROC          TASKROUTINE
  C:1DE9H         LINE#         181
  C:1DE9H         LINE#         182
  C:1DE9H         LINE#         183
  C:1DECH         LINE#         184
  C:1DF4H         LINE#         185
  C:1DF4H         LINE#         186
  C:1E01H         LINE#         187
  C:1E01H         LINE#         188
  C:1E0AH         LINE#         189
  C:1E0DH         LINE#         190
  C:1E0DH         LINE#         191
  C:1E19H         LINE#         192
  C:1E19H         LINE#         193
  C:1E24H         LINE#         194
  C:1E27H         LINE#         195
  C:1E27H         LINE#         196
  C:1E33H         LINE#         197
  C:1E33H         LINE#         198
  C:1E3FH         LINE#         199
  C:1E42H         LINE#         200
  C:1E42H         LINE#         201
  C:1E42H         LINE#         202
  -------         ENDPROC       TASKROUTINE
  -------         PROC          SWITCH_CLOCK
  -------         DO            
  D:0004H         SYMBOL        vcc_in
  D:0003H         SYMBOL        i
  -------         ENDDO         
  C:1FFBH         LINE#         215
  C:1FFBH         LINE#         216
  C:1FFBH         LINE#         217
  C:1FFEH         LINE#         219
  C:2004H         LINE#         220
  C:2004H         LINE#         223
  C:2006H         LINE#         224
  C:2006H         LINE#         226
  C:2011H         LINE#         227
BL51 BANKED LINKER/LOCATER V6.22                                                      07/11/2014  13:22:11  PAGE 12


  C:2015H         LINE#         230
  C:2023H         LINE#         232
  C:202BH         LINE#         233
  C:202EH         LINE#         235
  C:2030H         LINE#         236
  C:2030H         LINE#         237
  -------         ENDPROC       SWITCH_CLOCK
  -------         PROC          TASKRUNPER5S
  C:2217H         LINE#         249
  C:2217H         LINE#         250
  C:2217H         LINE#         251
  C:221DH         LINE#         252
  C:221DH         LINE#         253
  C:2220H         LINE#         254
  C:2220H         LINE#         255
  -------         ENDPROC       TASKRUNPER5S
  -------         PROC          TASKRUNPER30S
  C:2152H         LINE#         267
  C:2152H         LINE#         268
  C:2152H         LINE#         269
  C:2158H         LINE#         270
  C:2158H         LINE#         272
  C:215BH         LINE#         275
  C:2162H         LINE#         276
  C:2162H         LINE#         277
  C:2165H         LINE#         278
  C:2171H         LINE#         279
  C:2171H         LINE#         284
  C:2174H         LINE#         285
  C:2174H         LINE#         286
  -------         ENDPROC       TASKRUNPER30S
  -------         ENDMOD        MAIN

  -------         MODULE        TIMER
  C:0000H         SYMBOL        _ICE_DUMMY_
  D:0080H         PUBLIC        P0
  D:0090H         PUBLIC        P1
  D:00A0H         PUBLIC        P2
  D:00B0H         PUBLIC        P3
  B:00A8H.7       PUBLIC        EA
  D:00A8H         PUBLIC        IEN0
  D:00E8H         PUBLIC        IEN1
  D:0098H         PUBLIC        SCON
  C:1D29H         PUBLIC        Timer1
  D:0089H         PUBLIC        TMOD
  D:0088H         PUBLIC        TCON
  D:00B8H         PUBLIC        IP0
  B:00A8H.3       PUBLIC        ET1
  D:00F8H         PUBLIC        IP1
  C:21F1H         PUBLIC        InitTimer1
  D:00C8H         PUBLIC        TCR20
  D:008DH         PUBLIC        TH1
  D:008BH         PUBLIC        TL1
  C:2221H         PUBLIC        getTime
  B:0088H.6       PUBLIC        TR1
  D:00C0H         PUBLIC        AD0MODA
  D:00D8H         PUBLIC        I2CON
BL51 BANKED LINKER/LOCATER V6.22                                                      07/11/2014  13:22:11  PAGE 13


  D:000BH         SYMBOL        sysTime
  D:00D0H         PUBLIC        PSW
  -------         PROC          INITTIMER1
  C:21F1H         LINE#         33
  C:21F1H         LINE#         34
  C:21F1H         LINE#         35
  C:21F4H         LINE#         37
  C:21F7H         LINE#         38
  C:21FAH         LINE#         40
  C:21FCH         LINE#         41
  C:21FEH         LINE#         43
  -------         ENDPROC       INITTIMER1
  -------         PROC          TIMER1
  C:1D29H         LINE#         55
  C:1D46H         LINE#         57
  C:1D48H         LINE#         58
  C:1D4BH         LINE#         59
  C:1D4EH         LINE#         60
  C:1D50H         LINE#         61
  C:1D58H         LINE#         62
  C:1D60H         LINE#         63
  C:1D62H         LINE#         64
  C:1D64H         LINE#         67
  C:1D6CH         LINE#         68
  C:1D73H         LINE#         69
  -------         ENDPROC       TIMER1
  -------         PROC          GETTIME
  -------         DO            
  D:0006H         SYMBOL        ticks
  -------         ENDDO         
  C:2221H         LINE#         80
  C:2221H         LINE#         84
  C:2223H         LINE#         85
  C:2227H         LINE#         86
  C:2229H         LINE#         88
  C:2229H         LINE#         89
  -------         ENDPROC       GETTIME
  -------         ENDMOD        TIMER

  -------         MODULE        BRO20W_CPU
  C:0000H         SYMBOL        _ICE_DUMMY_
  D:0084H         PUBLIC        P0M1
  D:0091H         PUBLIC        P1M1
  D:0085H         PUBLIC        P0M2
  D:0080H         PUBLIC        P0
  D:00A4H         PUBLIC        P2M1
  D:0092H         PUBLIC        P1M2
  D:0090H         PUBLIC        P1
  D:00B1H         PUBLIC        P3M1
  D:00A5H         PUBLIC        P2M2
  D:00A0H         PUBLIC        P2
  D:00B2H         PUBLIC        P3M2
  D:00B0H         PUBLIC        P3
  B:00A8H.7       PUBLIC        EA
  D:00A8H         PUBLIC        IEN0
  D:00E8H         PUBLIC        IEN1
  D:00C2H         PUBLIC        WFEED1
BL51 BANKED LINKER/LOCATER V6.22                                                      07/11/2014  13:22:11  PAGE 14


  D:00C3H         PUBLIC        WFEED2
  B:0090H.4       PUBLIC        WP
  D:0098H         PUBLIC        SCON
  D:0088H         PUBLIC        TCON
  C:20CEH         PUBLIC        InitCpu
  D:00E0H         PUBLIC        ACC
  D:00B8H         PUBLIC        IP0
  D:00F8H         PUBLIC        IP1
  D:00C8H         PUBLIC        TCR20
  D:00C0H         PUBLIC        AD0MODA
  D:00D8H         PUBLIC        I2CON
  D:00C1H         PUBLIC        WDL
  D:00D0H         PUBLIC        PSW
  D:00A7H         PUBLIC        WDCON
  -------         PROC          INITCPU
  C:20CEH         LINE#         31
  C:20CEH         LINE#         32
  C:20CEH         LINE#         34
  C:20D1H         LINE#         35
  C:20D4H         LINE#         44
  C:20D7H         LINE#         45
  C:20DAH         LINE#         54
  C:20DDH         LINE#         55
  C:20E0H         LINE#         64
  C:20E3H         LINE#         65
  C:20E6H         LINE#         69
  C:20E8H         LINE#         70
  C:20EAH         LINE#         71
  C:20EDH         LINE#         72
  C:20EFH         LINE#         73
  C:20F2H         LINE#         74
  C:20F5H         LINE#         78
  C:20F7H         LINE#         79
  C:20F9H         LINE#         81
  -------         ENDPROC       INITCPU
  -------         ENDMOD        BRO20W_CPU

  -------         MODULE        BRO20W_RFCONTROL
  C:0000H         SYMBOL        _ICE_DUMMY_
  D:0080H         PUBLIC        P0
  D:0090H         PUBLIC        P1
  D:00A0H         PUBLIC        P2
  C:1549H         PUBLIC        _writeAD5314
  D:00B0H         PUBLIC        P3
  B:00A8H.7       PUBLIC        EA
  C:0003H         PUBLIC        _writeAtt1
  D:00A8H         PUBLIC        IEN0
  D:00E8H         PUBLIC        IEN1
  B:0080H.6       PUBLIC        LD
  C:21B9H         PUBLIC        _delay
  C:1D8EH         PUBLIC        execCheckSumQ
  D:008EH         PUBLIC        ADCON0
  C:09F5H         PUBLIC        writePLL
  D:0097H         PUBLIC        ADCON1
  B:00A0H.4       PUBLIC        DATA
  D:00C2H         PUBLIC        WFEED1
  D:00C3H         PUBLIC        WFEED2
BL51 BANKED LINKER/LOCATER V6.22                                                      07/11/2014  13:22:11  PAGE 15


  B:0080H.3       PUBLIC        SrcSwitch
  C:19BAH         PUBLIC        _readAD
  C:1C53H         PUBLIC        _progPLL
  B:0090H.6       PUBLIC        RFSrcSelect
  D:00C0H         PUBLIC        ADMODA
  D:00A1H         PUBLIC        ADMODB
  C:1ACBH         PUBLIC        _switchRF
  C:12CAH         PUBLIC        InitRF
  B:0090H.7       PUBLIC        RFswitch
  C:1173H         PUBLIC        gPALimCompensate
  D:0098H         PUBLIC        SCON
  C:20FAH         PUBLIC        _writeLM75
  D:0088H         PUBLIC        TCON
  D:00C5H         PUBLIC        AD0DAT0
  D:00D5H         PUBLIC        AD1DAT0
  D:00C6H         PUBLIC        AD0DAT1
  B:00A0H.7       PUBLIC        LE1
  B:00A0H.2       PUBLIC        LD2
  D:00D6H         PUBLIC        AD1DAT1
  D:00C7H         PUBLIC        AD0DAT2
  D:00D7H         PUBLIC        AD1DAT2
  D:00F4H         PUBLIC        AD0DAT3
  D:00F5H         PUBLIC        AD1DAT3
  D:00B8H         PUBLIC        IP0
  D:00F8H         PUBLIC        IP1
  D:00C8H         PUBLIC        TCR20
  C:209DH         PUBLIC        readTemperatur
  B:0098H.5       PUBLIC        SM2
  C:0035H         PUBLIC        watchdog
  B:00A0H.5       PUBLIC        CLK
  D:00D8H         PUBLIC        I2CON
  C:0026H         PUBLIC        _checkMBit
  D:00A3H         PUBLIC        ADINS
  D:00D0H         PUBLIC        PSW
  C:1763H         SYMBOL        Com006D
  C:1763H         SYMBOL        L?0110
  C:1770H         SYMBOL        L?0111
  C:1773H         SYMBOL        L?0112
  C:177CH         SYMBOL        L?0114
  C:177CH         SYMBOL        L?0115
  C:1793H         SYMBOL        L?0116
  C:17B4H         SYMBOL        L?0119
  C:17CFH         SYMBOL        L?0120
  C:17D2H         SYMBOL        L?0121
  C:17DBH         SYMBOL        L?0122
  C:17F0H         SYMBOL        L?0123
  C:1805H         SYMBOL        L?0124
  C:1810H         SYMBOL        L?0125
  C:1813H         SYMBOL        L?0126
  C:181CH         SYMBOL        L?0131
  C:181CH         SYMBOL        L?0132
  C:1825H         SYMBOL        L?0135
  C:1831H         SYMBOL        L?0136
  C:183DH         SYMBOL        L?0137
  -------         PROC          COM006D
  -------         ENDPROC       COM006D
  C:13F3H         SYMBOL        L?0117
BL51 BANKED LINKER/LOCATER V6.22                                                      07/11/2014  13:22:11  PAGE 16


  C:13FFH         SYMBOL        L?0118
  C:1409H         SYMBOL        L?0127
  -------         PROC          INITRF
  -------         DO            
  D:0021H         SYMBOL        temp
  -------         ENDDO         
  C:12CAH         LINE#         35
  C:12CAH         LINE#         36
  C:12CAH         LINE#         39
  C:12CCH         LINE#         40
  C:12D8H         LINE#         41
  C:12E4H         LINE#         42
  C:12EEH         LINE#         44
  C:12F0H         LINE#         45
  C:12F2H         LINE#         46
  C:12F4H         LINE#         47
  C:12F6H         LINE#         48
  C:12F9H         LINE#         49
  C:12FBH         LINE#         50
  C:12FDH         LINE#         51
  C:1302H         LINE#         52
  C:1307H         LINE#         53
  C:130CH         LINE#         54
  C:1310H         LINE#         56
  C:1314H         LINE#         58
  C:1318H         LINE#         59
  C:131CH         LINE#         60
  C:1320H         LINE#         63
  C:1324H         LINE#         64
  C:1328H         LINE#         66
  C:132CH         LINE#         68
  C:1331H         LINE#         69
  C:1334H         LINE#         72
  C:1343H         LINE#         75
  C:134AH         LINE#         76
  C:1358H         LINE#         78
  C:135FH         LINE#         79
  C:1374H         LINE#         81
  C:137DH         LINE#         83
  C:1380H         LINE#         84
  C:138CH         LINE#         86
  C:138FH         LINE#         87
  C:1398H         LINE#         89
  C:13A1H         LINE#         90
  C:13ADH         LINE#         92
  C:13B6H         LINE#         93
  C:13C2H         LINE#         95
  C:13CBH         LINE#         96
  C:13CEH         LINE#         97
  C:13DDH         LINE#         98
  C:13E5H         LINE#         99
  C:13E8H         LINE#         100
  C:13EDH         LINE#         101
  C:13F0H         LINE#         102
  C:13F3H         LINE#         103
  -------         ENDPROC       INITRF
  -------         PROC          _WRITELM75
BL51 BANKED LINKER/LOCATER V6.22                                                      07/11/2014  13:22:11  PAGE 17


  D:0007H         SYMBOL        point
  D:0005H         SYMBOL        value
  D:002EH         SYMBOL        num
  -------         DO            
  D:002FH         SYMBOL        temp
  -------         ENDDO         
  C:20FAH         LINE#         107
  C:20FCH         LINE#         108
  C:20FCH         LINE#         110
  C:2101H         LINE#         111
  C:2101H         LINE#         112
  C:2104H         LINE#         113
  C:2107H         LINE#         114
  C:2109H         LINE#         115
  C:210EH         LINE#         116
  C:210EH         LINE#         117
  C:2110H         LINE#         118
  C:2112H         LINE#         119
  C:2115H         LINE#         120
  C:2115H         LINE#         121
  C:2118H         LINE#         122
  -------         ENDPROC       _WRITELM75
  C:1B44H         SYMBOL        L?0133
  -------         PROC          _SWITCHRF
  D:002EH         SYMBOL        value
  -------         DO            
  D:002FH         SYMBOL        temp
  -------         ENDDO         
  C:1ACBH         LINE#         127
  C:1ACDH         LINE#         128
  C:1ACDH         LINE#         131
  C:1AD5H         LINE#         132
  C:1ADEH         LINE#         133
  C:1AF0H         LINE#         135
  C:1AF8H         LINE#         136
  C:1B01H         LINE#         137
  C:1B13H         LINE#         139
  C:1B17H         LINE#         140
  C:1B17H         LINE#         142
  C:1B1EH         LINE#         143
  C:1B26H         LINE#         145
  C:1B28H         LINE#         146
  C:1B29H         LINE#         148
  C:1B29H         LINE#         150
  C:1B35H         LINE#         151
  C:1B41H         LINE#         153
  C:1B43H         LINE#         154
  C:1B43H         LINE#         155
  -------         ENDPROC       _SWITCHRF
  -------         PROC          _WRITEAD5314
  D:0033H         SYMBOL        value
  D:0035H         SYMBOL        channel
  -------         DO            
  X:018EH         SYMBOL        curTemp
  -------         ENDDO         
  C:1549H         LINE#         203
  C:154FH         LINE#         204
BL51 BANKED LINKER/LOCATER V6.22                                                      07/11/2014  13:22:11  PAGE 18


  C:154FH         LINE#         206
  C:155FH         LINE#         208
  C:1577H         LINE#         209
  C:1577H         LINE#         210
  C:15BAH         LINE#         211
  C:15BDH         LINE#         213
  C:15DBH         LINE#         214
  C:15DBH         LINE#         215
  C:1635H         LINE#         216
  C:1635H         LINE#         218
  C:1646H         LINE#         219
  C:1649H         LINE#         220
  C:164EH         LINE#         221
  C:164EH         LINE#         222
  C:1651H         LINE#         223
  C:1653H         LINE#         224
  C:1658H         LINE#         225
  C:1658H         LINE#         226
  C:165BH         LINE#         227
  C:165DH         LINE#         228
  C:1662H         LINE#         229
  C:1662H         LINE#         230
  C:1665H         LINE#         231
  C:1667H         LINE#         233
  C:1667H         LINE#         234
  C:166AH         LINE#         235
  C:166AH         LINE#         236
  C:166CH         LINE#         237
  C:166EH         LINE#         238
  C:1677H         LINE#         239
  C:1679H         LINE#         240
  -------         ENDPROC       _WRITEAD5314
  -------         PROC          _WRITEATT1
  D:0007H         SYMBOL        att1
  -------         DO            
  D:0006H         SYMBOL        value
  -------         ENDDO         
  C:0003H         LINE#         243
  C:0003H         LINE#         244
  C:0003H         LINE#         246
  C:0005H         LINE#         247
  C:000AH         LINE#         257
  C:0011H         LINE#         258
  C:0016H         LINE#         259
  C:0018H         LINE#         260
  C:001AH         LINE#         261
  -------         ENDPROC       _WRITEATT1
  C:12A1H         SYMBOL        L?0113
  C:12B4H         SYMBOL        L?0128
  C:12C0H         SYMBOL        L?0138
  -------         PROC          GPALIMCOMPENSATE
  -------         DO            
  D:002EH         SYMBOL        temp
  D:0032H         SYMBOL        gPALimNumerN
  D:0033H         SYMBOL        calVal
  -------         ENDDO         
  C:1173H         LINE#         289
BL51 BANKED LINKER/LOCATER V6.22                                                      07/11/2014  13:22:11  PAGE 19


  C:1173H         LINE#         290
  C:1173H         LINE#         295
  C:117AH         LINE#         296
  C:1189H         LINE#         302
  C:1190H         LINE#         303
  C:1199H         LINE#         305
  C:11A5H         LINE#         306
  C:11AEH         LINE#         308
  C:11BAH         LINE#         309
  C:11C9H         LINE#         311
  C:11D1H         LINE#         313
  C:11DAH         LINE#         315
  C:11EDH         LINE#         316
  C:11EDH         LINE#         317
  C:11F2H         LINE#         318
  C:11F2H         LINE#         319
  C:11FBH         LINE#         320
  C:11FEH         LINE#         322
  C:11FEH         LINE#         323
  C:1204H         LINE#         324
  C:1204H         LINE#         325
  C:1206H         LINE#         326
  C:1219H         LINE#         327
  C:1219H         LINE#         328
  C:121EH         LINE#         329
  C:121EH         LINE#         330
  C:124BH         LINE#         331
  C:124DH         LINE#         333
  C:124DH         LINE#         334
  C:1276H         LINE#         335
  C:1276H         LINE#         336
  C:1276H         LINE#         339
  C:127FH         LINE#         340
  C:127FH         LINE#         341
  C:1285H         LINE#         342
  C:1286H         LINE#         343
  C:1295H         LINE#         344
  C:1295H         LINE#         345
  C:129AH         LINE#         346
  C:129BH         LINE#         348
  C:129BH         LINE#         349
  C:12A0H         LINE#         350
  C:12A0H         LINE#         353
  -------         ENDPROC       GPALIMCOMPENSATE
  -------         PROC          READTEMPERATUR
  -------         DO            
  D:002BH         SYMBOL        value
  -------         ENDDO         
  C:209DH         LINE#         365
  C:209DH         LINE#         366
  C:209DH         LINE#         367
  C:20A2H         LINE#         369
  C:20A8H         LINE#         372
  C:20B6H         LINE#         377
  C:20C8H         LINE#         378
  C:20CDH         LINE#         388
  -------         ENDPROC       READTEMPERATUR
BL51 BANKED LINKER/LOCATER V6.22                                                      07/11/2014  13:22:11  PAGE 20


  -------         PROC          _PROGPLL
  D:0044H         SYMBOL        value
  -------         DO            
  D:0048H         SYMBOL        num_bit
  D:0049H         SYMBOL        i
  D:004AH         SYMBOL        masque_bit
  D:0007H         SYMBOL        x
  -------         ENDDO         
  C:1C53H         LINE#         447
  C:1C5BH         LINE#         448
  C:1C5BH         LINE#         453
  C:1C5EH         LINE#         454
  C:1C68H         LINE#         456
  C:1C6AH         LINE#         457
  C:1C6CH         LINE#         459
  C:1C6EH         LINE#         460
  C:1C77H         LINE#         461
  C:1C77H         LINE#         462
  C:1C96H         LINE#         463
  C:1C96H         LINE#         464
  C:1C98H         LINE#         465
  C:1C9AH         LINE#         467
  C:1C9AH         LINE#         468
  C:1C9CH         LINE#         469
  C:1C9CH         LINE#         470
  C:1C9EH         LINE#         471
  C:1C9EH         LINE#         472
  C:1CA2H         LINE#         473
  C:1CA4H         LINE#         474
  C:1CB9H         LINE#         475
  C:1CBBH         LINE#         476
  C:1CBFH         LINE#         477
  C:1CC1H         LINE#         478
  -------         ENDPROC       _PROGPLL
  C:0B6FH         SYMBOL        L?0129
  C:0B7EH         SYMBOL        L?0134
  C:0B8BH         SYMBOL        L?0139
  -------         PROC          WRITEPLL
  -------         DO            
  D:002EH         SYMBOL        counterTemp
  D:0032H         SYMBOL        counterN
  D:0036H         SYMBOL        divSel
  D:003AH         SYMBOL        refFreq
  D:003EH         SYMBOL        freqStep
  D:0040H         SYMBOL        temp
  -------         ENDDO         
  C:09F5H         LINE#         501
  C:09F5H         LINE#         502
  C:09F5H         LINE#         546
  C:09F9H         LINE#         547
  C:0A08H         LINE#         549
  C:0A0CH         LINE#         550
  C:0A1BH         LINE#         559
  C:0A21H         LINE#         560
  C:0A21H         LINE#         561
  C:0A26H         LINE#         562
  C:0A26H         LINE#         565
BL51 BANKED LINKER/LOCATER V6.22                                                      07/11/2014  13:22:11  PAGE 21


  C:0A3BH         LINE#         568
  C:0A56H         LINE#         569
  C:0A62H         LINE#         570
  C:0A6CH         LINE#         571
  C:0A80H         LINE#         572
  C:0A8BH         LINE#         574
  C:0A97H         LINE#         575
  C:0AA4H         LINE#         576
  C:0ACDH         LINE#         577
  C:0AD0H         LINE#         579
  C:0ADBH         LINE#         581
  C:0AE6H         LINE#         585
  C:0AF2H         LINE#         586
  C:0B05H         LINE#         587
  C:0B08H         LINE#         588
  C:0B16H         LINE#         589
  C:0B19H         LINE#         592
  C:0B32H         LINE#         593
  C:0B3DH         LINE#         594
  C:0B40H         LINE#         595
  C:0B51H         LINE#         596
  C:0B56H         LINE#         597
  C:0B69H         LINE#         598
  C:0B6CH         LINE#         599
  C:0B6FH         LINE#         600
  -------         ENDPROC       WRITEPLL
  -------         PROC          _READAD
  D:0007H         SYMBOL        channel
  -------         DO            
  D:0035H         SYMBOL        value
  -------         ENDDO         
  C:19BAH         LINE#         612
  C:19BAH         LINE#         613
  C:19BAH         LINE#         614
  C:19BFH         LINE#         616
  C:19C1H         LINE#         617
  C:19C4H         LINE#         618
  C:19C7H         LINE#         619
  C:19CDH         LINE#         620
  C:19CDH         LINE#         621
  C:19D0H         LINE#         622
  C:19E0H         LINE#         625
  C:19E0H         LINE#         626
  C:19E3H         LINE#         627
  C:19F1H         LINE#         628
  C:19F1H         LINE#         631
  C:1A11H         LINE#         632
  C:1A11H         LINE#         633
  C:1A11H         LINE#         634
  C:1A13H         LINE#         635
  C:1A15H         LINE#         636
  C:1A15H         LINE#         637
  C:1A17H         LINE#         638
  C:1A19H         LINE#         639
  C:1A19H         LINE#         640
  C:1A1BH         LINE#         641
  C:1A1DH         LINE#         642
BL51 BANKED LINKER/LOCATER V6.22                                                      07/11/2014  13:22:11  PAGE 22


  C:1A1DH         LINE#         643
  C:1A1FH         LINE#         644
  C:1A21H         LINE#         645
  C:1A21H         LINE#         646
  C:1A23H         LINE#         647
  C:1A25H         LINE#         648
  C:1A25H         LINE#         649
  C:1A27H         LINE#         650
  C:1A29H         LINE#         651
  C:1A29H         LINE#         652
  C:1A2BH         LINE#         653
  C:1A2DH         LINE#         654
  C:1A2DH         LINE#         655
  C:1A34H         LINE#         656
  C:1A34H         LINE#         657
  C:1A34H         LINE#         658
  C:1A34H         LINE#         660
  C:1A42H         LINE#         661
  -------         ENDPROC       _READAD
  C:1DDAH         SYMBOL        L?0130
  -------         PROC          EXECCHECKSUMQ
  -------         DO            
  D:002BH         SYMBOL        pt_flash
  -------         ENDDO         
  C:1D8EH         LINE#         673
  C:1D8EH         LINE#         674
  C:1D8EH         LINE#         676
  C:1D95H         LINE#         677
  C:1DA0H         LINE#         678
  C:1DA0H         LINE#         679
  C:1DABH         LINE#         680
  C:1DABH         LINE#         681
  C:1DB4H         LINE#         682
  C:1DC4H         LINE#         683
  C:1DC4H         LINE#         684
  C:1DC7H         LINE#         685
  C:1DC7H         LINE#         686
  C:1DD0H         LINE#         688
  C:1DDAH         LINE#         689
  -------         ENDPROC       EXECCHECKSUMQ
  -------         PROC          WATCHDOG
  C:0035H         LINE#         691
  C:0035H         LINE#         692
  C:0035H         LINE#         693
  C:0037H         LINE#         694
  C:003AH         LINE#         695
  C:003DH         LINE#         696
  C:003FH         LINE#         697
  -------         ENDPROC       WATCHDOG
  -------         PROC          _DELAY
  D:0007H         SYMBOL        time
  -------         DO            
  D:0006H         SYMBOL        x
  D:0004H         SYMBOL        y
  -------         ENDDO         
  C:21B9H         LINE#         699
  C:21B9H         LINE#         700
BL51 BANKED LINKER/LOCATER V6.22                                                      07/11/2014  13:22:11  PAGE 23


  C:21B9H         LINE#         703
  C:21C0H         LINE#         704
  C:21C0H         LINE#         705
  C:21C3H         LINE#         706
  C:21D1H         LINE#         708
  C:21D4H         LINE#         709
  -------         ENDPROC       _DELAY
  -------         PROC          _CHECKMBIT
  D:0007H         SYMBOL        value
  -------         DO            
  D:0006H         SYMBOL        i
  -------         ENDDO         
  C:0026H         LINE#         711
  C:0026H         LINE#         712
  C:0026H         LINE#         716
  C:0028H         LINE#         717
  C:0028H         LINE#         718
  C:002CH         LINE#         719
  C:002CH         LINE#         720
  C:002CH         LINE#         721
  C:002CH         LINE#         722
  C:0030H         LINE#         723
  C:0032H         LINE#         725
  C:0034H         LINE#         726
  -------         ENDPROC       _CHECKMBIT
  -------         ENDMOD        BRO20W_RFCONTROL

  -------         MODULE        BRO20W_PACKET
  C:0000H         SYMBOL        _ICE_DUMMY_
  D:0080H         PUBLIC        P0
  D:0090H         PUBLIC        P1
  D:00A0H         PUBLIC        P2
  D:00B0H         PUBLIC        P3
  B:00A8H.7       PUBLIC        EA
  C:0D34H         PUBLIC        execRFParamQ
  C:2233H         PUBLIC        factry
  D:00A8H         PUBLIC        IEN0
  C:1928H         PUBLIC        execute_cmd
  D:00E8H         PUBLIC        IEN1
  D:0097H         PUBLIC        AD0CON
  X:0186H         SYMBOL        preSoftChecksum
  B:0090H.6       PUBLIC        RFSrcSelect
  B:0090H.4       PUBLIC        WP
  D:00E5H         PUBLIC        FMDATA
  D:0099H         PUBLIC        SBUF
  C:1013H         PUBLIC        OutputPwrsampling
  C:167AH         PUBLIC        updateAlmInfo
  D:0098H         PUBLIC        SCON
  D:0088H         PUBLIC        TCON
  D:00E6H         PUBLIC        FMADRL
  B:00A0H.3       PUBLIC        LockYes
  C:1ED7H         PUBLIC        sendInitpacket
  C:0EA6H         PUBLIC        execDwnldSoft
  C:1F53H         PUBLIC        _swapBytes
  D:00B8H         PUBLIC        IP0
  D:00F8H         PUBLIC        IP1
  D:00C8H         PUBLIC        TCR20
BL51 BANKED LINKER/LOCATER V6.22                                                      07/11/2014  13:22:11  PAGE 24


  B:0098H.3       PUBLIC        TB8
  X:0188H         SYMBOL        nextSoftPktSn
  C:1413H         PUBLIC        endDwnldSoft
  B:00A0H.1       PUBLIC        LimYes
  D:00C0H         PUBLIC        AD0MODA
  D:00D8H         PUBLIC        I2CON
  C:1BD8H         PUBLIC        sendPkt
  X:018AH         SYMBOL        softLen
  C:2031H         PUBLIC        _calDefcksum
  C:06A4H         PUBLIC        execFctParamSet
  D:00A2H         PUBLIC        AUXR1
  D:00E4H         PUBLIC        FMCON
  X:018CH         SYMBOL        softChecksum
  D:00D0H         PUBLIC        PSW
  C:1849H         SYMBOL        Com00D0
  C:1849H         SYMBOL        L?0209
  C:1864H         SYMBOL        L?0210
  C:1864H         SYMBOL        L?0211
  C:1866H         SYMBOL        L?0212
  C:1867H         SYMBOL        L?0213
  C:186DH         SYMBOL        L?0215
  C:1882H         SYMBOL        L?0216
  C:1897H         SYMBOL        L?0217
  C:1899H         SYMBOL        L?0218
  C:18A4H         SYMBOL        L?0219
  C:18B8H         SYMBOL        L?0220
  C:18B8H         SYMBOL        L?0221
  C:18C1H         SYMBOL        L?0222
  C:18C4H         SYMBOL        L?0223
  C:18CBH         SYMBOL        L?0224
  C:18CBH         SYMBOL        L?0225
  C:18D2H         SYMBOL        L?0227
  C:18E1H         SYMBOL        L?0228
  C:18EFH         SYMBOL        L?0229
  C:18F7H         SYMBOL        L?0230
  C:1903H         SYMBOL        L?0232
  C:190DH         SYMBOL        L?0233
  C:1917H         SYMBOL        L?0234
  C:1921H         SYMBOL        L?0235
  C:1921H         SYMBOL        L?0236
  -------         PROC          COM00D0
  -------         ENDPROC       COM00D0
  -------         PROC          EXECUTE_CMD
  -------         DO            
  D:0021H         SYMBOL        resultCode
  D:0022H         SYMBOL        downresult
  -------         ENDDO         
  C:1928H         LINE#         52
  C:1928H         LINE#         53
  C:1928H         LINE#         54
  C:192BH         LINE#         55
  C:192DH         LINE#         56
  C:1944H         LINE#         57
  C:1944H         LINE#         58
  C:1944H         LINE#         59
  C:1944H         LINE#         60
  C:1947H         LINE#         61
BL51 BANKED LINKER/LOCATER V6.22                                                      07/11/2014  13:22:11  PAGE 25


  C:1947H         LINE#         62
  C:1947H         LINE#         63
  C:1947H         LINE#         64
  C:1947H         LINE#         65
  C:194AH         LINE#         66
  C:194AH         LINE#         67
  C:194AH         LINE#         68
  C:194AH         LINE#         69
  C:194AH         LINE#         70
  C:1952H         LINE#         71
  C:1952H         LINE#         72
  C:1956H         LINE#         73
  C:1956H         LINE#         74
  C:1959H         LINE#         75
  C:195BH         LINE#         76
  C:195CH         LINE#         78
  C:195CH         LINE#         79
  C:1961H         LINE#         80
  C:1961H         LINE#         81
  C:1966H         LINE#         82
  C:196DH         LINE#         83
  C:196FH         LINE#         85
  C:196FH         LINE#         86
  C:1976H         LINE#         87
  C:1976H         LINE#         88
  C:1979H         LINE#         89
  C:1979H         LINE#         90
  C:1979H         LINE#         91
  C:197AH         LINE#         92
  C:197AH         LINE#         93
  C:197AH         LINE#         94
  C:197AH         LINE#         95
  C:1981H         LINE#         96
  C:1986H         LINE#         97
  C:1988H         LINE#         98
  C:198EH         LINE#         99
  C:1995H         LINE#         100
  C:19A0H         LINE#         101
  C:19A3H         LINE#         102
  C:19A6H         LINE#         103
  C:19A7H         LINE#         104
  C:19A7H         LINE#         105
  C:19A7H         LINE#         106
  C:19A7H         LINE#         107
  C:19AEH         LINE#         108
  C:19AEH         LINE#         109
  C:19B1H         LINE#         110
  C:19B1H         LINE#         111
  C:19B2H         LINE#         112
  C:19B2H         LINE#         114
  C:19B2H         LINE#         115
  C:19B2H         LINE#         116
  C:19B9H         LINE#         117
  C:19B9H         LINE#         118
  C:19B9H         LINE#         119
  C:19B9H         LINE#         120
  -------         ENDPROC       EXECUTE_CMD
BL51 BANKED LINKER/LOCATER V6.22                                                      07/11/2014  13:22:11  PAGE 26


  C:1155H         SYMBOL        L?0206
  C:1168H         SYMBOL        L?0231
  -------         PROC          OUTPUTPWRSAMPLING
  -------         DO            
  D:002EH         SYMBOL        temp
  D:0032H         SYMBOL        gPReadADNumerN
  D:0005H         SYMBOL        i
  D:0033H         SYMBOL        calVal
  -------         ENDDO         
  C:1013H         LINE#         133
  C:1013H         LINE#         134
  C:1013H         LINE#         140
  C:1018H         LINE#         142
  C:1019H         LINE#         143
  C:1019H         LINE#         145
  C:1028H         LINE#         146
  C:102CH         LINE#         148
  C:103DH         LINE#         150
  C:1045H         LINE#         151
  C:104EH         LINE#         153
  C:1053H         LINE#         154
  C:105CH         LINE#         159
  C:1068H         LINE#         160
  C:107DH         LINE#         162
  C:1085H         LINE#         164
  C:108BH         LINE#         165
  C:109EH         LINE#         166
  C:109EH         LINE#         167
  C:10A3H         LINE#         168
  C:10A3H         LINE#         169
  C:10ACH         LINE#         170
  C:10AFH         LINE#         172
  C:10AFH         LINE#         173
  C:10B7H         LINE#         174
  C:10B7H         LINE#         175
  C:10B9H         LINE#         176
  C:10CCH         LINE#         177
  C:10CCH         LINE#         178
  C:10D1H         LINE#         179
  C:10D1H         LINE#         180
  C:10FEH         LINE#         181
  C:1100H         LINE#         183
  C:1100H         LINE#         184
  C:112BH         LINE#         185
  C:112BH         LINE#         186
  C:112BH         LINE#         189
  C:1134H         LINE#         190
  C:1134H         LINE#         191
  C:1139H         LINE#         192
  C:113AH         LINE#         193
  C:1147H         LINE#         194
  C:1147H         LINE#         195
  C:114DH         LINE#         196
  C:114EH         LINE#         198
  C:114EH         LINE#         199
  C:1154H         LINE#         200
  C:1154H         LINE#         202
BL51 BANKED LINKER/LOCATER V6.22                                                      07/11/2014  13:22:11  PAGE 27


  -------         ENDPROC       OUTPUTPWRSAMPLING
  -------         PROC          UPDATEALMINFO
  -------         DO            
  D:0005H         SYMBOL        i
  D:0008H         SYMBOL        preRFSW
  -------         ENDDO         
  C:167AH         LINE#         214
  C:167AH         LINE#         223
  C:167FH         LINE#         224
  C:1683H         LINE#         225
  C:1687H         LINE#         227
  C:168DH         LINE#         228
  C:168DH         LINE#         229
  C:168FH         LINE#         230
  C:1691H         LINE#         232
  C:1691H         LINE#         233
  C:169CH         LINE#         234
  C:169CH         LINE#         236
  C:16A7H         LINE#         238
  C:16AAH         LINE#         240
  C:16B0H         LINE#         241
  C:16B0H         LINE#         242
  C:16B4H         LINE#         243
  C:16B6H         LINE#         244
  C:16B8H         LINE#         246
  C:16B8H         LINE#         247
  C:16CAH         LINE#         248
  C:16CAH         LINE#         249
  C:16CFH         LINE#         250
  C:16D2H         LINE#         251
  C:16D4H         LINE#         253
  C:16E6H         LINE#         254
  C:16E6H         LINE#         255
  C:16ECH         LINE#         256
  C:16EFH         LINE#         257
  C:16EFH         LINE#         258
  C:16EFH         LINE#         260
  C:16F7H         LINE#         262
  C:16FFH         LINE#         263
  C:16FFH         LINE#         264
  C:1702H         LINE#         265
  C:1709H         LINE#         266
  C:1709H         LINE#         267
  C:170EH         LINE#         268
  C:170EH         LINE#         269
  C:170EH         LINE#         270
  C:1714H         LINE#         279
  C:1716H         LINE#         280
  C:1716H         LINE#         283
  C:1725H         LINE#         284
  C:1734H         LINE#         285
  C:1738H         LINE#         287
  C:1749H         LINE#         288
  C:175AH         LINE#         289
  C:175DH         LINE#         290
  C:1760H         LINE#         297
  -------         ENDPROC       UPDATEALMINFO
BL51 BANKED LINKER/LOCATER V6.22                                                      07/11/2014  13:22:11  PAGE 28


  -------         PROC          EXECFCTPARAMSET
  -------         DO            
  D:0023H         SYMBOL        tempLen
  D:0024H         SYMBOL        param_addr
  D:0026H         SYMBOL        tmpInt
  D:0028H         SYMBOL        temp
  D:002CH         SYMBOL        tPALim
  -------         ENDDO         
  C:06A4H         LINE#         310
  C:06A4H         LINE#         311
  C:06A4H         LINE#         315
  C:06A9H         LINE#         320
  C:06B2H         LINE#         321
  C:06BFH         LINE#         323
  C:06C3H         LINE#         325
  C:06CCH         LINE#         327
  C:06D5H         LINE#         328
  C:06D5H         LINE#         329
  C:06E1H         LINE#         331
  C:070FH         LINE#         332
  C:070FH         LINE#         333
  C:070FH         LINE#         334
  C:0715H         LINE#         335
  C:0715H         LINE#         336
  C:0720H         LINE#         337
  C:0720H         LINE#         338
  C:0723H         LINE#         339
  C:0723H         LINE#         340
  C:0725H         LINE#         341
  C:0725H         LINE#         342
  C:0727H         LINE#         343
  C:0727H         LINE#         344
  C:073CH         LINE#         345
  C:0743H         LINE#         346
  C:0745H         LINE#         347
  C:0745H         LINE#         348
  C:074AH         LINE#         349
  C:074AH         LINE#         350
  C:074CH         LINE#         351
  C:074CH         LINE#         352
  C:0756H         LINE#         353
  C:075CH         LINE#         354
  C:075FH         LINE#         356
  C:075FH         LINE#         357
  C:075FH         LINE#         358
  C:0767H         LINE#         359
  C:076AH         LINE#         379
  C:076AH         LINE#         381
  C:076DH         LINE#         382
  C:0770H         LINE#         383
  C:0773H         LINE#         385
  C:0773H         LINE#         386
  C:0778H         LINE#         387
  C:077CH         LINE#         388
  C:077FH         LINE#         389
  C:077FH         LINE#         390
  C:078AH         LINE#         391
BL51 BANKED LINKER/LOCATER V6.22                                                      07/11/2014  13:22:11  PAGE 29


  C:078DH         LINE#         392
  C:0790H         LINE#         393
  C:0790H         LINE#         394
  C:0790H         LINE#         395
  C:0790H         LINE#         396
  C:0790H         LINE#         398
  C:0790H         LINE#         400
  C:0795H         LINE#         401
  C:0795H         LINE#         402
  C:079EH         LINE#         403
  C:07ABH         LINE#         404
  C:07ABH         LINE#         407
  C:07D0H         LINE#         408
  C:07D0H         LINE#         410
  C:07D0H         LINE#         411
  C:07D0H         LINE#         412
  C:07D5H         LINE#         413
  C:07D5H         LINE#         414
  C:07D7H         LINE#         415
  C:07D7H         LINE#         416
  C:07E3H         LINE#         417
  C:07E3H         LINE#         418
  C:07E3H         LINE#         419
  C:07E3H         LINE#         420
  C:07E5H         LINE#         421
  C:07E5H         LINE#         422
  C:07E5H         LINE#         423
  C:07F0H         LINE#         424
  C:07F0H         LINE#         425
  C:07F0H         LINE#         426
  C:07F0H         LINE#         427
  C:07F2H         LINE#         428
  C:07F2H         LINE#         429
  C:07FDH         LINE#         430
  C:07FDH         LINE#         431
  C:07FDH         LINE#         432
  C:07FDH         LINE#         433
  C:07FFH         LINE#         434
  C:07FFH         LINE#         435
  C:080AH         LINE#         436
  C:080AH         LINE#         437
  C:080AH         LINE#         438
  C:080AH         LINE#         439
  C:080CH         LINE#         440
  C:080CH         LINE#         441
  C:0817H         LINE#         442
  C:0817H         LINE#         443
  C:081EH         LINE#         444
  C:081EH         LINE#         445
  C:081EH         LINE#         446
  C:081EH         LINE#         447
  C:081EH         LINE#         448
  C:081EH         LINE#         449
  C:0829H         LINE#         450
  C:0829H         LINE#         451
  C:0835H         LINE#         452
  C:0835H         LINE#         453
BL51 BANKED LINKER/LOCATER V6.22                                                      07/11/2014  13:22:11  PAGE 30


  C:0842H         LINE#         454
  C:0842H         LINE#         455
  C:084EH         LINE#         456
  C:085AH         LINE#         457
  C:085CH         LINE#         459
  C:085CH         LINE#         460
  C:0868H         LINE#         461
  C:0868H         LINE#         462
  C:0868H         LINE#         463
  C:086AH         LINE#         464
  C:08BEH         LINE#         465
  C:08BEH         LINE#         466
  C:08BEH         LINE#         467
  C:08CEH         LINE#         468
  C:08D1H         LINE#         469
  C:08D1H         LINE#         470
  C:08D3H         LINE#         471
  C:08D9H         LINE#         472
  C:08E1H         LINE#         473
  C:08E9H         LINE#         474
  C:08FCH         LINE#         475
  C:08FEH         LINE#         476
  C:0901H         LINE#         477
  C:0901H         LINE#         478
  C:0908H         LINE#         479
  C:090AH         LINE#         480
  C:090CH         LINE#         481
  C:090CH         LINE#         482
  C:0913H         LINE#         483
  C:091CH         LINE#         484
  C:091FH         LINE#         485
  C:091FH         LINE#         486
  C:0932H         LINE#         487
  C:0932H         LINE#         488
  C:0934H         LINE#         491
  C:0934H         LINE#         492
  C:093DH         LINE#         493
  C:0940H         LINE#         494
  C:0943H         LINE#         495
  C:0943H         LINE#         497
  C:0943H         LINE#         498
  C:0943H         LINE#         499
  C:0943H         LINE#         500
  C:0943H         LINE#         502
  C:0943H         LINE#         504
  C:0943H         LINE#         505
  C:0943H         LINE#         506
  C:0943H         LINE#         508
  C:0945H         LINE#         509
  C:0945H         LINE#         510
  C:0945H         LINE#         512
  C:0957H         LINE#         513
  C:095AH         LINE#         514
  C:095FH         LINE#         520
  C:0968H         LINE#         521
  C:0968H         LINE#         522
  C:0968H         LINE#         523
BL51 BANKED LINKER/LOCATER V6.22                                                      07/11/2014  13:22:11  PAGE 31


  C:0968H         LINE#         524
  C:0968H         LINE#         525
  C:0968H         LINE#         527
  C:0968H         LINE#         529
  C:0968H         LINE#         530
  C:0968H         LINE#         531
  C:0968H         LINE#         532
  C:0968H         LINE#         534
  C:096AH         LINE#         536
  C:096AH         LINE#         537
  C:096AH         LINE#         538
  C:096DH         LINE#         539
  C:096FH         LINE#         541
  C:096FH         LINE#         543
  C:096FH         LINE#         544
  C:096FH         LINE#         546
  C:0972H         LINE#         547
  C:0987H         LINE#         548
  C:098CH         LINE#         549
  C:098FH         LINE#         551
  C:0994H         LINE#         553
  C:0997H         LINE#         554
  C:09A3H         LINE#         555
  C:09A6H         LINE#         556
  C:09A8H         LINE#         558
  C:09A8H         LINE#         559
  C:09B1H         LINE#         560
  C:09B5H         LINE#         561
  C:09B7H         LINE#         563
  C:09B7H         LINE#         564
  C:09C0H         LINE#         565
  C:09C7H         LINE#         566
  C:09C9H         LINE#         568
  C:09C9H         LINE#         569
  C:09D1H         LINE#         570
  C:09D3H         LINE#         572
  C:09D3H         LINE#         573
  C:09D3H         LINE#         574
  C:09D3H         LINE#         575
  C:09DBH         LINE#         577
  C:09DEH         LINE#         578
  C:09E6H         LINE#         579
  C:09E9H         LINE#         591
  C:09E9H         LINE#         592
  C:09ECH         LINE#         593
  C:09ECH         LINE#         594
  C:09ECH         LINE#         595
  C:09ECH         LINE#         596
  C:09ECH         LINE#         597
  C:09ECH         LINE#         598
  C:09ECH         LINE#         599
  C:09F4H         LINE#         600
  -------         ENDPROC       EXECFCTPARAMSET
  -------         PROC          SENDINITPACKET
  C:1ED7H         LINE#         602
  C:1ED7H         LINE#         603
  C:1ED7H         LINE#         604
BL51 BANKED LINKER/LOCATER V6.22                                                      07/11/2014  13:22:11  PAGE 32


  C:1EDDH         LINE#         606
  C:1EE4H         LINE#         607
  C:1EE4H         LINE#         608
  C:1EE5H         LINE#         609
  C:1EEBH         LINE#         611
  C:1EF0H         LINE#         612
  C:1EF4H         LINE#         613
  C:1EF8H         LINE#         614
  C:1EFBH         LINE#         615
  C:1EFFH         LINE#         616
  C:1F03H         LINE#         617
  C:1F07H         LINE#         618
  C:1F0BH         LINE#         619
  C:1F0DH         LINE#         620
  C:1F0FH         LINE#         622
  C:1F12H         LINE#         624
  C:1F15H         LINE#         625
  C:1F15H         LINE#         626
  -------         ENDPROC       SENDINITPACKET
  C:0E8AH         SYMBOL        L?0205
  C:0E96H         SYMBOL        L?0207
  C:0E9EH         SYMBOL        L?0226
  -------         PROC          EXECRFPARAMQ
  -------         DO            
  D:0007H         SYMBOL        i
  D:0023H         SYMBOL        CKS
  D:0009H         SYMBOL        tmpCurr
  -------         ENDDO         
  C:0D34H         LINE#         639
  C:0D34H         LINE#         640
  C:0D34H         LINE#         642
  C:0D39H         LINE#         646
  C:0D56H         LINE#         653
  C:0D5CH         LINE#         654
  C:0D5CH         LINE#         655
  C:0D5EH         LINE#         656
  C:0D64H         LINE#         658
  C:0D6AH         LINE#         659
  C:0D72H         LINE#         660
  C:0D74H         LINE#         661
  C:0D77H         LINE#         662
  C:0D7BH         LINE#         663
  C:0D7FH         LINE#         664
  C:0D83H         LINE#         665
  C:0D87H         LINE#         666
  C:0D8BH         LINE#         667
  C:0D8CH         LINE#         668
  C:0D8FH         LINE#         669
  C:0D93H         LINE#         670
  C:0D96H         LINE#         671
  C:0D97H         LINE#         672
  C:0DA2H         LINE#         673
  C:0DA2H         LINE#         674
  C:0DA8H         LINE#         675
  C:0DAEH         LINE#         677
  C:0DB9H         LINE#         678
  C:0DBFH         LINE#         679
BL51 BANKED LINKER/LOCATER V6.22                                                      07/11/2014  13:22:11  PAGE 33


  C:0DCFH         LINE#         680
  C:0DDAH         LINE#         681
  C:0DE5H         LINE#         682
  C:0DF0H         LINE#         683
  C:0DFFH         LINE#         684
  C:0E05H         LINE#         685
  C:0E15H         LINE#         692
  C:0E2AH         LINE#         695
  C:0E32H         LINE#         696
  C:0E34H         LINE#         697
  C:0E37H         LINE#         698
  C:0E3BH         LINE#         699
  C:0E46H         LINE#         700
  C:0E49H         LINE#         701
  C:0E58H         LINE#         702
  C:0E5BH         LINE#         703
  C:0E5DH         LINE#         704
  C:0E5DH         LINE#         705
  C:0E71H         LINE#         706
  C:0E75H         LINE#         707
  C:0E78H         LINE#         708
  C:0E7EH         LINE#         709
  C:0E82H         LINE#         711
  C:0E85H         LINE#         712
  C:0E86H         LINE#         714
  C:0E86H         LINE#         715
  C:0E89H         LINE#         716
  C:0E89H         LINE#         717
  -------         ENDPROC       EXECRFPARAMQ
  -------         PROC          SENDPKT
  -------         DO            
  D:0021H         SYMBOL        tmpPtr
  D:0024H         SYMBOL        calPktChecksum
  D:0007H         SYMBOL        x
  -------         ENDDO         
  C:1BD8H         LINE#         730
  C:1BD8H         LINE#         731
  C:1BD8H         LINE#         735
  C:1BE1H         LINE#         736
  C:1BE8H         LINE#         737
  C:1BF2H         LINE#         738
  C:1BFAH         LINE#         739
  C:1C0DH         LINE#         740
  C:1C24H         LINE#         741
  C:1C2FH         LINE#         742
  C:1C37H         LINE#         744
  C:1C39H         LINE#         745
  C:1C3CH         LINE#         747
  C:1C3DH         LINE#         748
  C:1C3DH         LINE#         749
  C:1C41H         LINE#         750
  C:1C4FH         LINE#         751
  C:1C52H         LINE#         753
  -------         ENDPROC       SENDPKT
  C:153FH         SYMBOL        L?0237
  -------         PROC          ENDDWNLDSOFT
  -------         DO            
BL51 BANKED LINKER/LOCATER V6.22                                                      07/11/2014  13:22:11  PAGE 34


  D:0023H         SYMBOL        checksum
  D:0025H         SYMBOL        count
  D:0027H         SYMBOL        i
  D:0029H         SYMBOL        j
  D:002BH         SYMBOL        leaveCnt
  D:002CH         SYMBOL        err
  D:0006H         SYMBOL        tmpInt
  D:0006H         SYMBOL        y
  -------         ENDDO         
  C:1413H         LINE#         766
  C:1413H         LINE#         767
  C:1413H         LINE#         768
  C:1418H         LINE#         776
  C:142AH         LINE#         777
  C:1430H         LINE#         778
  C:1441H         LINE#         780
  C:1445H         LINE#         781
  C:1445H         LINE#         782
  C:144AH         LINE#         783
  C:144FH         LINE#         784
  C:145FH         LINE#         785
  C:145FH         LINE#         786
  C:145FH         LINE#         787
  C:1468H         LINE#         788
  C:146BH         LINE#         789
  C:1474H         LINE#         790
  C:1479H         LINE#         791
  C:1479H         LINE#         792
  C:147CH         LINE#         793
  C:147CH         LINE#         794
  C:147CH         LINE#         795
  C:148CH         LINE#         796
  C:148CH         LINE#         797
  C:148FH         LINE#         802
  C:149CH         LINE#         803
  C:14BCH         LINE#         804
  C:14C1H         LINE#         805
  C:14C8H         LINE#         807
  C:14CDH         LINE#         808
  C:14CDH         LINE#         809
  C:14CDH         LINE#         810
  C:14DAH         LINE#         811
  C:14DDH         LINE#         812
  C:14E3H         LINE#         813
  C:14E8H         LINE#         814
  C:14E8H         LINE#         815
  C:14EBH         LINE#         816
  C:14EBH         LINE#         817
  C:14F6H         LINE#         818
  C:14FCH         LINE#         819
  C:1503H         LINE#         821
  C:1505H         LINE#         822
  C:1507H         LINE#         824
  C:150AH         LINE#         825
  C:150DH         LINE#         826
  C:1513H         LINE#         828
  C:1516H         LINE#         829
BL51 BANKED LINKER/LOCATER V6.22                                                      07/11/2014  13:22:11  PAGE 35


  C:1519H         LINE#         830
  C:151FH         LINE#         832
  C:1522H         LINE#         833
  C:1525H         LINE#         834
  C:1528H         LINE#         835
  C:152EH         LINE#         837
  C:1531H         LINE#         838
  C:1534H         LINE#         839
  C:1537H         LINE#         840
  C:153DH         LINE#         842
  C:153FH         LINE#         845
  C:153FH         LINE#         846
  -------         ENDPROC       ENDDWNLDSOFT
  C:1004H         SYMBOL        L?0214
  -------         PROC          EXECDWNLDSOFT
  -------         DO            
  D:0023H         SYMBOL        tmpPtr
  I:000FH         SYMBOL        curSoftPktSn
  I:0011H         SYMBOL        err
  I:0012H         SYMBOL        total_len
  I:0014H         SYMBOL        i
  I:0015H         SYMBOL        datadrs
  -------         ENDDO         
[...]
  -------         ENDPROC       _ISENDSTREXT
  -------         PROC          _IRCVSTR
  D:0006H         SYMBOL        sla
  D:0005H         SYMBOL        suba
  D:0001H         SYMBOL        s
  D:0033H         SYMBOL        no
  -------         DO            
  D:0007H         SYMBOL        i
  -------         ENDDO         
  C:1CC2H         LINE#         95
  C:1CC4H         LINE#         96
  C:1CC4H         LINE#         98
  C:1CC4H         LINE#         99
  C:1CC4H         LINE#         100
  C:1CC9H         LINE#         101
  C:1CC9H         LINE#         102
  C:1CCBH         LINE#         103
  C:1CCBH         LINE#         104
  C:1CD0H         LINE#         105
  C:1CD6H         LINE#         106
  C:1CD6H         LINE#         107
  C:1CD8H         LINE#         108
  C:1CD8H         LINE#         110
  C:1CDBH         LINE#         111
BL51 BANKED LINKER/LOCATER V6.22                                                      07/11/2014  13:22:11  PAGE 39


  C:1CDEH         LINE#         112
  C:1CE4H         LINE#         113
  C:1CEAH         LINE#         114
  C:1CEAH         LINE#         115
  C:1CECH         LINE#         116
  C:1CECH         LINE#         118
  C:1CF7H         LINE#         119
  C:1CFAH         LINE#         120
  C:1CFDH         LINE#         121
  C:1D03H         LINE#         122
  C:1D06H         LINE#         123
  C:1D09H         LINE#         124
  C:1D09H         LINE#         125
  C:1D0EH         LINE#         126
  C:1D15H         LINE#         127
  C:1D18H         LINE#         128
  C:1D1BH         LINE#         129
  C:1D1EH         LINE#         130
  C:1D23H         LINE#         131
  C:1D26H         LINE#         132
  C:1D28H         LINE#         133
  -------         ENDPROC       _IRCVSTR
  -------         ENDMOD        I2C

  -------         MODULE        SPI
  C:0000H         SYMBOL        _ICE_DUMMY_
  D:0080H         PUBLIC        P0
  D:0090H         PUBLIC        P1
  D:00A0H         PUBLIC        P2
  D:00B0H         PUBLIC        P3
  C:001EH         PUBLIC        InitSPI
  D:00E2H         PUBLIC        SPCTL
  D:00A8H         PUBLIC        IEN0
  D:00E8H         PUBLIC        IEN1
  B:00A0H.4       PUBLIC        DATA
  D:0098H         PUBLIC        SCON
  D:0088H         PUBLIC        TCON
  D:00B8H         PUBLIC        IP0
  D:00F8H         PUBLIC        IP1
  D:00C8H         PUBLIC        TCR20
  D:00C0H         PUBLIC        AD0MODA
  B:00A0H.5       PUBLIC        CLK
  D:00D8H         PUBLIC        I2CON
  C:2126H         PUBLIC        _MSend_bit
  D:00D0H         PUBLIC        PSW
  -------         PROC          INITSPI
  C:001EH         LINE#         30
  C:001EH         LINE#         31
  C:001EH         LINE#         33
  C:0021H         LINE#         34
  -------         ENDPROC       INITSPI
  -------         PROC          _MSEND_BIT
  D:0006H         SYMBOL        send_data
  D:0005H         SYMBOL        Bitcnt
  -------         DO            
  D:0004H         SYMBOL        i
  D:0002H         SYMBOL        trans_data
BL51 BANKED LINKER/LOCATER V6.22                                                      07/11/2014  13:22:11  PAGE 40


  -------         ENDDO         
  C:2126H         LINE#         47
  C:2126H         LINE#         48
  C:2126H         LINE#         51
  C:212DH         LINE#         52
  C:212DH         LINE#         53
  C:2131H         LINE#         54
  C:213DH         LINE#         55
  C:213DH         LINE#         56
  C:213FH         LINE#         57
  C:2141H         LINE#         59
  C:2141H         LINE#         60
  C:2143H         LINE#         61
  C:2143H         LINE#         62
  C:2145H         LINE#         63
  C:2147H         LINE#         64
  C:214EH         LINE#         65
  C:2151H         LINE#         66
  -------         ENDPROC       _MSEND_BIT
  -------         ENDMOD        SPI

  -------         MODULE        E2PROM
  C:0000H         SYMBOL        _ICE_DUMMY_
  D:0080H         PUBLIC        P0
  D:0090H         PUBLIC        P1
  D:00A0H         PUBLIC        P2
  D:00B0H         PUBLIC        P3
  B:00A8H.7       PUBLIC        EA
  D:00A8H         PUBLIC        IEN0
  D:00E8H         PUBLIC        IEN1
  C:1F8EH         PUBLIC        _readE2promStr
  C:2067H         PUBLIC        _writeE2promStr
  D:00F3H         PUBLIC        DEEADR
  D:00F2H         PUBLIC        DEEDAT
  D:00F1H         PUBLIC        DEECON
  D:0098H         PUBLIC        SCON
  D:0088H         PUBLIC        TCON
  D:00B8H         PUBLIC        IP0
  D:00F8H         PUBLIC        IP1
  D:00C8H         PUBLIC        TCR20
  C:2175H         PUBLIC        _readE2prom
  D:00C0H         PUBLIC        AD0MODA
  D:00D8H         PUBLIC        I2CON
  C:2197H         PUBLIC        _writeE2prom
  D:00D0H         PUBLIC        PSW
  -------         PROC          _READE2PROM
  D:0004H         SYMBOL        address
  -------         DO            
  D:0007H         SYMBOL        eeprom_value
  B:0020H.1       SYMBOL        ea_save
  D:0006H         SYMBOL        temp
  -------         ENDDO         
  C:2175H         LINE#         22
  C:2177H         LINE#         23
  C:2177H         LINE#         28
  C:2177H         LINE#         29
  C:2179H         LINE#         30
BL51 BANKED LINKER/LOCATER V6.22                                                      07/11/2014  13:22:11  PAGE 41


  C:217CH         LINE#         32
  C:2180H         LINE#         33
  C:2182H         LINE#         34
  C:2184H         LINE#         36
  C:2186H         LINE#         37
  C:2186H         LINE#         38
  C:2188H         LINE#         40
  C:218DH         LINE#         42
  C:2190H         LINE#         43
  C:2192H         LINE#         44
  C:2196H         LINE#         46
  C:2196H         LINE#         47
  -------         ENDPROC       _READE2PROM
  -------         PROC          _WRITEE2PROM
  D:0002H         SYMBOL        address
  D:0005H         SYMBOL        value
  -------         DO            
  B:0020H.1       SYMBOL        ea_save
  D:0006H         SYMBOL        temp
  -------         ENDDO         
  C:2197H         LINE#         50
  C:2199H         LINE#         51
  C:2199H         LINE#         55
  C:2199H         LINE#         56
  C:219BH         LINE#         57
  C:219EH         LINE#         59
  C:21A2H         LINE#         60
  C:21A4H         LINE#         61
  C:21A6H         LINE#         63
  C:21A8H         LINE#         65
  C:21AAH         LINE#         66
  C:21AAH         LINE#         67
  C:21ACH         LINE#         68
  C:21B1H         LINE#         69
  C:21B1H         LINE#         70
  C:21B1H         LINE#         71
  C:21B4H         LINE#         73
  C:21B8H         LINE#         74
  -------         ENDPROC       _WRITEE2PROM
  -------         PROC          _WRITEE2PROMSTR
  D:002EH         SYMBOL        len_car
  D:002FH         SYMBOL        adr_eeprom
  D:0031H         SYMBOL        src
  -------         DO            
  D:0004H         SYMBOL        i
  -------         ENDDO         
  C:2067H         LINE#         76
  C:2073H         LINE#         77
  C:2073H         LINE#         80
  C:207BH         LINE#         81
  C:207BH         LINE#         82
  C:2099H         LINE#         83
  C:209CH         LINE#         84
  -------         ENDPROC       _WRITEE2PROMSTR
  -------         PROC          _READE2PROMSTR
  D:0044H         SYMBOL        len_car
  D:0045H         SYMBOL        adr_eeprom
BL51 BANKED LINKER/LOCATER V6.22                                                      07/11/2014  13:22:11  PAGE 42


  D:0047H         SYMBOL        dest
  -------         DO            
  D:004AH         SYMBOL        i
  -------         ENDDO         
  C:1F8EH         LINE#         86
  C:1F9AH         LINE#         87
  C:1F9AH         LINE#         90
  C:1FA4H         LINE#         91
  C:1FA4H         LINE#         92
  C:1FC0H         LINE#         93
  C:1FC4H         LINE#         94
  -------         ENDPROC       _READE2PROMSTR
  -------         ENDMOD        E2PROM

  -------         MODULE        SERIAL
  C:0000H         SYMBOL        _ICE_DUMMY_
  D:0080H         PUBLIC        P0
  D:0090H         PUBLIC        P1
  D:00A0H         PUBLIC        P2
  D:00B0H         PUBLIC        P3
  B:00A8H.7       PUBLIC        EA
  D:00A8H         PUBLIC        IEN0
  D:00E8H         PUBLIC        IEN1
  D:00BAH         PUBLIC        SSTAT
  B:0098H.0       PUBLIC        RI
  B:0098H.1       PUBLIC        TI
  D:0099H         PUBLIC        SBUF
  D:0098H         PUBLIC        SCON
  D:0088H         PUBLIC        TCON
  D:00BDH         PUBLIC        BRGCON
  C:1E43H         PUBLIC        SerialSend_ISR
  D:00B8H         PUBLIC        IP0
  D:00F8H         PUBLIC        IP1
  D:00C8H         PUBLIC        TCR20
  B:0098H.3       PUBLIC        TB8
  D:00C0H         PUBLIC        AD0MODA
  D:00D8H         PUBLIC        I2CON
  D:00BEH         PUBLIC        BRGR0
  D:00BFH         PUBLIC        BRGR1
  C:0B95H         PUBLIC        SerialRcv_ISR
  B:00A8H.4       PUBLIC        ESR
  B:00E8H.6       PUBLIC        EST
  C:21D5H         PUBLIC        InitSerial
  D:00D0H         PUBLIC        PSW
  -------         PROC          INITSERIAL
  C:21D5H         LINE#         50
  C:21D5H         LINE#         51
  C:21D5H         LINE#         54
  C:21D9H         LINE#         55
  C:21DBH         LINE#         59
  C:21DEH         LINE#         60
  C:21E0H         LINE#         63
  C:21E3H         LINE#         64
  C:21E6H         LINE#         66
  C:21E9H         LINE#         67
  C:21ECH         LINE#         82
  C:21EEH         LINE#         83
BL51 BANKED LINKER/LOCATER V6.22                                                      07/11/2014  13:22:11  PAGE 43


  C:21F0H         LINE#         85
  -------         ENDPROC       INITSERIAL
  -------         PROC          SERIALSEND_ISR
  C:1E43H         LINE#         98
  C:1E54H         LINE#         100
  C:1E57H         LINE#         101
  C:1E57H         LINE#         102
  C:1E59H         LINE#         104
  C:1E5BH         LINE#         105
  C:1E5DH         LINE#         106
  C:1E74H         LINE#         107
  C:1E74H         LINE#         108
  C:1E82H         LINE#         109
  C:1E82H         LINE#         111
  C:1E82H         LINE#         113
  C:1E82H         LINE#         114
  C:1E82H         LINE#         115
  -------         ENDPROC       SERIALSEND_ISR
  -------         PROC          SERIALRCV_ISR
  -------         DO            
  D:000DH         SYMBOL        recv_timer
  D:0007H         SYMBOL        Rx_byte
  -------         ENDDO         
  C:0B95H         LINE#         128
  C:0BAAH         LINE#         133
  C:0BBFH         LINE#         134
  C:0BBFH         LINE#         135
  C:0BC2H         LINE#         136
  C:0BC6H         LINE#         137
  C:0BC6H         LINE#         139
  C:0BCDH         LINE#         141
  C:0BCFH         LINE#         143
  C:0BD5H         LINE#         144
  C:0BD5H         LINE#         145
  C:0BD7H         LINE#         146
  C:0BD9H         LINE#         147
  C:0C07H         LINE#         148
  C:0C07H         LINE#         149
  C:0C07H         LINE#         160
  C:0C07H         LINE#         161
  C:0C0CH         LINE#         162
  C:0C0CH         LINE#         163
  C:0C0EH         LINE#         164
  C:0C11H         LINE#         166
  C:0C11H         LINE#         167
  C:0C13H         LINE#         168
  C:0C13H         LINE#         169
  C:0C16H         LINE#         170
  C:0C16H         LINE#         171
  C:0C1BH         LINE#         172
  C:0C1BH         LINE#         173
  C:0C1DH         LINE#         174
  C:0C20H         LINE#         176
  C:0C20H         LINE#         177
  C:0C22H         LINE#         178
  C:0C22H         LINE#         179
  C:0C25H         LINE#         180
BL51 BANKED LINKER/LOCATER V6.22                                                      07/11/2014  13:22:11  PAGE 44


  C:0C25H         LINE#         183
  C:0C29H         LINE#         184
  C:0C2DH         LINE#         185
  C:0C32H         LINE#         191
  C:0C35H         LINE#         192
  C:0C35H         LINE#         194
  C:0C3AH         LINE#         195
  C:0C3FH         LINE#         196
  C:0C43H         LINE#         197
  C:0C43H         LINE#         198
  C:0C45H         LINE#         199
  C:0C48H         LINE#         201
  C:0C48H         LINE#         202
  C:0C4AH         LINE#         203
  C:0C4AH         LINE#         204
  C:0C4DH         LINE#         205
  C:0C4DH         LINE#         206
  C:0C52H         LINE#         207
  C:0C52H         LINE#         208
  C:0C54H         LINE#         209
  C:0C59H         LINE#         210
  C:0C5DH         LINE#         211
  C:0C60H         LINE#         213
  C:0C60H         LINE#         214
  C:0C62H         LINE#         215
  C:0C62H         LINE#         216
  C:0C65H         LINE#         217
  C:0C65H         LINE#         218
  C:0C6AH         LINE#         219
  C:0C6AH         LINE#         220
  C:0C6CH         LINE#         221
  C:0C71H         LINE#         222
  C:0C76H         LINE#         223
  C:0C78H         LINE#         224
  C:0C7BH         LINE#         226
  C:0C7BH         LINE#         227
  C:0C7DH         LINE#         228
  C:0C7DH         LINE#         229
  C:0C80H         LINE#         230
  C:0C80H         LINE#         231
  C:0C85H         LINE#         232
  C:0C8AH         LINE#         233
  C:0C8EH         LINE#         234
  C:0C8EH         LINE#         235
  C:0C90H         LINE#         236
  C:0C93H         LINE#         238
  C:0C93H         LINE#         239
  C:0C95H         LINE#         240
  C:0C95H         LINE#         241
  C:0C98H         LINE#         242
  C:0C98H         LINE#         243
  C:0C9DH         LINE#         244
  C:0CA2H         LINE#         245
  C:0CA6H         LINE#         246
  C:0CA8H         LINE#         247
  C:0CA8H         LINE#         248
  C:0CADH         LINE#         249
BL51 BANKED LINKER/LOCATER V6.22                                                      07/11/2014  13:22:11  PAGE 45


  C:0CB2H         LINE#         250
  C:0CB6H         LINE#         251
  C:0CBAH         LINE#         252
  C:0CBCH         LINE#         254
  C:0CBCH         LINE#         255
  C:0CC1H         LINE#         256
  C:0CCFH         LINE#         257
  C:0CD0H         LINE#         258
  C:0CDCH         LINE#         259
  C:0CDCH         LINE#         260
  C:0CE0H         LINE#         261
  C:0CE0H         LINE#         262
  C:0CF6H         LINE#         263
  C:0CF6H         LINE#         264
  C:0CFAH         LINE#         265
  C:0CFDH         LINE#         267
  C:0D00H         LINE#         269
  C:0D00H         LINE#         270
  C:0D00H         LINE#         271
  C:0D02H         LINE#         272
  C:0D02H         LINE#         273
  C:0D08H         LINE#         274
  C:0D08H         LINE#         275
  C:0D0BH         LINE#         276
  C:0D0BH         LINE#         277
  C:0D0FH         LINE#         278
  C:0D12H         LINE#         279
  C:0D19H         LINE#         282
  C:0D1BH         LINE#         283
  C:0D1BH         LINE#         284
  C:0D1FH         LINE#         285
  C:0D1FH         LINE#         286
  C:0D1FH         LINE#         287
  C:0D1FH         LINE#         289
  C:0D21H         LINE#         290
  -------         ENDPROC       SERIALRCV_ISR
  -------         ENDMOD        SERIAL

  -------         MODULE        ?C?FPADD
  C:0075H         PUBLIC        ?C?FPADD
  C:0071H         PUBLIC        ?C?FPSUB
  -------         ENDMOD        ?C?FPADD

  -------         MODULE        ?C?FPDIV
  C:0169H         PUBLIC        ?C?FPDIV
  -------         ENDMOD        ?C?FPDIV

  -------         MODULE        ?C?FCAST
  C:0210H         PUBLIC        ?C?FCASTC
  C:020BH         PUBLIC        ?C?FCASTI
  C:0206H         PUBLIC        ?C?FCASTL
  -------         ENDMOD        ?C?FCAST

  -------         MODULE        ?C?CASTF
  C:0244H         PUBLIC        ?C?CASTF
  -------         ENDMOD        ?C?CASTF

BL51 BANKED LINKER/LOCATER V6.22                                                      07/11/2014  13:22:11  PAGE 46


  -------         MODULE        ?C?COPY
  C:0395H         PUBLIC        ?C?COPY
  -------         ENDMOD        ?C?COPY

  -------         MODULE        ?C?CLDPTR
  C:03BBH         PUBLIC        ?C?CLDPTR
  -------         ENDMOD        ?C?CLDPTR

  -------         MODULE        ?C?CLDOPTR
  C:03D4H         PUBLIC        ?C?CLDOPTR
  -------         ENDMOD        ?C?CLDOPTR

  -------         MODULE        ?C?CSTPTR
  C:0401H         PUBLIC        ?C?CSTPTR
  -------         ENDMOD        ?C?CSTPTR

  -------         MODULE        ?C?IMUL
  C:0413H         PUBLIC        ?C?IMUL
  -------         ENDMOD        ?C?IMUL

  -------         MODULE        ?C?UIDIV
  C:0425H         PUBLIC        ?C?UIDIV
  -------         ENDMOD        ?C?UIDIV

  -------         MODULE        ?C?SIDIV
  C:047AH         PUBLIC        ?C?SIDIV
  -------         ENDMOD        ?C?SIDIV

  -------         MODULE        ?C?IILDX
  C:04B0H         PUBLIC        ?C?IILDX
  -------         ENDMOD        ?C?IILDX

  -------         MODULE        ?C?LMUL
  C:04C6H         PUBLIC        ?C?LMUL
  -------         ENDMOD        ?C?LMUL

  -------         MODULE        ?C?ULDIV
  C:0551H         PUBLIC        ?C?ULDIV
  -------         ENDMOD        ?C?ULDIV

  -------         MODULE        ?C?LOR
  C:05E3H         PUBLIC        ?C?LOR
  -------         ENDMOD        ?C?LOR

  -------         MODULE        ?C?LNEG
  C:05F0H         PUBLIC        ?C?LNEG
  -------         ENDMOD        ?C?LNEG

  -------         MODULE        ?C?ULCMP
  C:05FEH         PUBLIC        ?C?ULCMP
  -------         ENDMOD        ?C?ULCMP

  -------         MODULE        ?C?LSHL
  C:060FH         PUBLIC        ?C?LSHL
  -------         ENDMOD        ?C?LSHL

  -------         MODULE        ?C?LLDIDATA
BL51 BANKED LINKER/LOCATER V6.22                                                      07/11/2014  13:22:11  PAGE 47


  C:0622H         PUBLIC        ?C?LLDIDATA
  -------         ENDMOD        ?C?LLDIDATA

  -------         MODULE        ?C?LLDIDATA0
  C:062EH         PUBLIC        ?C?LLDIDATA0
  -------         ENDMOD        ?C?LLDIDATA0

  -------         MODULE        ?C?PLDIIDATA
  C:063BH         PUBLIC        ?C?PLDIIDATA
  -------         ENDMOD        ?C?PLDIIDATA

  -------         MODULE        ?C?CCASE
  C:064BH         PUBLIC        ?C?CCASE
  -------         ENDMOD        ?C?CCASE

  -------         MODULE        ?C?ICASE
  C:0671H         PUBLIC        ?C?ICASE
  -------         ENDMOD        ?C?ICASE

  -------         MODULE        ?C?ICALL
  C:069EH         PUBLIC        ?C?ICALL
  C:06A2H         PUBLIC        ?C?ICALL2
  -------         ENDMOD        ?C?ICALL



FUNCTION REGISTER MASKS


FUNCTION . . . . . . . REG MASK
-------------------------------

ENDDWNLDSOFT . . . . . @0xf3ff
GETBUS . . . . . . . . @0x8000
GETTIME. . . . . . . . @0xc003
INITCPU. . . . . . . . @0xe000
INITSERIAL . . . . . . @0xe080
INITSPI. . . . . . . . @0xe000
INITTIMER1 . . . . . . @0xe000
READTEMPERATUR . . . . @0xf3f7
SERIALRCV_ISR. . . . . @0xf38f
SERIALSEND_ISR . . . . @0xf383
SWITCH_CLOCK . . . . . @0xf39f
WATCHDOG . . . . . . . @0xc000
_CHECKMBIT . . . . . . @0xf003
_DELAY . . . . . . . . @0xf00e
_IRCVSTR . . . . . . . @0xf363
_ISENDSTREXT . . . . . @0xf361
_MSEND_BIT . . . . . . @0xf33b
_READAD. . . . . . . . @0xf383
_READE2PROM. . . . . . @0xf00f
_SENDBYTE. . . . . . . @0x8000
_SWAPBYTES . . . . . . @0xfff3
_WRITEATT1 . . . . . . @0xf33f
_WRITEE2PROM . . . . . @0xf033
_WRITEE2PROMSTR. . . . @0xf3ff

BL51 BANKED LINKER/LOCATER V6.22                                                      07/11/2014  13:22:11  PAGE 48


Program Size: data=135.2 xdata=399 code=8759
LINK/LOCATE RUN COMPLETE.  0 WARNING(S),  0 ERROR(S)
