BL51 BANKED LINKER/LOCATER V6.22                                                        10/21/2014  13:18:04  PAGE 1


BL51 BANKED LINKER/LOCATER V6.22, INVOKED BY:
C:\PROGRAM FILES\KEIL\C51\BIN\BL51.EXE .\OUTPUT\main.obj, .\OUTPUT\timer.obj, .\OUTPUT\bro20W_cpu.obj, .\OUTPUT\bro20W_R
>> Fcontrol.obj, .\OUTPUT\bro20W_packet.obj, .\OUTPUT\START900.obj, .\OUTPUT\I2C.obj, .\OUTPUT\SPI.obj, .\OUTPUT\e2prom.
>> obj, .\OUTPUT\serial.obj TO .\OUTPUT\my_project REGFILE (.\OUTPUT\my_project.ORC) PRINT (.\list\my_project.m51) RAMSI
>> ZE (256)


MEMORY MODEL: SMALL WITH FLOATING POINT ARITHMETIC


INPUT MODULES INCLUDED:
  .\OUTPUT\main.obj (MAIN)
  .\OUTPUT\timer.obj (TIMER)
  .\OUTPUT\bro20W_cpu.obj (BRO20W_CPU)
  .\OUTPUT\bro20W_RFcontrol.obj (BRO20W_RFCONTROL)
  .\OUTPUT\bro20W_packet.obj (BRO20W_PACKET)
  .\OUTPUT\START900.obj (?C_STARTUP)
  .\OUTPUT\I2C.obj (I2C)
  .\OUTPUT\SPI.obj (SPI)
  .\OUTPUT\e2prom.obj (E2PROM)
  .\OUTPUT\serial.obj (SERIAL)
  C:\PROGRAM FILES\KEIL\C51\LIB\C51FPS.LIB (?C?FPADD)
  C:\PROGRAM FILES\KEIL\C51\LIB\C51FPS.LIB (?C?FPDIV)
  C:\PROGRAM FILES\KEIL\C51\LIB\C51FPS.LIB (?C?FCAST)
  C:\PROGRAM FILES\KEIL\C51\LIB\C51FPS.LIB (?C?CASTF)
  C:\PROGRAM FILES\KEIL\C51\LIB\C51FPS.LIB (?C?FPGETOPN)
  C:\PROGRAM FILES\KEIL\C51\LIB\C51S.LIB (?C_INIT)
  C:\PROGRAM FILES\KEIL\C51\LIB\C51S.LIB (?C?COPY)
  C:\PROGRAM FILES\KEIL\C51\LIB\C51S.LIB (?C?CLDPTR)
  C:\PROGRAM FILES\KEIL\C51\LIB\C51S.LIB (?C?CLDOPTR)
  C:\PROGRAM FILES\KEIL\C51\LIB\C51S.LIB (?C?CSTPTR)
  C:\PROGRAM FILES\KEIL\C51\LIB\C51S.LIB (?C?IMUL)
  C:\PROGRAM FILES\KEIL\C51\LIB\C51S.LIB (?C?UIDIV)
  C:\PROGRAM FILES\KEIL\C51\LIB\C51S.LIB (?C?SIDIV)
  C:\PROGRAM FILES\KEIL\C51\LIB\C51S.LIB (?C?IILDX)
  C:\PROGRAM FILES\KEIL\C51\LIB\C51S.LIB (?C?LMUL)
  C:\PROGRAM FILES\KEIL\C51\LIB\C51S.LIB (?C?ULDIV)
  C:\PROGRAM FILES\KEIL\C51\LIB\C51S.LIB (?C?LOR)
  C:\PROGRAM FILES\KEIL\C51\LIB\C51S.LIB (?C?LNEG)
  C:\PROGRAM FILES\KEIL\C51\LIB\C51S.LIB (?C?ULCMP)
  C:\PROGRAM FILES\KEIL\C51\LIB\C51S.LIB (?C?LSHL)
  C:\PROGRAM FILES\KEIL\C51\LIB\C51S.LIB (?C?LLDIDATA)
  C:\PROGRAM FILES\KEIL\C51\LIB\C51S.LIB (?C?LLDIDATA0)
  C:\PROGRAM FILES\KEIL\C51\LIB\C51S.LIB (?C?PLDIIDATA)
  C:\PROGRAM FILES\KEIL\C51\LIB\C51S.LIB (?C?CCASE)
  C:\PROGRAM FILES\KEIL\C51\LIB\C51S.LIB (?C?ICASE)
  C:\PROGRAM FILES\KEIL\C51\LIB\C51S.LIB (?C?ICALL)


LINK MAP OF MODULE:  .\OUTPUT\my_project (MAIN)


            TYPE    BASE      LENGTH    RELOCATION   SEGMENT NAME
            -----------------------------------------------------

            * * * * * * *   D A T A   M E M O R Y   * * * * * * *
            REG     0000H     0008H     ABSOLUTE     "REG BANK 0"
            DATA    0008H     0003H     UNIT         ?DT?BRO20W_PACKET
BL51 BANKED LINKER/LOCATER V6.22                                                      10/21/2014  13:18:04  PAGE 2


            DATA    000BH     0002H     UNIT         ?DT?TIMER
            DATA    000DH     0002H     UNIT         ?DT?SERIAL
            IDATA   000FH     0008H     UNIT         _IDATA_GROUP_
                    0017H     0009H                  *** GAP ***
            BIT     0020H.0   0000H.1   UNIT         ?BI?MAIN
            BIT     0020H.1   0000H.1   UNIT         _BIT_GROUP_
                    0020H.2   0000H.6                *** GAP ***
            DATA    0021H     002EH     UNIT         _DATA_GROUP_
            DATA    004FH     002DH     UNIT         ?DT?MAIN
            IDATA   007CH     0016H     UNIT         ?ID?MAIN
            IDATA   0092H     0001H     UNIT         ?STACK

            * * * * * * *  X D A T A   M E M O R Y  * * * * * * *
            XDATA   0000H     0184H     UNIT         ?XD?MAIN
            XDATA   0184H     0008H     UNIT         ?XD?BRO20W_PACKET
            XDATA   018CH     0001H     UNIT         _XDATA_GROUP_

            * * * * * * *   C O D E   M E M O R Y   * * * * * * *
            CODE    0000H     0003H     ABSOLUTE     
            CODE    0003H     0018H     UNIT         ?PR?_WRITEATT1?BRO20W_RFCONTROL
            CODE    001BH     0003H     ABSOLUTE     
            CODE    001EH     0004H     UNIT         ?PR?INITSPI?SPI
                    0022H     0001H                  *** GAP ***
            CODE    0023H     0003H     ABSOLUTE     
            CODE    0026H     000FH     UNIT         ?PR?_CHECKMBIT?BRO20W_RFCONTROL
            CODE    0035H     000BH     UNIT         ?PR?WATCHDOG?BRO20W_RFCONTROL
            CODE    0040H     000AH     ABSOLUTE     
            CODE    004AH     001CH     UNIT         ?PR?_DELAY?BRO20W_RFCONTROL
                    0066H     0005H                  *** GAP ***
            CODE    006BH     0003H     ABSOLUTE     
            CODE    006EH     0636H     UNIT         ?C?LIB_CODE
            CODE    06A4H     0356H     UNIT         ?PR?EXECFCTPARAMSET?BRO20W_PACKET
            CODE    09FAH     01A0H     UNIT         ?PR?WRITEPLL?BRO20W_RFCONTROL
            CODE    0B9AH     019FH     UNIT         ?PR?SERIALRCV_ISR?SERIAL
            CODE    0D39H     0173H     UNIT         ?PR?EXECRFPARAMQ?BRO20W_PACKET
            CODE    0EACH     016DH     UNIT         ?PR?EXECDWNLDSOFT?BRO20W_PACKET
            CODE    1019H     0160H     UNIT         ?PR?OUTPUTPWRSAMPLING?BRO20W_PACKET
            CODE    1179H     0157H     UNIT         ?PR?GPALIMCOMPENSATE?BRO20W_RFCONTROL
            CODE    12D0H     0149H     UNIT         ?PR?INITRF?BRO20W_RFCONTROL
            CODE    1419H     0136H     UNIT         ?PR?ENDDWNLDSOFT?BRO20W_PACKET
            CODE    154FH     0131H     UNIT         ?PR?_WRITEAD5314?BRO20W_RFCONTROL
            CODE    1680H     00E9H     UNIT         ?PR?UPDATEALMINFO?BRO20W_PACKET
            CODE    1769H     00E6H     UNIT         ?PR?BRO20W_RFCONTROL
            CODE    184FH     00DFH     UNIT         ?PR?BRO20W_PACKET
            CODE    192EH     009DH     UNIT         ?PR?ZHOUQIFASONG5MS?MAIN
            CODE    19CBH     0092H     UNIT         ?PR?EXECUTE_CMD?BRO20W_PACKET
            CODE    1A5DH     0089H     UNIT         ?PR?_READAD?BRO20W_RFCONTROL
            CODE    1AE6H     0087H     UNIT         ?PR?_SWITCHRF?BRO20W_RFCONTROL
            CODE    1B6DH     0086H     UNIT         ?C_C51STARTUP
            CODE    1BF3H     007BH     UNIT         ?PR?SENDPKT?BRO20W_PACKET
            CODE    1C6EH     006FH     UNIT         ?PR?_PROGPLL?BRO20W_RFCONTROL
            CODE    1CDDH     0067H     UNIT         ?PR?_IRCVSTR?I2C
            CODE    1D44H     0065H     UNIT         ?PR?TIMER1?TIMER
            CODE    1DA9H     005BH     UNIT         ?PR?EXECCHECKSUMQ?BRO20W_RFCONTROL
            CODE    1E04H     005AH     UNIT         ?PR?TASKROUTINE?MAIN
            CODE    1E5EH     004EH     UNIT         ?PR?SERIALSEND_ISR?SERIAL
            CODE    1EACH     004CH     UNIT         ?PR?TASKHANDLEPKT?MAIN
BL51 BANKED LINKER/LOCATER V6.22                                                      10/21/2014  13:18:04  PAGE 3


            CODE    1EF8H     0046H     UNIT         ?PR?MAIN?MAIN
            CODE    1F3EH     003FH     UNIT         ?PR?SENDINITPACKET?BRO20W_PACKET
            CODE    1F7DH     003DH     UNIT         ?PR?_ISENDSTREXT?I2C
            CODE    1FBAH     003BH     UNIT         ?PR?_SWAPBYTES?BRO20W_PACKET
            CODE    1FF5H     0037H     UNIT         ?PR?_READE2PROMSTR?E2PROM
            CODE    202CH     0036H     UNIT         ?PR?SWITCH_CLOCK?MAIN
            CODE    2062H     0036H     UNIT         ?PR?_CALDEFCKSUM?BRO20W_PACKET
            CODE    2098H     0036H     UNIT         ?PR?_WRITEE2PROMSTR?E2PROM
            CODE    20CEH     0031H     UNIT         ?PR?READTEMPERATUR?BRO20W_RFCONTROL
            CODE    20FFH     002CH     UNIT         ?PR?INITCPU?BRO20W_CPU
            CODE    212BH     002CH     UNIT         ?PR?_WRITELM75?BRO20W_RFCONTROL
            CODE    2157H     002CH     UNIT         ?PR?_MSEND_BIT?SPI
            CODE    2183H     0023H     UNIT         ?PR?TASKRUNPER30S?MAIN
            CODE    21A6H     0022H     UNIT         ?C_INITSEG
            CODE    21C8H     0022H     UNIT         ?PR?_READE2PROM?E2PROM
            CODE    21EAH     0022H     UNIT         ?PR?_WRITEE2PROM?E2PROM
            CODE    220CH     001CH     UNIT         ?PR?INITSERIAL?SERIAL
            CODE    2228H     000EH     UNIT         ?PR?INITTIMER1?TIMER
            CODE    2236H     000DH     UNIT         ?PR?GETBUS?I2C
            CODE    2243H     000BH     UNIT         ?PR?I2C
            CODE    224EH     000AH     UNIT         ?PR?TASKRUNPER5S?MAIN
            CODE    2258H     0009H     UNIT         ?PR?GETTIME?TIMER
            CODE    2261H     0009H     UNIT         ?PR?_SENDBYTE?I2C
            CODE    226AH     0008H     UNIT         ?CO?BRO20W_PACKET



OVERLAY MAP OF MODULE:   .\OUTPUT\my_project (MAIN)


SEGMENT                                          BIT_GROUP          DATA_GROUP          IDATA_GROUP         XDATA_GROUP
  +--> CALLED SEGMENT                         START    LENGTH     START    LENGTH     START    LENGTH     START    LENGT
>> H
------------------------------------------------------------------------------------------------------------------------
>> -
?C_C51STARTUP                                 -----    -----      -----    -----      -----    -----      -----    -----
>> 
  +--> ?PR?MAIN?MAIN
  +--> ?C_INITSEG

?PR?MAIN?MAIN                                 -----    -----      -----    -----      -----    -----      -----    -----
>> 
  +--> ?PR?INITCPU?BRO20W_CPU
  +--> ?PR?INITSERIAL?SERIAL
  +--> ?PR?INITSPI?SPI
  +--> ?PR?INITRF?BRO20W_RFCONTROL
  +--> ?PR?INITTIMER1?TIMER
  +--> ?PR?SENDINITPACKET?BRO20W_PACKET
  +--> ?PR?GETTIME?TIMER
  +--> ?PR?ZHOUQIFASONG5MS?MAIN
  +--> ?PR?TASKROUTINE?MAIN
  +--> ?PR?TASKHANDLEPKT?MAIN

?PR?INITRF?BRO20W_RFCONTROL                   -----    -----      0021H    000AH      -----    -----      -----    -----
>> 
  +--> ?PR?GETTIME?TIMER
  +--> ?PR?_SWITCHRF?BRO20W_RFCONTROL
BL51 BANKED LINKER/LOCATER V6.22                                                      10/21/2014  13:18:04  PAGE 4


  +--> ?PR?_DELAY?BRO20W_RFCONTROL
  +--> ?PR?WATCHDOG?BRO20W_RFCONTROL
  +--> ?PR?_READE2PROMSTR?E2PROM
  +--> ?PR?_SWAPBYTES?BRO20W_PACKET
  +--> ?PR?GPALIMCOMPENSATE?BRO20W_RFCONTROL
  +--> ?PR?_WRITEAD5314?BRO20W_RFCONTROL
  +--> ?PR?_WRITELM75?BRO20W_RFCONTROL
  +--> ?PR?_WRITEATT1?BRO20W_RFCONTROL
  +--> ?PR?WRITEPLL?BRO20W_RFCONTROL
  +--> ?PR?READTEMPERATUR?BRO20W_RFCONTROL
  +--> ?PR?EXECCHECKSUMQ?BRO20W_RFCONTROL

?PR?_SWITCHRF?BRO20W_RFCONTROL                -----    -----      002FH    0005H      -----    -----      -----    -----
>> 
  +--> ?PR?BRO20W_RFCONTROL
  +--> ?PR?_READE2PROMSTR?E2PROM
  +--> ?PR?_WRITEAD5314?BRO20W_RFCONTROL
  +--> ?PR?_SWAPBYTES?BRO20W_PACKET

?PR?_READE2PROMSTR?E2PROM                     -----    -----      0045H    0007H      -----    -----      -----    -----
>> 
  +--> ?PR?_READE2PROM?E2PROM

?PR?_READE2PROM?E2PROM                        0020H.1  0000H.1    -----    -----      -----    -----      -----    -----
>> 

?PR?_WRITEAD5314?BRO20W_RFCONTROL             -----    -----      0034H    0003H      -----    -----      018CH    0001H
>> 
  +--> ?PR?BRO20W_RFCONTROL
  +--> ?PR?_MSEND_BIT?SPI

?PR?_SWAPBYTES?BRO20W_PACKET                  -----    -----      0045H    0007H      -----    -----      -----    -----
>> 
  +--> ?PR?BRO20W_PACKET

?PR?_DELAY?BRO20W_RFCONTROL                   -----    -----      -----    -----      -----    -----      -----    -----
>> 
  +--> ?PR?WATCHDOG?BRO20W_RFCONTROL

?PR?GPALIMCOMPENSATE?BRO20W_RFCONTROL         -----    -----      002FH    0007H      -----    -----      -----    -----
>> 
  +--> ?PR?_READE2PROMSTR?E2PROM
  +--> ?PR?BRO20W_RFCONTROL
  +--> ?PR?_SWAPBYTES?BRO20W_PACKET

?PR?_WRITELM75?BRO20W_RFCONTROL               -----    -----      002FH    0006H      -----    -----      -----    -----
>> 
  +--> ?PR?WATCHDOG?BRO20W_RFCONTROL
  +--> ?PR?_ISENDSTREXT?I2C

?PR?_ISENDSTREXT?I2C                          -----    -----      0035H    0005H      -----    -----      018CH    0001H
>> 
  +--> ?PR?I2C
  +--> ?PR?_SENDBYTE?I2C

?PR?I2C                                       -----    -----      -----    -----      -----    -----      -----    -----
>> 
BL51 BANKED LINKER/LOCATER V6.22                                                      10/21/2014  13:18:04  PAGE 5


  +--> ?PR?GETBUS?I2C
  +--> ?PR?_SENDBYTE?I2C

?PR?_WRITEATT1?BRO20W_RFCONTROL               -----    -----      -----    -----      -----    -----      -----    -----
>> 
  +--> ?PR?_MSEND_BIT?SPI

?PR?WRITEPLL?BRO20W_RFCONTROL                 -----    -----      002FH    0016H      -----    -----      -----    -----
>> 
  +--> ?PR?BRO20W_RFCONTROL
  +--> ?PR?_CHECKMBIT?BRO20W_RFCONTROL
  +--> ?PR?_PROGPLL?BRO20W_RFCONTROL
  +--> ?PR?WATCHDOG?BRO20W_RFCONTROL
  +--> ?PR?_READE2PROMSTR?E2PROM
  +--> ?PR?_SWAPBYTES?BRO20W_PACKET

?PR?_PROGPLL?BRO20W_RFCONTROL                 -----    -----      0045H    000AH      -----    -----      -----    -----
>> 

?PR?READTEMPERATUR?BRO20W_RFCONTROL           -----    -----      002BH    0002H      -----    -----      -----    -----
>> 
  +--> ?PR?_IRCVSTR?I2C

?PR?_IRCVSTR?I2C                              -----    -----      002FH    0006H      -----    -----      -----    -----
>> 
  +--> ?PR?I2C
  +--> ?PR?_SENDBYTE?I2C

?PR?EXECCHECKSUMQ?BRO20W_RFCONTROL            -----    -----      002BH    0002H      -----    -----      -----    -----
>> 
  +--> ?PR?WATCHDOG?BRO20W_RFCONTROL

?PR?SENDINITPACKET?BRO20W_PACKET              -----    -----      -----    -----      -----    -----      -----    -----
>> 
  +--> ?PR?BRO20W_PACKET
  +--> ?PR?_READE2PROMSTR?E2PROM
  +--> ?PR?_WRITEE2PROMSTR?E2PROM
  +--> ?PR?SENDPKT?BRO20W_PACKET

?PR?_WRITEE2PROMSTR?E2PROM                    -----    -----      002FH    0006H      -----    -----      -----    -----
>> 
  +--> ?PR?_WRITEE2PROM?E2PROM

?PR?_WRITEE2PROM?E2PROM                       0020H.1  0000H.1    -----    -----      -----    -----      -----    -----
>> 

?PR?SENDPKT?BRO20W_PACKET                     -----    -----      0022H    0004H      -----    -----      -----    -----
>> 
  +--> ?PR?BRO20W_PACKET
  +--> ?PR?_CALDEFCKSUM?BRO20W_PACKET

?PR?_CALDEFCKSUM?BRO20W_PACKET                -----    -----      0026H    0008H      -----    -----      018CH    0001H
>> 
  +--> ?PR?BRO20W_PACKET

?PR?TASKROUTINE?MAIN                          -----    -----      -----    -----      -----    -----      -----    -----
>> 
BL51 BANKED LINKER/LOCATER V6.22                                                      10/21/2014  13:18:04  PAGE 6


  +--> ?PR?WATCHDOG?BRO20W_RFCONTROL
  +--> ?PR?GETTIME?TIMER
  +--> ?PR?SWITCH_CLOCK?MAIN
  +--> ?PR?TASKRUNPER5S?MAIN
  +--> ?PR?TASKRUNPER30S?MAIN

?PR?SWITCH_CLOCK?MAIN                         -----    -----      -----    -----      -----    -----      -----    -----
>> 
  +--> ?PR?_READAD?BRO20W_RFCONTROL

?PR?_READAD?BRO20W_RFCONTROL                  -----    -----      0036H    0002H      -----    -----      -----    -----
>> 

?PR?TASKRUNPER5S?MAIN                         -----    -----      -----    -----      -----    -----      -----    -----
>> 
  +--> ?PR?UPDATEALMINFO?BRO20W_PACKET

?PR?UPDATEALMINFO?BRO20W_PACKET               -----    -----      -----    -----      -----    -----      -----    -----
>> 
  +--> ?PR?WATCHDOG?BRO20W_RFCONTROL
  +--> ?PR?BRO20W_PACKET
  +--> ?PR?_SWITCHRF?BRO20W_RFCONTROL
  +--> ?PR?WRITEPLL?BRO20W_RFCONTROL
  +--> ?PR?_DELAY?BRO20W_RFCONTROL
  +--> ?PR?_READAD?BRO20W_RFCONTROL
  +--> ?PR?OUTPUTPWRSAMPLING?BRO20W_PACKET

?PR?OUTPUTPWRSAMPLING?BRO20W_PACKET           -----    -----      002FH    0007H      -----    -----      -----    -----
>> 
  +--> ?PR?_READAD?BRO20W_RFCONTROL
  +--> ?PR?_READE2PROMSTR?E2PROM
  +--> ?PR?_SWAPBYTES?BRO20W_PACKET
  +--> ?PR?BRO20W_PACKET

?PR?TASKRUNPER30S?MAIN                        -----    -----      -----    -----      -----    -----      -----    -----
>> 
  +--> ?PR?READTEMPERATUR?BRO20W_RFCONTROL
  +--> ?PR?GPALIMCOMPENSATE?BRO20W_RFCONTROL
  +--> ?PR?_WRITEAD5314?BRO20W_RFCONTROL
  +--> ?PR?WATCHDOG?BRO20W_RFCONTROL

?PR?TASKHANDLEPKT?MAIN                        -----    -----      0021H    0001H      -----    -----      -----    -----
>> 
  +--> ?PR?WATCHDOG?BRO20W_RFCONTROL
  +--> ?PR?EXECUTE_CMD?BRO20W_PACKET
  +--> ?PR?SENDPKT?BRO20W_PACKET

?PR?EXECUTE_CMD?BRO20W_PACKET                 -----    -----      0022H    0002H      -----    -----      -----    -----
>> 
  +--> ?PR?EXECFCTPARAMSET?BRO20W_PACKET
  +--> ?PR?EXECRFPARAMQ?BRO20W_PACKET
  +--> ?PR?ENDDWNLDSOFT?BRO20W_PACKET
  +--> ?PR?GETTIME?TIMER
  +--> ?PR?EXECDWNLDSOFT?BRO20W_PACKET
  +--> ?PR?BRO20W_PACKET

?PR?EXECFCTPARAMSET?BRO20W_PACKET             -----    -----      0024H    000BH      -----    -----      -----    -----
BL51 BANKED LINKER/LOCATER V6.22                                                      10/21/2014  13:18:04  PAGE 7


>> 
  +--> ?PR?BRO20W_PACKET
  +--> ?PR?_READE2PROMSTR?E2PROM
  +--> ?PR?_IRCVSTR?I2C
  +--> ?PR?_WRITEE2PROMSTR?E2PROM
  +--> ?PR?_WRITEAD5314?BRO20W_RFCONTROL
  +--> ?PR?_WRITEATT1?BRO20W_RFCONTROL
  +--> ?PR?UPDATEALMINFO?BRO20W_PACKET
  +--> ?PR?_SWAPBYTES?BRO20W_PACKET
  +--> ?PR?WRITEPLL?BRO20W_RFCONTROL
  +--> ?PR?_DELAY?BRO20W_RFCONTROL
  +--> ?PR?GPALIMCOMPENSATE?BRO20W_RFCONTROL
  +--> ?PR?_WRITELM75?BRO20W_RFCONTROL
  +--> ?PR?WATCHDOG?BRO20W_RFCONTROL

?PR?EXECRFPARAMQ?BRO20W_PACKET                -----    -----      0024H    0002H      -----    -----      -----    -----
>> 
  +--> ?PR?BRO20W_PACKET
  +--> ?PR?_READE2PROMSTR?E2PROM
  +--> ?PR?_SWAPBYTES?BRO20W_PACKET
  +--> ?PR?WATCHDOG?BRO20W_RFCONTROL

?PR?ENDDWNLDSOFT?BRO20W_PACKET                -----    -----      0024H    000AH      -----    -----      -----    -----
>> 
  +--> ?PR?BRO20W_PACKET
  +--> ?PR?WATCHDOG?BRO20W_RFCONTROL
  +--> ?PR?_WRITEE2PROMSTR?E2PROM
  +--> ?PR?_ISENDSTREXT?I2C

?PR?EXECDWNLDSOFT?BRO20W_PACKET               -----    -----      0024H    0002H      000FH    0008H      -----    -----
>> 
  +--> ?PR?BRO20W_PACKET
  +--> ?PR?_SWAPBYTES?BRO20W_PACKET
  +--> ?PR?WATCHDOG?BRO20W_RFCONTROL
  +--> ?PR?_ISENDSTREXT?I2C
  +--> ?CO?BRO20W_PACKET

*** NEW ROOT ***************************************************

?PR?SERIALRCV_ISR?SERIAL                      -----    -----      -----    -----      -----    -----      -----    -----
>> 
  +--> ?PR?GETTIME?TIMER



SYMBOL TABLE OF MODULE:  .\OUTPUT\my_project (MAIN)

  VALUE           TYPE          NAME
  ----------------------------------

  -------         MODULE        MAIN
  C:0000H         SYMBOL        _ICE_DUMMY_
  X:0006H         PUBLIC        gDownFlag
  X:0007H         PUBLIC        gCurOffset
  B:00A0H.6       PUBLIC        V33C
  D:0080H         PUBLIC        P0
  C:1E04H         PUBLIC        TaskRoutine
BL51 BANKED LINKER/LOCATER V6.22                                                      10/21/2014  13:18:04  PAGE 8


  D:0090H         PUBLIC        P1
  X:0009H         PUBLIC        gOutPwrVal
  D:00A0H         PUBLIC        P2
  D:0051H         PUBLIC        gpreRfTemp
  I:007CH         PUBLIC        Rx_ptr
  D:00B0H         PUBLIC        P3
  D:0053H         PUBLIC        Tx_ptr
  D:0054H         PUBLIC        gcurRfTemp
  B:00A8H.7       PUBLIC        EA
  X:000BH         PUBLIC        gOutPwrSlopeVal
  I:007DH         PUBLIC        gDAoutA
  I:007FH         PUBLIC        gDAoutB
  I:0081H         PUBLIC        gDAoutC
  I:0083H         PUBLIC        gDAoutD
  D:00A8H         PUBLIC        IEN0
  X:000DH         PUBLIC        __PlusReqAddr
  D:00E8H         PUBLIC        IEN1
  D:0056H         PUBLIC        gCenFreq
  X:000EH         PUBLIC        gAtttempval
  X:000FH         PUBLIC        AutoSwitch
  B:0020H.0       PUBLIC        rfPramModified
  D:005AH         PUBLIC        pack_valid
  D:005BH         PUBLIC        TimerCallback
  X:0010H         PUBLIC        AppModel
  C:1EACH         PUBLIC        TaskHandlePkt
  I:0085H         PUBLIC        PktHandle2S_time
  I:0087H         PUBLIC        gPALim
  X:0011H         PUBLIC        gAtteVal
  D:005EH         PUBLIC        Data_len
  X:0012H         PUBLIC        gRF_No
  C:224EH         PUBLIC        TaskRunPer5s
  X:0013H         PUBLIC        gCurHlim
  X:0015H         PUBLIC        __PlusReqFreq
  X:0017H         PUBLIC        __PlusReqPower
  X:0018H         PUBLIC        gTempgain
  X:0019H         PUBLIC        gPAResetLim
  X:001AH         PUBLIC        gCurLlim
  X:001CH         PUBLIC        __temp_que
  C:1EF8H         PUBLIC        main
  X:0022H         PUBLIC        gPALimNumer
  D:005FH         PUBLIC        PaSwitch
  D:0060H         PUBLIC        Lim_state
  D:00C0H         PUBLIC        ADMODA
  X:0023H         PUBLIC        gOutPwrShutVal
  X:0024H         PUBLIC        gRFSW
  D:0061H         PUBLIC        ack_flag
  B:0090H.7       PUBLIC        RFswitch
  D:0062H         PUBLIC        RfSwitch
  D:0063H         PUBLIC        Task5S_time
  D:0098H         PUBLIC        SCON
  D:0088H         PUBLIC        TCON
  I:0089H         PUBLIC        Rx_chksum
  D:0065H         PUBLIC        Tx_chksum
  C:192EH         SYMBOL        ZhouQiFaSong5ms
  X:0025H         PUBLIC        ByteCnt
  X:0026H         PUBLIC        gAtt1
  X:0027H         PUBLIC        gCurCo
BL51 BANKED LINKER/LOCATER V6.22                                                      10/21/2014  13:18:04  PAGE 9


  X:0029H         PUBLIC        gPReadADNumer
  D:0066H         PUBLIC        gtestflag
  X:002AH         PUBLIC        RcvDat
  X:004AH         PUBLIC        gGainDenomi
  D:00B8H         PUBLIC        IP0
  D:00F8H         PUBLIC        IP1
  D:0067H         PUBLIC        DwnldSoft1m_time
  D:00C8H         PUBLIC        TCR20
  C:2183H         PUBLIC        TaskRunPer30s
  X:004BH         PUBLIC        NoAck
  D:0069H         PUBLIC        InputPwr
  I:008AH         PUBLIC        Rx_state
  D:006BH         PUBLIC        OutputPwr
  D:006DH         PUBLIC        TempOverAlm
  X:004CH         PUBLIC        gGainOffset
  D:006EH         PUBLIC        gainCo
  X:004DH         PUBLIC        XmtDat
  I:008BH         PUBLIC        Task100MS_time
  D:0070H         PUBLIC        softDownLoad
  D:00D8H         PUBLIC        I2CON
  D:0071H         PUBLIC        Task30S_time
  X:006FH         PUBLIC        PaAdjEquModulus
  D:0073H         PUBLIC        LNA_state
  X:0070H         PUBLIC        __PlusSwitchState
  X:0071H         PUBLIC        PaLastAdjDate_month
  X:0073H         PUBLIC        gPequDenomi
  C:202CH         PUBLIC        Switch_clock
  X:0074H         PUBLIC        gRefPwrVal
  X:0076H         PUBLIC        gGain
  I:008DH         PUBLIC        Rx_size
  X:0077H         PUBLIC        RxBuf
  D:0074H         PUBLIC        Tx_size
  X:00F7H         PUBLIC        TxBuf
  X:0177H         PUBLIC        gRefPwrSlopeVal
  D:0075H         PUBLIC        PLL_state
  X:0179H         PUBLIC        PaLastAdjDate_year
  D:0076H         PUBLIC        re_Pwr
  X:017BH         PUBLIC        all_checksum
  X:017DH         PUBLIC        gGainNumer
  X:017EH         PUBLIC        gPAProtecttLim
  I:008EH         PUBLIC        gPBmFreq
  D:0078H         PUBLIC        PA_current
  X:017FH         PUBLIC        PaUpLimit
  X:0181H         PUBLIC        PaLastAdjDate_day
  D:00D0H         PUBLIC        PSW
  D:007AH         PUBLIC        gtestRfTemp
  X:0183H         PUBLIC        gBaseTemp
  -------         PROC          ZHOUQIFASONG5MS
  -------         DO            
  D:004FH         SYMBOL        idx
  D:0050H         SYMBOL        cycCnt
  X:0000H         SYMBOL        txPaBuf
  D:0007H         SYMBOL        state
  D:0007H         SYMBOL        check
  -------         ENDDO         
  C:192EH         LINE#         50
  C:192EH         LINE#         58
BL51 BANKED LINKER/LOCATER V6.22                                                      10/21/2014  13:18:04  PAGE 10


  C:1938H         LINE#         61
  C:193BH         LINE#         63
  C:1944H         LINE#         65
  C:1948H         LINE#         66
  C:1948H         LINE#         67
  C:1950H         LINE#         68
  C:1965H         LINE#         69
  C:1978H         LINE#         70
  C:1978H         LINE#         71
  C:197DH         LINE#         72
  C:1981H         LINE#         73
  C:1985H         LINE#         74
  C:1988H         LINE#         75
  C:1988H         LINE#         77
  C:19ACH         LINE#         79
  C:19BBH         LINE#         80
  C:19BBH         LINE#         81
  C:19BEH         LINE#         82
  C:19C2H         LINE#         83
  C:19C2H         LINE#         85
  C:19C5H         LINE#         86
  C:19C5H         LINE#         87
  C:19C7H         LINE#         88
  C:19C8H         LINE#         90
  C:19C8H         LINE#         91
  C:19CAH         LINE#         92
  C:19CAH         LINE#         93
  -------         ENDPROC       ZHOUQIFASONG5MS
  -------         PROC          MAIN
  C:1EF8H         LINE#         106
  C:1EF8H         LINE#         108
  C:1EFBH         LINE#         109
  C:1EFEH         LINE#         110
  C:1F01H         LINE#         111
  C:1F04H         LINE#         112
  C:1F07H         LINE#         113
  C:1F0AH         LINE#         114
  C:1F11H         LINE#         116
  C:1F13H         LINE#         117
  C:1F1CH         LINE#         118
  C:1F1EH         LINE#         120
  C:1F1EH         LINE#         121
  C:1F1EH         LINE#         122
  C:1F33H         LINE#         123
  C:1F33H         LINE#         124
  C:1F36H         LINE#         125
  C:1F36H         LINE#         126
  C:1F39H         LINE#         127
  C:1F3CH         LINE#         128
  -------         ENDPROC       MAIN
  -------         PROC          TASKHANDLEPKT
  -------         DO            
  D:0021H         SYMBOL        bPulse
  -------         ENDDO         
  C:1EACH         LINE#         142
  C:1EACH         LINE#         143
  C:1EACH         LINE#         144
BL51 BANKED LINKER/LOCATER V6.22                                                      10/21/2014  13:18:04  PAGE 11


  C:1EAFH         LINE#         146
  C:1EB5H         LINE#         147
  C:1EB5H         LINE#         152
  C:1EB9H         LINE#         153
  C:1EB9H         LINE#         154
  C:1EBCH         LINE#         155
  C:1EBFH         LINE#         156
  C:1EBFH         LINE#         157
  C:1EC3H         LINE#         159
  C:1EC3H         LINE#         160
  C:1EC7H         LINE#         161
  C:1ECFH         LINE#         162
  C:1ECFH         LINE#         164
  C:1ED1H         LINE#         165
  C:1EE0H         LINE#         167
  C:1EF1H         LINE#         168
  C:1EF1H         LINE#         169
  C:1EF4H         LINE#         170
  C:1EF4H         LINE#         172
  C:1EF4H         LINE#         173
  C:1EF7H         LINE#         174
  C:1EF7H         LINE#         175
  C:1EF7H         LINE#         176
  -------         ENDPROC       TASKHANDLEPKT
  -------         PROC          TASKROUTINE
  C:1E04H         LINE#         190
  C:1E04H         LINE#         191
  C:1E04H         LINE#         192
  C:1E07H         LINE#         193
  C:1E0FH         LINE#         194
  C:1E0FH         LINE#         195
  C:1E1CH         LINE#         196
  C:1E1CH         LINE#         197
  C:1E25H         LINE#         198
  C:1E28H         LINE#         199
  C:1E28H         LINE#         200
  C:1E34H         LINE#         201
  C:1E34H         LINE#         202
  C:1E3FH         LINE#         203
  C:1E42H         LINE#         204
  C:1E42H         LINE#         205
  C:1E4EH         LINE#         206
  C:1E4EH         LINE#         207
  C:1E5AH         LINE#         208
  C:1E5DH         LINE#         209
  C:1E5DH         LINE#         210
  C:1E5DH         LINE#         211
  -------         ENDPROC       TASKROUTINE
  -------         PROC          SWITCH_CLOCK
  -------         DO            
  D:0004H         SYMBOL        vcc_in
  D:0003H         SYMBOL        i
  -------         ENDDO         
  C:202CH         LINE#         224
  C:202CH         LINE#         225
  C:202CH         LINE#         226
  C:202FH         LINE#         228
BL51 BANKED LINKER/LOCATER V6.22                                                      10/21/2014  13:18:04  PAGE 12


  C:2035H         LINE#         229
  C:2035H         LINE#         232
  C:2037H         LINE#         233
  C:2037H         LINE#         235
  C:2042H         LINE#         236
  C:2046H         LINE#         239
  C:2054H         LINE#         241
  C:205CH         LINE#         242
  C:205FH         LINE#         244
  C:2061H         LINE#         245
  C:2061H         LINE#         246
  -------         ENDPROC       SWITCH_CLOCK
  -------         PROC          TASKRUNPER5S
  C:224EH         LINE#         258
  C:224EH         LINE#         259
  C:224EH         LINE#         260
  C:2254H         LINE#         261
  C:2254H         LINE#         262
  C:2257H         LINE#         263
  C:2257H         LINE#         264
  -------         ENDPROC       TASKRUNPER5S
  -------         PROC          TASKRUNPER30S
  C:2183H         LINE#         276
  C:2183H         LINE#         277
  C:2183H         LINE#         278
  C:2189H         LINE#         279
  C:2189H         LINE#         281
  C:218CH         LINE#         284
  C:2193H         LINE#         285
  C:2193H         LINE#         286
  C:2196H         LINE#         287
  C:21A2H         LINE#         288
  C:21A2H         LINE#         293
  C:21A5H         LINE#         294
  C:21A5H         LINE#         295
  -------         ENDPROC       TASKRUNPER30S
  -------         ENDMOD        MAIN

  -------         MODULE        TIMER
  C:0000H         SYMBOL        _ICE_DUMMY_
  D:0080H         PUBLIC        P0
  D:0090H         PUBLIC        P1
  D:00A0H         PUBLIC        P2
  D:00B0H         PUBLIC        P3
  B:00A8H.7       PUBLIC        EA
  D:00A8H         PUBLIC        IEN0
  D:00E8H         PUBLIC        IEN1
  D:0098H         PUBLIC        SCON
  C:1D44H         PUBLIC        Timer1
  D:0089H         PUBLIC        TMOD
  D:0088H         PUBLIC        TCON
  D:00B8H         PUBLIC        IP0
  B:00A8H.3       PUBLIC        ET1
  D:00F8H         PUBLIC        IP1
  C:2228H         PUBLIC        InitTimer1
  D:00C8H         PUBLIC        TCR20
  D:008DH         PUBLIC        TH1
BL51 BANKED LINKER/LOCATER V6.22                                                      10/21/2014  13:18:04  PAGE 13


  D:008BH         PUBLIC        TL1
  C:2258H         PUBLIC        getTime
  B:0088H.6       PUBLIC        TR1
  D:00C0H         PUBLIC        AD0MODA
  D:00D8H         PUBLIC        I2CON
  D:000BH         SYMBOL        sysTime
  D:00D0H         PUBLIC        PSW
  -------         PROC          INITTIMER1
  C:2228H         LINE#         33
  C:2228H         LINE#         34
  C:2228H         LINE#         35
  C:222BH         LINE#         37
  C:222EH         LINE#         38
  C:2231H         LINE#         40
  C:2233H         LINE#         41
  C:2235H         LINE#         43
  -------         ENDPROC       INITTIMER1
  -------         PROC          TIMER1
  C:1D44H         LINE#         55
  C:1D61H         LINE#         57
  C:1D63H         LINE#         58
  C:1D66H         LINE#         59
  C:1D69H         LINE#         60
  C:1D6BH         LINE#         61
  C:1D73H         LINE#         62
  C:1D7BH         LINE#         63
  C:1D7DH         LINE#         64
  C:1D7FH         LINE#         67
  C:1D87H         LINE#         68
  C:1D8EH         LINE#         69
  -------         ENDPROC       TIMER1
  -------         PROC          GETTIME
  -------         DO            
  D:0006H         SYMBOL        ticks
  -------         ENDDO         
  C:2258H         LINE#         80
  C:2258H         LINE#         84
  C:225AH         LINE#         85
  C:225EH         LINE#         86
  C:2260H         LINE#         88
  C:2260H         LINE#         89
  -------         ENDPROC       GETTIME
  -------         ENDMOD        TIMER

  -------         MODULE        BRO20W_CPU
  C:0000H         SYMBOL        _ICE_DUMMY_
  D:0084H         PUBLIC        P0M1
  D:0091H         PUBLIC        P1M1
  D:0085H         PUBLIC        P0M2
  D:0080H         PUBLIC        P0
  D:00A4H         PUBLIC        P2M1
  D:0092H         PUBLIC        P1M2
  D:0090H         PUBLIC        P1
  D:00B1H         PUBLIC        P3M1
  D:00A5H         PUBLIC        P2M2
  D:00A0H         PUBLIC        P2
  D:00B2H         PUBLIC        P3M2
BL51 BANKED LINKER/LOCATER V6.22                                                      10/21/2014  13:18:04  PAGE 14


  D:00B0H         PUBLIC        P3
  B:00A8H.7       PUBLIC        EA
  D:00A8H         PUBLIC        IEN0
  D:00E8H         PUBLIC        IEN1
  D:00C2H         PUBLIC        WFEED1
  D:00C3H         PUBLIC        WFEED2
  B:0090H.4       PUBLIC        WP
  D:0098H         PUBLIC        SCON
  D:0088H         PUBLIC        TCON
  C:20FFH         PUBLIC        InitCpu
  D:00E0H         PUBLIC        ACC
  D:00B8H         PUBLIC        IP0
  D:00F8H         PUBLIC        IP1
  D:00C8H         PUBLIC        TCR20
  D:00C0H         PUBLIC        AD0MODA
  D:00D8H         PUBLIC        I2CON
  D:00C1H         PUBLIC        WDL
  D:00D0H         PUBLIC        PSW
  D:00A7H         PUBLIC        WDCON
  -------         PROC          INITCPU
  C:20FFH         LINE#         31
  C:20FFH         LINE#         32
  C:20FFH         LINE#         34
  C:2102H         LINE#         35
  C:2105H         LINE#         44
  C:2108H         LINE#         45
  C:210BH         LINE#         54
  C:210EH         LINE#         55
  C:2111H         LINE#         64
  C:2114H         LINE#         65
  C:2117H         LINE#         69
  C:2119H         LINE#         70
  C:211BH         LINE#         71
  C:211EH         LINE#         72
  C:2120H         LINE#         73
  C:2123H         LINE#         74
  C:2126H         LINE#         78
  C:2128H         LINE#         79
  C:212AH         LINE#         81
  -------         ENDPROC       INITCPU
  -------         ENDMOD        BRO20W_CPU

  -------         MODULE        BRO20W_RFCONTROL
  C:0000H         SYMBOL        _ICE_DUMMY_
  D:0080H         PUBLIC        P0
  D:0090H         PUBLIC        P1
  D:00A0H         PUBLIC        P2
  C:154FH         PUBLIC        _writeAD5314
  D:00B0H         PUBLIC        P3
  B:00A8H.7       PUBLIC        EA
  C:0003H         PUBLIC        _writeAtt1
  D:00A8H         PUBLIC        IEN0
  D:00E8H         PUBLIC        IEN1
  B:0080H.6       PUBLIC        LD
  C:004AH         PUBLIC        _delay
  C:1DA9H         PUBLIC        execCheckSumQ
  D:008EH         PUBLIC        ADCON0
BL51 BANKED LINKER/LOCATER V6.22                                                      10/21/2014  13:18:04  PAGE 15


  C:09FAH         PUBLIC        writePLL
  D:0097H         PUBLIC        ADCON1
  B:00A0H.4       PUBLIC        DATA
  D:00C2H         PUBLIC        WFEED1
  D:00C3H         PUBLIC        WFEED2
  B:0080H.3       PUBLIC        SrcSwitch
  C:1A5DH         PUBLIC        _readAD
  C:1C6EH         PUBLIC        _progPLL
  B:0090H.6       PUBLIC        RFSrcSelect
  D:00C0H         PUBLIC        ADMODA
  D:00A1H         PUBLIC        ADMODB
  C:1AE6H         PUBLIC        _switchRF
  C:12D0H         PUBLIC        InitRF
  B:0090H.7       PUBLIC        RFswitch
  C:1179H         PUBLIC        gPALimCompensate
  D:0098H         PUBLIC        SCON
  C:212BH         PUBLIC        _writeLM75
  D:0088H         PUBLIC        TCON
  D:00C5H         PUBLIC        AD0DAT0
  D:00D5H         PUBLIC        AD1DAT0
  D:00C6H         PUBLIC        AD0DAT1
  B:00A0H.7       PUBLIC        LE1
  B:00A0H.2       PUBLIC        LD2
  D:00D6H         PUBLIC        AD1DAT1
  D:00C7H         PUBLIC        AD0DAT2
  D:00D7H         PUBLIC        AD1DAT2
  D:00F4H         PUBLIC        AD0DAT3
  D:00F5H         PUBLIC        AD1DAT3
  D:00B8H         PUBLIC        IP0
  D:00F8H         PUBLIC        IP1
  D:00C8H         PUBLIC        TCR20
  C:20CEH         PUBLIC        readTemperatur
  B:0098H.5       PUBLIC        SM2
  C:0035H         PUBLIC        watchdog
  B:00A0H.5       PUBLIC        CLK
  D:00D8H         PUBLIC        I2CON
  C:0026H         PUBLIC        _checkMBit
  D:00A3H         PUBLIC        ADINS
  D:00D0H         PUBLIC        PSW
  C:1769H         SYMBOL        Com006D
  C:1769H         SYMBOL        L?0110
  C:1776H         SYMBOL        L?0111
  C:1779H         SYMBOL        L?0112
  C:1782H         SYMBOL        L?0114
  C:1782H         SYMBOL        L?0115
  C:1799H         SYMBOL        L?0116
  C:17BAH         SYMBOL        L?0119
  C:17D5H         SYMBOL        L?0120
  C:17D8H         SYMBOL        L?0121
  C:17E1H         SYMBOL        L?0122
  C:17F6H         SYMBOL        L?0123
  C:180BH         SYMBOL        L?0124
  C:1816H         SYMBOL        L?0125
  C:1819H         SYMBOL        L?0126
  C:1822H         SYMBOL        L?0131
  C:1822H         SYMBOL        L?0132
  C:182BH         SYMBOL        L?0135
BL51 BANKED LINKER/LOCATER V6.22                                                      10/21/2014  13:18:04  PAGE 16


  C:1837H         SYMBOL        L?0136
  C:1843H         SYMBOL        L?0137
  -------         PROC          COM006D
  -------         ENDPROC       COM006D
  C:13F9H         SYMBOL        L?0117
  C:1405H         SYMBOL        L?0118
  C:140FH         SYMBOL        L?0127
  -------         PROC          INITRF
  -------         DO            
  D:0021H         SYMBOL        temp
  -------         ENDDO         
  C:12D0H         LINE#         35
  C:12D0H         LINE#         36
  C:12D0H         LINE#         39
  C:12D2H         LINE#         40
  C:12DEH         LINE#         41
  C:12EAH         LINE#         42
  C:12F4H         LINE#         44
  C:12F6H         LINE#         45
  C:12F8H         LINE#         46
  C:12FAH         LINE#         47
  C:12FCH         LINE#         48
  C:12FFH         LINE#         49
  C:1301H         LINE#         50
  C:1303H         LINE#         51
  C:1308H         LINE#         52
  C:130DH         LINE#         53
  C:1312H         LINE#         54
  C:1316H         LINE#         56
  C:131AH         LINE#         58
  C:131EH         LINE#         59
  C:1322H         LINE#         60
  C:1326H         LINE#         63
  C:132AH         LINE#         64
  C:132EH         LINE#         66
  C:1332H         LINE#         68
  C:1337H         LINE#         69
  C:133AH         LINE#         72
  C:1349H         LINE#         75
  C:1350H         LINE#         76
  C:135EH         LINE#         78
  C:1365H         LINE#         79
  C:137AH         LINE#         81
  C:1383H         LINE#         83
  C:1386H         LINE#         84
  C:1392H         LINE#         86
  C:1395H         LINE#         87
  C:139EH         LINE#         89
  C:13A7H         LINE#         90
  C:13B3H         LINE#         92
  C:13BCH         LINE#         93
  C:13C8H         LINE#         95
  C:13D1H         LINE#         96
  C:13D4H         LINE#         97
  C:13E3H         LINE#         98
  C:13EBH         LINE#         99
  C:13EEH         LINE#         100
BL51 BANKED LINKER/LOCATER V6.22                                                      10/21/2014  13:18:04  PAGE 17


  C:13F3H         LINE#         101
  C:13F6H         LINE#         102
  C:13F9H         LINE#         103
  -------         ENDPROC       INITRF
  -------         PROC          _WRITELM75
  D:0007H         SYMBOL        point
  D:0005H         SYMBOL        value
  D:002FH         SYMBOL        num
  -------         DO            
  D:0030H         SYMBOL        temp
  -------         ENDDO         
  C:212BH         LINE#         107
  C:212DH         LINE#         108
  C:212DH         LINE#         110
  C:2132H         LINE#         111
  C:2132H         LINE#         112
  C:2135H         LINE#         113
  C:2138H         LINE#         114
  C:213AH         LINE#         115
  C:213FH         LINE#         116
  C:213FH         LINE#         117
  C:2141H         LINE#         118
  C:2143H         LINE#         119
  C:2146H         LINE#         120
  C:2146H         LINE#         121
  C:2149H         LINE#         122
  -------         ENDPROC       _WRITELM75
  C:1B5FH         SYMBOL        L?0133
  -------         PROC          _SWITCHRF
  D:002FH         SYMBOL        value
  -------         DO            
  D:0030H         SYMBOL        temp
  -------         ENDDO         
  C:1AE6H         LINE#         127
  C:1AE8H         LINE#         128
  C:1AE8H         LINE#         131
  C:1AF0H         LINE#         132
  C:1AF9H         LINE#         133
  C:1B0BH         LINE#         135
  C:1B13H         LINE#         136
  C:1B1CH         LINE#         137
  C:1B2EH         LINE#         139
  C:1B32H         LINE#         140
  C:1B32H         LINE#         142
  C:1B39H         LINE#         143
  C:1B41H         LINE#         145
  C:1B43H         LINE#         146
  C:1B44H         LINE#         148
  C:1B44H         LINE#         150
  C:1B50H         LINE#         151
  C:1B5CH         LINE#         153
  C:1B5EH         LINE#         154
  C:1B5EH         LINE#         155
  -------         ENDPROC       _SWITCHRF
  -------         PROC          _WRITEAD5314
  D:0034H         SYMBOL        value
  D:0036H         SYMBOL        channel
BL51 BANKED LINKER/LOCATER V6.22                                                      10/21/2014  13:18:04  PAGE 18


  -------         DO            
  X:018CH         SYMBOL        curTemp
  -------         ENDDO         
  C:154FH         LINE#         203
  C:1555H         LINE#         204
  C:1555H         LINE#         206
  C:1565H         LINE#         208
  C:157DH         LINE#         209
  C:157DH         LINE#         210
  C:15C0H         LINE#         211
  C:15C3H         LINE#         213
  C:15E1H         LINE#         214
  C:15E1H         LINE#         215
  C:163BH         LINE#         216
  C:163BH         LINE#         218
  C:164CH         LINE#         219
  C:164FH         LINE#         220
  C:1654H         LINE#         221
  C:1654H         LINE#         222
  C:1657H         LINE#         223
  C:1659H         LINE#         224
  C:165EH         LINE#         225
  C:165EH         LINE#         226
  C:1661H         LINE#         227
  C:1663H         LINE#         228
  C:1668H         LINE#         229
  C:1668H         LINE#         230
  C:166BH         LINE#         231
  C:166DH         LINE#         233
  C:166DH         LINE#         234
  C:1670H         LINE#         235
  C:1670H         LINE#         236
  C:1672H         LINE#         237
  C:1674H         LINE#         238
  C:167DH         LINE#         239
  C:167FH         LINE#         240
  -------         ENDPROC       _WRITEAD5314
  -------         PROC          _WRITEATT1
  D:0007H         SYMBOL        att1
  -------         DO            
  D:0006H         SYMBOL        value
  -------         ENDDO         
  C:0003H         LINE#         243
  C:0003H         LINE#         244
  C:0003H         LINE#         246
  C:0005H         LINE#         247
  C:000AH         LINE#         257
  C:0011H         LINE#         258
  C:0016H         LINE#         259
  C:0018H         LINE#         260
  C:001AH         LINE#         261
  -------         ENDPROC       _WRITEATT1
  C:12A7H         SYMBOL        L?0113
  C:12BAH         SYMBOL        L?0128
  C:12C6H         SYMBOL        L?0138
  -------         PROC          GPALIMCOMPENSATE
  -------         DO            
BL51 BANKED LINKER/LOCATER V6.22                                                      10/21/2014  13:18:04  PAGE 19


  D:002FH         SYMBOL        temp
  D:0033H         SYMBOL        gPALimNumerN
  D:0034H         SYMBOL        calVal
  -------         ENDDO         
  C:1179H         LINE#         289
  C:1179H         LINE#         290
  C:1179H         LINE#         295
  C:1180H         LINE#         296
  C:118FH         LINE#         302
  C:1196H         LINE#         303
  C:119FH         LINE#         305
  C:11ABH         LINE#         306
  C:11B4H         LINE#         308
  C:11C0H         LINE#         309
  C:11CFH         LINE#         311
  C:11D7H         LINE#         313
  C:11E0H         LINE#         315
  C:11F3H         LINE#         316
  C:11F3H         LINE#         317
  C:11F8H         LINE#         318
  C:11F8H         LINE#         319
  C:1201H         LINE#         320
  C:1204H         LINE#         322
  C:1204H         LINE#         323
  C:120AH         LINE#         324
  C:120AH         LINE#         325
  C:120CH         LINE#         326
  C:121FH         LINE#         327
  C:121FH         LINE#         328
  C:1224H         LINE#         329
  C:1224H         LINE#         330
  C:1251H         LINE#         331
  C:1253H         LINE#         333
  C:1253H         LINE#         334
  C:127CH         LINE#         335
  C:127CH         LINE#         336
  C:127CH         LINE#         339
  C:1285H         LINE#         340
  C:1285H         LINE#         341
  C:128BH         LINE#         342
  C:128CH         LINE#         343
  C:129BH         LINE#         344
  C:129BH         LINE#         345
  C:12A0H         LINE#         346
  C:12A1H         LINE#         348
  C:12A1H         LINE#         349
  C:12A6H         LINE#         350
  C:12A6H         LINE#         353
  -------         ENDPROC       GPALIMCOMPENSATE
  -------         PROC          READTEMPERATUR
  -------         DO            
  D:002BH         SYMBOL        value
  -------         ENDDO         
  C:20CEH         LINE#         365
  C:20CEH         LINE#         366
  C:20CEH         LINE#         367
  C:20D3H         LINE#         369
BL51 BANKED LINKER/LOCATER V6.22                                                      10/21/2014  13:18:04  PAGE 20


  C:20D9H         LINE#         372
  C:20E7H         LINE#         377
  C:20F9H         LINE#         378
  C:20FEH         LINE#         388
  -------         ENDPROC       READTEMPERATUR
  -------         PROC          _PROGPLL
  D:0045H         SYMBOL        value
  -------         DO            
  D:0049H         SYMBOL        num_bit
  D:004AH         SYMBOL        i
  D:004BH         SYMBOL        masque_bit
  D:0007H         SYMBOL        x
  -------         ENDDO         
  C:1C6EH         LINE#         447
  C:1C76H         LINE#         448
  C:1C76H         LINE#         453
  C:1C79H         LINE#         454
  C:1C83H         LINE#         456
  C:1C85H         LINE#         457
  C:1C87H         LINE#         459
  C:1C89H         LINE#         460
  C:1C92H         LINE#         461
  C:1C92H         LINE#         462
  C:1CB1H         LINE#         463
  C:1CB1H         LINE#         464
  C:1CB3H         LINE#         465
  C:1CB5H         LINE#         467
  C:1CB5H         LINE#         468
  C:1CB7H         LINE#         469
  C:1CB7H         LINE#         470
  C:1CB9H         LINE#         471
  C:1CB9H         LINE#         472
  C:1CBDH         LINE#         473
  C:1CBFH         LINE#         474
  C:1CD4H         LINE#         475
  C:1CD6H         LINE#         476
  C:1CDAH         LINE#         477
  C:1CDCH         LINE#         478
  -------         ENDPROC       _PROGPLL
  C:0B74H         SYMBOL        L?0129
  C:0B83H         SYMBOL        L?0134
  C:0B90H         SYMBOL        L?0139
  -------         PROC          WRITEPLL
  -------         DO            
  D:002FH         SYMBOL        counterTemp
  D:0033H         SYMBOL        counterN
  D:0037H         SYMBOL        divSel
  D:003BH         SYMBOL        refFreq
  D:003FH         SYMBOL        freqStep
  D:0041H         SYMBOL        temp
  -------         ENDDO         
  C:09FAH         LINE#         501
  C:09FAH         LINE#         502
  C:09FAH         LINE#         546
  C:09FEH         LINE#         547
  C:0A0DH         LINE#         549
  C:0A11H         LINE#         550
BL51 BANKED LINKER/LOCATER V6.22                                                      10/21/2014  13:18:04  PAGE 21


  C:0A20H         LINE#         559
  C:0A26H         LINE#         560
  C:0A26H         LINE#         561
  C:0A2BH         LINE#         562
  C:0A2BH         LINE#         565
  C:0A40H         LINE#         568
  C:0A5BH         LINE#         569
  C:0A67H         LINE#         570
  C:0A71H         LINE#         571
  C:0A85H         LINE#         572
  C:0A90H         LINE#         574
  C:0A9CH         LINE#         575
  C:0AA9H         LINE#         576
  C:0AD2H         LINE#         577
  C:0AD5H         LINE#         579
  C:0AE0H         LINE#         581
  C:0AEBH         LINE#         585
  C:0AF7H         LINE#         586
  C:0B0AH         LINE#         587
  C:0B0DH         LINE#         588
  C:0B1BH         LINE#         589
  C:0B1EH         LINE#         592
  C:0B37H         LINE#         593
  C:0B42H         LINE#         594
  C:0B45H         LINE#         595
  C:0B56H         LINE#         596
  C:0B5BH         LINE#         597
  C:0B6EH         LINE#         598
  C:0B71H         LINE#         599
  C:0B74H         LINE#         600
  -------         ENDPROC       WRITEPLL
  -------         PROC          _READAD
  D:0007H         SYMBOL        channel
  -------         DO            
  D:0036H         SYMBOL        value
  -------         ENDDO         
  C:1A5DH         LINE#         612
  C:1A5DH         LINE#         613
  C:1A5DH         LINE#         614
  C:1A62H         LINE#         616
  C:1A64H         LINE#         617
  C:1A67H         LINE#         618
  C:1A6AH         LINE#         619
  C:1A70H         LINE#         620
  C:1A70H         LINE#         621
  C:1A73H         LINE#         622
  C:1A83H         LINE#         625
  C:1A83H         LINE#         626
  C:1A86H         LINE#         627
  C:1A94H         LINE#         628
  C:1A94H         LINE#         631
  C:1AB4H         LINE#         632
  C:1AB4H         LINE#         633
  C:1AB4H         LINE#         634
  C:1AB6H         LINE#         635
  C:1AB8H         LINE#         636
  C:1AB8H         LINE#         637
BL51 BANKED LINKER/LOCATER V6.22                                                      10/21/2014  13:18:04  PAGE 22


  C:1ABAH         LINE#         638
  C:1ABCH         LINE#         639
  C:1ABCH         LINE#         640
  C:1ABEH         LINE#         641
  C:1AC0H         LINE#         642
  C:1AC0H         LINE#         643
  C:1AC2H         LINE#         644
  C:1AC4H         LINE#         645
  C:1AC4H         LINE#         646
  C:1AC6H         LINE#         647
  C:1AC8H         LINE#         648
  C:1AC8H         LINE#         649
  C:1ACAH         LINE#         650
  C:1ACCH         LINE#         651
  C:1ACCH         LINE#         652
  C:1ACEH         LINE#         653
  C:1AD0H         LINE#         654
  C:1AD0H         LINE#         655
  C:1AD7H         LINE#         656
  C:1AD7H         LINE#         657
  C:1AD7H         LINE#         658
  C:1AD7H         LINE#         660
  C:1AE5H         LINE#         661
  -------         ENDPROC       _READAD
  C:1DF5H         SYMBOL        L?0130
  -------         PROC          EXECCHECKSUMQ
  -------         DO            
  D:002BH         SYMBOL        pt_flash
  -------         ENDDO         
  C:1DA9H         LINE#         673
  C:1DA9H         LINE#         674
  C:1DA9H         LINE#         676
  C:1DB0H         LINE#         677
  C:1DBBH         LINE#         678
  C:1DBBH         LINE#         679
  C:1DC6H         LINE#         680
  C:1DC6H         LINE#         681
  C:1DCFH         LINE#         682
  C:1DDFH         LINE#         683
  C:1DDFH         LINE#         684
  C:1DE2H         LINE#         685
  C:1DE2H         LINE#         686
  C:1DEBH         LINE#         688
  C:1DF5H         LINE#         689
  -------         ENDPROC       EXECCHECKSUMQ
  -------         PROC          WATCHDOG
  C:0035H         LINE#         691
  C:0035H         LINE#         692
  C:0035H         LINE#         693
  C:0037H         LINE#         694
  C:003AH         LINE#         695
  C:003DH         LINE#         696
  C:003FH         LINE#         697
  -------         ENDPROC       WATCHDOG
  -------         PROC          _DELAY
  D:0007H         SYMBOL        time
  -------         DO            
BL51 BANKED LINKER/LOCATER V6.22                                                      10/21/2014  13:18:04  PAGE 23


  D:0006H         SYMBOL        x
  D:0004H         SYMBOL        y
  -------         ENDDO         
  C:004AH         LINE#         699
  C:004AH         LINE#         700
  C:004AH         LINE#         703
  C:0051H         LINE#         704
  C:0051H         LINE#         705
  C:0054H         LINE#         706
  C:0062H         LINE#         708
  C:0065H         LINE#         709
  -------         ENDPROC       _DELAY
  -------         PROC          _CHECKMBIT
  D:0007H         SYMBOL        value
  -------         DO            
  D:0006H         SYMBOL        i
  -------         ENDDO         
  C:0026H         LINE#         711
  C:0026H         LINE#         712
  C:0026H         LINE#         716
  C:0028H         LINE#         717
  C:0028H         LINE#         718
  C:002CH         LINE#         719
  C:002CH         LINE#         720
  C:002CH         LINE#         721
  C:002CH         LINE#         722
  C:0030H         LINE#         723
  C:0032H         LINE#         725
  C:0034H         LINE#         726
  -------         ENDPROC       _CHECKMBIT
  -------         ENDMOD        BRO20W_RFCONTROL

  -------         MODULE        BRO20W_PACKET
  C:0000H         SYMBOL        _ICE_DUMMY_
  D:0080H         PUBLIC        P0
  D:0090H         PUBLIC        P1
  D:00A0H         PUBLIC        P2
  D:00B0H         PUBLIC        P3
  B:00A8H.7       PUBLIC        EA
  C:0D39H         PUBLIC        execRFParamQ
  C:226AH         PUBLIC        factry
  D:00A8H         PUBLIC        IEN0
  C:19CBH         PUBLIC        execute_cmd
  D:00E8H         PUBLIC        IEN1
  D:0097H         PUBLIC        AD0CON
  X:0184H         SYMBOL        preSoftChecksum
  B:0090H.6       PUBLIC        RFSrcSelect
  B:0090H.4       PUBLIC        WP
  D:00E5H         PUBLIC        FMDATA
  D:0099H         PUBLIC        SBUF
  C:1019H         PUBLIC        OutputPwrsampling
  C:1680H         PUBLIC        updateAlmInfo
  D:0098H         PUBLIC        SCON
  D:0088H         PUBLIC        TCON
  D:00E6H         PUBLIC        FMADRL
  B:00A0H.3       PUBLIC        LockYes
  C:1F3EH         PUBLIC        sendInitpacket
BL51 BANKED LINKER/LOCATER V6.22                                                      10/21/2014  13:18:04  PAGE 24


  C:0EACH         PUBLIC        execDwnldSoft
  C:1FBAH         PUBLIC        _swapBytes
  D:00B8H         PUBLIC        IP0
  D:00F8H         PUBLIC        IP1
  D:00C8H         PUBLIC        TCR20
  B:0098H.3       PUBLIC        TB8
  X:0186H         SYMBOL        nextSoftPktSn
  C:1419H         PUBLIC        endDwnldSoft
  B:00A0H.1       PUBLIC        LimYes
  D:00C0H         PUBLIC        AD0MODA
  D:00D8H         PUBLIC        I2CON
  C:1BF3H         PUBLIC        sendPkt
  X:0188H         SYMBOL        softLen
  C:2062H         PUBLIC        _calDefcksum
  C:06A4H         PUBLIC        execFctParamSet
  D:00A2H         PUBLIC        AUXR1
  D:00E4H         PUBLIC        FMCON
  X:018AH         SYMBOL        softChecksum
  D:00D0H         PUBLIC        PSW
  C:184FH         SYMBOL        Com00D0
  C:184FH         SYMBOL        L?0209
  C:186AH         SYMBOL        L?0210
  C:186AH         SYMBOL        L?0211
  C:186CH         SYMBOL        L?0212
  C:186DH         SYMBOL        L?0213
  C:1873H         SYMBOL        L?0215
  C:1888H         SYMBOL        L?0216
  C:189DH         SYMBOL        L?0217
  C:189FH         SYMBOL        L?0218
  C:18AAH         SYMBOL        L?0219
  C:18BEH         SYMBOL        L?0220
  C:18BEH         SYMBOL        L?0221
  C:18C7H         SYMBOL        L?0222
  C:18CAH         SYMBOL        L?0223
  C:18D1H         SYMBOL        L?0224
  C:18D1H         SYMBOL        L?0225
  C:18D8H         SYMBOL        L?0227
  C:18E7H         SYMBOL        L?0228
  C:18F5H         SYMBOL        L?0229
  C:18FDH         SYMBOL        L?0230
  C:1909H         SYMBOL        L?0232
  C:1913H         SYMBOL        L?0233
  C:191DH         SYMBOL        L?0234
  C:1927H         SYMBOL        L?0235
  C:1927H         SYMBOL        L?0236
  -------         PROC          COM00D0
  -------         ENDPROC       COM00D0
  -------         PROC          EXECUTE_CMD
  -------         DO            
  D:0022H         SYMBOL        resultCode
  D:0023H         SYMBOL        downresult
  -------         ENDDO         
  C:19CBH         LINE#         52
  C:19CBH         LINE#         53
  C:19CBH         LINE#         54
  C:19CEH         LINE#         55
  C:19D0H         LINE#         56
BL51 BANKED LINKER/LOCATER V6.22                                                      10/21/2014  13:18:04  PAGE 25


  C:19E7H         LINE#         57
  C:19E7H         LINE#         58
  C:19E7H         LINE#         59
  C:19E7H         LINE#         60
  C:19EAH         LINE#         61
  C:19EAH         LINE#         62
  C:19EAH         LINE#         63
  C:19EAH         LINE#         64
  C:19EAH         LINE#         65
  C:19EDH         LINE#         66
  C:19EDH         LINE#         67
  C:19EDH         LINE#         68
  C:19EDH         LINE#         69
  C:19EDH         LINE#         70
  C:19F5H         LINE#         71
  C:19F5H         LINE#         72
  C:19F9H         LINE#         73
  C:19F9H         LINE#         74
  C:19FCH         LINE#         75
  C:19FEH         LINE#         76
  C:19FFH         LINE#         78
  C:19FFH         LINE#         79
  C:1A04H         LINE#         80
  C:1A04H         LINE#         81
  C:1A09H         LINE#         82
  C:1A10H         LINE#         83
  C:1A12H         LINE#         85
  C:1A12H         LINE#         86
  C:1A19H         LINE#         87
  C:1A19H         LINE#         88
  C:1A1CH         LINE#         89
  C:1A1CH         LINE#         90
  C:1A1CH         LINE#         91
  C:1A1DH         LINE#         92
  C:1A1DH         LINE#         93
  C:1A1DH         LINE#         94
  C:1A1DH         LINE#         95
  C:1A24H         LINE#         96
  C:1A29H         LINE#         97
  C:1A2BH         LINE#         98
  C:1A31H         LINE#         99
  C:1A38H         LINE#         100
  C:1A43H         LINE#         101
  C:1A46H         LINE#         102
  C:1A49H         LINE#         103
  C:1A4AH         LINE#         104
  C:1A4AH         LINE#         105
  C:1A4AH         LINE#         106
  C:1A4AH         LINE#         107
  C:1A51H         LINE#         108
  C:1A51H         LINE#         109
  C:1A54H         LINE#         110
  C:1A54H         LINE#         111
  C:1A55H         LINE#         112
  C:1A55H         LINE#         114
  C:1A55H         LINE#         115
  C:1A55H         LINE#         116
BL51 BANKED LINKER/LOCATER V6.22                                                      10/21/2014  13:18:04  PAGE 26


  C:1A5CH         LINE#         117
  C:1A5CH         LINE#         118
  C:1A5CH         LINE#         119
  C:1A5CH         LINE#         120
  -------         ENDPROC       EXECUTE_CMD
  C:115BH         SYMBOL        L?0206
  C:116EH         SYMBOL        L?0231
  -------         PROC          OUTPUTPWRSAMPLING
  -------         DO            
  D:002FH         SYMBOL        temp
  D:0033H         SYMBOL        gPReadADNumerN
  D:0005H         SYMBOL        i
  D:0034H         SYMBOL        calVal
  -------         ENDDO         
  C:1019H         LINE#         133
  C:1019H         LINE#         134
  C:1019H         LINE#         140
  C:101EH         LINE#         142
  C:101FH         LINE#         143
  C:101FH         LINE#         145
  C:102EH         LINE#         146
  C:1032H         LINE#         148
  C:1043H         LINE#         150
  C:104BH         LINE#         151
  C:1054H         LINE#         153
  C:1059H         LINE#         154
  C:1062H         LINE#         159
  C:106EH         LINE#         160
  C:1083H         LINE#         162
  C:108BH         LINE#         164
  C:1091H         LINE#         165
  C:10A4H         LINE#         166
  C:10A4H         LINE#         167
  C:10A9H         LINE#         168
  C:10A9H         LINE#         169
  C:10B2H         LINE#         170
  C:10B5H         LINE#         172
  C:10B5H         LINE#         173
  C:10BDH         LINE#         174
  C:10BDH         LINE#         175
  C:10BFH         LINE#         176
  C:10D2H         LINE#         177
  C:10D2H         LINE#         178
  C:10D7H         LINE#         179
  C:10D7H         LINE#         180
  C:1104H         LINE#         181
  C:1106H         LINE#         183
  C:1106H         LINE#         184
  C:1131H         LINE#         185
  C:1131H         LINE#         186
  C:1131H         LINE#         189
  C:113AH         LINE#         190
  C:113AH         LINE#         191
  C:113FH         LINE#         192
  C:1140H         LINE#         193
  C:114DH         LINE#         194
  C:114DH         LINE#         195
BL51 BANKED LINKER/LOCATER V6.22                                                      10/21/2014  13:18:04  PAGE 27


  C:1153H         LINE#         196
  C:1154H         LINE#         198
  C:1154H         LINE#         199
  C:115AH         LINE#         200
  C:115AH         LINE#         202
  -------         ENDPROC       OUTPUTPWRSAMPLING
  -------         PROC          UPDATEALMINFO
  -------         DO            
  D:0005H         SYMBOL        i
  D:0008H         SYMBOL        preRFSW
  -------         ENDDO         
  C:1680H         LINE#         214
  C:1680H         LINE#         223
  C:1685H         LINE#         224
  C:1689H         LINE#         225
  C:168DH         LINE#         227
  C:1693H         LINE#         228
  C:1693H         LINE#         229
  C:1695H         LINE#         230
  C:1697H         LINE#         232
  C:1697H         LINE#         233
  C:16A2H         LINE#         234
  C:16A2H         LINE#         236
  C:16ADH         LINE#         238
  C:16B0H         LINE#         240
  C:16B6H         LINE#         241
  C:16B6H         LINE#         242
  C:16BAH         LINE#         243
  C:16BCH         LINE#         244
  C:16BEH         LINE#         246
  C:16BEH         LINE#         247
  C:16D0H         LINE#         248
  C:16D0H         LINE#         249
  C:16D5H         LINE#         250
  C:16D8H         LINE#         251
  C:16DAH         LINE#         253
  C:16ECH         LINE#         254
  C:16ECH         LINE#         255
  C:16F2H         LINE#         256
  C:16F5H         LINE#         257
  C:16F5H         LINE#         258
  C:16F5H         LINE#         260
  C:16FDH         LINE#         262
  C:1705H         LINE#         263
  C:1705H         LINE#         264
  C:1708H         LINE#         265
  C:170FH         LINE#         266
  C:170FH         LINE#         267
  C:1714H         LINE#         268
  C:1714H         LINE#         269
  C:1714H         LINE#         270
  C:171AH         LINE#         279
  C:171CH         LINE#         280
  C:171CH         LINE#         283
  C:172BH         LINE#         284
  C:173AH         LINE#         285
  C:173EH         LINE#         287
BL51 BANKED LINKER/LOCATER V6.22                                                      10/21/2014  13:18:04  PAGE 28


  C:174FH         LINE#         288
  C:1760H         LINE#         289
  C:1763H         LINE#         290
  C:1766H         LINE#         297
  -------         ENDPROC       UPDATEALMINFO
  -------         PROC          EXECFCTPARAMSET
  -------         DO            
  D:0024H         SYMBOL        tempLen
  D:0025H         SYMBOL        param_addr
  D:0027H         SYMBOL        tmpInt
  D:0029H         SYMBOL        temp
  D:002DH         SYMBOL        tPALim
  -------         ENDDO         
  C:06A4H         LINE#         310
  C:06A4H         LINE#         311
  C:06A4H         LINE#         315
  C:06A9H         LINE#         320
  C:06B2H         LINE#         321
  C:06BFH         LINE#         323
  C:06C3H         LINE#         325
  C:06CCH         LINE#         327
  C:06D5H         LINE#         328
  C:06D5H         LINE#         329
  C:06E1H         LINE#         331
  C:070FH         LINE#         332
  C:070FH         LINE#         333
  C:070FH         LINE#         334
  C:0715H         LINE#         335
  C:0715H         LINE#         336
  C:0720H         LINE#         337
  C:0720H         LINE#         338
  C:0723H         LINE#         339
  C:0723H         LINE#         340
  C:0725H         LINE#         341
  C:0725H         LINE#         342
  C:0727H         LINE#         343
  C:0727H         LINE#         344
  C:073CH         LINE#         345
  C:0743H         LINE#         346
  C:0745H         LINE#         347
  C:0745H         LINE#         348
  C:074AH         LINE#         349
  C:074AH         LINE#         350
  C:074CH         LINE#         351
  C:074CH         LINE#         352
  C:0756H         LINE#         353
  C:075CH         LINE#         354
  C:075FH         LINE#         356
  C:075FH         LINE#         357
  C:075FH         LINE#         358
  C:0767H         LINE#         359
  C:076AH         LINE#         379
  C:076AH         LINE#         381
  C:076DH         LINE#         382
  C:0770H         LINE#         383
  C:0773H         LINE#         385
  C:0773H         LINE#         386
BL51 BANKED LINKER/LOCATER V6.22                                                      10/21/2014  13:18:04  PAGE 29


  C:0779H         LINE#         387
  C:077DH         LINE#         388
  C:0780H         LINE#         389
  C:0780H         LINE#         390
  C:078BH         LINE#         391
  C:078EH         LINE#         392
  C:0791H         LINE#         393
  C:0791H         LINE#         394
  C:0791H         LINE#         395
  C:0791H         LINE#         396
  C:0791H         LINE#         398
  C:0791H         LINE#         400
  C:0796H         LINE#         401
  C:0796H         LINE#         402
  C:079FH         LINE#         403
  C:07ACH         LINE#         404
  C:07ACH         LINE#         407
  C:07D1H         LINE#         408
  C:07D1H         LINE#         410
  C:07D1H         LINE#         411
  C:07D1H         LINE#         412
  C:07D6H         LINE#         413
  C:07D6H         LINE#         414
  C:07D8H         LINE#         415
  C:07D8H         LINE#         416
  C:07E4H         LINE#         417
  C:07E4H         LINE#         418
  C:07E4H         LINE#         419
  C:07E4H         LINE#         420
  C:07E6H         LINE#         421
  C:07E6H         LINE#         422
  C:07E6H         LINE#         423
  C:07F1H         LINE#         424
  C:07F1H         LINE#         425
  C:07F1H         LINE#         426
  C:07F1H         LINE#         427
  C:07F3H         LINE#         428
  C:07F3H         LINE#         429
  C:07FEH         LINE#         430
  C:07FEH         LINE#         431
  C:07FEH         LINE#         432
  C:07FEH         LINE#         433
  C:0800H         LINE#         434
  C:0800H         LINE#         435
  C:080BH         LINE#         436
  C:080BH         LINE#         437
  C:080BH         LINE#         438
  C:080BH         LINE#         439
  C:080DH         LINE#         440
  C:080DH         LINE#         441
  C:0818H         LINE#         442
  C:0818H         LINE#         443
  C:081FH         LINE#         444
  C:081FH         LINE#         445
  C:081FH         LINE#         446
  C:081FH         LINE#         447
  C:081FH         LINE#         448
BL51 BANKED LINKER/LOCATER V6.22                                                      10/21/2014  13:18:04  PAGE 30


  C:081FH         LINE#         449
  C:082AH         LINE#         450
  C:082AH         LINE#         451
  C:0836H         LINE#         452
  C:0836H         LINE#         453
  C:0843H         LINE#         454
  C:0843H         LINE#         455
  C:084FH         LINE#         456
  C:085BH         LINE#         457
  C:085DH         LINE#         459
  C:085DH         LINE#         460
  C:0869H         LINE#         461
  C:0869H         LINE#         462
  C:0869H         LINE#         463
  C:086BH         LINE#         464
  C:08BFH         LINE#         465
  C:08BFH         LINE#         466
  C:08BFH         LINE#         467
  C:08CFH         LINE#         468
  C:08D2H         LINE#         469
  C:08D2H         LINE#         470
  C:08D4H         LINE#         471
  C:08DAH         LINE#         472
  C:08E2H         LINE#         473
  C:08EAH         LINE#         474
  C:0901H         LINE#         475
  C:0903H         LINE#         476
  C:0906H         LINE#         477
  C:0906H         LINE#         478
  C:090DH         LINE#         479
  C:090FH         LINE#         480
  C:0911H         LINE#         481
  C:0911H         LINE#         482
  C:0918H         LINE#         483
  C:0921H         LINE#         484
  C:0924H         LINE#         485
  C:0924H         LINE#         486
  C:0937H         LINE#         487
  C:0937H         LINE#         488
  C:0939H         LINE#         491
  C:0939H         LINE#         492
  C:0942H         LINE#         493
  C:0945H         LINE#         494
  C:0948H         LINE#         495
  C:0948H         LINE#         497
  C:0948H         LINE#         498
  C:0948H         LINE#         499
  C:0948H         LINE#         500
  C:0948H         LINE#         502
  C:0948H         LINE#         504
  C:0948H         LINE#         505
  C:0948H         LINE#         506
  C:0948H         LINE#         508
  C:094AH         LINE#         509
  C:094AH         LINE#         510
  C:094AH         LINE#         512
  C:095CH         LINE#         513
BL51 BANKED LINKER/LOCATER V6.22                                                      10/21/2014  13:18:04  PAGE 31


  C:095FH         LINE#         514
  C:0964H         LINE#         520
  C:096DH         LINE#         521
  C:096DH         LINE#         522
  C:096DH         LINE#         523
  C:096DH         LINE#         524
  C:096DH         LINE#         525
  C:096DH         LINE#         527
  C:096DH         LINE#         529
  C:096DH         LINE#         530
  C:096DH         LINE#         531
  C:096DH         LINE#         532
  C:096DH         LINE#         534
  C:096FH         LINE#         536
  C:096FH         LINE#         537
  C:096FH         LINE#         538
  C:0972H         LINE#         539
  C:0974H         LINE#         541
  C:0974H         LINE#         543
  C:0974H         LINE#         544
  C:0974H         LINE#         546
  C:0977H         LINE#         547
  C:098CH         LINE#         548
  C:0991H         LINE#         549
  C:0994H         LINE#         551
  C:0999H         LINE#         553
  C:099CH         LINE#         554
  C:09A8H         LINE#         555
  C:09ABH         LINE#         556
  C:09ADH         LINE#         558
  C:09ADH         LINE#         559
  C:09B6H         LINE#         560
  C:09BAH         LINE#         561
  C:09BCH         LINE#         563
  C:09BCH         LINE#         564
  C:09C5H         LINE#         565
  C:09CCH         LINE#         566
  C:09CEH         LINE#         568
  C:09CEH         LINE#         569
  C:09D6H         LINE#         570
  C:09D8H         LINE#         572
  C:09D8H         LINE#         573
  C:09D8H         LINE#         574
  C:09D8H         LINE#         575
  C:09E0H         LINE#         577
  C:09E3H         LINE#         578
  C:09EBH         LINE#         579
  C:09EEH         LINE#         591
  C:09EEH         LINE#         592
  C:09F1H         LINE#         593
  C:09F1H         LINE#         594
  C:09F1H         LINE#         595
  C:09F1H         LINE#         596
  C:09F1H         LINE#         597
  C:09F1H         LINE#         598
  C:09F1H         LINE#         599
  C:09F9H         LINE#         600
BL51 BANKED LINKER/LOCATER V6.22                                                      10/21/2014  13:18:04  PAGE 32


  -------         ENDPROC       EXECFCTPARAMSET
  -------         PROC          SENDINITPACKET
  C:1F3EH         LINE#         602
  C:1F3EH         LINE#         603
  C:1F3EH         LINE#         604
  C:1F44H         LINE#         606
  C:1F4BH         LINE#         607
  C:1F4BH         LINE#         608
  C:1F4CH         LINE#         609
  C:1F52H         LINE#         611
  C:1F57H         LINE#         612
  C:1F5BH         LINE#         613
  C:1F5FH         LINE#         614
  C:1F62H         LINE#         615
  C:1F66H         LINE#         616
  C:1F6AH         LINE#         617
  C:1F6EH         LINE#         618
  C:1F72H         LINE#         619
  C:1F74H         LINE#         620
  C:1F76H         LINE#         622
  C:1F79H         LINE#         624
  C:1F7CH         LINE#         625
  C:1F7CH         LINE#         626
  -------         ENDPROC       SENDINITPACKET
  C:0E90H         SYMBOL        L?0205
  C:0E9CH         SYMBOL        L?0207
  C:0EA4H         SYMBOL        L?0226
  -------         PROC          EXECRFPARAMQ
  -------         DO            
  D:0007H         SYMBOL        i
  D:0024H         SYMBOL        CKS
  D:0009H         SYMBOL        tmpCurr
  -------         ENDDO         
  C:0D39H         LINE#         639
  C:0D39H         LINE#         640
  C:0D39H         LINE#         642
  C:0D3EH         LINE#         646
  C:0D5BH         LINE#         653
  C:0D61H         LINE#         654
  C:0D61H         LINE#         655
  C:0D63H         LINE#         656
  C:0D69H         LINE#         658
  C:0D6FH         LINE#         659
  C:0D77H         LINE#         660
  C:0D79H         LINE#         661
  C:0D7CH         LINE#         662
  C:0D80H         LINE#         663
  C:0D84H         LINE#         664
  C:0D88H         LINE#         665
  C:0D8CH         LINE#         666
  C:0D90H         LINE#         667
  C:0D91H         LINE#         668
  C:0D94H         LINE#         669
  C:0D98H         LINE#         670
  C:0D9BH         LINE#         671
  C:0D9CH         LINE#         672
  C:0DA7H         LINE#         673
BL51 BANKED LINKER/LOCATER V6.22                                                      10/21/2014  13:18:04  PAGE 33


  C:0DA7H         LINE#         674
  C:0DADH         LINE#         675
  C:0DB3H         LINE#         677
  C:0DBEH         LINE#         678
  C:0DC4H         LINE#         679
  C:0DD4H         LINE#         680
  C:0DDFH         LINE#         681
  C:0DEAH         LINE#         682
  C:0DF5H         LINE#         683
  C:0E04H         LINE#         684
  C:0E0AH         LINE#         685
  C:0E1AH         LINE#         692
  C:0E2FH         LINE#         695
  C:0E37H         LINE#         696
  C:0E39H         LINE#         697
  C:0E3DH         LINE#         698
  C:0E41H         LINE#         699
  C:0E4CH         LINE#         700
  C:0E4FH         LINE#         701
  C:0E5EH         LINE#         702
  C:0E61H         LINE#         703
  C:0E63H         LINE#         704
  C:0E63H         LINE#         705
  C:0E77H         LINE#         706
  C:0E7BH         LINE#         707
  C:0E7EH         LINE#         708
  C:0E84H         LINE#         709
  C:0E88H         LINE#         711
  C:0E8BH         LINE#         712
  C:0E8CH         LINE#         714
  C:0E8CH         LINE#         715
  C:0E8FH         LINE#         716
  C:0E8FH         LINE#         717
  -------         ENDPROC       EXECRFPARAMQ
  -------         PROC          SENDPKT
  -------         DO            
  D:0022H         SYMBOL        tmpPtr
  D:0025H         SYMBOL        calPktChecksum
  D:0007H         SYMBOL        x
  -------         ENDDO         
  C:1BF3H         LINE#         730
  C:1BF3H         LINE#         731
  C:1BF3H         LINE#         735
  C:1BFCH         LINE#         736
  C:1C03H         LINE#         737
  C:1C0DH         LINE#         738
  C:1C15H         LINE#         739
  C:1C28H         LINE#         740
  C:1C3FH         LINE#         741
  C:1C4AH         LINE#         742
  C:1C52H         LINE#         744
  C:1C54H         LINE#         745
  C:1C57H         LINE#         747
  C:1C58H         LINE#         748
  C:1C58H         LINE#         749
  C:1C5CH         LINE#         750
  C:1C6AH         LINE#         751
BL51 BANKED LINKER/LOCATER V6.22                                                      10/21/2014  13:18:04  PAGE 34


  C:1C6DH         LINE#         753
  -------         ENDPROC       SENDPKT
  C:1545H         SYMBOL        L?0237
  -------         PROC          ENDDWNLDSOFT
  -------         DO            
  D:0024H         SYMBOL        checksum
  D:0026H         SYMBOL        count
  D:0028H         SYMBOL        i
  D:002AH         SYMBOL        j
  D:002CH         SYMBOL        leaveCnt
  D:002DH         SYMBOL        err
  D:0006H         SYMBOL        tmpInt
  D:0006H         SYMBOL        y
  -------         ENDDO         
  C:1419H         LINE#         766
  C:1419H         LINE#         767
  C:1419H         LINE#         768
  C:141EH         LINE#         776
  C:1430H         LINE#         777
  C:1436H         LINE#         778
  C:1447H         LINE#         780
  C:144BH         LINE#         781
  C:144BH         LINE#         782
  C:1450H         LINE#         783
  C:1455H         LINE#         784
  C:1465H         LINE#         785
  C:1465H         LINE#         786
  C:1465H         LINE#         787
  C:146EH         LINE#         788
  C:1471H         LINE#         789
  C:147AH         LINE#         790
  C:147FH         LINE#         791
  C:147FH         LINE#         792
  C:1482H         LINE#         793
  C:1482H         LINE#         794
  C:1482H         LINE#         795
  C:1492H         LINE#         796
  C:1492H         LINE#         797
  C:1495H         LINE#         802
  C:14A2H         LINE#         803
  C:14C2H         LINE#         804
  C:14C7H         LINE#         805
  C:14CEH         LINE#         807
  C:14D3H         LINE#         808
  C:14D3H         LINE#         809
  C:14D3H         LINE#         810
  C:14E0H         LINE#         811
  C:14E3H         LINE#         812
  C:14E9H         LINE#         813
  C:14EEH         LINE#         814
  C:14EEH         LINE#         815
  C:14F1H         LINE#         816
  C:14F1H         LINE#         817
  C:14FCH         LINE#         818
  C:1502H         LINE#         819
  C:1509H         LINE#         821
  C:150BH         LINE#         822
BL51 BANKED LINKER/LOCATER V6.22                                                      10/21/2014  13:18:04  PAGE 35


  C:150DH         LINE#         824
  C:1510H         LINE#         825
  C:1513H         LINE#         826
  C:1519H         LINE#         828
  C:151CH         LINE#         829
  C:151FH         LINE#         830
  C:1525H         LINE#         832
  C:1528H         LINE#         833
  C:152BH         LINE#         834
  C:152EH         LINE#         835
  C:1534H         LINE#         837
  C:1537H         LINE#         838
  C:153AH         LINE#         839
  C:153DH         LINE#         840
  C:1543H         LINE#         842
  C:1545H         LINE#         845
  C:1545H         LINE#         846
  -------         ENDPROC       ENDDWNLDSOFT
  C:100AH         SYMBOL        L?0214
  -------         PROC          EXECDWNLDSOFT
  -------         DO            
  D:0024H         SYMBOL        tmpPtr
  I:000FH         SYMBOL        curSoftPktSn
[...]
  -------         ENDPROC       _ISENDSTREXT
  -------         PROC          _IRCVSTR
  D:0006H         SYMBOL        sla
  D:0005H         SYMBOL        suba
  D:0001H         SYMBOL        s
  D:0034H         SYMBOL        no
  -------         DO            
  D:0007H         SYMBOL        i
  -------         ENDDO         
  C:1CDDH         LINE#         95
  C:1CDFH         LINE#         96
  C:1CDFH         LINE#         98
  C:1CDFH         LINE#         99
  C:1CDFH         LINE#         100
  C:1CE4H         LINE#         101
  C:1CE4H         LINE#         102
  C:1CE6H         LINE#         103
  C:1CE6H         LINE#         104
  C:1CEBH         LINE#         105
BL51 BANKED LINKER/LOCATER V6.22                                                      10/21/2014  13:18:04  PAGE 39


  C:1CF1H         LINE#         106
  C:1CF1H         LINE#         107
  C:1CF3H         LINE#         108
  C:1CF3H         LINE#         110
  C:1CF6H         LINE#         111
  C:1CF9H         LINE#         112
  C:1CFFH         LINE#         113
  C:1D05H         LINE#         114
  C:1D05H         LINE#         115
  C:1D07H         LINE#         116
  C:1D07H         LINE#         118
  C:1D12H         LINE#         119
  C:1D15H         LINE#         120
  C:1D18H         LINE#         121
  C:1D1EH         LINE#         122
  C:1D21H         LINE#         123
  C:1D24H         LINE#         124
  C:1D24H         LINE#         125
  C:1D29H         LINE#         126
  C:1D30H         LINE#         127
  C:1D33H         LINE#         128
  C:1D36H         LINE#         129
  C:1D39H         LINE#         130
  C:1D3EH         LINE#         131
  C:1D41H         LINE#         132
  C:1D43H         LINE#         133
  -------         ENDPROC       _IRCVSTR
  -------         ENDMOD        I2C

  -------         MODULE        SPI
  C:0000H         SYMBOL        _ICE_DUMMY_
  D:0080H         PUBLIC        P0
  D:0090H         PUBLIC        P1
  D:00A0H         PUBLIC        P2
  D:00B0H         PUBLIC        P3
  C:001EH         PUBLIC        InitSPI
  D:00E2H         PUBLIC        SPCTL
  D:00A8H         PUBLIC        IEN0
  D:00E8H         PUBLIC        IEN1
  B:00A0H.4       PUBLIC        DATA
  D:0098H         PUBLIC        SCON
  D:0088H         PUBLIC        TCON
  D:00B8H         PUBLIC        IP0
  D:00F8H         PUBLIC        IP1
  D:00C8H         PUBLIC        TCR20
  D:00C0H         PUBLIC        AD0MODA
  B:00A0H.5       PUBLIC        CLK
  D:00D8H         PUBLIC        I2CON
  C:2157H         PUBLIC        _MSend_bit
  D:00D0H         PUBLIC        PSW
  -------         PROC          INITSPI
  C:001EH         LINE#         30
  C:001EH         LINE#         31
  C:001EH         LINE#         33
  C:0021H         LINE#         34
  -------         ENDPROC       INITSPI
  -------         PROC          _MSEND_BIT
BL51 BANKED LINKER/LOCATER V6.22                                                      10/21/2014  13:18:04  PAGE 40


  D:0006H         SYMBOL        send_data
  D:0005H         SYMBOL        Bitcnt
  -------         DO            
  D:0004H         SYMBOL        i
  D:0002H         SYMBOL        trans_data
  -------         ENDDO         
  C:2157H         LINE#         47
  C:2157H         LINE#         48
  C:2157H         LINE#         51
  C:215EH         LINE#         52
  C:215EH         LINE#         53
  C:2162H         LINE#         54
  C:216EH         LINE#         55
  C:216EH         LINE#         56
  C:2170H         LINE#         57
  C:2172H         LINE#         59
  C:2172H         LINE#         60
  C:2174H         LINE#         61
  C:2174H         LINE#         62
  C:2176H         LINE#         63
  C:2178H         LINE#         64
  C:217FH         LINE#         65
  C:2182H         LINE#         66
  -------         ENDPROC       _MSEND_BIT
  -------         ENDMOD        SPI

  -------         MODULE        E2PROM
  C:0000H         SYMBOL        _ICE_DUMMY_
  D:0080H         PUBLIC        P0
  D:0090H         PUBLIC        P1
  D:00A0H         PUBLIC        P2
  D:00B0H         PUBLIC        P3
  B:00A8H.7       PUBLIC        EA
  D:00A8H         PUBLIC        IEN0
  D:00E8H         PUBLIC        IEN1
  C:1FF5H         PUBLIC        _readE2promStr
  C:2098H         PUBLIC        _writeE2promStr
  D:00F3H         PUBLIC        DEEADR
  D:00F2H         PUBLIC        DEEDAT
  D:00F1H         PUBLIC        DEECON
  D:0098H         PUBLIC        SCON
  D:0088H         PUBLIC        TCON
  D:00B8H         PUBLIC        IP0
  D:00F8H         PUBLIC        IP1
  D:00C8H         PUBLIC        TCR20
  C:21C8H         PUBLIC        _readE2prom
  D:00C0H         PUBLIC        AD0MODA
  D:00D8H         PUBLIC        I2CON
  C:21EAH         PUBLIC        _writeE2prom
  D:00D0H         PUBLIC        PSW
  -------         PROC          _READE2PROM
  D:0004H         SYMBOL        address
  -------         DO            
  D:0007H         SYMBOL        eeprom_value
  B:0020H.1       SYMBOL        ea_save
  D:0006H         SYMBOL        temp
  -------         ENDDO         
BL51 BANKED LINKER/LOCATER V6.22                                                      10/21/2014  13:18:04  PAGE 41


  C:21C8H         LINE#         22
  C:21CAH         LINE#         23
  C:21CAH         LINE#         28
  C:21CAH         LINE#         29
  C:21CCH         LINE#         30
  C:21CFH         LINE#         32
  C:21D3H         LINE#         33
  C:21D5H         LINE#         34
  C:21D7H         LINE#         36
  C:21D9H         LINE#         37
  C:21D9H         LINE#         38
  C:21DBH         LINE#         40
  C:21E0H         LINE#         42
  C:21E3H         LINE#         43
  C:21E5H         LINE#         44
  C:21E9H         LINE#         46
  C:21E9H         LINE#         47
  -------         ENDPROC       _READE2PROM
  -------         PROC          _WRITEE2PROM
  D:0002H         SYMBOL        address
  D:0005H         SYMBOL        value
  -------         DO            
  B:0020H.1       SYMBOL        ea_save
  D:0006H         SYMBOL        temp
  -------         ENDDO         
  C:21EAH         LINE#         50
  C:21ECH         LINE#         51
  C:21ECH         LINE#         55
  C:21ECH         LINE#         56
  C:21EEH         LINE#         57
  C:21F1H         LINE#         59
  C:21F5H         LINE#         60
  C:21F7H         LINE#         61
  C:21F9H         LINE#         63
  C:21FBH         LINE#         65
  C:21FDH         LINE#         66
  C:21FDH         LINE#         67
  C:21FFH         LINE#         68
  C:2204H         LINE#         69
  C:2204H         LINE#         70
  C:2204H         LINE#         71
  C:2207H         LINE#         73
  C:220BH         LINE#         74
  -------         ENDPROC       _WRITEE2PROM
  -------         PROC          _WRITEE2PROMSTR
  D:002FH         SYMBOL        len_car
  D:0030H         SYMBOL        adr_eeprom
  D:0032H         SYMBOL        src
  -------         DO            
  D:0004H         SYMBOL        i
  -------         ENDDO         
  C:2098H         LINE#         76
  C:20A4H         LINE#         77
  C:20A4H         LINE#         80
  C:20ACH         LINE#         81
  C:20ACH         LINE#         82
  C:20CAH         LINE#         83
BL51 BANKED LINKER/LOCATER V6.22                                                      10/21/2014  13:18:04  PAGE 42


  C:20CDH         LINE#         84
  -------         ENDPROC       _WRITEE2PROMSTR
  -------         PROC          _READE2PROMSTR
  D:0045H         SYMBOL        len_car
  D:0046H         SYMBOL        adr_eeprom
  D:0048H         SYMBOL        dest
  -------         DO            
  D:004BH         SYMBOL        i
  -------         ENDDO         
  C:1FF5H         LINE#         86
  C:2001H         LINE#         87
  C:2001H         LINE#         90
  C:200BH         LINE#         91
  C:200BH         LINE#         92
  C:2027H         LINE#         93
  C:202BH         LINE#         94
  -------         ENDPROC       _READE2PROMSTR
  -------         ENDMOD        E2PROM

  -------         MODULE        SERIAL
  C:0000H         SYMBOL        _ICE_DUMMY_
  D:0080H         PUBLIC        P0
  D:0090H         PUBLIC        P1
  D:00A0H         PUBLIC        P2
  D:00B0H         PUBLIC        P3
  B:00A8H.7       PUBLIC        EA
  D:00A8H         PUBLIC        IEN0
  D:00E8H         PUBLIC        IEN1
  D:00BAH         PUBLIC        SSTAT
  B:0098H.0       PUBLIC        RI
  B:0098H.1       PUBLIC        TI
  D:0099H         PUBLIC        SBUF
  D:0098H         PUBLIC        SCON
  D:0088H         PUBLIC        TCON
  D:00BDH         PUBLIC        BRGCON
  C:1E5EH         PUBLIC        SerialSend_ISR
  D:00B8H         PUBLIC        IP0
  D:00F8H         PUBLIC        IP1
  D:00C8H         PUBLIC        TCR20
  B:0098H.3       PUBLIC        TB8
  D:00C0H         PUBLIC        AD0MODA
  D:00D8H         PUBLIC        I2CON
  D:00BEH         PUBLIC        BRGR0
  D:00BFH         PUBLIC        BRGR1
  C:0B9AH         PUBLIC        SerialRcv_ISR
  B:00A8H.4       PUBLIC        ESR
  B:00E8H.6       PUBLIC        EST
  C:220CH         PUBLIC        InitSerial
  D:00D0H         PUBLIC        PSW
  -------         PROC          INITSERIAL
  C:220CH         LINE#         50
  C:220CH         LINE#         51
  C:220CH         LINE#         54
  C:2210H         LINE#         55
  C:2212H         LINE#         59
  C:2215H         LINE#         60
  C:2217H         LINE#         63
BL51 BANKED LINKER/LOCATER V6.22                                                      10/21/2014  13:18:04  PAGE 43


  C:221AH         LINE#         64
  C:221DH         LINE#         66
  C:2220H         LINE#         67
  C:2223H         LINE#         82
  C:2225H         LINE#         83
  C:2227H         LINE#         85
  -------         ENDPROC       INITSERIAL
  -------         PROC          SERIALSEND_ISR
  C:1E5EH         LINE#         98
  C:1E6FH         LINE#         100
  C:1E72H         LINE#         101
  C:1E72H         LINE#         102
  C:1E74H         LINE#         104
  C:1E76H         LINE#         105
  C:1E78H         LINE#         106
  C:1E8FH         LINE#         107
  C:1E8FH         LINE#         108
  C:1E9DH         LINE#         109
  C:1E9DH         LINE#         111
  C:1E9DH         LINE#         113
  C:1E9DH         LINE#         114
  C:1E9DH         LINE#         115
  -------         ENDPROC       SERIALSEND_ISR
  -------         PROC          SERIALRCV_ISR
  -------         DO            
  D:000DH         SYMBOL        recv_timer
  D:0007H         SYMBOL        Rx_byte
  -------         ENDDO         
  C:0B9AH         LINE#         128
  C:0BAFH         LINE#         133
  C:0BC4H         LINE#         134
  C:0BC4H         LINE#         135
  C:0BC7H         LINE#         136
  C:0BCBH         LINE#         137
  C:0BCBH         LINE#         139
  C:0BD2H         LINE#         141
  C:0BD4H         LINE#         143
  C:0BDAH         LINE#         144
  C:0BDAH         LINE#         145
  C:0BDCH         LINE#         146
  C:0BDEH         LINE#         147
  C:0C0CH         LINE#         148
  C:0C0CH         LINE#         149
  C:0C0CH         LINE#         160
  C:0C0CH         LINE#         161
  C:0C11H         LINE#         162
  C:0C11H         LINE#         163
  C:0C13H         LINE#         164
  C:0C16H         LINE#         166
  C:0C16H         LINE#         167
  C:0C18H         LINE#         168
  C:0C18H         LINE#         169
  C:0C1BH         LINE#         170
  C:0C1BH         LINE#         171
  C:0C20H         LINE#         172
  C:0C20H         LINE#         173
  C:0C22H         LINE#         174
BL51 BANKED LINKER/LOCATER V6.22                                                      10/21/2014  13:18:04  PAGE 44


  C:0C25H         LINE#         176
  C:0C25H         LINE#         177
  C:0C27H         LINE#         178
  C:0C27H         LINE#         179
  C:0C2AH         LINE#         180
  C:0C2AH         LINE#         183
  C:0C2EH         LINE#         184
  C:0C32H         LINE#         185
  C:0C37H         LINE#         191
  C:0C3AH         LINE#         192
  C:0C3AH         LINE#         194
  C:0C3FH         LINE#         195
  C:0C44H         LINE#         196
  C:0C48H         LINE#         197
  C:0C48H         LINE#         198
  C:0C4AH         LINE#         199
  C:0C4DH         LINE#         201
  C:0C4DH         LINE#         202
  C:0C4FH         LINE#         203
  C:0C4FH         LINE#         204
  C:0C52H         LINE#         205
  C:0C52H         LINE#         206
  C:0C57H         LINE#         207
  C:0C57H         LINE#         208
  C:0C59H         LINE#         209
  C:0C5EH         LINE#         210
  C:0C62H         LINE#         211
  C:0C65H         LINE#         213
  C:0C65H         LINE#         214
  C:0C67H         LINE#         215
  C:0C67H         LINE#         216
  C:0C6AH         LINE#         217
  C:0C6AH         LINE#         218
  C:0C6FH         LINE#         219
  C:0C6FH         LINE#         220
  C:0C71H         LINE#         221
  C:0C76H         LINE#         222
  C:0C7BH         LINE#         223
  C:0C7DH         LINE#         224
  C:0C80H         LINE#         226
  C:0C80H         LINE#         227
  C:0C82H         LINE#         228
  C:0C82H         LINE#         229
  C:0C85H         LINE#         230
  C:0C85H         LINE#         231
  C:0C8AH         LINE#         232
  C:0C8FH         LINE#         233
  C:0C93H         LINE#         234
  C:0C93H         LINE#         235
  C:0C95H         LINE#         236
  C:0C98H         LINE#         238
  C:0C98H         LINE#         239
  C:0C9AH         LINE#         240
  C:0C9AH         LINE#         241
  C:0C9DH         LINE#         242
  C:0C9DH         LINE#         243
  C:0CA2H         LINE#         244
BL51 BANKED LINKER/LOCATER V6.22                                                      10/21/2014  13:18:04  PAGE 45


  C:0CA7H         LINE#         245
  C:0CABH         LINE#         246
  C:0CADH         LINE#         247
  C:0CADH         LINE#         248
  C:0CB2H         LINE#         249
  C:0CB7H         LINE#         250
  C:0CBBH         LINE#         251
  C:0CBFH         LINE#         252
  C:0CC1H         LINE#         254
  C:0CC1H         LINE#         255
  C:0CC6H         LINE#         256
  C:0CD4H         LINE#         257
  C:0CD5H         LINE#         258
  C:0CE1H         LINE#         259
  C:0CE1H         LINE#         260
  C:0CE5H         LINE#         261
  C:0CE5H         LINE#         262
  C:0CFBH         LINE#         263
  C:0CFBH         LINE#         264
  C:0CFFH         LINE#         265
  C:0D02H         LINE#         267
  C:0D05H         LINE#         269
  C:0D05H         LINE#         270
  C:0D05H         LINE#         271
  C:0D07H         LINE#         272
  C:0D07H         LINE#         273
  C:0D0DH         LINE#         274
  C:0D0DH         LINE#         275
  C:0D10H         LINE#         276
  C:0D10H         LINE#         277
  C:0D14H         LINE#         278
  C:0D17H         LINE#         279
  C:0D1EH         LINE#         282
  C:0D20H         LINE#         283
  C:0D20H         LINE#         284
  C:0D24H         LINE#         285
  C:0D24H         LINE#         286
  C:0D24H         LINE#         287
  C:0D24H         LINE#         289
  C:0D26H         LINE#         290
  -------         ENDPROC       SERIALRCV_ISR
  -------         ENDMOD        SERIAL

  -------         MODULE        ?C?FPADD
  C:0075H         PUBLIC        ?C?FPADD
  C:0071H         PUBLIC        ?C?FPSUB
  -------         ENDMOD        ?C?FPADD

  -------         MODULE        ?C?FPDIV
  C:0169H         PUBLIC        ?C?FPDIV
  -------         ENDMOD        ?C?FPDIV

  -------         MODULE        ?C?FCAST
  C:0210H         PUBLIC        ?C?FCASTC
  C:020BH         PUBLIC        ?C?FCASTI
  C:0206H         PUBLIC        ?C?FCASTL
  -------         ENDMOD        ?C?FCAST
BL51 BANKED LINKER/LOCATER V6.22                                                      10/21/2014  13:18:04  PAGE 46



  -------         MODULE        ?C?CASTF
  C:0244H         PUBLIC        ?C?CASTF
  -------         ENDMOD        ?C?CASTF

  -------         MODULE        ?C?COPY
  C:0395H         PUBLIC        ?C?COPY
  -------         ENDMOD        ?C?COPY

  -------         MODULE        ?C?CLDPTR
  C:03BBH         PUBLIC        ?C?CLDPTR
  -------         ENDMOD        ?C?CLDPTR

  -------         MODULE        ?C?CLDOPTR
  C:03D4H         PUBLIC        ?C?CLDOPTR
  -------         ENDMOD        ?C?CLDOPTR

  -------         MODULE        ?C?CSTPTR
  C:0401H         PUBLIC        ?C?CSTPTR
  -------         ENDMOD        ?C?CSTPTR

  -------         MODULE        ?C?IMUL
  C:0413H         PUBLIC        ?C?IMUL
  -------         ENDMOD        ?C?IMUL

  -------         MODULE        ?C?UIDIV
  C:0425H         PUBLIC        ?C?UIDIV
  -------         ENDMOD        ?C?UIDIV

  -------         MODULE        ?C?SIDIV
  C:047AH         PUBLIC        ?C?SIDIV
  -------         ENDMOD        ?C?SIDIV

  -------         MODULE        ?C?IILDX
  C:04B0H         PUBLIC        ?C?IILDX
  -------         ENDMOD        ?C?IILDX

  -------         MODULE        ?C?LMUL
  C:04C6H         PUBLIC        ?C?LMUL
  -------         ENDMOD        ?C?LMUL

  -------         MODULE        ?C?ULDIV
  C:0551H         PUBLIC        ?C?ULDIV
  -------         ENDMOD        ?C?ULDIV

  -------         MODULE        ?C?LOR
  C:05E3H         PUBLIC        ?C?LOR
  -------         ENDMOD        ?C?LOR

  -------         MODULE        ?C?LNEG
  C:05F0H         PUBLIC        ?C?LNEG
  -------         ENDMOD        ?C?LNEG

  -------         MODULE        ?C?ULCMP
  C:05FEH         PUBLIC        ?C?ULCMP
  -------         ENDMOD        ?C?ULCMP

BL51 BANKED LINKER/LOCATER V6.22                                                      10/21/2014  13:18:04  PAGE 47


  -------         MODULE        ?C?LSHL
  C:060FH         PUBLIC        ?C?LSHL
  -------         ENDMOD        ?C?LSHL

  -------         MODULE        ?C?LLDIDATA
  C:0622H         PUBLIC        ?C?LLDIDATA
  -------         ENDMOD        ?C?LLDIDATA

  -------         MODULE        ?C?LLDIDATA0
  C:062EH         PUBLIC        ?C?LLDIDATA0
  -------         ENDMOD        ?C?LLDIDATA0

  -------         MODULE        ?C?PLDIIDATA
  C:063BH         PUBLIC        ?C?PLDIIDATA
  -------         ENDMOD        ?C?PLDIIDATA

  -------         MODULE        ?C?CCASE
  C:064BH         PUBLIC        ?C?CCASE
  -------         ENDMOD        ?C?CCASE

  -------         MODULE        ?C?ICASE
  C:0671H         PUBLIC        ?C?ICASE
  -------         ENDMOD        ?C?ICASE

  -------         MODULE        ?C?ICALL
  C:069EH         PUBLIC        ?C?ICALL
  C:06A2H         PUBLIC        ?C?ICALL2
  -------         ENDMOD        ?C?ICALL



FUNCTION REGISTER MASKS


FUNCTION . . . . . . . REG MASK
-------------------------------

ENDDWNLDSOFT . . . . . @0xf3ff
GETBUS . . . . . . . . @0x8000
GETTIME. . . . . . . . @0xc003
INITCPU. . . . . . . . @0xe000
INITSERIAL . . . . . . @0xe080
INITSPI. . . . . . . . @0xe000
INITTIMER1 . . . . . . @0xe000
READTEMPERATUR . . . . @0xf3f7
SERIALRCV_ISR. . . . . @0xf38f
SERIALSEND_ISR . . . . @0xf383
SWITCH_CLOCK . . . . . @0xf39f
WATCHDOG . . . . . . . @0xc000
_CHECKMBIT . . . . . . @0xf003
_DELAY . . . . . . . . @0xf00e
_IRCVSTR . . . . . . . @0xf363
_ISENDSTREXT . . . . . @0xf361
_MSEND_BIT . . . . . . @0xf33b
_READAD. . . . . . . . @0xf383
_READE2PROM. . . . . . @0xf00f
_SENDBYTE. . . . . . . @0x8000
BL51 BANKED LINKER/LOCATER V6.22                                                      10/21/2014  13:18:04  PAGE 48


_SWAPBYTES . . . . . . @0xfff3
_WRITEATT1 . . . . . . @0xf33f
_WRITEE2PROM . . . . . @0xf033
_WRITEE2PROMSTR. . . . @0xf3ff

Program Size: data=137.2 xdata=397 code=8812
LINK/LOCATE RUN COMPLETE.  0 WARNING(S),  0 ERROR(S)
