A51 MACRO ASSEMBLER  START900                                                             07/11/2014 13:22:10 PAGE     1


MACRO ASSEMBLER A51 V8.02b
OBJECT MODULE PLACED IN .\OUTPUT\START900.obj
ASSEMBLER INVOKED BY: C:\Program Files\Keil\C51\BIN\A51.EXE LPC900\START900.A51 SET(SMALL) DEBUG PRINT(.\list\START900.l
                      st) OBJECT(.\OUTPUT\START900.obj) EP

LOC  OBJ            LINE     SOURCE

                       1     
                       2     
                       3     
                       4     
                       5     
                       6     
                       7     
                       8     
                       9     
                      10     
                      11     
                      12     
                      13     
                      14     
                      15     
                      16                     NAME    ?C_STARTUP
                      17     
                      18     ?C_C51STARTUP   SEGMENT   CODE
                      19     ?STACK          SEGMENT   IDATA
                      20     
----                  21                     RSEG    ?STACK
0000                  22                     DS      1
                      23                                                                              
                      24                     EXTRN CODE (?C_START)
                      25                     PUBLIC  ?C_STARTUP
                      26     
----                  27                     CSEG    AT      0
0000 020000   F       28     ?C_STARTUP:     JMP     STARTUP1
----                  29                                     CSEG    AT 0040H
0040 F0               30     MYTABLE:                DB      0xF0
0041 D8               31                                     DB      0xD8
0042 80               32                                     DB      0x80
0043 A8               33                                     DB      0xA8
0044 5F               34                                     DB      0x5F
0045 E0               35                                     DB      0xE0
0046 87               36                                     DB      0x87
0047 C9               37                                     DB      0xC9
0048 01               38                                     DB      0x01
0049 0F               39                                     DB      0x0F
                      40     
----                  41                     RSEG    ?C_C51STARTUP
                      42     
0000                  43     STARTUP1:
                      44     
0000 7581B0           45                     MOV     SP,#0xB0
0003 020000   F       46                     JMP     ?C_START
                      47     
                      48                     END
A51 MACRO ASSEMBLER  START900                                                             07/11/2014 13:22:10 PAGE     2

SYMBOL TABLE LISTING
------ ----- -------


N A M E             T Y P E  V A L U E   ATTRIBUTES

?C_C51STARTUP. . .  C SEG    0006H       REL=UNIT
?C_START . . . . .  C ADDR   -----       EXT
?C_STARTUP . . . .  C ADDR   0000H   A   
?STACK . . . . . .  I SEG    0001H       REL=UNIT
MYTABLE. . . . . .  C ADDR   0040H   A   
SP . . . . . . . .  D ADDR   0081H   A   
STARTUP1 . . . . .  C ADDR   0000H   R   SEG=?C_C51STARTUP


REGISTER BANK(S) USED: 0 


ASSEMBLY COMPLETE.  0 WARNING(S), 0 ERROR(S)
