<!doctype html public "-//w3c//dtd html 4.0 transitional//en">
<html><head>
<title>Static Call Graph - [.\debug\output\rf_module.axf]</title></head>
<body><HR>
<H1>Static Call Graph for image .\debug\output\rf_module.axf</H1><HR>
<BR><P>#&#060CALLGRAPH&#062# ARM Linker, 5050106: Last Updated: Fri Apr 03 16:48:56 2015
<BR><P>
<H3>Maximum Stack Usage =        248 bytes + Unknown(Functions without stacksize, Cycles, Untraceable Function Pointers)</H3><H3>
Call chain for Maximum Stack Depth:</H3>
TaskProtocol &rArr; TMAPktHandle &rArr; execute_cmd &rArr; endDwnldSoft &rArr; EndCode2Flash &rArr; Code2Flash &rArr; DownFlagSet &rArr; WriteE2prom &rArr; I2cWriteDevice &rArr; I2cMasterWrite &rArr; CheckEventTimeOut
<P>
<H3>
Functions with no stack information
</H3><UL>
 <LI><a href="#[f1]">__user_initial_stackheap</a>
</UL>
</UL>
<P>
<H3>
Mutually Recursive functions
</H3> <LI><a href="#[5]">HardFault_Handler</a>&nbsp;&nbsp;&nbsp;&rArr;&nbsp;&nbsp;&nbsp;<a href="#[5]">HardFault_Handler</a><BR>
 <LI><a href="#[6]">MemManage_Handler</a>&nbsp;&nbsp;&nbsp;&rArr;&nbsp;&nbsp;&nbsp;<a href="#[6]">MemManage_Handler</a><BR>
 <LI><a href="#[7]">BusFault_Handler</a>&nbsp;&nbsp;&nbsp;&rArr;&nbsp;&nbsp;&nbsp;<a href="#[7]">BusFault_Handler</a><BR>
 <LI><a href="#[8]">UsageFault_Handler</a>&nbsp;&nbsp;&nbsp;&rArr;&nbsp;&nbsp;&nbsp;<a href="#[8]">UsageFault_Handler</a><BR>
 <LI><a href="#[1f]">ADC1_IRQHandler</a>&nbsp;&nbsp;&nbsp;&rArr;&nbsp;&nbsp;&nbsp;<a href="#[1f]">ADC1_IRQHandler</a><BR>
</UL>
<P>
<H3>
Function Pointers
</H3><UL>
 <LI><a href="#[1f]">ADC1_IRQHandler</a> from startup_stm32f10x_md_vl.o(.text) referenced from startup_stm32f10x_md_vl.o(RESET)
 <LI><a href="#[7]">BusFault_Handler</a> from stm32f10x_it.o(.text) referenced from startup_stm32f10x_md_vl.o(RESET)
 <LI><a href="#[33]">CEC_IRQHandler</a> from startup_stm32f10x_md_vl.o(.text) referenced from startup_stm32f10x_md_vl.o(RESET)
 <LI><a href="#[18]">DMA1_Channel1_IRQHandler</a> from startup_stm32f10x_md_vl.o(.text) referenced from startup_stm32f10x_md_vl.o(RESET)
 <LI><a href="#[19]">DMA1_Channel2_IRQHandler</a> from startup_stm32f10x_md_vl.o(.text) referenced from startup_stm32f10x_md_vl.o(RESET)
 <LI><a href="#[1a]">DMA1_Channel3_IRQHandler</a> from startup_stm32f10x_md_vl.o(.text) referenced from startup_stm32f10x_md_vl.o(RESET)
 <LI><a href="#[1b]">DMA1_Channel4_IRQHandler</a> from startup_stm32f10x_md_vl.o(.text) referenced from startup_stm32f10x_md_vl.o(RESET)
 <LI><a href="#[1c]">DMA1_Channel5_IRQHandler</a> from startup_stm32f10x_md_vl.o(.text) referenced from startup_stm32f10x_md_vl.o(RESET)
 <LI><a href="#[1d]">DMA1_Channel6_IRQHandler</a> from startup_stm32f10x_md_vl.o(.text) referenced from startup_stm32f10x_md_vl.o(RESET)
 <LI><a href="#[1e]">DMA1_Channel7_IRQHandler</a> from startup_stm32f10x_md_vl.o(.text) referenced from startup_stm32f10x_md_vl.o(RESET)
 <LI><a href="#[a]">DebugMon_Handler</a> from stm32f10x_it.o(.text) referenced from startup_stm32f10x_md_vl.o(RESET)
 <LI><a href="#[13]">EXTI0_IRQHandler</a> from startup_stm32f10x_md_vl.o(.text) referenced from startup_stm32f10x_md_vl.o(RESET)
 <LI><a href="#[31]">EXTI15_10_IRQHandler</a> from startup_stm32f10x_md_vl.o(.text) referenced from startup_stm32f10x_md_vl.o(RESET)
 <LI><a href="#[14]">EXTI1_IRQHandler</a> from startup_stm32f10x_md_vl.o(.text) referenced from startup_stm32f10x_md_vl.o(RESET)
 <LI><a href="#[15]">EXTI2_IRQHandler</a> from startup_stm32f10x_md_vl.o(.text) referenced from startup_stm32f10x_md_vl.o(RESET)
 <LI><a href="#[16]">EXTI3_IRQHandler</a> from startup_stm32f10x_md_vl.o(.text) referenced from startup_stm32f10x_md_vl.o(RESET)
 <LI><a href="#[17]">EXTI4_IRQHandler</a> from startup_stm32f10x_md_vl.o(.text) referenced from startup_stm32f10x_md_vl.o(RESET)
 <LI><a href="#[20]">EXTI9_5_IRQHandler</a> from startup_stm32f10x_md_vl.o(.text) referenced from startup_stm32f10x_md_vl.o(RESET)
 <LI><a href="#[11]">FLASH_IRQHandler</a> from startup_stm32f10x_md_vl.o(.text) referenced from startup_stm32f10x_md_vl.o(RESET)
 <LI><a href="#[5]">HardFault_Handler</a> from stm32f10x_it.o(.text) referenced from startup_stm32f10x_md_vl.o(RESET)
 <LI><a href="#[29]">I2C1_ER_IRQHandler</a> from startup_stm32f10x_md_vl.o(.text) referenced from startup_stm32f10x_md_vl.o(RESET)
 <LI><a href="#[28]">I2C1_EV_IRQHandler</a> from user_i2c.o(.text) referenced from startup_stm32f10x_md_vl.o(RESET)
 <LI><a href="#[2b]">I2C2_ER_IRQHandler</a> from startup_stm32f10x_md_vl.o(.text) referenced from startup_stm32f10x_md_vl.o(RESET)
 <LI><a href="#[2a]">I2C2_EV_IRQHandler</a> from user_i2c.o(.text) referenced from startup_stm32f10x_md_vl.o(RESET)
 <LI><a href="#[6]">MemManage_Handler</a> from stm32f10x_it.o(.text) referenced from startup_stm32f10x_md_vl.o(RESET)
 <LI><a href="#[4]">NMI_Handler</a> from stm32f10x_it.o(.text) referenced from startup_stm32f10x_md_vl.o(RESET)
 <LI><a href="#[e]">PVD_IRQHandler</a> from startup_stm32f10x_md_vl.o(.text) referenced from startup_stm32f10x_md_vl.o(RESET)
 <LI><a href="#[b]">PendSV_Handler</a> from stm32f10x_it.o(.text) referenced from startup_stm32f10x_md_vl.o(RESET)
 <LI><a href="#[12]">RCC_IRQHandler</a> from startup_stm32f10x_md_vl.o(.text) referenced from startup_stm32f10x_md_vl.o(RESET)
 <LI><a href="#[32]">RTCAlarm_IRQHandler</a> from startup_stm32f10x_md_vl.o(.text) referenced from startup_stm32f10x_md_vl.o(RESET)
 <LI><a href="#[10]">RTC_IRQHandler</a> from startup_stm32f10x_md_vl.o(.text) referenced from startup_stm32f10x_md_vl.o(RESET)
 <LI><a href="#[3]">Reset_Handler</a> from startup_stm32f10x_md_vl.o(.text) referenced from startup_stm32f10x_md_vl.o(RESET)
 <LI><a href="#[2c]">SPI1_IRQHandler</a> from startup_stm32f10x_md_vl.o(.text) referenced from startup_stm32f10x_md_vl.o(RESET)
 <LI><a href="#[2d]">SPI2_IRQHandler</a> from startup_stm32f10x_md_vl.o(.text) referenced from startup_stm32f10x_md_vl.o(RESET)
 <LI><a href="#[9]">SVC_Handler</a> from stm32f10x_it.o(.text) referenced from startup_stm32f10x_md_vl.o(RESET)
 <LI><a href="#[c]">SysTick_Handler</a> from stm32f10x_it.o(.text) referenced from startup_stm32f10x_md_vl.o(RESET)
 <LI><a href="#[3b]">SystemInit</a> from system_stm32f10x.o(.text) referenced from startup_stm32f10x_md_vl.o(.text)
 <LI><a href="#[f]">TAMPER_IRQHandler</a> from startup_stm32f10x_md_vl.o(.text) referenced from startup_stm32f10x_md_vl.o(RESET)
 <LI><a href="#[21]">TIM1_BRK_TIM15_IRQHandler</a> from startup_stm32f10x_md_vl.o(.text) referenced from startup_stm32f10x_md_vl.o(RESET)
 <LI><a href="#[24]">TIM1_CC_IRQHandler</a> from startup_stm32f10x_md_vl.o(.text) referenced from startup_stm32f10x_md_vl.o(RESET)
 <LI><a href="#[23]">TIM1_TRG_COM_TIM17_IRQHandler</a> from startup_stm32f10x_md_vl.o(.text) referenced from startup_stm32f10x_md_vl.o(RESET)
 <LI><a href="#[22]">TIM1_UP_TIM16_IRQHandler</a> from user_timer.o(.text) referenced from startup_stm32f10x_md_vl.o(RESET)
 <LI><a href="#[25]">TIM2_IRQHandler</a> from startup_stm32f10x_md_vl.o(.text) referenced from startup_stm32f10x_md_vl.o(RESET)
 <LI><a href="#[26]">TIM3_IRQHandler</a> from startup_stm32f10x_md_vl.o(.text) referenced from startup_stm32f10x_md_vl.o(RESET)
 <LI><a href="#[27]">TIM4_IRQHandler</a> from startup_stm32f10x_md_vl.o(.text) referenced from startup_stm32f10x_md_vl.o(RESET)
 <LI><a href="#[34]">TIM6_DAC_IRQHandler</a> from startup_stm32f10x_md_vl.o(.text) referenced from startup_stm32f10x_md_vl.o(RESET)
 <LI><a href="#[35]">TIM7_IRQHandler</a> from startup_stm32f10x_md_vl.o(.text) referenced from startup_stm32f10x_md_vl.o(RESET)
 <LI><a href="#[37]">TaskControl</a> from rf_control.o(.text) referenced from main.o(.text)
 <LI><a href="#[38]">TaskDebug</a> from main.o(.text) referenced from main.o(.text)
 <LI><a href="#[36]">TaskParameter</a> from rf_parameter.o(.text) referenced from main.o(.text)
 <LI><a href="#[39]">TaskProtocol</a> from rf_protocol.o(.text) referenced from main.o(.text)
 <LI><a href="#[3a]">TaskWatchdog</a> from main.o(.text) referenced from main.o(.text)
 <LI><a href="#[2e]">USART1_IRQHandler</a> from user_uart.o(.text) referenced from startup_stm32f10x_md_vl.o(RESET)
 <LI><a href="#[2f]">USART2_IRQHandler</a> from user_uart.o(.text) referenced from startup_stm32f10x_md_vl.o(RESET)
 <LI><a href="#[30]">USART3_IRQHandler</a> from startup_stm32f10x_md_vl.o(.text) referenced from startup_stm32f10x_md_vl.o(RESET)
 <LI><a href="#[8]">UsageFault_Handler</a> from stm32f10x_it.o(.text) referenced from startup_stm32f10x_md_vl.o(RESET)
 <LI><a href="#[d]">WWDG_IRQHandler</a> from startup_stm32f10x_md_vl.o(.text) referenced from startup_stm32f10x_md_vl.o(RESET)
 <LI><a href="#[3d]">__main</a> from __main.o(!!!main) referenced from startup_stm32f10x_md_vl.o(.text)
</UL>
<P>
<H3>
Global Symbols
</H3>
<P><STRONG><a name="[3d]"></a>__main</STRONG> (Thumb, 8 bytes, Stack size 0 bytes, __main.o(!!!main))
<BR><BR>[Calls]<UL><LI><a href="#[3f]">&gt;&gt;</a>&nbsp;&nbsp;&nbsp;__rt_entry
<LI><a href="#[3e]">&gt;&gt;</a>&nbsp;&nbsp;&nbsp;__scatterload
</UL>

<P><STRONG><a name="[3e]"></a>__scatterload</STRONG> (Thumb, 0 bytes, Stack size unknown bytes, __scatter.o(!!!scatter))
<BR><BR>[Called By]<UL><LI><a href="#[3d]">&gt;&gt;</a>&nbsp;&nbsp;&nbsp;__main
</UL>

<P><STRONG><a name="[40]"></a>__scatterload_rt2</STRONG> (Thumb, 44 bytes, Stack size unknown bytes, __scatter.o(!!!scatter), UNUSED)
<BR><BR>[Calls]<UL><LI><a href="#[3f]">&gt;&gt;</a>&nbsp;&nbsp;&nbsp;__rt_entry
</UL>

<P><STRONG><a name="[103]"></a>__scatterload_rt2_thumb_only</STRONG> (Thumb, 0 bytes, Stack size unknown bytes, __scatter.o(!!!scatter), UNUSED)

<P><STRONG><a name="[104]"></a>__scatterload_null</STRONG> (Thumb, 0 bytes, Stack size unknown bytes, __scatter.o(!!!scatter), UNUSED)

<P><STRONG><a name="[41]"></a>__scatterload_copy</STRONG> (Thumb, 26 bytes, Stack size unknown bytes, __scatter_copy.o(!!handler_copy), UNUSED)
<BR><BR>[Calls]<UL><LI><a href="#[41]">&gt;&gt;</a>&nbsp;&nbsp;&nbsp;__scatterload_copy
</UL>
<BR>[Called By]<UL><LI><a href="#[41]">&gt;&gt;</a>&nbsp;&nbsp;&nbsp;__scatterload_copy
</UL>

<P><STRONG><a name="[105]"></a>__scatterload_zeroinit</STRONG> (Thumb, 28 bytes, Stack size unknown bytes, __scatter_zi.o(!!handler_zi), UNUSED)

<P><STRONG><a name="[45]"></a>__rt_lib_init</STRONG> (Thumb, 0 bytes, Stack size unknown bytes, libinit.o(.ARM.Collect$$libinit$$00000000))
<BR><BR>[Called By]<UL><LI><a href="#[44]">&gt;&gt;</a>&nbsp;&nbsp;&nbsp;__rt_entry_li
</UL>

<P><STRONG><a name="[106]"></a>__rt_lib_init_alloca_1</STRONG> (Thumb, 0 bytes, Stack size unknown bytes, libinit2.o(.ARM.Collect$$libinit$$0000002E))

<P><STRONG><a name="[107]"></a>__rt_lib_init_argv_1</STRONG> (Thumb, 0 bytes, Stack size unknown bytes, libinit2.o(.ARM.Collect$$libinit$$0000002C))

<P><STRONG><a name="[108]"></a>__rt_lib_init_atexit_1</STRONG> (Thumb, 0 bytes, Stack size unknown bytes, libinit2.o(.ARM.Collect$$libinit$$0000001B))

<P><STRONG><a name="[109]"></a>__rt_lib_init_clock_1</STRONG> (Thumb, 0 bytes, Stack size unknown bytes, libinit2.o(.ARM.Collect$$libinit$$00000021))

<P><STRONG><a name="[10a]"></a>__rt_lib_init_cpp_1</STRONG> (Thumb, 0 bytes, Stack size unknown bytes, libinit2.o(.ARM.Collect$$libinit$$00000032))

<P><STRONG><a name="[10b]"></a>__rt_lib_init_exceptions_1</STRONG> (Thumb, 0 bytes, Stack size unknown bytes, libinit2.o(.ARM.Collect$$libinit$$00000030))

<P><STRONG><a name="[10c]"></a>__rt_lib_init_fp_1</STRONG> (Thumb, 0 bytes, Stack size unknown bytes, libinit2.o(.ARM.Collect$$libinit$$00000002))

<P><STRONG><a name="[10d]"></a>__rt_lib_init_fp_trap_1</STRONG> (Thumb, 0 bytes, Stack size unknown bytes, libinit2.o(.ARM.Collect$$libinit$$0000001F))

<P><STRONG><a name="[10e]"></a>__rt_lib_init_getenv_1</STRONG> (Thumb, 0 bytes, Stack size unknown bytes, libinit2.o(.ARM.Collect$$libinit$$00000023))

<P><STRONG><a name="[10f]"></a>__rt_lib_init_heap_1</STRONG> (Thumb, 0 bytes, Stack size unknown bytes, libinit2.o(.ARM.Collect$$libinit$$0000000A))

<P><STRONG><a name="[110]"></a>__rt_lib_init_lc_collate_1</STRONG> (Thumb, 0 bytes, Stack size unknown bytes, libinit2.o(.ARM.Collect$$libinit$$00000011))

<P><STRONG><a name="[111]"></a>__rt_lib_init_lc_ctype_1</STRONG> (Thumb, 0 bytes, Stack size unknown bytes, libinit2.o(.ARM.Collect$$libinit$$00000013))

<P><STRONG><a name="[112]"></a>__rt_lib_init_lc_monetary_1</STRONG> (Thumb, 0 bytes, Stack size unknown bytes, libinit2.o(.ARM.Collect$$libinit$$00000015))

<P><STRONG><a name="[113]"></a>__rt_lib_init_lc_numeric_1</STRONG> (Thumb, 0 bytes, Stack size unknown bytes, libinit2.o(.ARM.Collect$$libinit$$00000017))

<P><STRONG><a name="[114]"></a>__rt_lib_init_lc_time_1</STRONG> (Thumb, 0 bytes, Stack size unknown bytes, libinit2.o(.ARM.Collect$$libinit$$00000019))

<P><STRONG><a name="[115]"></a>__rt_lib_init_preinit_1</STRONG> (Thumb, 0 bytes, Stack size unknown bytes, libinit2.o(.ARM.Collect$$libinit$$00000004))

<P><STRONG><a name="[116]"></a>__rt_lib_init_rand_1</STRONG> (Thumb, 0 bytes, Stack size unknown bytes, libinit2.o(.ARM.Collect$$libinit$$0000000E))

<P><STRONG><a name="[117]"></a>__rt_lib_init_return</STRONG> (Thumb, 0 bytes, Stack size unknown bytes, libinit2.o(.ARM.Collect$$libinit$$00000033))

<P><STRONG><a name="[118]"></a>__rt_lib_init_signal_1</STRONG> (Thumb, 0 bytes, Stack size unknown bytes, libinit2.o(.ARM.Collect$$libinit$$0000001D))

<P><STRONG><a name="[119]"></a>__rt_lib_init_stdio_1</STRONG> (Thumb, 0 bytes, Stack size unknown bytes, libinit2.o(.ARM.Collect$$libinit$$00000025))

<P><STRONG><a name="[11a]"></a>__rt_lib_init_user_alloc_1</STRONG> (Thumb, 0 bytes, Stack size unknown bytes, libinit2.o(.ARM.Collect$$libinit$$0000000C))

<P><STRONG><a name="[4a]"></a>__rt_lib_shutdown</STRONG> (Thumb, 0 bytes, Stack size unknown bytes, libshutdown.o(.ARM.Collect$$libshutdown$$00000000))
<BR><BR>[Called By]<UL><LI><a href="#[49]">&gt;&gt;</a>&nbsp;&nbsp;&nbsp;__rt_exit_ls
</UL>

<P><STRONG><a name="[11b]"></a>__rt_lib_shutdown_fp_trap_1</STRONG> (Thumb, 0 bytes, Stack size unknown bytes, libshutdown2.o(.ARM.Collect$$libshutdown$$00000006))

<P><STRONG><a name="[11c]"></a>__rt_lib_shutdown_heap_1</STRONG> (Thumb, 0 bytes, Stack size unknown bytes, libshutdown2.o(.ARM.Collect$$libshutdown$$0000000E))

<P><STRONG><a name="[11d]"></a>__rt_lib_shutdown_return</STRONG> (Thumb, 0 bytes, Stack size unknown bytes, libshutdown2.o(.ARM.Collect$$libshutdown$$0000000F))

<P><STRONG><a name="[11e]"></a>__rt_lib_shutdown_signal_1</STRONG> (Thumb, 0 bytes, Stack size unknown bytes, libshutdown2.o(.ARM.Collect$$libshutdown$$00000009))

<P><STRONG><a name="[11f]"></a>__rt_lib_shutdown_stdio_1</STRONG> (Thumb, 0 bytes, Stack size unknown bytes, libshutdown2.o(.ARM.Collect$$libshutdown$$00000003))

<P><STRONG><a name="[120]"></a>__rt_lib_shutdown_user_alloc_1</STRONG> (Thumb, 0 bytes, Stack size unknown bytes, libshutdown2.o(.ARM.Collect$$libshutdown$$0000000B))

<P><STRONG><a name="[3f]"></a>__rt_entry</STRONG> (Thumb, 0 bytes, Stack size unknown bytes, __rtentry.o(.ARM.Collect$$rtentry$$00000000))
<BR><BR>[Called By]<UL><LI><a href="#[3d]">&gt;&gt;</a>&nbsp;&nbsp;&nbsp;__main
<LI><a href="#[40]">&gt;&gt;</a>&nbsp;&nbsp;&nbsp;__scatterload_rt2
</UL>

<P><STRONG><a name="[121]"></a>__rt_entry_presh_1</STRONG> (Thumb, 0 bytes, Stack size unknown bytes, __rtentry2.o(.ARM.Collect$$rtentry$$00000002))

<P><STRONG><a name="[42]"></a>__rt_entry_sh</STRONG> (Thumb, 0 bytes, Stack size unknown bytes, __rtentry4.o(.ARM.Collect$$rtentry$$00000004))
<BR><BR>[Stack]<UL><LI>Max Depth = 8 + Unknown Stack Size
<LI>Call Chain = __rt_entry_sh &rArr; __user_setup_stackheap
</UL>
<BR>[Calls]<UL><LI><a href="#[43]">&gt;&gt;</a>&nbsp;&nbsp;&nbsp;__user_setup_stackheap
</UL>

<P><STRONG><a name="[44]"></a>__rt_entry_li</STRONG> (Thumb, 0 bytes, Stack size unknown bytes, __rtentry2.o(.ARM.Collect$$rtentry$$0000000A))
<BR><BR>[Calls]<UL><LI><a href="#[45]">&gt;&gt;</a>&nbsp;&nbsp;&nbsp;__rt_lib_init
</UL>

<P><STRONG><a name="[122]"></a>__rt_entry_postsh_1</STRONG> (Thumb, 0 bytes, Stack size unknown bytes, __rtentry2.o(.ARM.Collect$$rtentry$$00000009))

<P><STRONG><a name="[46]"></a>__rt_entry_main</STRONG> (Thumb, 0 bytes, Stack size unknown bytes, __rtentry2.o(.ARM.Collect$$rtentry$$0000000D))
<BR><BR>[Stack]<UL><LI>Max Depth = 152 + Unknown Stack Size
<LI>Call Chain = __rt_entry_main &rArr; main &rArr; InitParam &rArr; ReadE2prom &rArr; I2cReadDevice &rArr; I2cMasterRead &rArr; CheckEventTimeOut
</UL>
<BR>[Calls]<UL><LI><a href="#[47]">&gt;&gt;</a>&nbsp;&nbsp;&nbsp;main
<LI><a href="#[48]">&gt;&gt;</a>&nbsp;&nbsp;&nbsp;exit
</UL>

<P><STRONG><a name="[123]"></a>__rt_entry_postli_1</STRONG> (Thumb, 0 bytes, Stack size unknown bytes, __rtentry2.o(.ARM.Collect$$rtentry$$0000000C))

<P><STRONG><a name="[f2]"></a>__rt_exit</STRONG> (Thumb, 0 bytes, Stack size unknown bytes, rtexit.o(.ARM.Collect$$rtexit$$00000000))
<BR><BR>[Called By]<UL><LI><a href="#[48]">&gt;&gt;</a>&nbsp;&nbsp;&nbsp;exit
</UL>

<P><STRONG><a name="[49]"></a>__rt_exit_ls</STRONG> (Thumb, 0 bytes, Stack size unknown bytes, rtexit2.o(.ARM.Collect$$rtexit$$00000003))
<BR><BR>[Calls]<UL><LI><a href="#[4a]">&gt;&gt;</a>&nbsp;&nbsp;&nbsp;__rt_lib_shutdown
</UL>

<P><STRONG><a name="[124]"></a>__rt_exit_prels_1</STRONG> (Thumb, 0 bytes, Stack size unknown bytes, rtexit2.o(.ARM.Collect$$rtexit$$00000002))

<P><STRONG><a name="[4b]"></a>__rt_exit_exit</STRONG> (Thumb, 0 bytes, Stack size unknown bytes, rtexit2.o(.ARM.Collect$$rtexit$$00000004))
<BR><BR>[Calls]<UL><LI><a href="#[4c]">&gt;&gt;</a>&nbsp;&nbsp;&nbsp;_sys_exit
</UL>

<P><STRONG><a name="[47]"></a>main</STRONG> (Thumb, 82 bytes, Stack size 8 bytes, main.o(.text))
<BR><BR>[Stack]<UL><LI>Max Depth = 152<LI>Call Chain = main &rArr; InitParam &rArr; ReadE2prom &rArr; I2cReadDevice &rArr; I2cMasterRead &rArr; CheckEventTimeOut
</UL>
<BR>[Calls]<UL><LI><a href="#[53]">&gt;&gt;</a>&nbsp;&nbsp;&nbsp;TaskTimerRoutine
<LI><a href="#[52]">&gt;&gt;</a>&nbsp;&nbsp;&nbsp;InitTaskTimer
<LI><a href="#[50]">&gt;&gt;</a>&nbsp;&nbsp;&nbsp;InitTaskControl
<LI><a href="#[4d]">&gt;&gt;</a>&nbsp;&nbsp;&nbsp;InitTarget
<LI><a href="#[4f]">&gt;&gt;</a>&nbsp;&nbsp;&nbsp;InitProtocol
<LI><a href="#[4e]">&gt;&gt;</a>&nbsp;&nbsp;&nbsp;InitParam
<LI><a href="#[51]">&gt;&gt;</a>&nbsp;&nbsp;&nbsp;AddTaskTimer
</UL>
<BR>[Called By]<UL><LI><a href="#[46]">&gt;&gt;</a>&nbsp;&nbsp;&nbsp;__rt_entry_main
</UL>

<P><STRONG><a name="[72]"></a>GetTable</STRONG> (Thumb, 4 bytes, Stack size 0 bytes, rf_control.o(.text))
<BR><BR>[Called By]<UL><LI><a href="#[4e]">&gt;&gt;</a>&nbsp;&nbsp;&nbsp;InitParam
</UL>

<P><STRONG><a name="[74]"></a>GetTableMebCnt</STRONG> (Thumb, 4 bytes, Stack size 0 bytes, rf_control.o(.text))
<BR><BR>[Called By]<UL><LI><a href="#[4e]">&gt;&gt;</a>&nbsp;&nbsp;&nbsp;InitParam
</UL>

<P><STRONG><a name="[54]"></a>WritePLL</STRONG> (Thumb, 178 bytes, Stack size 40 bytes, rf_control.o(.text), UNUSED)
<BR><BR>[Calls]<UL><LI><a href="#[55]">&gt;&gt;</a>&nbsp;&nbsp;&nbsp;WriteSpiOneWord
</UL>

<P><STRONG><a name="[50]"></a>InitTaskControl</STRONG> (Thumb, 32 bytes, Stack size 0 bytes, rf_control.o(.text))
<BR><BR>[Called By]<UL><LI><a href="#[47]">&gt;&gt;</a>&nbsp;&nbsp;&nbsp;main
</UL>

<P><STRONG><a name="[37]"></a>TaskControl</STRONG> (Thumb, 4 bytes, Stack size 0 bytes, rf_control.o(.text))
<BR>[Address Reference Count : 1]<UL><LI> main.o(.text)
</UL>
<P><STRONG><a name="[56]"></a>CalcCRC16Value</STRONG> (Thumb, 76 bytes, Stack size 56 bytes, rf_protocol.o(.text), UNUSED)
<BR><BR>[Calls]<UL><LI><a href="#[57]">&gt;&gt;</a>&nbsp;&nbsp;&nbsp;__aeabi_memcpy4
</UL>
<BR>[Called By]<UL><LI><a href="#[6c]">&gt;&gt;</a>&nbsp;&nbsp;&nbsp;CalcFirmwareBufCRC16
<LI><a href="#[6b]">&gt;&gt;</a>&nbsp;&nbsp;&nbsp;CalcFirmwareAllCRC16
</UL>

<P><STRONG><a name="[58]"></a>sendInitpacket</STRONG> (Thumb, 102 bytes, Stack size 24 bytes, rf_protocol.o(.text))
<BR><BR>[Stack]<UL><LI>Max Depth = 44<LI>Call Chain = sendInitpacket &rArr; UartTxOpen &rArr; UartBufDataOut
</UL>
<BR>[Calls]<UL><LI><a href="#[5a]">&gt;&gt;</a>&nbsp;&nbsp;&nbsp;UartTxOpen
<LI><a href="#[59]">&gt;&gt;</a>&nbsp;&nbsp;&nbsp;GetUartBufInfo
</UL>
<BR>[Called By]<UL><LI><a href="#[4f]">&gt;&gt;</a>&nbsp;&nbsp;&nbsp;InitProtocol
</UL>

<P><STRONG><a name="[61]"></a>execFctParamSet</STRONG> (Thumb, 514 bytes, Stack size 36 bytes, rf_protocol.o(.text))
<BR><BR>[Stack]<UL><LI>Max Depth = 36<LI>Call Chain = execFctParamSet
</UL>
<BR>[Called By]<UL><LI><a href="#[60]">&gt;&gt;</a>&nbsp;&nbsp;&nbsp;execute_cmd
</UL>

<P><STRONG><a name="[62]"></a>execRFParamQ</STRONG> (Thumb, 178 bytes, Stack size 12 bytes, rf_protocol.o(.text))
<BR><BR>[Stack]<UL><LI>Max Depth = 12<LI>Call Chain = execRFParamQ
</UL>
<BR>[Called By]<UL><LI><a href="#[60]">&gt;&gt;</a>&nbsp;&nbsp;&nbsp;execute_cmd
</UL>

<P><STRONG><a name="[5b]"></a>execDwnldSoft</STRONG> (Thumb, 40 bytes, Stack size 8 bytes, rf_protocol.o(.text), UNUSED)
<BR><BR>[Calls]<UL><LI><a href="#[5d]">&gt;&gt;</a>&nbsp;&nbsp;&nbsp;InitCode2Flash
<LI><a href="#[5c]">&gt;&gt;</a>&nbsp;&nbsp;&nbsp;Code2Flash
</UL>

<P><STRONG><a name="[5e]"></a>endDwnldSoft</STRONG> (Thumb, 16 bytes, Stack size 8 bytes, rf_protocol.o(.text))
<BR><BR>[Stack]<UL><LI>Max Depth = 192<LI>Call Chain = endDwnldSoft &rArr; EndCode2Flash &rArr; Code2Flash &rArr; DownFlagSet &rArr; WriteE2prom &rArr; I2cWriteDevice &rArr; I2cMasterWrite &rArr; CheckEventTimeOut
</UL>
<BR>[Calls]<UL><LI><a href="#[5f]">&gt;&gt;</a>&nbsp;&nbsp;&nbsp;EndCode2Flash
</UL>
<BR>[Called By]<UL><LI><a href="#[60]">&gt;&gt;</a>&nbsp;&nbsp;&nbsp;execute_cmd
</UL>

<P><STRONG><a name="[60]"></a>execute_cmd</STRONG> (Thumb, 222 bytes, Stack size 16 bytes, rf_protocol.o(.text))
<BR><BR>[Stack]<UL><LI>Max Depth = 208<LI>Call Chain = execute_cmd &rArr; endDwnldSoft &rArr; EndCode2Flash &rArr; Code2Flash &rArr; DownFlagSet &rArr; WriteE2prom &rArr; I2cWriteDevice &rArr; I2cMasterWrite &rArr; CheckEventTimeOut
</UL>
<BR>[Calls]<UL><LI><a href="#[5e]">&gt;&gt;</a>&nbsp;&nbsp;&nbsp;endDwnldSoft
<LI><a href="#[62]">&gt;&gt;</a>&nbsp;&nbsp;&nbsp;execRFParamQ
<LI><a href="#[61]">&gt;&gt;</a>&nbsp;&nbsp;&nbsp;execFctParamSet
</UL>
<BR>[Called By]<UL><LI><a href="#[63]">&gt;&gt;</a>&nbsp;&nbsp;&nbsp;TMAPktHandle
</UL>

<P><STRONG><a name="[4f]"></a>InitProtocol</STRONG> (Thumb, 22 bytes, Stack size 8 bytes, rf_protocol.o(.text))
<BR><BR>[Stack]<UL><LI>Max Depth = 52<LI>Call Chain = InitProtocol &rArr; sendInitpacket &rArr; UartTxOpen &rArr; UartBufDataOut
</UL>
<BR>[Calls]<UL><LI><a href="#[65]">&gt;&gt;</a>&nbsp;&nbsp;&nbsp;InitUartBuf
<LI><a href="#[58]">&gt;&gt;</a>&nbsp;&nbsp;&nbsp;sendInitpacket
</UL>
<BR>[Called By]<UL><LI><a href="#[47]">&gt;&gt;</a>&nbsp;&nbsp;&nbsp;main
</UL>

<P><STRONG><a name="[39]"></a>TaskProtocol</STRONG> (Thumb, 18 bytes, Stack size 8 bytes, rf_protocol.o(.text))
<BR><BR>[Stack]<UL><LI>Max Depth = 248<LI>Call Chain = TaskProtocol &rArr; TMAPktHandle &rArr; execute_cmd &rArr; endDwnldSoft &rArr; EndCode2Flash &rArr; Code2Flash &rArr; DownFlagSet &rArr; WriteE2prom &rArr; I2cWriteDevice &rArr; I2cMasterWrite &rArr; CheckEventTimeOut
</UL>
<BR>[Calls]<UL><LI><a href="#[63]">&gt;&gt;</a>&nbsp;&nbsp;&nbsp;TMAPktHandle
</UL>
<BR>[Address Reference Count : 1]<UL><LI> main.o(.text)
</UL>
<P><STRONG><a name="[68]"></a>FirmwareVerify</STRONG> (Thumb, 68 bytes, Stack size 20 bytes, rf_parameter.o(.text), UNUSED)
<BR><BR>[Called By]<UL><LI><a href="#[66]">&gt;&gt;</a>&nbsp;&nbsp;&nbsp;FirmwareIsExist
</UL>

<P><STRONG><a name="[66]"></a>FirmwareIsExist</STRONG> (Thumb, 56 bytes, Stack size 8 bytes, rf_parameter.o(.text), UNUSED)
<BR><BR>[Calls]<UL><LI><a href="#[67]">&gt;&gt;</a>&nbsp;&nbsp;&nbsp;Section2Bak
<LI><a href="#[69]">&gt;&gt;</a>&nbsp;&nbsp;&nbsp;Bak2Section
<LI><a href="#[68]">&gt;&gt;</a>&nbsp;&nbsp;&nbsp;FirmwareVerify
<LI><a href="#[6a]">&gt;&gt;</a>&nbsp;&nbsp;&nbsp;NVIC_SystemReset
</UL>

<P><STRONG><a name="[125]"></a>CalcCheckSum</STRONG> (Thumb, 28 bytes, Stack size 0 bytes, rf_parameter.o(.text), UNUSED)

<P><STRONG><a name="[126]"></a>CalcUpgradeCheckSum</STRONG> (Thumb, 44 bytes, Stack size 8 bytes, rf_parameter.o(.text), UNUSED)

<P><STRONG><a name="[6b]"></a>CalcFirmwareAllCRC16</STRONG> (Thumb, 12 bytes, Stack size 0 bytes, rf_parameter.o(.text), UNUSED)
<BR><BR>[Calls]<UL><LI><a href="#[56]">&gt;&gt;</a>&nbsp;&nbsp;&nbsp;CalcCRC16Value
</UL>

<P><STRONG><a name="[6c]"></a>CalcFirmwareBufCRC16</STRONG> (Thumb, 10 bytes, Stack size 0 bytes, rf_parameter.o(.text), UNUSED)
<BR><BR>[Calls]<UL><LI><a href="#[56]">&gt;&gt;</a>&nbsp;&nbsp;&nbsp;CalcCRC16Value
</UL>

<P><STRONG><a name="[6d]"></a>DownFlagSet</STRONG> (Thumb, 16 bytes, Stack size 0 bytes, rf_parameter.o(.text))
<BR><BR>[Stack]<UL><LI>Max Depth = 144<LI>Call Chain = DownFlagSet &rArr; WriteE2prom &rArr; I2cWriteDevice &rArr; I2cMasterWrite &rArr; CheckEventTimeOut
</UL>
<BR>[Calls]<UL><LI><a href="#[6e]">&gt;&gt;</a>&nbsp;&nbsp;&nbsp;WriteE2prom
</UL>
<BR>[Called By]<UL><LI><a href="#[ca]">&gt;&gt;</a>&nbsp;&nbsp;&nbsp;EndCode2FlashRrev
<LI><a href="#[5c]">&gt;&gt;</a>&nbsp;&nbsp;&nbsp;Code2Flash
</UL>

<P><STRONG><a name="[6f]"></a>DownFlagCheck</STRONG> (Thumb, 32 bytes, Stack size 8 bytes, rf_parameter.o(.text), UNUSED)
<BR><BR>[Calls]<UL><LI><a href="#[6e]">&gt;&gt;</a>&nbsp;&nbsp;&nbsp;WriteE2prom
</UL>

<P><STRONG><a name="[70]"></a>RebootFlagCheck</STRONG> (Thumb, 30 bytes, Stack size 16 bytes, rf_parameter.o(.text), UNUSED)
<BR><BR>[Calls]<UL><LI><a href="#[6e]">&gt;&gt;</a>&nbsp;&nbsp;&nbsp;WriteE2prom
</UL>

<P><STRONG><a name="[71]"></a>RebootFlagSet</STRONG> (Thumb, 14 bytes, Stack size 0 bytes, rf_parameter.o(.text), UNUSED)
<BR><BR>[Calls]<UL><LI><a href="#[6e]">&gt;&gt;</a>&nbsp;&nbsp;&nbsp;WriteE2prom
</UL>

<P><STRONG><a name="[4e]"></a>InitParam</STRONG> (Thumb, 62 bytes, Stack size 16 bytes, rf_parameter.o(.text))
<BR><BR>[Stack]<UL><LI>Max Depth = 144<LI>Call Chain = InitParam &rArr; ReadE2prom &rArr; I2cReadDevice &rArr; I2cMasterRead &rArr; CheckEventTimeOut
</UL>
<BR>[Calls]<UL><LI><a href="#[73]">&gt;&gt;</a>&nbsp;&nbsp;&nbsp;ReadE2prom
<LI><a href="#[74]">&gt;&gt;</a>&nbsp;&nbsp;&nbsp;GetTableMebCnt
<LI><a href="#[72]">&gt;&gt;</a>&nbsp;&nbsp;&nbsp;GetTable
</UL>
<BR>[Called By]<UL><LI><a href="#[47]">&gt;&gt;</a>&nbsp;&nbsp;&nbsp;main
</UL>

<P><STRONG><a name="[36]"></a>TaskParameter</STRONG> (Thumb, 4 bytes, Stack size 0 bytes, rf_parameter.o(.text))
<BR>[Address Reference Count : 1]<UL><LI> main.o(.text)
</UL>
<P><STRONG><a name="[51]"></a>AddTaskTimer</STRONG> (Thumb, 50 bytes, Stack size 8 bytes, task.o(.text))
<BR><BR>[Stack]<UL><LI>Max Depth = 16<LI>Call Chain = AddTaskTimer &rArr; UserTimerReset
</UL>
<BR>[Calls]<UL><LI><a href="#[75]">&gt;&gt;</a>&nbsp;&nbsp;&nbsp;UserTimerReset
</UL>
<BR>[Called By]<UL><LI><a href="#[47]">&gt;&gt;</a>&nbsp;&nbsp;&nbsp;main
</UL>

<P><STRONG><a name="[127]"></a>DelTaskTimer</STRONG> (Thumb, 86 bytes, Stack size 20 bytes, task.o(.text), UNUSED)

<P><STRONG><a name="[52]"></a>InitTaskTimer</STRONG> (Thumb, 44 bytes, Stack size 24 bytes, task.o(.text))
<BR><BR>[Stack]<UL><LI>Max Depth = 32<LI>Call Chain = InitTaskTimer &rArr; UserTimerReset
</UL>
<BR>[Calls]<UL><LI><a href="#[75]">&gt;&gt;</a>&nbsp;&nbsp;&nbsp;UserTimerReset
</UL>
<BR>[Called By]<UL><LI><a href="#[47]">&gt;&gt;</a>&nbsp;&nbsp;&nbsp;main
</UL>

<P><STRONG><a name="[53]"></a>TaskTimerRoutine</STRONG> (Thumb, 66 bytes, Stack size 0 bytes, task.o(.text))
<BR><BR>[Stack]<UL><LI>Max Depth = 24<LI>Call Chain = TaskTimerRoutine &rArr; UserTimerOver
</UL>
<BR>[Calls]<UL><LI><a href="#[75]">&gt;&gt;</a>&nbsp;&nbsp;&nbsp;UserTimerReset
<LI><a href="#[76]">&gt;&gt;</a>&nbsp;&nbsp;&nbsp;UserTimerOver
</UL>
<BR>[Called By]<UL><LI><a href="#[47]">&gt;&gt;</a>&nbsp;&nbsp;&nbsp;main
</UL>

<P><STRONG><a name="[4d]"></a>InitTarget</STRONG> (Thumb, 162 bytes, Stack size 24 bytes, target.o(.text))
<BR><BR>[Stack]<UL><LI>Max Depth = 100<LI>Call Chain = InitTarget &rArr; InitUart &rArr; USART_Init &rArr; RCC_GetClocksFreq
</UL>
<BR>[Calls]<UL><LI><a href="#[77]">&gt;&gt;</a>&nbsp;&nbsp;&nbsp;RCC_PCLK1Config
<LI><a href="#[79]">&gt;&gt;</a>&nbsp;&nbsp;&nbsp;RCC_APB2PeriphClockCmd
<LI><a href="#[78]">&gt;&gt;</a>&nbsp;&nbsp;&nbsp;RCC_APB1PeriphClockCmd
<LI><a href="#[7a]">&gt;&gt;</a>&nbsp;&nbsp;&nbsp;NVIC_PriorityGroupConfig
<LI><a href="#[7b]">&gt;&gt;</a>&nbsp;&nbsp;&nbsp;NVIC_Init
<LI><a href="#[7f]">&gt;&gt;</a>&nbsp;&nbsp;&nbsp;InitUart
<LI><a href="#[81]">&gt;&gt;</a>&nbsp;&nbsp;&nbsp;InitTimer
<LI><a href="#[80]">&gt;&gt;</a>&nbsp;&nbsp;&nbsp;InitI2c
<LI><a href="#[7e]">&gt;&gt;</a>&nbsp;&nbsp;&nbsp;InitAdc
<LI><a href="#[7c]">&gt;&gt;</a>&nbsp;&nbsp;&nbsp;GPIO_PinRemapConfig
<LI><a href="#[7d]">&gt;&gt;</a>&nbsp;&nbsp;&nbsp;GPIO_Init
</UL>
<BR>[Called By]<UL><LI><a href="#[47]">&gt;&gt;</a>&nbsp;&nbsp;&nbsp;main
</UL>

<P><STRONG><a name="[4]"></a>NMI_Handler</STRONG> (Thumb, 2 bytes, Stack size 0 bytes, stm32f10x_it.o(.text))
<BR>[Address Reference Count : 1]<UL><LI> startup_stm32f10x_md_vl.o(RESET)
</UL>
<P><STRONG><a name="[5]"></a>HardFault_Handler</STRONG> (Thumb, 2 bytes, Stack size 0 bytes, stm32f10x_it.o(.text))
<BR><BR>[Calls]<UL><LI><a href="#[5]">&gt;&gt;</a>&nbsp;&nbsp;&nbsp;HardFault_Handler
</UL>
<BR>[Called By]<UL><LI><a href="#[5]">&gt;&gt;</a>&nbsp;&nbsp;&nbsp;HardFault_Handler
</UL>
<BR>[Address Reference Count : 1]<UL><LI> startup_stm32f10x_md_vl.o(RESET)
</UL>
<P><STRONG><a name="[6]"></a>MemManage_Handler</STRONG> (Thumb, 2 bytes, Stack size 0 bytes, stm32f10x_it.o(.text))
<BR><BR>[Calls]<UL><LI><a href="#[6]">&gt;&gt;</a>&nbsp;&nbsp;&nbsp;MemManage_Handler
</UL>
<BR>[Called By]<UL><LI><a href="#[6]">&gt;&gt;</a>&nbsp;&nbsp;&nbsp;MemManage_Handler
</UL>
<BR>[Address Reference Count : 1]<UL><LI> startup_stm32f10x_md_vl.o(RESET)
</UL>
<P><STRONG><a name="[7]"></a>BusFault_Handler</STRONG> (Thumb, 2 bytes, Stack size 0 bytes, stm32f10x_it.o(.text))
<BR><BR>[Calls]<UL><LI><a href="#[7]">&gt;&gt;</a>&nbsp;&nbsp;&nbsp;BusFault_Handler
</UL>
<BR>[Called By]<UL><LI><a href="#[7]">&gt;&gt;</a>&nbsp;&nbsp;&nbsp;BusFault_Handler
</UL>
<BR>[Address Reference Count : 1]<UL><LI> startup_stm32f10x_md_vl.o(RESET)
</UL>
<P><STRONG><a name="[8]"></a>UsageFault_Handler</STRONG> (Thumb, 2 bytes, Stack size 0 bytes, stm32f10x_it.o(.text))
<BR><BR>[Calls]<UL><LI><a href="#[8]">&gt;&gt;</a>&nbsp;&nbsp;&nbsp;UsageFault_Handler
</UL>
<BR>[Called By]<UL><LI><a href="#[8]">&gt;&gt;</a>&nbsp;&nbsp;&nbsp;UsageFault_Handler
</UL>
<BR>[Address Reference Count : 1]<UL><LI> startup_stm32f10x_md_vl.o(RESET)
</UL>
<P><STRONG><a name="[9]"></a>SVC_Handler</STRONG> (Thumb, 2 bytes, Stack size 0 bytes, stm32f10x_it.o(.text))
<BR>[Address Reference Count : 1]<UL><LI> startup_stm32f10x_md_vl.o(RESET)
</UL>
<P><STRONG><a name="[a]"></a>DebugMon_Handler</STRONG> (Thumb, 2 bytes, Stack size 0 bytes, stm32f10x_it.o(.text))
<BR>[Address Reference Count : 1]<UL><LI> startup_stm32f10x_md_vl.o(RESET)
</UL>
<P><STRONG><a name="[b]"></a>PendSV_Handler</STRONG> (Thumb, 2 bytes, Stack size 0 bytes, stm32f10x_it.o(.text))
<BR>[Address Reference Count : 1]<UL><LI> startup_stm32f10x_md_vl.o(RESET)
</UL>
<P><STRONG><a name="[c]"></a>SysTick_Handler</STRONG> (Thumb, 2 bytes, Stack size 0 bytes, stm32f10x_it.o(.text))
<BR>[Address Reference Count : 1]<UL><LI> startup_stm32f10x_md_vl.o(RESET)
</UL>
<P><STRONG><a name="[3b]"></a>SystemInit</STRONG> (Thumb, 60 bytes, Stack size 0 bytes, system_stm32f10x.o(.text))
<BR>[Address Reference Count : 1]<UL><LI> startup_stm32f10x_md_vl.o(.text)
</UL>
<P><STRONG><a name="[128]"></a>SystemCoreClockUpdate</STRONG> (Thumb, 98 bytes, Stack size 12 bytes, system_stm32f10x.o(.text), UNUSED)

<P><STRONG><a name="[55]"></a>WriteSpiOneWord</STRONG> (Thumb, 122 bytes, Stack size 24 bytes, dev_spi.o(.text), UNUSED)
<BR><BR>[Calls]<UL><LI><a href="#[85]">&gt;&gt;</a>&nbsp;&nbsp;&nbsp;usdelay
<LI><a href="#[86]">&gt;&gt;</a>&nbsp;&nbsp;&nbsp;EndSpiBus
<LI><a href="#[84]">&gt;&gt;</a>&nbsp;&nbsp;&nbsp;StartSpiBus
<LI><a href="#[82]">&gt;&gt;</a>&nbsp;&nbsp;&nbsp;WriteGpioPin
</UL>
<BR>[Called By]<UL><LI><a href="#[54]">&gt;&gt;</a>&nbsp;&nbsp;&nbsp;WritePLL
</UL>

<P><STRONG><a name="[6e]"></a>WriteE2prom</STRONG> (Thumb, 104 bytes, Stack size 40 bytes, dev_e2prom.o(.text))
<BR><BR>[Stack]<UL><LI>Max Depth = 144<LI>Call Chain = WriteE2prom &rArr; I2cWriteDevice &rArr; I2cMasterWrite &rArr; CheckEventTimeOut
</UL>
<BR>[Calls]<UL><LI><a href="#[87]">&gt;&gt;</a>&nbsp;&nbsp;&nbsp;I2cWriteDevice
<LI><a href="#[85]">&gt;&gt;</a>&nbsp;&nbsp;&nbsp;usdelay
</UL>
<BR>[Called By]<UL><LI><a href="#[71]">&gt;&gt;</a>&nbsp;&nbsp;&nbsp;RebootFlagSet
<LI><a href="#[70]">&gt;&gt;</a>&nbsp;&nbsp;&nbsp;RebootFlagCheck
<LI><a href="#[6f]">&gt;&gt;</a>&nbsp;&nbsp;&nbsp;DownFlagCheck
<LI><a href="#[6d]">&gt;&gt;</a>&nbsp;&nbsp;&nbsp;DownFlagSet
</UL>

<P><STRONG><a name="[73]"></a>ReadE2prom</STRONG> (Thumb, 32 bytes, Stack size 16 bytes, dev_e2prom.o(.text))
<BR><BR>[Stack]<UL><LI>Max Depth = 128<LI>Call Chain = ReadE2prom &rArr; I2cReadDevice &rArr; I2cMasterRead &rArr; CheckEventTimeOut
</UL>
<BR>[Calls]<UL><LI><a href="#[88]">&gt;&gt;</a>&nbsp;&nbsp;&nbsp;I2cReadDevice
</UL>
<BR>[Called By]<UL><LI><a href="#[4e]">&gt;&gt;</a>&nbsp;&nbsp;&nbsp;InitParam
</UL>

<P><STRONG><a name="[81]"></a>InitTimer</STRONG> (Thumb, 60 bytes, Stack size 24 bytes, user_timer.o(.text))
<BR><BR>[Stack]<UL><LI>Max Depth = 36<LI>Call Chain = InitTimer &rArr; TIM_TimeBaseInit
</UL>
<BR>[Calls]<UL><LI><a href="#[89]">&gt;&gt;</a>&nbsp;&nbsp;&nbsp;TIM_TimeBaseInit
<LI><a href="#[8a]">&gt;&gt;</a>&nbsp;&nbsp;&nbsp;TIM_Cmd
</UL>
<BR>[Called By]<UL><LI><a href="#[4d]">&gt;&gt;</a>&nbsp;&nbsp;&nbsp;InitTarget
</UL>

<P><STRONG><a name="[8b]"></a>InitTIM1</STRONG> (Thumb, 68 bytes, Stack size 24 bytes, user_timer.o(.text), UNUSED)
<BR><BR>[Calls]<UL><LI><a href="#[8c]">&gt;&gt;</a>&nbsp;&nbsp;&nbsp;TIM_TimeBaseStructInit
<LI><a href="#[89]">&gt;&gt;</a>&nbsp;&nbsp;&nbsp;TIM_TimeBaseInit
<LI><a href="#[8e]">&gt;&gt;</a>&nbsp;&nbsp;&nbsp;TIM_ITConfig
<LI><a href="#[8a]">&gt;&gt;</a>&nbsp;&nbsp;&nbsp;TIM_Cmd
<LI><a href="#[8d]">&gt;&gt;</a>&nbsp;&nbsp;&nbsp;TIM_ARRPreloadConfig
</UL>

<P><STRONG><a name="[75]"></a>UserTimerReset</STRONG> (Thumb, 18 bytes, Stack size 8 bytes, user_timer.o(.text))
<BR><BR>[Stack]<UL><LI>Max Depth = 8<LI>Call Chain = UserTimerReset
</UL>
<BR>[Calls]<UL><LI><a href="#[8f]">&gt;&gt;</a>&nbsp;&nbsp;&nbsp;TIM_GetCounter
</UL>
<BR>[Called By]<UL><LI><a href="#[2f]">&gt;&gt;</a>&nbsp;&nbsp;&nbsp;USART2_IRQHandler
<LI><a href="#[2e]">&gt;&gt;</a>&nbsp;&nbsp;&nbsp;USART1_IRQHandler
<LI><a href="#[53]">&gt;&gt;</a>&nbsp;&nbsp;&nbsp;TaskTimerRoutine
<LI><a href="#[52]">&gt;&gt;</a>&nbsp;&nbsp;&nbsp;InitTaskTimer
<LI><a href="#[51]">&gt;&gt;</a>&nbsp;&nbsp;&nbsp;AddTaskTimer
</UL>

<P><STRONG><a name="[76]"></a>UserTimerOver</STRONG> (Thumb, 60 bytes, Stack size 24 bytes, user_timer.o(.text))
<BR><BR>[Stack]<UL><LI>Max Depth = 24<LI>Call Chain = UserTimerOver
</UL>
<BR>[Calls]<UL><LI><a href="#[8f]">&gt;&gt;</a>&nbsp;&nbsp;&nbsp;TIM_GetCounter
</UL>
<BR>[Called By]<UL><LI><a href="#[2f]">&gt;&gt;</a>&nbsp;&nbsp;&nbsp;USART2_IRQHandler
<LI><a href="#[2e]">&gt;&gt;</a>&nbsp;&nbsp;&nbsp;USART1_IRQHandler
<LI><a href="#[53]">&gt;&gt;</a>&nbsp;&nbsp;&nbsp;TaskTimerRoutine
</UL>

<P><STRONG><a name="[22]"></a>TIM1_UP_TIM16_IRQHandler</STRONG> (Thumb, 40 bytes, Stack size 8 bytes, user_timer.o(.text))
<BR><BR>[Stack]<UL><LI>Max Depth = 8<LI>Call Chain = TIM1_UP_TIM16_IRQHandler
</UL>
<BR>[Calls]<UL><LI><a href="#[90]">&gt;&gt;</a>&nbsp;&nbsp;&nbsp;TIM_GetITStatus
<LI><a href="#[91]">&gt;&gt;</a>&nbsp;&nbsp;&nbsp;TIM_ClearITPendingBit
</UL>
<BR>[Address Reference Count : 1]<UL><LI> startup_stm32f10x_md_vl.o(RESET)
</UL>
<P><STRONG><a name="[7e]"></a>InitAdc</STRONG> (Thumb, 108 bytes, Stack size 32 bytes, user_adc.o(.text))
<BR><BR>[Stack]<UL><LI>Max Depth = 48<LI>Call Chain = InitAdc &rArr; ADC_RegularChannelConfig
</UL>
<BR>[Calls]<UL><LI><a href="#[97]">&gt;&gt;</a>&nbsp;&nbsp;&nbsp;ADC_StartCalibration
<LI><a href="#[95]">&gt;&gt;</a>&nbsp;&nbsp;&nbsp;ADC_ResetCalibration
<LI><a href="#[93]">&gt;&gt;</a>&nbsp;&nbsp;&nbsp;ADC_RegularChannelConfig
<LI><a href="#[92]">&gt;&gt;</a>&nbsp;&nbsp;&nbsp;ADC_Init
<LI><a href="#[96]">&gt;&gt;</a>&nbsp;&nbsp;&nbsp;ADC_GetResetCalibrationStatus
<LI><a href="#[98]">&gt;&gt;</a>&nbsp;&nbsp;&nbsp;ADC_GetCalibrationStatus
<LI><a href="#[94]">&gt;&gt;</a>&nbsp;&nbsp;&nbsp;ADC_Cmd
</UL>
<BR>[Called By]<UL><LI><a href="#[4d]">&gt;&gt;</a>&nbsp;&nbsp;&nbsp;InitTarget
</UL>

<P><STRONG><a name="[99]"></a>ReadAdcValue</STRONG> (Thumb, 96 bytes, Stack size 24 bytes, user_adc.o(.text), UNUSED)
<BR><BR>[Calls]<UL><LI><a href="#[9a]">&gt;&gt;</a>&nbsp;&nbsp;&nbsp;ADC_SoftwareStartConvCmd
<LI><a href="#[93]">&gt;&gt;</a>&nbsp;&nbsp;&nbsp;ADC_RegularChannelConfig
<LI><a href="#[9b]">&gt;&gt;</a>&nbsp;&nbsp;&nbsp;ADC_GetFlagStatus
<LI><a href="#[9c]">&gt;&gt;</a>&nbsp;&nbsp;&nbsp;ADC_GetConversionValue
</UL>

<P><STRONG><a name="[9d]"></a>ReadAdcTemperature</STRONG> (Thumb, 150 bytes, Stack size 16 bytes, user_adc.o(.text), UNUSED)
<BR><BR>[Calls]<UL><LI><a href="#[9e]">&gt;&gt;</a>&nbsp;&nbsp;&nbsp;ADC_TempSensorVrefintCmd
<LI><a href="#[9a]">&gt;&gt;</a>&nbsp;&nbsp;&nbsp;ADC_SoftwareStartConvCmd
<LI><a href="#[93]">&gt;&gt;</a>&nbsp;&nbsp;&nbsp;ADC_RegularChannelConfig
<LI><a href="#[9b]">&gt;&gt;</a>&nbsp;&nbsp;&nbsp;ADC_GetFlagStatus
<LI><a href="#[9c]">&gt;&gt;</a>&nbsp;&nbsp;&nbsp;ADC_GetConversionValue
<LI><a href="#[a1]">&gt;&gt;</a>&nbsp;&nbsp;&nbsp;__ARM_scalbn
<LI><a href="#[a6]">&gt;&gt;</a>&nbsp;&nbsp;&nbsp;__aeabi_f2iz
<LI><a href="#[a0]">&gt;&gt;</a>&nbsp;&nbsp;&nbsp;__aeabi_dmul
<LI><a href="#[9f]">&gt;&gt;</a>&nbsp;&nbsp;&nbsp;__aeabi_ui2d
<LI><a href="#[a3]">&gt;&gt;</a>&nbsp;&nbsp;&nbsp;__aeabi_ddiv
<LI><a href="#[a2]">&gt;&gt;</a>&nbsp;&nbsp;&nbsp;__aeabi_drsub
<LI><a href="#[a4]">&gt;&gt;</a>&nbsp;&nbsp;&nbsp;__aeabi_dadd
<LI><a href="#[a5]">&gt;&gt;</a>&nbsp;&nbsp;&nbsp;__aeabi_d2f
</UL>

<P><STRONG><a name="[28]"></a>I2C1_EV_IRQHandler</STRONG> (Thumb, 246 bytes, Stack size 24 bytes, user_i2c.o(.text))
<BR><BR>[Stack]<UL><LI>Max Depth = 32<LI>Call Chain = I2C1_EV_IRQHandler &rArr; I2C_GetITStatus
</UL>
<BR>[Calls]<UL><LI><a href="#[ac]">&gt;&gt;</a>&nbsp;&nbsp;&nbsp;I2C_SendData
<LI><a href="#[ab]">&gt;&gt;</a>&nbsp;&nbsp;&nbsp;I2C_ReceiveData
<LI><a href="#[a7]">&gt;&gt;</a>&nbsp;&nbsp;&nbsp;I2C_GetLastEvent
<LI><a href="#[a8]">&gt;&gt;</a>&nbsp;&nbsp;&nbsp;I2C_GetITStatus
<LI><a href="#[a9]">&gt;&gt;</a>&nbsp;&nbsp;&nbsp;I2C_GenerateSTOP
<LI><a href="#[aa]">&gt;&gt;</a>&nbsp;&nbsp;&nbsp;I2C_ClearITPendingBit
</UL>
<BR>[Address Reference Count : 1]<UL><LI> startup_stm32f10x_md_vl.o(RESET)
</UL>
<P><STRONG><a name="[2a]"></a>I2C2_EV_IRQHandler</STRONG> (Thumb, 2 bytes, Stack size 0 bytes, user_i2c.o(.text))
<BR>[Address Reference Count : 1]<UL><LI> startup_stm32f10x_md_vl.o(RESET)
</UL>
<P><STRONG><a name="[88]"></a>I2cReadDevice</STRONG> (Thumb, 50 bytes, Stack size 32 bytes, user_i2c.o(.text))
<BR><BR>[Stack]<UL><LI>Max Depth = 112<LI>Call Chain = I2cReadDevice &rArr; I2cMasterRead &rArr; CheckEventTimeOut
</UL>
<BR>[Calls]<UL><LI><a href="#[b1]">&gt;&gt;</a>&nbsp;&nbsp;&nbsp;I2cMasterRead
<LI><a href="#[ad]">&gt;&gt;</a>&nbsp;&nbsp;&nbsp;I2cMasterWrite
</UL>
<BR>[Called By]<UL><LI><a href="#[73]">&gt;&gt;</a>&nbsp;&nbsp;&nbsp;ReadE2prom
</UL>

<P><STRONG><a name="[87]"></a>I2cWriteDevice</STRONG> (Thumb, 16 bytes, Stack size 24 bytes, user_i2c.o(.text))
<BR><BR>[Stack]<UL><LI>Max Depth = 104<LI>Call Chain = I2cWriteDevice &rArr; I2cMasterWrite &rArr; CheckEventTimeOut
</UL>
<BR>[Calls]<UL><LI><a href="#[ad]">&gt;&gt;</a>&nbsp;&nbsp;&nbsp;I2cMasterWrite
</UL>
<BR>[Called By]<UL><LI><a href="#[6e]">&gt;&gt;</a>&nbsp;&nbsp;&nbsp;WriteE2prom
</UL>

<P><STRONG><a name="[80]"></a>InitI2c</STRONG> (Thumb, 58 bytes, Stack size 24 bytes, user_i2c.o(.text))
<BR><BR>[Stack]<UL><LI>Max Depth = 76<LI>Call Chain = InitI2c &rArr; I2C_Init &rArr; RCC_GetClocksFreq
</UL>
<BR>[Calls]<UL><LI><a href="#[b4]">&gt;&gt;</a>&nbsp;&nbsp;&nbsp;I2C_Init
<LI><a href="#[b2]">&gt;&gt;</a>&nbsp;&nbsp;&nbsp;I2C_DeInit
<LI><a href="#[b3]">&gt;&gt;</a>&nbsp;&nbsp;&nbsp;I2C_Cmd
</UL>
<BR>[Called By]<UL><LI><a href="#[4d]">&gt;&gt;</a>&nbsp;&nbsp;&nbsp;InitTarget
</UL>

<P><STRONG><a name="[129]"></a>InitI2cProc</STRONG> (Thumb, 6 bytes, Stack size 0 bytes, user_i2c.o(.text), UNUSED)

<P><STRONG><a name="[65]"></a>InitUartBuf</STRONG> (Thumb, 30 bytes, Stack size 0 bytes, user_uart.o(.text))
<BR><BR>[Called By]<UL><LI><a href="#[4f]">&gt;&gt;</a>&nbsp;&nbsp;&nbsp;InitProtocol
</UL>

<P><STRONG><a name="[64]"></a>ResetUartBuf</STRONG> (Thumb, 20 bytes, Stack size 0 bytes, user_uart.o(.text))
<BR><BR>[Called By]<UL><LI><a href="#[2f]">&gt;&gt;</a>&nbsp;&nbsp;&nbsp;USART2_IRQHandler
<LI><a href="#[2e]">&gt;&gt;</a>&nbsp;&nbsp;&nbsp;USART1_IRQHandler
<LI><a href="#[63]">&gt;&gt;</a>&nbsp;&nbsp;&nbsp;TMAPktHandle
</UL>

<P><STRONG><a name="[59]"></a>GetUartBufInfo</STRONG> (Thumb, 30 bytes, Stack size 8 bytes, user_uart.o(.text))
<BR><BR>[Stack]<UL><LI>Max Depth = 8<LI>Call Chain = GetUartBufInfo
</UL>
<BR>[Called By]<UL><LI><a href="#[58]">&gt;&gt;</a>&nbsp;&nbsp;&nbsp;sendInitpacket
<LI><a href="#[63]">&gt;&gt;</a>&nbsp;&nbsp;&nbsp;TMAPktHandle
</UL>

<P><STRONG><a name="[12a]"></a>SetUartBufInfo</STRONG> (Thumb, 14 bytes, Stack size 0 bytes, user_uart.o(.text), UNUSED)

<P><STRONG><a name="[7f]"></a>InitUart</STRONG> (Thumb, 108 bytes, Stack size 32 bytes, user_uart.o(.text))
<BR><BR>[Stack]<UL><LI>Max Depth = 76<LI>Call Chain = InitUart &rArr; USART_Init &rArr; RCC_GetClocksFreq
</UL>
<BR>[Calls]<UL><LI><a href="#[b7]">&gt;&gt;</a>&nbsp;&nbsp;&nbsp;USART_Init
<LI><a href="#[b9]">&gt;&gt;</a>&nbsp;&nbsp;&nbsp;USART_ITConfig
<LI><a href="#[ba]">&gt;&gt;</a>&nbsp;&nbsp;&nbsp;USART_Cmd
<LI><a href="#[b8]">&gt;&gt;</a>&nbsp;&nbsp;&nbsp;USART_ClearITPendingBit
</UL>
<BR>[Called By]<UL><LI><a href="#[2f]">&gt;&gt;</a>&nbsp;&nbsp;&nbsp;USART2_IRQHandler
<LI><a href="#[2e]">&gt;&gt;</a>&nbsp;&nbsp;&nbsp;USART1_IRQHandler
<LI><a href="#[4d]">&gt;&gt;</a>&nbsp;&nbsp;&nbsp;InitTarget
</UL>

<P><STRONG><a name="[2e]"></a>USART1_IRQHandler</STRONG> (Thumb, 146 bytes, Stack size 16 bytes, user_uart.o(.text))
<BR><BR>[Stack]<UL><LI>Max Depth = 92<LI>Call Chain = USART1_IRQHandler &rArr; InitUart &rArr; USART_Init &rArr; RCC_GetClocksFreq
</UL>
<BR>[Calls]<UL><LI><a href="#[bd]">&gt;&gt;</a>&nbsp;&nbsp;&nbsp;USART_SendData
<LI><a href="#[be]">&gt;&gt;</a>&nbsp;&nbsp;&nbsp;USART_ReceiveData
<LI><a href="#[bb]">&gt;&gt;</a>&nbsp;&nbsp;&nbsp;USART_GetITStatus
<LI><a href="#[b8]">&gt;&gt;</a>&nbsp;&nbsp;&nbsp;USART_ClearITPendingBit
<LI><a href="#[bc]">&gt;&gt;</a>&nbsp;&nbsp;&nbsp;UartBufDataOut
<LI><a href="#[bf]">&gt;&gt;</a>&nbsp;&nbsp;&nbsp;UartBufDataIn
<LI><a href="#[7f]">&gt;&gt;</a>&nbsp;&nbsp;&nbsp;InitUart
<LI><a href="#[75]">&gt;&gt;</a>&nbsp;&nbsp;&nbsp;UserTimerReset
<LI><a href="#[76]">&gt;&gt;</a>&nbsp;&nbsp;&nbsp;UserTimerOver
<LI><a href="#[64]">&gt;&gt;</a>&nbsp;&nbsp;&nbsp;ResetUartBuf
</UL>
<BR>[Address Reference Count : 1]<UL><LI> startup_stm32f10x_md_vl.o(RESET)
</UL>
<P><STRONG><a name="[2f]"></a>USART2_IRQHandler</STRONG> (Thumb, 144 bytes, Stack size 16 bytes, user_uart.o(.text))
<BR><BR>[Stack]<UL><LI>Max Depth = 92<LI>Call Chain = USART2_IRQHandler &rArr; InitUart &rArr; USART_Init &rArr; RCC_GetClocksFreq
</UL>
<BR>[Calls]<UL><LI><a href="#[bd]">&gt;&gt;</a>&nbsp;&nbsp;&nbsp;USART_SendData
<LI><a href="#[be]">&gt;&gt;</a>&nbsp;&nbsp;&nbsp;USART_ReceiveData
<LI><a href="#[bb]">&gt;&gt;</a>&nbsp;&nbsp;&nbsp;USART_GetITStatus
<LI><a href="#[b8]">&gt;&gt;</a>&nbsp;&nbsp;&nbsp;USART_ClearITPendingBit
<LI><a href="#[bc]">&gt;&gt;</a>&nbsp;&nbsp;&nbsp;UartBufDataOut
<LI><a href="#[bf]">&gt;&gt;</a>&nbsp;&nbsp;&nbsp;UartBufDataIn
<LI><a href="#[7f]">&gt;&gt;</a>&nbsp;&nbsp;&nbsp;InitUart
<LI><a href="#[75]">&gt;&gt;</a>&nbsp;&nbsp;&nbsp;UserTimerReset
<LI><a href="#[76]">&gt;&gt;</a>&nbsp;&nbsp;&nbsp;UserTimerOver
<LI><a href="#[64]">&gt;&gt;</a>&nbsp;&nbsp;&nbsp;ResetUartBuf
</UL>
<BR>[Address Reference Count : 1]<UL><LI> startup_stm32f10x_md_vl.o(RESET)
</UL>
<P><STRONG><a name="[c0]"></a>UartSendStr</STRONG> (Thumb, 48 bytes, Stack size 24 bytes, user_uart.o(.text), UNUSED)
<BR><BR>[Calls]<UL><LI><a href="#[bd]">&gt;&gt;</a>&nbsp;&nbsp;&nbsp;USART_SendData
<LI><a href="#[c1]">&gt;&gt;</a>&nbsp;&nbsp;&nbsp;USART_GetFlagStatus
</UL>

<P><STRONG><a name="[5a]"></a>UartTxOpen</STRONG> (Thumb, 50 bytes, Stack size 8 bytes, user_uart.o(.text))
<BR><BR>[Stack]<UL><LI>Max Depth = 20<LI>Call Chain = UartTxOpen &rArr; UartBufDataOut
</UL>
<BR>[Calls]<UL><LI><a href="#[bd]">&gt;&gt;</a>&nbsp;&nbsp;&nbsp;USART_SendData
<LI><a href="#[bc]">&gt;&gt;</a>&nbsp;&nbsp;&nbsp;UartBufDataOut
</UL>
<BR>[Called By]<UL><LI><a href="#[58]">&gt;&gt;</a>&nbsp;&nbsp;&nbsp;sendInitpacket
<LI><a href="#[63]">&gt;&gt;</a>&nbsp;&nbsp;&nbsp;TMAPktHandle
</UL>

<P><STRONG><a name="[5c]"></a>Code2Flash</STRONG> (Thumb, 400 bytes, Stack size 40 bytes, user_flash.o(.text))
<BR><BR>[Stack]<UL><LI>Max Depth = 184<LI>Call Chain = Code2Flash &rArr; DownFlagSet &rArr; WriteE2prom &rArr; I2cWriteDevice &rArr; I2cMasterWrite &rArr; CheckEventTimeOut
</UL>
<BR>[Calls]<UL><LI><a href="#[c2]">&gt;&gt;</a>&nbsp;&nbsp;&nbsp;FLASH_Unlock
<LI><a href="#[c5]">&gt;&gt;</a>&nbsp;&nbsp;&nbsp;FLASH_ProgramWord
<LI><a href="#[c6]">&gt;&gt;</a>&nbsp;&nbsp;&nbsp;FLASH_Lock
<LI><a href="#[c4]">&gt;&gt;</a>&nbsp;&nbsp;&nbsp;FLASH_ErasePage
<LI><a href="#[c3]">&gt;&gt;</a>&nbsp;&nbsp;&nbsp;FLASH_ClearFlag
<LI><a href="#[c7]">&gt;&gt;</a>&nbsp;&nbsp;&nbsp;Bootloader
<LI><a href="#[6d]">&gt;&gt;</a>&nbsp;&nbsp;&nbsp;DownFlagSet
</UL>
<BR>[Called By]<UL><LI><a href="#[5d]">&gt;&gt;</a>&nbsp;&nbsp;&nbsp;InitCode2Flash
<LI><a href="#[5f]">&gt;&gt;</a>&nbsp;&nbsp;&nbsp;EndCode2Flash
<LI><a href="#[5b]">&gt;&gt;</a>&nbsp;&nbsp;&nbsp;execDwnldSoft
</UL>

<P><STRONG><a name="[5f]"></a>EndCode2Flash</STRONG> (Thumb, 8 bytes, Stack size 0 bytes, user_flash.o(.text))
<BR><BR>[Stack]<UL><LI>Max Depth = 184<LI>Call Chain = EndCode2Flash &rArr; Code2Flash &rArr; DownFlagSet &rArr; WriteE2prom &rArr; I2cWriteDevice &rArr; I2cMasterWrite &rArr; CheckEventTimeOut
</UL>
<BR>[Calls]<UL><LI><a href="#[5c]">&gt;&gt;</a>&nbsp;&nbsp;&nbsp;Code2Flash
</UL>
<BR>[Called By]<UL><LI><a href="#[5e]">&gt;&gt;</a>&nbsp;&nbsp;&nbsp;endDwnldSoft
</UL>

<P><STRONG><a name="[5d]"></a>InitCode2Flash</STRONG> (Thumb, 8 bytes, Stack size 0 bytes, user_flash.o(.text), UNUSED)
<BR><BR>[Calls]<UL><LI><a href="#[5c]">&gt;&gt;</a>&nbsp;&nbsp;&nbsp;Code2Flash
</UL>
<BR>[Called By]<UL><LI><a href="#[5b]">&gt;&gt;</a>&nbsp;&nbsp;&nbsp;execDwnldSoft
</UL>

<P><STRONG><a name="[67]"></a>Section2Bak</STRONG> (Thumb, 8 bytes, Stack size 0 bytes, user_flash.o(.text), UNUSED)
<BR><BR>[Calls]<UL><LI><a href="#[c8]">&gt;&gt;</a>&nbsp;&nbsp;&nbsp;Flash2Section
</UL>
<BR>[Called By]<UL><LI><a href="#[66]">&gt;&gt;</a>&nbsp;&nbsp;&nbsp;FirmwareIsExist
</UL>

<P><STRONG><a name="[69]"></a>Bak2Section</STRONG> (Thumb, 8 bytes, Stack size 0 bytes, user_flash.o(.text), UNUSED)
<BR><BR>[Calls]<UL><LI><a href="#[c8]">&gt;&gt;</a>&nbsp;&nbsp;&nbsp;Flash2Section
</UL>
<BR>[Called By]<UL><LI><a href="#[66]">&gt;&gt;</a>&nbsp;&nbsp;&nbsp;FirmwareIsExist
</UL>

<P><STRONG><a name="[ca]"></a>EndCode2FlashRrev</STRONG> (Thumb, 18 bytes, Stack size 0 bytes, user_flash.o(.text), UNUSED)
<BR><BR>[Calls]<UL><LI><a href="#[cb]">&gt;&gt;</a>&nbsp;&nbsp;&nbsp;NVIC_SystemReset
<LI><a href="#[c8]">&gt;&gt;</a>&nbsp;&nbsp;&nbsp;Flash2Section
<LI><a href="#[6d]">&gt;&gt;</a>&nbsp;&nbsp;&nbsp;DownFlagSet
</UL>

<P><STRONG><a name="[7a]"></a>NVIC_PriorityGroupConfig</STRONG> (Thumb, 10 bytes, Stack size 0 bytes, misc.o(.text))
<BR><BR>[Called By]<UL><LI><a href="#[4d]">&gt;&gt;</a>&nbsp;&nbsp;&nbsp;InitTarget
</UL>

<P><STRONG><a name="[7b]"></a>NVIC_Init</STRONG> (Thumb, 94 bytes, Stack size 12 bytes, misc.o(.text))
<BR><BR>[Stack]<UL><LI>Max Depth = 12<LI>Call Chain = NVIC_Init
</UL>
<BR>[Called By]<UL><LI><a href="#[4d]">&gt;&gt;</a>&nbsp;&nbsp;&nbsp;InitTarget
</UL>

<P><STRONG><a name="[12b]"></a>NVIC_SetVectorTable</STRONG> (Thumb, 14 bytes, Stack size 0 bytes, misc.o(.text), UNUSED)

<P><STRONG><a name="[12c]"></a>NVIC_SystemLPConfig</STRONG> (Thumb, 20 bytes, Stack size 0 bytes, misc.o(.text), UNUSED)

<P><STRONG><a name="[12d]"></a>SysTick_CLKSourceConfig</STRONG> (Thumb, 24 bytes, Stack size 0 bytes, misc.o(.text), UNUSED)

<P><STRONG><a name="[cc]"></a>ADC_DeInit</STRONG> (Thumb, 56 bytes, Stack size 8 bytes, stm32f10x_adc.o(.text), UNUSED)
<BR><BR>[Calls]<UL><LI><a href="#[cd]">&gt;&gt;</a>&nbsp;&nbsp;&nbsp;RCC_APB2PeriphResetCmd
</UL>

<P><STRONG><a name="[92]"></a>ADC_Init</STRONG> (Thumb, 62 bytes, Stack size 8 bytes, stm32f10x_adc.o(.text))
<BR><BR>[Stack]<UL><LI>Max Depth = 8<LI>Call Chain = ADC_Init
</UL>
<BR>[Called By]<UL><LI><a href="#[7e]">&gt;&gt;</a>&nbsp;&nbsp;&nbsp;InitAdc
</UL>

<P><STRONG><a name="[12e]"></a>ADC_StructInit</STRONG> (Thumb, 18 bytes, Stack size 0 bytes, stm32f10x_adc.o(.text), UNUSED)

<P><STRONG><a name="[94]"></a>ADC_Cmd</STRONG> (Thumb, 20 bytes, Stack size 0 bytes, stm32f10x_adc.o(.text))
<BR><BR>[Called By]<UL><LI><a href="#[7e]">&gt;&gt;</a>&nbsp;&nbsp;&nbsp;InitAdc
</UL>

<P><STRONG><a name="[12f]"></a>ADC_DMACmd</STRONG> (Thumb, 20 bytes, Stack size 0 bytes, stm32f10x_adc.o(.text), UNUSED)

<P><STRONG><a name="[130]"></a>ADC_ITConfig</STRONG> (Thumb, 18 bytes, Stack size 0 bytes, stm32f10x_adc.o(.text), UNUSED)

<P><STRONG><a name="[95]"></a>ADC_ResetCalibration</STRONG> (Thumb, 10 bytes, Stack size 0 bytes, stm32f10x_adc.o(.text))
<BR><BR>[Called By]<UL><LI><a href="#[7e]">&gt;&gt;</a>&nbsp;&nbsp;&nbsp;InitAdc
</UL>

<P><STRONG><a name="[96]"></a>ADC_GetResetCalibrationStatus</STRONG> (Thumb, 14 bytes, Stack size 0 bytes, stm32f10x_adc.o(.text))
<BR><BR>[Called By]<UL><LI><a href="#[7e]">&gt;&gt;</a>&nbsp;&nbsp;&nbsp;InitAdc
</UL>

<P><STRONG><a name="[97]"></a>ADC_StartCalibration</STRONG> (Thumb, 10 bytes, Stack size 0 bytes, stm32f10x_adc.o(.text))
<BR><BR>[Called By]<UL><LI><a href="#[7e]">&gt;&gt;</a>&nbsp;&nbsp;&nbsp;InitAdc
</UL>

<P><STRONG><a name="[98]"></a>ADC_GetCalibrationStatus</STRONG> (Thumb, 14 bytes, Stack size 0 bytes, stm32f10x_adc.o(.text))
<BR><BR>[Called By]<UL><LI><a href="#[7e]">&gt;&gt;</a>&nbsp;&nbsp;&nbsp;InitAdc
</UL>

<P><STRONG><a name="[9a]"></a>ADC_SoftwareStartConvCmd</STRONG> (Thumb, 20 bytes, Stack size 0 bytes, stm32f10x_adc.o(.text), UNUSED)
<BR><BR>[Called By]<UL><LI><a href="#[99]">&gt;&gt;</a>&nbsp;&nbsp;&nbsp;ReadAdcValue
<LI><a href="#[9d]">&gt;&gt;</a>&nbsp;&nbsp;&nbsp;ReadAdcTemperature
</UL>

<P><STRONG><a name="[131]"></a>ADC_GetSoftwareStartConvStatus</STRONG> (Thumb, 14 bytes, Stack size 0 bytes, stm32f10x_adc.o(.text), UNUSED)

<P><STRONG><a name="[132]"></a>ADC_DiscModeChannelCountConfig</STRONG> (Thumb, 16 bytes, Stack size 0 bytes, stm32f10x_adc.o(.text), UNUSED)

<P><STRONG><a name="[133]"></a>ADC_DiscModeCmd</STRONG> (Thumb, 20 bytes, Stack size 0 bytes, stm32f10x_adc.o(.text), UNUSED)

<P><STRONG><a name="[93]"></a>ADC_RegularChannelConfig</STRONG> (Thumb, 116 bytes, Stack size 16 bytes, stm32f10x_adc.o(.text))
<BR><BR>[Stack]<UL><LI>Max Depth = 16<LI>Call Chain = ADC_RegularChannelConfig
</UL>
<BR>[Called By]<UL><LI><a href="#[99]">&gt;&gt;</a>&nbsp;&nbsp;&nbsp;ReadAdcValue
<LI><a href="#[9d]">&gt;&gt;</a>&nbsp;&nbsp;&nbsp;ReadAdcTemperature
<LI><a href="#[7e]">&gt;&gt;</a>&nbsp;&nbsp;&nbsp;InitAdc
</UL>

<P><STRONG><a name="[134]"></a>ADC_ExternalTrigConvCmd</STRONG> (Thumb, 20 bytes, Stack size 0 bytes, stm32f10x_adc.o(.text), UNUSED)

<P><STRONG><a name="[9c]"></a>ADC_GetConversionValue</STRONG> (Thumb, 6 bytes, Stack size 0 bytes, stm32f10x_adc.o(.text), UNUSED)
<BR><BR>[Called By]<UL><LI><a href="#[99]">&gt;&gt;</a>&nbsp;&nbsp;&nbsp;ReadAdcValue
<LI><a href="#[9d]">&gt;&gt;</a>&nbsp;&nbsp;&nbsp;ReadAdcTemperature
</UL>

<P><STRONG><a name="[135]"></a>ADC_GetDualModeConversionValue</STRONG> (Thumb, 8 bytes, Stack size 0 bytes, stm32f10x_adc.o(.text), UNUSED)

<P><STRONG><a name="[136]"></a>ADC_AutoInjectedConvCmd</STRONG> (Thumb, 20 bytes, Stack size 0 bytes, stm32f10x_adc.o(.text), UNUSED)

<P><STRONG><a name="[137]"></a>ADC_InjectedDiscModeCmd</STRONG> (Thumb, 20 bytes, Stack size 0 bytes, stm32f10x_adc.o(.text), UNUSED)

<P><STRONG><a name="[138]"></a>ADC_ExternalTrigInjectedConvConfig</STRONG> (Thumb, 12 bytes, Stack size 0 bytes, stm32f10x_adc.o(.text), UNUSED)

<P><STRONG><a name="[139]"></a>ADC_ExternalTrigInjectedConvCmd</STRONG> (Thumb, 20 bytes, Stack size 0 bytes, stm32f10x_adc.o(.text), UNUSED)

<P><STRONG><a name="[13a]"></a>ADC_SoftwareStartInjectedConvCmd</STRONG> (Thumb, 20 bytes, Stack size 0 bytes, stm32f10x_adc.o(.text), UNUSED)

<P><STRONG><a name="[13b]"></a>ADC_GetSoftwareStartInjectedConvCmdStatus</STRONG> (Thumb, 14 bytes, Stack size 0 bytes, stm32f10x_adc.o(.text), UNUSED)

<P><STRONG><a name="[13c]"></a>ADC_InjectedChannelConfig</STRONG> (Thumb, 74 bytes, Stack size 16 bytes, stm32f10x_adc.o(.text), UNUSED)

<P><STRONG><a name="[13d]"></a>ADC_InjectedSequencerLengthConfig</STRONG> (Thumb, 16 bytes, Stack size 0 bytes, stm32f10x_adc.o(.text), UNUSED)

<P><STRONG><a name="[13e]"></a>ADC_SetInjectedOffset</STRONG> (Thumb, 10 bytes, Stack size 8 bytes, stm32f10x_adc.o(.text), UNUSED)

<P><STRONG><a name="[13f]"></a>ADC_GetInjectedConversionValue</STRONG> (Thumb, 14 bytes, Stack size 8 bytes, stm32f10x_adc.o(.text), UNUSED)

<P><STRONG><a name="[140]"></a>ADC_AnalogWatchdogCmd</STRONG> (Thumb, 12 bytes, Stack size 0 bytes, stm32f10x_adc.o(.text), UNUSED)

<P><STRONG><a name="[141]"></a>ADC_AnalogWatchdogThresholdsConfig</STRONG> (Thumb, 6 bytes, Stack size 0 bytes, stm32f10x_adc.o(.text), UNUSED)

<P><STRONG><a name="[142]"></a>ADC_AnalogWatchdogSingleChannelConfig</STRONG> (Thumb, 12 bytes, Stack size 0 bytes, stm32f10x_adc.o(.text), UNUSED)

<P><STRONG><a name="[9e]"></a>ADC_TempSensorVrefintCmd</STRONG> (Thumb, 24 bytes, Stack size 0 bytes, stm32f10x_adc.o(.text), UNUSED)
<BR><BR>[Called By]<UL><LI><a href="#[9d]">&gt;&gt;</a>&nbsp;&nbsp;&nbsp;ReadAdcTemperature
</UL>

<P><STRONG><a name="[9b]"></a>ADC_GetFlagStatus</STRONG> (Thumb, 14 bytes, Stack size 0 bytes, stm32f10x_adc.o(.text), UNUSED)
<BR><BR>[Called By]<UL><LI><a href="#[99]">&gt;&gt;</a>&nbsp;&nbsp;&nbsp;ReadAdcValue
<LI><a href="#[9d]">&gt;&gt;</a>&nbsp;&nbsp;&nbsp;ReadAdcTemperature
</UL>

<P><STRONG><a name="[143]"></a>ADC_ClearFlag</STRONG> (Thumb, 6 bytes, Stack size 0 bytes, stm32f10x_adc.o(.text), UNUSED)

<P><STRONG><a name="[144]"></a>ADC_GetITStatus</STRONG> (Thumb, 28 bytes, Stack size 8 bytes, stm32f10x_adc.o(.text), UNUSED)

<P><STRONG><a name="[145]"></a>ADC_ClearITPendingBit</STRONG> (Thumb, 8 bytes, Stack size 0 bytes, stm32f10x_adc.o(.text), UNUSED)

<P><STRONG><a name="[ce]"></a>GPIO_DeInit</STRONG> (Thumb, 152 bytes, Stack size 8 bytes, stm32f10x_gpio.o(.text), UNUSED)
<BR><BR>[Calls]<UL><LI><a href="#[cd]">&gt;&gt;</a>&nbsp;&nbsp;&nbsp;RCC_APB2PeriphResetCmd
</UL>

<P><STRONG><a name="[cf]"></a>GPIO_AFIODeInit</STRONG> (Thumb, 22 bytes, Stack size 8 bytes, stm32f10x_gpio.o(.text), UNUSED)
<BR><BR>[Calls]<UL><LI><a href="#[cd]">&gt;&gt;</a>&nbsp;&nbsp;&nbsp;RCC_APB2PeriphResetCmd
</UL>

<P><STRONG><a name="[7d]"></a>GPIO_Init</STRONG> (Thumb, 156 bytes, Stack size 20 bytes, stm32f10x_gpio.o(.text))
<BR><BR>[Stack]<UL><LI>Max Depth = 20<LI>Call Chain = GPIO_Init
</UL>
<BR>[Called By]<UL><LI><a href="#[4d]">&gt;&gt;</a>&nbsp;&nbsp;&nbsp;InitTarget
</UL>

<P><STRONG><a name="[146]"></a>GPIO_StructInit</STRONG> (Thumb, 16 bytes, Stack size 0 bytes, stm32f10x_gpio.o(.text), UNUSED)

<P><STRONG><a name="[147]"></a>GPIO_ReadInputDataBit</STRONG> (Thumb, 14 bytes, Stack size 0 bytes, stm32f10x_gpio.o(.text), UNUSED)

<P><STRONG><a name="[148]"></a>GPIO_ReadInputData</STRONG> (Thumb, 6 bytes, Stack size 0 bytes, stm32f10x_gpio.o(.text), UNUSED)

<P><STRONG><a name="[149]"></a>GPIO_ReadOutputDataBit</STRONG> (Thumb, 14 bytes, Stack size 0 bytes, stm32f10x_gpio.o(.text), UNUSED)

<P><STRONG><a name="[14a]"></a>GPIO_ReadOutputData</STRONG> (Thumb, 6 bytes, Stack size 0 bytes, stm32f10x_gpio.o(.text), UNUSED)

<P><STRONG><a name="[14b]"></a>GPIO_SetBits</STRONG> (Thumb, 4 bytes, Stack size 0 bytes, stm32f10x_gpio.o(.text), UNUSED)

<P><STRONG><a name="[14c]"></a>GPIO_ResetBits</STRONG> (Thumb, 4 bytes, Stack size 0 bytes, stm32f10x_gpio.o(.text), UNUSED)

<P><STRONG><a name="[83]"></a>GPIO_WriteBit</STRONG> (Thumb, 10 bytes, Stack size 0 bytes, stm32f10x_gpio.o(.text), UNUSED)
<BR><BR>[Called By]<UL><LI><a href="#[82]">&gt;&gt;</a>&nbsp;&nbsp;&nbsp;WriteGpioPin
</UL>

<P><STRONG><a name="[14d]"></a>GPIO_Write</STRONG> (Thumb, 4 bytes, Stack size 0 bytes, stm32f10x_gpio.o(.text), UNUSED)

<P><STRONG><a name="[14e]"></a>GPIO_PinLockConfig</STRONG> (Thumb, 16 bytes, Stack size 0 bytes, stm32f10x_gpio.o(.text), UNUSED)

<P><STRONG><a name="[14f]"></a>GPIO_EventOutputConfig</STRONG> (Thumb, 22 bytes, Stack size 8 bytes, stm32f10x_gpio.o(.text), UNUSED)

<P><STRONG><a name="[150]"></a>GPIO_EventOutputCmd</STRONG> (Thumb, 6 bytes, Stack size 0 bytes, stm32f10x_gpio.o(.text), UNUSED)

<P><STRONG><a name="[7c]"></a>GPIO_PinRemapConfig</STRONG> (Thumb, 82 bytes, Stack size 20 bytes, stm32f10x_gpio.o(.text))
<BR><BR>[Stack]<UL><LI>Max Depth = 20<LI>Call Chain = GPIO_PinRemapConfig
</UL>
<BR>[Called By]<UL><LI><a href="#[4d]">&gt;&gt;</a>&nbsp;&nbsp;&nbsp;InitTarget
</UL>

<P><STRONG><a name="[151]"></a>GPIO_EXTILineConfig</STRONG> (Thumb, 34 bytes, Stack size 8 bytes, stm32f10x_gpio.o(.text), UNUSED)

<P><STRONG><a name="[152]"></a>GPIO_ETH_MediaInterfaceConfig</STRONG> (Thumb, 8 bytes, Stack size 0 bytes, stm32f10x_gpio.o(.text), UNUSED)

<P><STRONG><a name="[b2]"></a>I2C_DeInit</STRONG> (Thumb, 38 bytes, Stack size 8 bytes, stm32f10x_i2c.o(.text))
<BR><BR>[Stack]<UL><LI>Max Depth = 8<LI>Call Chain = I2C_DeInit
</UL>
<BR>[Calls]<UL><LI><a href="#[d0]">&gt;&gt;</a>&nbsp;&nbsp;&nbsp;RCC_APB1PeriphResetCmd
</UL>
<BR>[Called By]<UL><LI><a href="#[80]">&gt;&gt;</a>&nbsp;&nbsp;&nbsp;InitI2c
</UL>

<P><STRONG><a name="[b4]"></a>I2C_Init</STRONG> (Thumb, 178 bytes, Stack size 40 bytes, stm32f10x_i2c.o(.text))
<BR><BR>[Stack]<UL><LI>Max Depth = 52<LI>Call Chain = I2C_Init &rArr; RCC_GetClocksFreq
</UL>
<BR>[Calls]<UL><LI><a href="#[d1]">&gt;&gt;</a>&nbsp;&nbsp;&nbsp;RCC_GetClocksFreq
</UL>
<BR>[Called By]<UL><LI><a href="#[80]">&gt;&gt;</a>&nbsp;&nbsp;&nbsp;InitI2c
</UL>

<P><STRONG><a name="[153]"></a>I2C_StructInit</STRONG> (Thumb, 28 bytes, Stack size 0 bytes, stm32f10x_i2c.o(.text), UNUSED)

<P><STRONG><a name="[b3]"></a>I2C_Cmd</STRONG> (Thumb, 20 bytes, Stack size 0 bytes, stm32f10x_i2c.o(.text))
<BR><BR>[Called By]<UL><LI><a href="#[80]">&gt;&gt;</a>&nbsp;&nbsp;&nbsp;InitI2c
</UL>

<P><STRONG><a name="[154]"></a>I2C_DMACmd</STRONG> (Thumb, 20 bytes, Stack size 0 bytes, stm32f10x_i2c.o(.text), UNUSED)

<P><STRONG><a name="[155]"></a>I2C_DMALastTransferCmd</STRONG> (Thumb, 20 bytes, Stack size 0 bytes, stm32f10x_i2c.o(.text), UNUSED)

<P><STRONG><a name="[ae]"></a>I2C_GenerateSTART</STRONG> (Thumb, 20 bytes, Stack size 0 bytes, stm32f10x_i2c.o(.text))
<BR><BR>[Called By]<UL><LI><a href="#[b1]">&gt;&gt;</a>&nbsp;&nbsp;&nbsp;I2cMasterRead
<LI><a href="#[ad]">&gt;&gt;</a>&nbsp;&nbsp;&nbsp;I2cMasterWrite
</UL>

<P><STRONG><a name="[a9]"></a>I2C_GenerateSTOP</STRONG> (Thumb, 20 bytes, Stack size 0 bytes, stm32f10x_i2c.o(.text))
<BR><BR>[Called By]<UL><LI><a href="#[28]">&gt;&gt;</a>&nbsp;&nbsp;&nbsp;I2C1_EV_IRQHandler
<LI><a href="#[b1]">&gt;&gt;</a>&nbsp;&nbsp;&nbsp;I2cMasterRead
<LI><a href="#[ad]">&gt;&gt;</a>&nbsp;&nbsp;&nbsp;I2cMasterWrite
</UL>

<P><STRONG><a name="[b6]"></a>I2C_AcknowledgeConfig</STRONG> (Thumb, 20 bytes, Stack size 0 bytes, stm32f10x_i2c.o(.text))
<BR><BR>[Called By]<UL><LI><a href="#[b1]">&gt;&gt;</a>&nbsp;&nbsp;&nbsp;I2cMasterRead
</UL>

<P><STRONG><a name="[156]"></a>I2C_OwnAddress2Config</STRONG> (Thumb, 16 bytes, Stack size 0 bytes, stm32f10x_i2c.o(.text), UNUSED)

<P><STRONG><a name="[157]"></a>I2C_DualAddressCmd</STRONG> (Thumb, 20 bytes, Stack size 0 bytes, stm32f10x_i2c.o(.text), UNUSED)

<P><STRONG><a name="[158]"></a>I2C_GeneralCallCmd</STRONG> (Thumb, 20 bytes, Stack size 0 bytes, stm32f10x_i2c.o(.text), UNUSED)

<P><STRONG><a name="[159]"></a>I2C_ITConfig</STRONG> (Thumb, 16 bytes, Stack size 0 bytes, stm32f10x_i2c.o(.text), UNUSED)

<P><STRONG><a name="[ac]"></a>I2C_SendData</STRONG> (Thumb, 4 bytes, Stack size 0 bytes, stm32f10x_i2c.o(.text))
<BR><BR>[Called By]<UL><LI><a href="#[28]">&gt;&gt;</a>&nbsp;&nbsp;&nbsp;I2C1_EV_IRQHandler
<LI><a href="#[ad]">&gt;&gt;</a>&nbsp;&nbsp;&nbsp;I2cMasterWrite
</UL>

<P><STRONG><a name="[ab]"></a>I2C_ReceiveData</STRONG> (Thumb, 6 bytes, Stack size 0 bytes, stm32f10x_i2c.o(.text))
<BR><BR>[Called By]<UL><LI><a href="#[28]">&gt;&gt;</a>&nbsp;&nbsp;&nbsp;I2C1_EV_IRQHandler
<LI><a href="#[b1]">&gt;&gt;</a>&nbsp;&nbsp;&nbsp;I2cMasterRead
</UL>

<P><STRONG><a name="[b0]"></a>I2C_Send7bitAddress</STRONG> (Thumb, 16 bytes, Stack size 0 bytes, stm32f10x_i2c.o(.text))
<BR><BR>[Called By]<UL><LI><a href="#[b1]">&gt;&gt;</a>&nbsp;&nbsp;&nbsp;I2cMasterRead
<LI><a href="#[ad]">&gt;&gt;</a>&nbsp;&nbsp;&nbsp;I2cMasterWrite
</UL>

<P><STRONG><a name="[15a]"></a>I2C_ReadRegister</STRONG> (Thumb, 10 bytes, Stack size 8 bytes, stm32f10x_i2c.o(.text), UNUSED)

<P><STRONG><a name="[15b]"></a>I2C_SoftwareResetCmd</STRONG> (Thumb, 20 bytes, Stack size 0 bytes, stm32f10x_i2c.o(.text), UNUSED)

<P><STRONG><a name="[15c]"></a>I2C_NACKPositionConfig</STRONG> (Thumb, 22 bytes, Stack size 0 bytes, stm32f10x_i2c.o(.text), UNUSED)

<P><STRONG><a name="[15d]"></a>I2C_SMBusAlertConfig</STRONG> (Thumb, 22 bytes, Stack size 0 bytes, stm32f10x_i2c.o(.text), UNUSED)

<P><STRONG><a name="[15e]"></a>I2C_TransmitPEC</STRONG> (Thumb, 20 bytes, Stack size 0 bytes, stm32f10x_i2c.o(.text), UNUSED)

<P><STRONG><a name="[15f]"></a>I2C_PECPositionConfig</STRONG> (Thumb, 22 bytes, Stack size 0 bytes, stm32f10x_i2c.o(.text), UNUSED)

<P><STRONG><a name="[160]"></a>I2C_CalculatePEC</STRONG> (Thumb, 20 bytes, Stack size 0 bytes, stm32f10x_i2c.o(.text), UNUSED)

<P><STRONG><a name="[161]"></a>I2C_GetPEC</STRONG> (Thumb, 6 bytes, Stack size 0 bytes, stm32f10x_i2c.o(.text), UNUSED)

<P><STRONG><a name="[162]"></a>I2C_ARPCmd</STRONG> (Thumb, 20 bytes, Stack size 0 bytes, stm32f10x_i2c.o(.text), UNUSED)

<P><STRONG><a name="[163]"></a>I2C_StretchClockCmd</STRONG> (Thumb, 20 bytes, Stack size 0 bytes, stm32f10x_i2c.o(.text), UNUSED)

<P><STRONG><a name="[164]"></a>I2C_FastModeDutyCycleConfig</STRONG> (Thumb, 22 bytes, Stack size 0 bytes, stm32f10x_i2c.o(.text), UNUSED)

<P><STRONG><a name="[b5]"></a>I2C_CheckEvent</STRONG> (Thumb, 24 bytes, Stack size 0 bytes, stm32f10x_i2c.o(.text))
<BR><BR>[Called By]<UL><LI><a href="#[af]">&gt;&gt;</a>&nbsp;&nbsp;&nbsp;CheckEventTimeOut
</UL>

<P><STRONG><a name="[a7]"></a>I2C_GetLastEvent</STRONG> (Thumb, 14 bytes, Stack size 0 bytes, stm32f10x_i2c.o(.text))
<BR><BR>[Called By]<UL><LI><a href="#[28]">&gt;&gt;</a>&nbsp;&nbsp;&nbsp;I2C1_EV_IRQHandler
</UL>

<P><STRONG><a name="[165]"></a>I2C_GetFlagStatus</STRONG> (Thumb, 42 bytes, Stack size 12 bytes, stm32f10x_i2c.o(.text), UNUSED)

<P><STRONG><a name="[166]"></a>I2C_ClearFlag</STRONG> (Thumb, 6 bytes, Stack size 0 bytes, stm32f10x_i2c.o(.text), UNUSED)

<P><STRONG><a name="[a8]"></a>I2C_GetITStatus</STRONG> (Thumb, 36 bytes, Stack size 8 bytes, stm32f10x_i2c.o(.text))
<BR><BR>[Stack]<UL><LI>Max Depth = 8<LI>Call Chain = I2C_GetITStatus
</UL>
<BR>[Called By]<UL><LI><a href="#[28]">&gt;&gt;</a>&nbsp;&nbsp;&nbsp;I2C1_EV_IRQHandler
</UL>

<P><STRONG><a name="[aa]"></a>I2C_ClearITPendingBit</STRONG> (Thumb, 6 bytes, Stack size 0 bytes, stm32f10x_i2c.o(.text))
<BR><BR>[Called By]<UL><LI><a href="#[28]">&gt;&gt;</a>&nbsp;&nbsp;&nbsp;I2C1_EV_IRQHandler
</UL>

<P><STRONG><a name="[167]"></a>RCC_DeInit</STRONG> (Thumb, 54 bytes, Stack size 0 bytes, stm32f10x_rcc.o(.text), UNUSED)

<P><STRONG><a name="[168]"></a>RCC_HSEConfig</STRONG> (Thumb, 48 bytes, Stack size 0 bytes, stm32f10x_rcc.o(.text), UNUSED)

<P><STRONG><a name="[d3]"></a>RCC_GetFlagStatus</STRONG> (Thumb, 42 bytes, Stack size 0 bytes, stm32f10x_rcc.o(.text), UNUSED)
<BR><BR>[Called By]<UL><LI><a href="#[d2]">&gt;&gt;</a>&nbsp;&nbsp;&nbsp;RCC_WaitForHSEStartUp
</UL>

<P><STRONG><a name="[d2]"></a>RCC_WaitForHSEStartUp</STRONG> (Thumb, 44 bytes, Stack size 12 bytes, stm32f10x_rcc.o(.text), UNUSED)
<BR><BR>[Calls]<UL><LI><a href="#[d3]">&gt;&gt;</a>&nbsp;&nbsp;&nbsp;RCC_GetFlagStatus
</UL>

<P><STRONG><a name="[169]"></a>RCC_AdjustHSICalibrationValue</STRONG> (Thumb, 16 bytes, Stack size 0 bytes, stm32f10x_rcc.o(.text), UNUSED)

<P><STRONG><a name="[16a]"></a>RCC_HSICmd</STRONG> (Thumb, 6 bytes, Stack size 0 bytes, stm32f10x_rcc.o(.text), UNUSED)

<P><STRONG><a name="[16b]"></a>RCC_PLLConfig</STRONG> (Thumb, 16 bytes, Stack size 0 bytes, stm32f10x_rcc.o(.text), UNUSED)

<P><STRONG><a name="[16c]"></a>RCC_PLLCmd</STRONG> (Thumb, 6 bytes, Stack size 0 bytes, stm32f10x_rcc.o(.text), UNUSED)

<P><STRONG><a name="[16d]"></a>RCC_PREDIV1Config</STRONG> (Thumb, 18 bytes, Stack size 8 bytes, stm32f10x_rcc.o(.text), UNUSED)

<P><STRONG><a name="[16e]"></a>RCC_SYSCLKConfig</STRONG> (Thumb, 14 bytes, Stack size 0 bytes, stm32f10x_rcc.o(.text), UNUSED)

<P><STRONG><a name="[16f]"></a>RCC_GetSYSCLKSource</STRONG> (Thumb, 10 bytes, Stack size 0 bytes, stm32f10x_rcc.o(.text), UNUSED)

<P><STRONG><a name="[170]"></a>RCC_HCLKConfig</STRONG> (Thumb, 14 bytes, Stack size 0 bytes, stm32f10x_rcc.o(.text), UNUSED)

<P><STRONG><a name="[77]"></a>RCC_PCLK1Config</STRONG> (Thumb, 14 bytes, Stack size 0 bytes, stm32f10x_rcc.o(.text))
<BR><BR>[Called By]<UL><LI><a href="#[4d]">&gt;&gt;</a>&nbsp;&nbsp;&nbsp;InitTarget
</UL>

<P><STRONG><a name="[171]"></a>RCC_PCLK2Config</STRONG> (Thumb, 16 bytes, Stack size 0 bytes, stm32f10x_rcc.o(.text), UNUSED)

<P><STRONG><a name="[172]"></a>RCC_ITConfig</STRONG> (Thumb, 18 bytes, Stack size 0 bytes, stm32f10x_rcc.o(.text), UNUSED)

<P><STRONG><a name="[173]"></a>RCC_USBCLKConfig</STRONG> (Thumb, 8 bytes, Stack size 0 bytes, stm32f10x_rcc.o(.text), UNUSED)

<P><STRONG><a name="[174]"></a>RCC_ADCCLKConfig</STRONG> (Thumb, 14 bytes, Stack size 0 bytes, stm32f10x_rcc.o(.text), UNUSED)

<P><STRONG><a name="[175]"></a>RCC_LSEConfig</STRONG> (Thumb, 28 bytes, Stack size 0 bytes, stm32f10x_rcc.o(.text), UNUSED)

<P><STRONG><a name="[176]"></a>RCC_LSICmd</STRONG> (Thumb, 6 bytes, Stack size 0 bytes, stm32f10x_rcc.o(.text), UNUSED)

<P><STRONG><a name="[177]"></a>RCC_RTCCLKConfig</STRONG> (Thumb, 10 bytes, Stack size 0 bytes, stm32f10x_rcc.o(.text), UNUSED)

<P><STRONG><a name="[178]"></a>RCC_RTCCLKCmd</STRONG> (Thumb, 8 bytes, Stack size 0 bytes, stm32f10x_rcc.o(.text), UNUSED)

<P><STRONG><a name="[d1]"></a>RCC_GetClocksFreq</STRONG> (Thumb, 144 bytes, Stack size 12 bytes, stm32f10x_rcc.o(.text))
<BR><BR>[Stack]<UL><LI>Max Depth = 12<LI>Call Chain = RCC_GetClocksFreq
</UL>
<BR>[Called By]<UL><LI><a href="#[b7]">&gt;&gt;</a>&nbsp;&nbsp;&nbsp;USART_Init
<LI><a href="#[b4]">&gt;&gt;</a>&nbsp;&nbsp;&nbsp;I2C_Init
</UL>

<P><STRONG><a name="[179]"></a>RCC_AHBPeriphClockCmd</STRONG> (Thumb, 18 bytes, Stack size 0 bytes, stm32f10x_rcc.o(.text), UNUSED)

<P><STRONG><a name="[79]"></a>RCC_APB2PeriphClockCmd</STRONG> (Thumb, 18 bytes, Stack size 0 bytes, stm32f10x_rcc.o(.text))
<BR><BR>[Called By]<UL><LI><a href="#[4d]">&gt;&gt;</a>&nbsp;&nbsp;&nbsp;InitTarget
</UL>

<P><STRONG><a name="[78]"></a>RCC_APB1PeriphClockCmd</STRONG> (Thumb, 18 bytes, Stack size 0 bytes, stm32f10x_rcc.o(.text))
<BR><BR>[Called By]<UL><LI><a href="#[4d]">&gt;&gt;</a>&nbsp;&nbsp;&nbsp;InitTarget
</UL>

<P><STRONG><a name="[cd]"></a>RCC_APB2PeriphResetCmd</STRONG> (Thumb, 18 bytes, Stack size 0 bytes, stm32f10x_rcc.o(.text), UNUSED)
<BR><BR>[Called By]<UL><LI><a href="#[e3]">&gt;&gt;</a>&nbsp;&nbsp;&nbsp;USART_DeInit
<LI><a href="#[d4]">&gt;&gt;</a>&nbsp;&nbsp;&nbsp;TIM_DeInit
<LI><a href="#[cf]">&gt;&gt;</a>&nbsp;&nbsp;&nbsp;GPIO_AFIODeInit
<LI><a href="#[ce]">&gt;&gt;</a>&nbsp;&nbsp;&nbsp;GPIO_DeInit
<LI><a href="#[cc]">&gt;&gt;</a>&nbsp;&nbsp;&nbsp;ADC_DeInit
</UL>

<P><STRONG><a name="[d0]"></a>RCC_APB1PeriphResetCmd</STRONG> (Thumb, 18 bytes, Stack size 0 bytes, stm32f10x_rcc.o(.text))
<BR><BR>[Called By]<UL><LI><a href="#[b2]">&gt;&gt;</a>&nbsp;&nbsp;&nbsp;I2C_DeInit
<LI><a href="#[e3]">&gt;&gt;</a>&nbsp;&nbsp;&nbsp;USART_DeInit
<LI><a href="#[d4]">&gt;&gt;</a>&nbsp;&nbsp;&nbsp;TIM_DeInit
</UL>

<P><STRONG><a name="[17a]"></a>RCC_BackupResetCmd</STRONG> (Thumb, 8 bytes, Stack size 0 bytes, stm32f10x_rcc.o(.text), UNUSED)

<P><STRONG><a name="[17b]"></a>RCC_ClockSecuritySystemCmd</STRONG> (Thumb, 6 bytes, Stack size 0 bytes, stm32f10x_rcc.o(.text), UNUSED)

<P><STRONG><a name="[17c]"></a>RCC_MCOConfig</STRONG> (Thumb, 6 bytes, Stack size 0 bytes, stm32f10x_rcc.o(.text), UNUSED)

<P><STRONG><a name="[17d]"></a>RCC_ClearFlag</STRONG> (Thumb, 12 bytes, Stack size 0 bytes, stm32f10x_rcc.o(.text), UNUSED)

<P><STRONG><a name="[17e]"></a>RCC_GetITStatus</STRONG> (Thumb, 16 bytes, Stack size 0 bytes, stm32f10x_rcc.o(.text), UNUSED)

<P><STRONG><a name="[17f]"></a>RCC_ClearITPendingBit</STRONG> (Thumb, 6 bytes, Stack size 0 bytes, stm32f10x_rcc.o(.text), UNUSED)

<P><STRONG><a name="[d4]"></a>TIM_DeInit</STRONG> (Thumb, 304 bytes, Stack size 8 bytes, stm32f10x_tim.o(.text), UNUSED)
<BR><BR>[Calls]<UL><LI><a href="#[d0]">&gt;&gt;</a>&nbsp;&nbsp;&nbsp;RCC_APB1PeriphResetCmd
<LI><a href="#[cd]">&gt;&gt;</a>&nbsp;&nbsp;&nbsp;RCC_APB2PeriphResetCmd
</UL>

<P><STRONG><a name="[89]"></a>TIM_TimeBaseInit</STRONG> (Thumb, 114 bytes, Stack size 12 bytes, stm32f10x_tim.o(.text))
<BR><BR>[Stack]<UL><LI>Max Depth = 12<LI>Call Chain = TIM_TimeBaseInit
</UL>
<BR>[Called By]<UL><LI><a href="#[8b]">&gt;&gt;</a>&nbsp;&nbsp;&nbsp;InitTIM1
<LI><a href="#[81]">&gt;&gt;</a>&nbsp;&nbsp;&nbsp;InitTimer
</UL>

<P><STRONG><a name="[180]"></a>TIM_OC1Init</STRONG> (Thumb, 106 bytes, Stack size 12 bytes, stm32f10x_tim.o(.text), UNUSED)

<P><STRONG><a name="[181]"></a>TIM_OC2Init</STRONG> (Thumb, 120 bytes, Stack size 16 bytes, stm32f10x_tim.o(.text), UNUSED)

<P><STRONG><a name="[182]"></a>TIM_OC3Init</STRONG> (Thumb, 116 bytes, Stack size 16 bytes, stm32f10x_tim.o(.text), UNUSED)

<P><STRONG><a name="[183]"></a>TIM_OC4Init</STRONG> (Thumb, 90 bytes, Stack size 16 bytes, stm32f10x_tim.o(.text), UNUSED)

<P><STRONG><a name="[db]"></a>TIM_SetIC4Prescaler</STRONG> (Thumb, 24 bytes, Stack size 0 bytes, stm32f10x_tim.o(.text), UNUSED)
<BR><BR>[Called By]<UL><LI><a href="#[d5]">&gt;&gt;</a>&nbsp;&nbsp;&nbsp;TIM_ICInit
</UL>

<P><STRONG><a name="[da]"></a>TIM_SetIC3Prescaler</STRONG> (Thumb, 16 bytes, Stack size 0 bytes, stm32f10x_tim.o(.text), UNUSED)
<BR><BR>[Called By]<UL><LI><a href="#[d5]">&gt;&gt;</a>&nbsp;&nbsp;&nbsp;TIM_ICInit
</UL>

<P><STRONG><a name="[d9]"></a>TIM_SetIC2Prescaler</STRONG> (Thumb, 24 bytes, Stack size 0 bytes, stm32f10x_tim.o(.text), UNUSED)
<BR><BR>[Called By]<UL><LI><a href="#[dc]">&gt;&gt;</a>&nbsp;&nbsp;&nbsp;TIM_PWMIConfig
<LI><a href="#[d5]">&gt;&gt;</a>&nbsp;&nbsp;&nbsp;TIM_ICInit
</UL>

<P><STRONG><a name="[d7]"></a>TIM_SetIC1Prescaler</STRONG> (Thumb, 16 bytes, Stack size 0 bytes, stm32f10x_tim.o(.text), UNUSED)
<BR><BR>[Called By]<UL><LI><a href="#[dc]">&gt;&gt;</a>&nbsp;&nbsp;&nbsp;TIM_PWMIConfig
<LI><a href="#[d5]">&gt;&gt;</a>&nbsp;&nbsp;&nbsp;TIM_ICInit
</UL>

<P><STRONG><a name="[d5]"></a>TIM_ICInit</STRONG> (Thumb, 270 bytes, Stack size 40 bytes, stm32f10x_tim.o(.text), UNUSED)
<BR><BR>[Calls]<UL><LI><a href="#[d7]">&gt;&gt;</a>&nbsp;&nbsp;&nbsp;TIM_SetIC1Prescaler
<LI><a href="#[d9]">&gt;&gt;</a>&nbsp;&nbsp;&nbsp;TIM_SetIC2Prescaler
<LI><a href="#[da]">&gt;&gt;</a>&nbsp;&nbsp;&nbsp;TIM_SetIC3Prescaler
<LI><a href="#[db]">&gt;&gt;</a>&nbsp;&nbsp;&nbsp;TIM_SetIC4Prescaler
<LI><a href="#[d6]">&gt;&gt;</a>&nbsp;&nbsp;&nbsp;TI1_Config
<LI><a href="#[d8]">&gt;&gt;</a>&nbsp;&nbsp;&nbsp;TI2_Config
</UL>

<P><STRONG><a name="[dc]"></a>TIM_PWMIConfig</STRONG> (Thumb, 104 bytes, Stack size 24 bytes, stm32f10x_tim.o(.text), UNUSED)
<BR><BR>[Calls]<UL><LI><a href="#[d7]">&gt;&gt;</a>&nbsp;&nbsp;&nbsp;TIM_SetIC1Prescaler
<LI><a href="#[d9]">&gt;&gt;</a>&nbsp;&nbsp;&nbsp;TIM_SetIC2Prescaler
<LI><a href="#[d6]">&gt;&gt;</a>&nbsp;&nbsp;&nbsp;TI1_Config
<LI><a href="#[d8]">&gt;&gt;</a>&nbsp;&nbsp;&nbsp;TI2_Config
</UL>

<P><STRONG><a name="[184]"></a>TIM_BDTRConfig</STRONG> (Thumb, 34 bytes, Stack size 8 bytes, stm32f10x_tim.o(.text), UNUSED)

<P><STRONG><a name="[8c]"></a>TIM_TimeBaseStructInit</STRONG> (Thumb, 18 bytes, Stack size 0 bytes, stm32f10x_tim.o(.text), UNUSED)
<BR><BR>[Called By]<UL><LI><a href="#[8b]">&gt;&gt;</a>&nbsp;&nbsp;&nbsp;InitTIM1
</UL>

<P><STRONG><a name="[185]"></a>TIM_OCStructInit</STRONG> (Thumb, 20 bytes, Stack size 0 bytes, stm32f10x_tim.o(.text), UNUSED)

<P><STRONG><a name="[186]"></a>TIM_ICStructInit</STRONG> (Thumb, 16 bytes, Stack size 0 bytes, stm32f10x_tim.o(.text), UNUSED)

<P><STRONG><a name="[187]"></a>TIM_BDTRStructInit</STRONG> (Thumb, 18 bytes, Stack size 0 bytes, stm32f10x_tim.o(.text), UNUSED)

<P><STRONG><a name="[8a]"></a>TIM_Cmd</STRONG> (Thumb, 20 bytes, Stack size 0 bytes, stm32f10x_tim.o(.text))
<BR><BR>[Called By]<UL><LI><a href="#[8b]">&gt;&gt;</a>&nbsp;&nbsp;&nbsp;InitTIM1
<LI><a href="#[81]">&gt;&gt;</a>&nbsp;&nbsp;&nbsp;InitTimer
</UL>

<P><STRONG><a name="[188]"></a>TIM_CtrlPWMOutputs</STRONG> (Thumb, 22 bytes, Stack size 0 bytes, stm32f10x_tim.o(.text), UNUSED)

<P><STRONG><a name="[8e]"></a>TIM_ITConfig</STRONG> (Thumb, 16 bytes, Stack size 0 bytes, stm32f10x_tim.o(.text), UNUSED)
<BR><BR>[Called By]<UL><LI><a href="#[8b]">&gt;&gt;</a>&nbsp;&nbsp;&nbsp;InitTIM1
</UL>

<P><STRONG><a name="[189]"></a>TIM_GenerateEvent</STRONG> (Thumb, 4 bytes, Stack size 0 bytes, stm32f10x_tim.o(.text), UNUSED)

<P><STRONG><a name="[18a]"></a>TIM_DMAConfig</STRONG> (Thumb, 8 bytes, Stack size 0 bytes, stm32f10x_tim.o(.text), UNUSED)

<P><STRONG><a name="[18b]"></a>TIM_DMACmd</STRONG> (Thumb, 16 bytes, Stack size 0 bytes, stm32f10x_tim.o(.text), UNUSED)

<P><STRONG><a name="[18c]"></a>TIM_InternalClockConfig</STRONG> (Thumb, 10 bytes, Stack size 0 bytes, stm32f10x_tim.o(.text), UNUSED)

<P><STRONG><a name="[de]"></a>TIM_SelectInputTrigger</STRONG> (Thumb, 12 bytes, Stack size 0 bytes, stm32f10x_tim.o(.text), UNUSED)
<BR><BR>[Called By]<UL><LI><a href="#[df]">&gt;&gt;</a>&nbsp;&nbsp;&nbsp;TIM_TIxExternalClockConfig
<LI><a href="#[dd]">&gt;&gt;</a>&nbsp;&nbsp;&nbsp;TIM_ITRxExternalClockConfig
</UL>

<P><STRONG><a name="[dd]"></a>TIM_ITRxExternalClockConfig</STRONG> (Thumb, 18 bytes, Stack size 4 bytes, stm32f10x_tim.o(.text), UNUSED)
<BR><BR>[Calls]<UL><LI><a href="#[de]">&gt;&gt;</a>&nbsp;&nbsp;&nbsp;TIM_SelectInputTrigger
</UL>

<P><STRONG><a name="[df]"></a>TIM_TIxExternalClockConfig</STRONG> (Thumb, 46 bytes, Stack size 16 bytes, stm32f10x_tim.o(.text), UNUSED)
<BR><BR>[Calls]<UL><LI><a href="#[de]">&gt;&gt;</a>&nbsp;&nbsp;&nbsp;TIM_SelectInputTrigger
<LI><a href="#[d6]">&gt;&gt;</a>&nbsp;&nbsp;&nbsp;TI1_Config
<LI><a href="#[d8]">&gt;&gt;</a>&nbsp;&nbsp;&nbsp;TI2_Config
</UL>

<P><STRONG><a name="[e1]"></a>TIM_ETRConfig</STRONG> (Thumb, 24 bytes, Stack size 12 bytes, stm32f10x_tim.o(.text), UNUSED)
<BR><BR>[Called By]<UL><LI><a href="#[e2]">&gt;&gt;</a>&nbsp;&nbsp;&nbsp;TIM_ETRClockMode2Config
<LI><a href="#[e0]">&gt;&gt;</a>&nbsp;&nbsp;&nbsp;TIM_ETRClockMode1Config
</UL>

<P><STRONG><a name="[e0]"></a>TIM_ETRClockMode1Config</STRONG> (Thumb, 18 bytes, Stack size 8 bytes, stm32f10x_tim.o(.text), UNUSED)
<BR><BR>[Calls]<UL><LI><a href="#[e1]">&gt;&gt;</a>&nbsp;&nbsp;&nbsp;TIM_ETRConfig
</UL>

<P><STRONG><a name="[e2]"></a>TIM_ETRClockMode2Config</STRONG> (Thumb, 18 bytes, Stack size 8 bytes, stm32f10x_tim.o(.text), UNUSED)
<BR><BR>[Calls]<UL><LI><a href="#[e1]">&gt;&gt;</a>&nbsp;&nbsp;&nbsp;TIM_ETRConfig
</UL>

<P><STRONG><a name="[18d]"></a>TIM_PrescalerConfig</STRONG> (Thumb, 6 bytes, Stack size 0 bytes, stm32f10x_tim.o(.text), UNUSED)

<P><STRONG><a name="[18e]"></a>TIM_CounterModeConfig</STRONG> (Thumb, 12 bytes, Stack size 0 bytes, stm32f10x_tim.o(.text), UNUSED)

<P><STRONG><a name="[18f]"></a>TIM_EncoderInterfaceConfig</STRONG> (Thumb, 50 bytes, Stack size 16 bytes, stm32f10x_tim.o(.text), UNUSED)

<P><STRONG><a name="[190]"></a>TIM_ForcedOC1Config</STRONG> (Thumb, 12 bytes, Stack size 0 bytes, stm32f10x_tim.o(.text), UNUSED)

<P><STRONG><a name="[191]"></a>TIM_ForcedOC2Config</STRONG> (Thumb, 20 bytes, Stack size 0 bytes, stm32f10x_tim.o(.text), UNUSED)

<P><STRONG><a name="[192]"></a>TIM_ForcedOC3Config</STRONG> (Thumb, 12 bytes, Stack size 0 bytes, stm32f10x_tim.o(.text), UNUSED)

<P><STRONG><a name="[193]"></a>TIM_ForcedOC4Config</STRONG> (Thumb, 20 bytes, Stack size 0 bytes, stm32f10x_tim.o(.text), UNUSED)

<P><STRONG><a name="[8d]"></a>TIM_ARRPreloadConfig</STRONG> (Thumb, 20 bytes, Stack size 0 bytes, stm32f10x_tim.o(.text), UNUSED)
<BR><BR>[Called By]<UL><LI><a href="#[8b]">&gt;&gt;</a>&nbsp;&nbsp;&nbsp;InitTIM1
</UL>

<P><STRONG><a name="[194]"></a>TIM_SelectCOM</STRONG> (Thumb, 20 bytes, Stack size 0 bytes, stm32f10x_tim.o(.text), UNUSED)

<P><STRONG><a name="[195]"></a>TIM_SelectCCDMA</STRONG> (Thumb, 20 bytes, Stack size 0 bytes, stm32f10x_tim.o(.text), UNUSED)

<P><STRONG><a name="[196]"></a>TIM_CCPreloadControl</STRONG> (Thumb, 20 bytes, Stack size 0 bytes, stm32f10x_tim.o(.text), UNUSED)

<P><STRONG><a name="[197]"></a>TIM_OC1PreloadConfig</STRONG> (Thumb, 32 bytes, Stack size 0 bytes, stm32f10x_tim.o(.text), UNUSED)

<P><STRONG><a name="[198]"></a>TIM_OC2PreloadConfig</STRONG> (Thumb, 20 bytes, Stack size 0 bytes, stm32f10x_tim.o(.text), UNUSED)

<P><STRONG><a name="[199]"></a>TIM_OC3PreloadConfig</STRONG> (Thumb, 12 bytes, Stack size 0 bytes, stm32f10x_tim.o(.text), UNUSED)

<P><STRONG><a name="[19a]"></a>TIM_OC4PreloadConfig</STRONG> (Thumb, 20 bytes, Stack size 0 bytes, stm32f10x_tim.o(.text), UNUSED)

<P><STRONG><a name="[19b]"></a>TIM_OC1FastConfig</STRONG> (Thumb, 12 bytes, Stack size 0 bytes, stm32f10x_tim.o(.text), UNUSED)

<P><STRONG><a name="[19c]"></a>TIM_OC2FastConfig</STRONG> (Thumb, 20 bytes, Stack size 0 bytes, stm32f10x_tim.o(.text), UNUSED)

<P><STRONG><a name="[19d]"></a>TIM_OC3FastConfig</STRONG> (Thumb, 12 bytes, Stack size 0 bytes, stm32f10x_tim.o(.text), UNUSED)

<P><STRONG><a name="[19e]"></a>TIM_OC4FastConfig</STRONG> (Thumb, 20 bytes, Stack size 0 bytes, stm32f10x_tim.o(.text), UNUSED)

<P><STRONG><a name="[19f]"></a>TIM_ClearOC1Ref</STRONG> (Thumb, 12 bytes, Stack size 0 bytes, stm32f10x_tim.o(.text), UNUSED)

<P><STRONG><a name="[1a0]"></a>TIM_ClearOC2Ref</STRONG> (Thumb, 20 bytes, Stack size 0 bytes, stm32f10x_tim.o(.text), UNUSED)

<P><STRONG><a name="[1a1]"></a>TIM_ClearOC3Ref</STRONG> (Thumb, 12 bytes, Stack size 0 bytes, stm32f10x_tim.o(.text), UNUSED)

<P><STRONG><a name="[1a2]"></a>TIM_ClearOC4Ref</STRONG> (Thumb, 20 bytes, Stack size 0 bytes, stm32f10x_tim.o(.text), UNUSED)

<P><STRONG><a name="[1a3]"></a>TIM_OC1PolarityConfig</STRONG> (Thumb, 12 bytes, Stack size 0 bytes, stm32f10x_tim.o(.text), UNUSED)

<P><STRONG><a name="[1a4]"></a>TIM_OC1NPolarityConfig</STRONG> (Thumb, 12 bytes, Stack size 0 bytes, stm32f10x_tim.o(.text), UNUSED)

<P><STRONG><a name="[1a5]"></a>TIM_OC2PolarityConfig</STRONG> (Thumb, 20 bytes, Stack size 0 bytes, stm32f10x_tim.o(.text), UNUSED)

<P><STRONG><a name="[1a6]"></a>TIM_OC2NPolarityConfig</STRONG> (Thumb, 20 bytes, Stack size 0 bytes, stm32f10x_tim.o(.text), UNUSED)

<P><STRONG><a name="[1a7]"></a>TIM_OC3PolarityConfig</STRONG> (Thumb, 20 bytes, Stack size 0 bytes, stm32f10x_tim.o(.text), UNUSED)

<P><STRONG><a name="[1a8]"></a>TIM_OC3NPolarityConfig</STRONG> (Thumb, 20 bytes, Stack size 0 bytes, stm32f10x_tim.o(.text), UNUSED)

<P><STRONG><a name="[1a9]"></a>TIM_OC4PolarityConfig</STRONG> (Thumb, 20 bytes, Stack size 0 bytes, stm32f10x_tim.o(.text), UNUSED)

<P><STRONG><a name="[1aa]"></a>TIM_CCxCmd</STRONG> (Thumb, 22 bytes, Stack size 8 bytes, stm32f10x_tim.o(.text), UNUSED)

[...]
<BR>[Address Reference Count : 1]<UL><LI> startup_stm32f10x_md_vl.o(RESET)
</UL>
<P><STRONG><a name="[21]"></a>TIM1_BRK_TIM15_IRQHandler</STRONG> (Thumb, 0 bytes, Stack size 0 bytes, startup_stm32f10x_md_vl.o(.text))
<BR>[Address Reference Count : 1]<UL><LI> startup_stm32f10x_md_vl.o(RESET)
</UL>
<P><STRONG><a name="[24]"></a>TIM1_CC_IRQHandler</STRONG> (Thumb, 0 bytes, Stack size 0 bytes, startup_stm32f10x_md_vl.o(.text))
<BR>[Address Reference Count : 1]<UL><LI> startup_stm32f10x_md_vl.o(RESET)
</UL>
<P><STRONG><a name="[23]"></a>TIM1_TRG_COM_TIM17_IRQHandler</STRONG> (Thumb, 0 bytes, Stack size 0 bytes, startup_stm32f10x_md_vl.o(.text))
<BR>[Address Reference Count : 1]<UL><LI> startup_stm32f10x_md_vl.o(RESET)
</UL>
<P><STRONG><a name="[25]"></a>TIM2_IRQHandler</STRONG> (Thumb, 0 bytes, Stack size 0 bytes, startup_stm32f10x_md_vl.o(.text))
<BR>[Address Reference Count : 1]<UL><LI> startup_stm32f10x_md_vl.o(RESET)
</UL>
<P><STRONG><a name="[26]"></a>TIM3_IRQHandler</STRONG> (Thumb, 0 bytes, Stack size 0 bytes, startup_stm32f10x_md_vl.o(.text))
<BR>[Address Reference Count : 1]<UL><LI> startup_stm32f10x_md_vl.o(RESET)
</UL>
<P><STRONG><a name="[27]"></a>TIM4_IRQHandler</STRONG> (Thumb, 0 bytes, Stack size 0 bytes, startup_stm32f10x_md_vl.o(.text))
<BR>[Address Reference Count : 1]<UL><LI> startup_stm32f10x_md_vl.o(RESET)
</UL>
<P><STRONG><a name="[34]"></a>TIM6_DAC_IRQHandler</STRONG> (Thumb, 0 bytes, Stack size 0 bytes, startup_stm32f10x_md_vl.o(.text))
<BR>[Address Reference Count : 1]<UL><LI> startup_stm32f10x_md_vl.o(RESET)
</UL>
<P><STRONG><a name="[35]"></a>TIM7_IRQHandler</STRONG> (Thumb, 0 bytes, Stack size 0 bytes, startup_stm32f10x_md_vl.o(.text))
<BR>[Address Reference Count : 1]<UL><LI> startup_stm32f10x_md_vl.o(RESET)
</UL>
<P><STRONG><a name="[30]"></a>USART3_IRQHandler</STRONG> (Thumb, 0 bytes, Stack size 0 bytes, startup_stm32f10x_md_vl.o(.text))
<BR>[Address Reference Count : 1]<UL><LI> startup_stm32f10x_md_vl.o(RESET)
</UL>
<P><STRONG><a name="[d]"></a>WWDG_IRQHandler</STRONG> (Thumb, 0 bytes, Stack size 0 bytes, startup_stm32f10x_md_vl.o(.text))
<BR>[Address Reference Count : 1]<UL><LI> startup_stm32f10x_md_vl.o(RESET)
</UL>
<P><STRONG><a name="[f1]"></a>__user_initial_stackheap</STRONG> (Thumb, 0 bytes, Stack size unknown bytes, startup_stm32f10x_md_vl.o(.text))
<BR><BR>[Called By]<UL><LI><a href="#[43]">&gt;&gt;</a>&nbsp;&nbsp;&nbsp;__user_setup_stackheap
</UL>

<P><STRONG><a name="[57]"></a>__aeabi_memcpy4</STRONG> (Thumb, 0 bytes, Stack size 8 bytes, rt_memcpy_w.o(.text), UNUSED)
<BR><BR>[Called By]<UL><LI><a href="#[56]">&gt;&gt;</a>&nbsp;&nbsp;&nbsp;CalcCRC16Value
</UL>

<P><STRONG><a name="[1e6]"></a>__aeabi_memcpy8</STRONG> (Thumb, 0 bytes, Stack size 8 bytes, rt_memcpy_w.o(.text), UNUSED)

<P><STRONG><a name="[1e7]"></a>__rt_memcpy_w</STRONG> (Thumb, 100 bytes, Stack size 8 bytes, rt_memcpy_w.o(.text), UNUSED)

<P><STRONG><a name="[1e8]"></a>_memcpy_lastbytes_aligned</STRONG> (Thumb, 0 bytes, Stack size unknown bytes, rt_memcpy_w.o(.text), UNUSED)

<P><STRONG><a name="[1e9]"></a>__use_two_region_memory</STRONG> (Thumb, 2 bytes, Stack size 0 bytes, heapauxi.o(.text), UNUSED)

<P><STRONG><a name="[1ea]"></a>__rt_heap_escrow$2region</STRONG> (Thumb, 2 bytes, Stack size 0 bytes, heapauxi.o(.text), UNUSED)

<P><STRONG><a name="[1eb]"></a>__rt_heap_expand$2region</STRONG> (Thumb, 2 bytes, Stack size 0 bytes, heapauxi.o(.text), UNUSED)

<P><STRONG><a name="[43]"></a>__user_setup_stackheap</STRONG> (Thumb, 74 bytes, Stack size 8 bytes, sys_stackheap_outer.o(.text))
<BR><BR>[Stack]<UL><LI>Max Depth = 8 + Unknown Stack Size
<LI>Call Chain = __user_setup_stackheap
</UL>
<BR>[Calls]<UL><LI><a href="#[f0]">&gt;&gt;</a>&nbsp;&nbsp;&nbsp;__user_perproc_libspace
<LI><a href="#[f1]">&gt;&gt;</a>&nbsp;&nbsp;&nbsp;__user_initial_stackheap
</UL>
<BR>[Called By]<UL><LI><a href="#[42]">&gt;&gt;</a>&nbsp;&nbsp;&nbsp;__rt_entry_sh
</UL>

<P><STRONG><a name="[48]"></a>exit</STRONG> (Thumb, 12 bytes, Stack size 0 bytes, exit.o(.text))
<BR><BR>[Calls]<UL><LI><a href="#[f2]">&gt;&gt;</a>&nbsp;&nbsp;&nbsp;__rt_exit
</UL>
<BR>[Called By]<UL><LI><a href="#[46]">&gt;&gt;</a>&nbsp;&nbsp;&nbsp;__rt_entry_main
</UL>

<P><STRONG><a name="[1ec]"></a>__user_libspace</STRONG> (Thumb, 8 bytes, Stack size 0 bytes, libspace.o(.text), UNUSED)

<P><STRONG><a name="[f0]"></a>__user_perproc_libspace</STRONG> (Thumb, 0 bytes, Stack size 0 bytes, libspace.o(.text))
<BR><BR>[Called By]<UL><LI><a href="#[43]">&gt;&gt;</a>&nbsp;&nbsp;&nbsp;__user_setup_stackheap
</UL>

<P><STRONG><a name="[1ed]"></a>__user_perthread_libspace</STRONG> (Thumb, 0 bytes, Stack size 0 bytes, libspace.o(.text), UNUSED)

<P><STRONG><a name="[4c]"></a>_sys_exit</STRONG> (Thumb, 8 bytes, Stack size 0 bytes, sys_exit.o(.text))
<BR><BR>[Called By]<UL><LI><a href="#[4b]">&gt;&gt;</a>&nbsp;&nbsp;&nbsp;__rt_exit_exit
</UL>

<P><STRONG><a name="[1ee]"></a>__I$use$semihosting</STRONG> (Thumb, 0 bytes, Stack size 0 bytes, use_no_semi.o(.text), UNUSED)

<P><STRONG><a name="[1ef]"></a>__use_no_semihosting_swi</STRONG> (Thumb, 2 bytes, Stack size 0 bytes, use_no_semi.o(.text), UNUSED)

<P><STRONG><a name="[1f0]"></a>__semihosting_library_function</STRONG> (Thumb, 0 bytes, Stack size unknown bytes, indicate_semi.o(.text), UNUSED)

<P><STRONG><a name="[c7]"></a>Bootloader</STRONG> (Thumb, 86 bytes, Stack size 0 bytes, user_flash.o(BOOTLOADER))
<BR><BR>[Stack]<UL><LI>Max Depth = 28<LI>Call Chain = Bootloader &rArr; FLASH_ProgramWord &rArr; FLASH_WaitForLastOperation
</UL>
<BR>[Calls]<UL><LI><a href="#[c9]">&gt;&gt;</a>&nbsp;&nbsp;&nbsp;IWDG_ReloadCounter
<LI><a href="#[c2]">&gt;&gt;</a>&nbsp;&nbsp;&nbsp;FLASH_Unlock
<LI><a href="#[c5]">&gt;&gt;</a>&nbsp;&nbsp;&nbsp;FLASH_ProgramWord
<LI><a href="#[c6]">&gt;&gt;</a>&nbsp;&nbsp;&nbsp;FLASH_Lock
<LI><a href="#[c4]">&gt;&gt;</a>&nbsp;&nbsp;&nbsp;FLASH_ErasePage
<LI><a href="#[c3]">&gt;&gt;</a>&nbsp;&nbsp;&nbsp;FLASH_ClearFlag
<LI><a href="#[cb]">&gt;&gt;</a>&nbsp;&nbsp;&nbsp;NVIC_SystemReset
</UL>
<BR>[Called By]<UL><LI><a href="#[5c]">&gt;&gt;</a>&nbsp;&nbsp;&nbsp;Code2Flash
</UL>

<P><STRONG><a name="[85]"></a>usdelay</STRONG> (Thumb, 28 bytes, Stack size 8 bytes, dev_spi.o(i.usdelay))
<BR><BR>[Stack]<UL><LI>Max Depth = 8<LI>Call Chain = usdelay
</UL>
<BR>[Called By]<UL><LI><a href="#[86]">&gt;&gt;</a>&nbsp;&nbsp;&nbsp;EndSpiBus
<LI><a href="#[84]">&gt;&gt;</a>&nbsp;&nbsp;&nbsp;StartSpiBus
<LI><a href="#[6e]">&gt;&gt;</a>&nbsp;&nbsp;&nbsp;WriteE2prom
<LI><a href="#[55]">&gt;&gt;</a>&nbsp;&nbsp;&nbsp;WriteSpiOneWord
</UL>

<P><STRONG><a name="[a5]"></a>__aeabi_d2f</STRONG> (Thumb, 0 bytes, Stack size 32 bytes, d2f.o(x$fpl$d2f), UNUSED)
<BR><BR>[Called By]<UL><LI><a href="#[9d]">&gt;&gt;</a>&nbsp;&nbsp;&nbsp;ReadAdcTemperature
</UL>

<P><STRONG><a name="[f3]"></a>_d2f</STRONG> (Thumb, 98 bytes, Stack size 32 bytes, d2f.o(x$fpl$d2f), UNUSED)
<BR><BR>[Calls]<UL><LI><a href="#[f4]">&gt;&gt;</a>&nbsp;&nbsp;&nbsp;__fpl_fretinf
<LI><a href="#[f5]">&gt;&gt;</a>&nbsp;&nbsp;&nbsp;__fpl_dnaninf
</UL>

<P><STRONG><a name="[a4]"></a>__aeabi_dadd</STRONG> (Thumb, 0 bytes, Stack size 16 bytes, daddsub_clz.o(x$fpl$dadd), UNUSED)
<BR><BR>[Called By]<UL><LI><a href="#[9d]">&gt;&gt;</a>&nbsp;&nbsp;&nbsp;ReadAdcTemperature
</UL>

<P><STRONG><a name="[f6]"></a>_dadd</STRONG> (Thumb, 332 bytes, Stack size 16 bytes, daddsub_clz.o(x$fpl$dadd), UNUSED)
<BR><BR>[Calls]<UL><LI><a href="#[f8]">&gt;&gt;</a>&nbsp;&nbsp;&nbsp;__fpl_dretinf
<LI><a href="#[f5]">&gt;&gt;</a>&nbsp;&nbsp;&nbsp;__fpl_dnaninf
<LI><a href="#[f7]">&gt;&gt;</a>&nbsp;&nbsp;&nbsp;_dsub1
</UL>

<P><STRONG><a name="[f9]"></a>__fpl_dcheck_NaN1</STRONG> (Thumb, 10 bytes, Stack size 0 bytes, dcheck1.o(x$fpl$dcheck1), UNUSED)
<BR><BR>[Calls]<UL><LI><a href="#[fa]">&gt;&gt;</a>&nbsp;&nbsp;&nbsp;__fpl_return_NaN
</UL>
<BR>[Called By]<UL><LI><a href="#[a1]">&gt;&gt;</a>&nbsp;&nbsp;&nbsp;__ARM_scalbn
</UL>

<P><STRONG><a name="[a3]"></a>__aeabi_ddiv</STRONG> (Thumb, 0 bytes, Stack size 32 bytes, ddiv.o(x$fpl$ddiv), UNUSED)
<BR><BR>[Called By]<UL><LI><a href="#[9d]">&gt;&gt;</a>&nbsp;&nbsp;&nbsp;ReadAdcTemperature
</UL>

<P><STRONG><a name="[fb]"></a>_ddiv</STRONG> (Thumb, 552 bytes, Stack size 32 bytes, ddiv.o(x$fpl$ddiv), UNUSED)
<BR><BR>[Calls]<UL><LI><a href="#[f8]">&gt;&gt;</a>&nbsp;&nbsp;&nbsp;__fpl_dretinf
<LI><a href="#[f5]">&gt;&gt;</a>&nbsp;&nbsp;&nbsp;__fpl_dnaninf
</UL>

<P><STRONG><a name="[9f]"></a>__aeabi_ui2d</STRONG> (Thumb, 0 bytes, Stack size 0 bytes, dflt_clz.o(x$fpl$dfltu), UNUSED)
<BR><BR>[Called By]<UL><LI><a href="#[9d]">&gt;&gt;</a>&nbsp;&nbsp;&nbsp;ReadAdcTemperature
</UL>

<P><STRONG><a name="[1f1]"></a>_dfltu</STRONG> (Thumb, 38 bytes, Stack size 0 bytes, dflt_clz.o(x$fpl$dfltu), UNUSED)

<P><STRONG><a name="[a0]"></a>__aeabi_dmul</STRONG> (Thumb, 0 bytes, Stack size 32 bytes, dmul.o(x$fpl$dmul), UNUSED)
<BR><BR>[Called By]<UL><LI><a href="#[9d]">&gt;&gt;</a>&nbsp;&nbsp;&nbsp;ReadAdcTemperature
</UL>

<P><STRONG><a name="[fc]"></a>_dmul</STRONG> (Thumb, 332 bytes, Stack size 32 bytes, dmul.o(x$fpl$dmul), UNUSED)
<BR><BR>[Calls]<UL><LI><a href="#[f8]">&gt;&gt;</a>&nbsp;&nbsp;&nbsp;__fpl_dretinf
<LI><a href="#[f5]">&gt;&gt;</a>&nbsp;&nbsp;&nbsp;__fpl_dnaninf
</UL>

<P><STRONG><a name="[f5]"></a>__fpl_dnaninf</STRONG> (Thumb, 156 bytes, Stack size 16 bytes, dnaninf.o(x$fpl$dnaninf), UNUSED)
<BR><BR>[Called By]<UL><LI><a href="#[fc]">&gt;&gt;</a>&nbsp;&nbsp;&nbsp;_dmul
<LI><a href="#[fb]">&gt;&gt;</a>&nbsp;&nbsp;&nbsp;_ddiv
<LI><a href="#[ff]">&gt;&gt;</a>&nbsp;&nbsp;&nbsp;_dsub
<LI><a href="#[f6]">&gt;&gt;</a>&nbsp;&nbsp;&nbsp;_dadd
<LI><a href="#[f3]">&gt;&gt;</a>&nbsp;&nbsp;&nbsp;_d2f
</UL>

<P><STRONG><a name="[f8]"></a>__fpl_dretinf</STRONG> (Thumb, 12 bytes, Stack size 0 bytes, dretinf.o(x$fpl$dretinf), UNUSED)
<BR><BR>[Called By]<UL><LI><a href="#[fc]">&gt;&gt;</a>&nbsp;&nbsp;&nbsp;_dmul
<LI><a href="#[fb]">&gt;&gt;</a>&nbsp;&nbsp;&nbsp;_ddiv
<LI><a href="#[f6]">&gt;&gt;</a>&nbsp;&nbsp;&nbsp;_dadd
</UL>

<P><STRONG><a name="[a2]"></a>__aeabi_drsub</STRONG> (Thumb, 0 bytes, Stack size 8 bytes, daddsub_clz.o(x$fpl$drsb), UNUSED)
<BR><BR>[Called By]<UL><LI><a href="#[9d]">&gt;&gt;</a>&nbsp;&nbsp;&nbsp;ReadAdcTemperature
</UL>

<P><STRONG><a name="[fd]"></a>_drsb</STRONG> (Thumb, 22 bytes, Stack size 8 bytes, daddsub_clz.o(x$fpl$drsb), UNUSED)
<BR><BR>[Calls]<UL><LI><a href="#[f7]">&gt;&gt;</a>&nbsp;&nbsp;&nbsp;_dsub1
<LI><a href="#[fe]">&gt;&gt;</a>&nbsp;&nbsp;&nbsp;_dadd1
</UL>

<P><STRONG><a name="[1f2]"></a>__aeabi_dsub</STRONG> (Thumb, 0 bytes, Stack size 32 bytes, daddsub_clz.o(x$fpl$dsub), UNUSED)

<P><STRONG><a name="[ff]"></a>_dsub</STRONG> (Thumb, 464 bytes, Stack size 32 bytes, daddsub_clz.o(x$fpl$dsub), UNUSED)
<BR><BR>[Calls]<UL><LI><a href="#[f5]">&gt;&gt;</a>&nbsp;&nbsp;&nbsp;__fpl_dnaninf
<LI><a href="#[fe]">&gt;&gt;</a>&nbsp;&nbsp;&nbsp;_dadd1
</UL>

<P><STRONG><a name="[a6]"></a>__aeabi_f2iz</STRONG> (Thumb, 0 bytes, Stack size 16 bytes, ffix.o(x$fpl$ffix), UNUSED)
<BR><BR>[Called By]<UL><LI><a href="#[9d]">&gt;&gt;</a>&nbsp;&nbsp;&nbsp;ReadAdcTemperature
</UL>

<P><STRONG><a name="[100]"></a>_ffix</STRONG> (Thumb, 54 bytes, Stack size 16 bytes, ffix.o(x$fpl$ffix), UNUSED)
<BR><BR>[Calls]<UL><LI><a href="#[101]">&gt;&gt;</a>&nbsp;&nbsp;&nbsp;__fpl_fnaninf
</UL>

<P><STRONG><a name="[101]"></a>__fpl_fnaninf</STRONG> (Thumb, 140 bytes, Stack size 8 bytes, fnaninf.o(x$fpl$fnaninf), UNUSED)
<BR><BR>[Called By]<UL><LI><a href="#[100]">&gt;&gt;</a>&nbsp;&nbsp;&nbsp;_ffix
</UL>

<P><STRONG><a name="[f4]"></a>__fpl_fretinf</STRONG> (Thumb, 10 bytes, Stack size 0 bytes, fretinf.o(x$fpl$fretinf), UNUSED)
<BR><BR>[Called By]<UL><LI><a href="#[f3]">&gt;&gt;</a>&nbsp;&nbsp;&nbsp;_d2f
</UL>

<P><STRONG><a name="[fa]"></a>__fpl_return_NaN</STRONG> (Thumb, 100 bytes, Stack size 0 bytes, retnan.o(x$fpl$retnan), UNUSED)
<BR><BR>[Calls]<UL><LI><a href="#[102]">&gt;&gt;</a>&nbsp;&nbsp;&nbsp;__fpl_cmpreturn
</UL>
<BR>[Called By]<UL><LI><a href="#[f9]">&gt;&gt;</a>&nbsp;&nbsp;&nbsp;__fpl_dcheck_NaN1
</UL>

<P><STRONG><a name="[a1]"></a>__ARM_scalbn</STRONG> (Thumb, 92 bytes, Stack size 0 bytes, scalbn.o(x$fpl$scalbn), UNUSED)
<BR><BR>[Calls]<UL><LI><a href="#[f9]">&gt;&gt;</a>&nbsp;&nbsp;&nbsp;__fpl_dcheck_NaN1
</UL>
<BR>[Called By]<UL><LI><a href="#[9d]">&gt;&gt;</a>&nbsp;&nbsp;&nbsp;ReadAdcTemperature
</UL>

<P><STRONG><a name="[102]"></a>__fpl_cmpreturn</STRONG> (Thumb, 48 bytes, Stack size 0 bytes, trapv.o(x$fpl$trapveneer), UNUSED)
<BR><BR>[Called By]<UL><LI><a href="#[fa]">&gt;&gt;</a>&nbsp;&nbsp;&nbsp;__fpl_return_NaN
</UL>
<P>
<H3>
Local Symbols
</H3>
<P><STRONG><a name="[3a]"></a>TaskWatchdog</STRONG> (Thumb, 4 bytes, Stack size 0 bytes, main.o(.text))
<BR>[Address Reference Count : 1]<UL><LI> main.o(.text)
</UL>
<P><STRONG><a name="[38]"></a>TaskDebug</STRONG> (Thumb, 4 bytes, Stack size 0 bytes, main.o(.text))
<BR>[Address Reference Count : 1]<UL><LI> main.o(.text)
</UL>
<P><STRONG><a name="[63]"></a>TMAPktHandle</STRONG> (Thumb, 184 bytes, Stack size 32 bytes, rf_protocol.o(.text))
<BR><BR>[Stack]<UL><LI>Max Depth = 240<LI>Call Chain = TMAPktHandle &rArr; execute_cmd &rArr; endDwnldSoft &rArr; EndCode2Flash &rArr; Code2Flash &rArr; DownFlagSet &rArr; WriteE2prom &rArr; I2cWriteDevice &rArr; I2cMasterWrite &rArr; CheckEventTimeOut
</UL>
<BR>[Calls]<UL><LI><a href="#[5a]">&gt;&gt;</a>&nbsp;&nbsp;&nbsp;UartTxOpen
<LI><a href="#[64]">&gt;&gt;</a>&nbsp;&nbsp;&nbsp;ResetUartBuf
<LI><a href="#[59]">&gt;&gt;</a>&nbsp;&nbsp;&nbsp;GetUartBufInfo
<LI><a href="#[60]">&gt;&gt;</a>&nbsp;&nbsp;&nbsp;execute_cmd
</UL>
<BR>[Called By]<UL><LI><a href="#[39]">&gt;&gt;</a>&nbsp;&nbsp;&nbsp;TaskProtocol
</UL>

<P><STRONG><a name="[6a]"></a>NVIC_SystemReset</STRONG> (Thumb, 20 bytes, Stack size 0 bytes, rf_parameter.o(.text), UNUSED)
<BR><BR>[Called By]<UL><LI><a href="#[66]">&gt;&gt;</a>&nbsp;&nbsp;&nbsp;FirmwareIsExist
</UL>

<P><STRONG><a name="[82]"></a>WriteGpioPin</STRONG> (Thumb, 40 bytes, Stack size 0 bytes, dev_spi.o(.text), UNUSED)
<BR><BR>[Calls]<UL><LI><a href="#[83]">&gt;&gt;</a>&nbsp;&nbsp;&nbsp;GPIO_WriteBit
</UL>
<BR>[Called By]<UL><LI><a href="#[86]">&gt;&gt;</a>&nbsp;&nbsp;&nbsp;EndSpiBus
<LI><a href="#[84]">&gt;&gt;</a>&nbsp;&nbsp;&nbsp;StartSpiBus
<LI><a href="#[55]">&gt;&gt;</a>&nbsp;&nbsp;&nbsp;WriteSpiOneWord
</UL>

<P><STRONG><a name="[84]"></a>StartSpiBus</STRONG> (Thumb, 94 bytes, Stack size 8 bytes, dev_spi.o(.text), UNUSED)
<BR><BR>[Calls]<UL><LI><a href="#[85]">&gt;&gt;</a>&nbsp;&nbsp;&nbsp;usdelay
<LI><a href="#[82]">&gt;&gt;</a>&nbsp;&nbsp;&nbsp;WriteGpioPin
</UL>
<BR>[Called By]<UL><LI><a href="#[55]">&gt;&gt;</a>&nbsp;&nbsp;&nbsp;WriteSpiOneWord
</UL>

<P><STRONG><a name="[86]"></a>EndSpiBus</STRONG> (Thumb, 76 bytes, Stack size 8 bytes, dev_spi.o(.text), UNUSED)
<BR><BR>[Calls]<UL><LI><a href="#[85]">&gt;&gt;</a>&nbsp;&nbsp;&nbsp;usdelay
<LI><a href="#[82]">&gt;&gt;</a>&nbsp;&nbsp;&nbsp;WriteGpioPin
</UL>
<BR>[Called By]<UL><LI><a href="#[55]">&gt;&gt;</a>&nbsp;&nbsp;&nbsp;WriteSpiOneWord
</UL>

<P><STRONG><a name="[ad]"></a>I2cMasterWrite</STRONG> (Thumb, 182 bytes, Stack size 56 bytes, user_i2c.o(.text))
<BR><BR>[Stack]<UL><LI>Max Depth = 80<LI>Call Chain = I2cMasterWrite &rArr; CheckEventTimeOut
</UL>
<BR>[Calls]<UL><LI><a href="#[ac]">&gt;&gt;</a>&nbsp;&nbsp;&nbsp;I2C_SendData
<LI><a href="#[b0]">&gt;&gt;</a>&nbsp;&nbsp;&nbsp;I2C_Send7bitAddress
<LI><a href="#[a9]">&gt;&gt;</a>&nbsp;&nbsp;&nbsp;I2C_GenerateSTOP
<LI><a href="#[ae]">&gt;&gt;</a>&nbsp;&nbsp;&nbsp;I2C_GenerateSTART
<LI><a href="#[af]">&gt;&gt;</a>&nbsp;&nbsp;&nbsp;CheckEventTimeOut
</UL>
<BR>[Called By]<UL><LI><a href="#[87]">&gt;&gt;</a>&nbsp;&nbsp;&nbsp;I2cWriteDevice
<LI><a href="#[88]">&gt;&gt;</a>&nbsp;&nbsp;&nbsp;I2cReadDevice
</UL>

<P><STRONG><a name="[af]"></a>CheckEventTimeOut</STRONG> (Thumb, 50 bytes, Stack size 24 bytes, user_i2c.o(.text))
<BR><BR>[Stack]<UL><LI>Max Depth = 24<LI>Call Chain = CheckEventTimeOut
</UL>
<BR>[Calls]<UL><LI><a href="#[b5]">&gt;&gt;</a>&nbsp;&nbsp;&nbsp;I2C_CheckEvent
</UL>
<BR>[Called By]<UL><LI><a href="#[b1]">&gt;&gt;</a>&nbsp;&nbsp;&nbsp;I2cMasterRead
<LI><a href="#[ad]">&gt;&gt;</a>&nbsp;&nbsp;&nbsp;I2cMasterWrite
</UL>

<P><STRONG><a name="[b1]"></a>I2cMasterRead</STRONG> (Thumb, 160 bytes, Stack size 56 bytes, user_i2c.o(.text))
<BR><BR>[Stack]<UL><LI>Max Depth = 80<LI>Call Chain = I2cMasterRead &rArr; CheckEventTimeOut
</UL>
<BR>[Calls]<UL><LI><a href="#[b0]">&gt;&gt;</a>&nbsp;&nbsp;&nbsp;I2C_Send7bitAddress
<LI><a href="#[ab]">&gt;&gt;</a>&nbsp;&nbsp;&nbsp;I2C_ReceiveData
<LI><a href="#[a9]">&gt;&gt;</a>&nbsp;&nbsp;&nbsp;I2C_GenerateSTOP
<LI><a href="#[ae]">&gt;&gt;</a>&nbsp;&nbsp;&nbsp;I2C_GenerateSTART
<LI><a href="#[b6]">&gt;&gt;</a>&nbsp;&nbsp;&nbsp;I2C_AcknowledgeConfig
<LI><a href="#[af]">&gt;&gt;</a>&nbsp;&nbsp;&nbsp;CheckEventTimeOut
</UL>
<BR>[Called By]<UL><LI><a href="#[88]">&gt;&gt;</a>&nbsp;&nbsp;&nbsp;I2cReadDevice
</UL>

<P><STRONG><a name="[bf]"></a>UartBufDataIn</STRONG> (Thumb, 42 bytes, Stack size 8 bytes, user_uart.o(.text))
<BR><BR>[Stack]<UL><LI>Max Depth = 8<LI>Call Chain = UartBufDataIn
</UL>
<BR>[Called By]<UL><LI><a href="#[2f]">&gt;&gt;</a>&nbsp;&nbsp;&nbsp;USART2_IRQHandler
<LI><a href="#[2e]">&gt;&gt;</a>&nbsp;&nbsp;&nbsp;USART1_IRQHandler
</UL>

<P><STRONG><a name="[bc]"></a>UartBufDataOut</STRONG> (Thumb, 44 bytes, Stack size 12 bytes, user_uart.o(.text))
<BR><BR>[Stack]<UL><LI>Max Depth = 12<LI>Call Chain = UartBufDataOut
</UL>
<BR>[Called By]<UL><LI><a href="#[2f]">&gt;&gt;</a>&nbsp;&nbsp;&nbsp;USART2_IRQHandler
<LI><a href="#[2e]">&gt;&gt;</a>&nbsp;&nbsp;&nbsp;USART1_IRQHandler
<LI><a href="#[5a]">&gt;&gt;</a>&nbsp;&nbsp;&nbsp;UartTxOpen
</UL>

<P><STRONG><a name="[c8]"></a>Flash2Section</STRONG> (Thumb, 100 bytes, Stack size 24 bytes, user_flash.o(.text), UNUSED)
<BR><BR>[Calls]<UL><LI><a href="#[c9]">&gt;&gt;</a>&nbsp;&nbsp;&nbsp;IWDG_ReloadCounter
<LI><a href="#[c2]">&gt;&gt;</a>&nbsp;&nbsp;&nbsp;FLASH_Unlock
<LI><a href="#[c5]">&gt;&gt;</a>&nbsp;&nbsp;&nbsp;FLASH_ProgramWord
<LI><a href="#[c6]">&gt;&gt;</a>&nbsp;&nbsp;&nbsp;FLASH_Lock
<LI><a href="#[c4]">&gt;&gt;</a>&nbsp;&nbsp;&nbsp;FLASH_ErasePage
<LI><a href="#[c3]">&gt;&gt;</a>&nbsp;&nbsp;&nbsp;FLASH_ClearFlag
</UL>
<BR>[Called By]<UL><LI><a href="#[ca]">&gt;&gt;</a>&nbsp;&nbsp;&nbsp;EndCode2FlashRrev
<LI><a href="#[67]">&gt;&gt;</a>&nbsp;&nbsp;&nbsp;Section2Bak
<LI><a href="#[69]">&gt;&gt;</a>&nbsp;&nbsp;&nbsp;Bak2Section
</UL>

<P><STRONG><a name="[cb]"></a>NVIC_SystemReset</STRONG> (Thumb, 20 bytes, Stack size 0 bytes, user_flash.o(.text))
<BR><BR>[Called By]<UL><LI><a href="#[c7]">&gt;&gt;</a>&nbsp;&nbsp;&nbsp;Bootloader
<LI><a href="#[ca]">&gt;&gt;</a>&nbsp;&nbsp;&nbsp;EndCode2FlashRrev
</UL>

<P><STRONG><a name="[d8]"></a>TI2_Config</STRONG> (Thumb, 166 bytes, Stack size 20 bytes, stm32f10x_tim.o(.text), UNUSED)
<BR><BR>[Called By]<UL><LI><a href="#[df]">&gt;&gt;</a>&nbsp;&nbsp;&nbsp;TIM_TIxExternalClockConfig
<LI><a href="#[dc]">&gt;&gt;</a>&nbsp;&nbsp;&nbsp;TIM_PWMIConfig
<LI><a href="#[d5]">&gt;&gt;</a>&nbsp;&nbsp;&nbsp;TIM_ICInit
</UL>

<P><STRONG><a name="[d6]"></a>TI1_Config</STRONG> (Thumb, 88 bytes, Stack size 16 bytes, stm32f10x_tim.o(.text), UNUSED)
<BR><BR>[Called By]<UL><LI><a href="#[df]">&gt;&gt;</a>&nbsp;&nbsp;&nbsp;TIM_TIxExternalClockConfig
<LI><a href="#[dc]">&gt;&gt;</a>&nbsp;&nbsp;&nbsp;TIM_PWMIConfig
<LI><a href="#[d5]">&gt;&gt;</a>&nbsp;&nbsp;&nbsp;TIM_ICInit
</UL>

<P><STRONG><a name="[fe]"></a>_dadd1</STRONG> (Thumb, 0 bytes, Stack size unknown bytes, daddsub_clz.o(x$fpl$dadd), UNUSED)
<BR><BR>[Called By]<UL><LI><a href="#[ff]">&gt;&gt;</a>&nbsp;&nbsp;&nbsp;_dsub
<LI><a href="#[fd]">&gt;&gt;</a>&nbsp;&nbsp;&nbsp;_drsb
</UL>

<P><STRONG><a name="[f7]"></a>_dsub1</STRONG> (Thumb, 0 bytes, Stack size unknown bytes, daddsub_clz.o(x$fpl$dsub), UNUSED)
<BR><BR>[Called By]<UL><LI><a href="#[fd]">&gt;&gt;</a>&nbsp;&nbsp;&nbsp;_drsb
<LI><a href="#[f6]">&gt;&gt;</a>&nbsp;&nbsp;&nbsp;_dadd
</UL>
<P>
<H3>
Undefined Global Symbols
</H3><HR></body></html>
