<html>
<body>
<pre>
<h1>礦ision Build Log</h1>
<h2>Tool Versions:</h2>
IDE-Version: μVision V5.13.0.0
Copyright (C) 2014 ARM Ltd and ARM Germany GmbH. All rights reserved.
License Information: ma jin, jointcom, LIC=----
 
Tool Versions:
Toolchain:       MDK-Lite  Version: 5.13.0.0
Toolchain Path:  C:\Program Files\Keil_v5\ARM\ARMCC\Bin
C Compiler:      Armcc.exe V5.05 update 1 (build 106)
Assembler:       Armasm.exe V5.05 update 1 (build 106)
Linker/Locator:  ArmLink.exe V5.05 update 1 (build 106)
Library Manager: ArmAr.exe V5.05 update 1 (build 106)
Hex Converter:   FromElf.exe V5.05 update 1 (build 106)
CPU DLL:         SARMCM3.DLL V5.13.0.0
Dialog DLL:      DARMSTM.DLL V1.65.0.0
Target DLL:      Segger\JL2CM3.dll V2.99.11.0
Dialog DLL:      TARMSTM.DLL V1.64.0.0
 
<h2>Project:</h2>
D:\Work\公司资料\功放\[jc-pim-pa-02].-.fw_stm32f100c8\rf_module\rvmdk\rf_module.uvproj
Project File Date:  03/30/2015

<h2>Output:</h2>
Build target 'Debug'
compiling rf_control.c...
..\app\rf_control.c(203): warning:  #177-D: variable "temp" was declared but never referenced
        unsigned char temp[10];
..\app\rf_control.c: 1 warning, 0 errors
linking...
Program Size: Code=17236 RO-data=7336 RW-data=188 ZI-data=4452  
".\debug\output\rf_module.axf" - 0 Error(s), 1 Warning(s).
</pre>
</body>
</html>
