<html>
<body>
<pre>
<h1>礦ision Build Log</h1>
<h2>Tool Versions:</h2>
IDE-Version: μVision V5.13.0.0
Copyright (C) 2014 ARM Ltd and ARM Germany GmbH. All rights reserved.
License Information: Ma Jing, jointcom, LIC=6XJII-T5TLY-QG27I-T1JU2-BKKD5-K5BTB
 
Tool Versions:
Toolchain:       MDK-ARM Professional  Version: 5.13.0.0
Toolchain Path:  C:\Program Files\Keil_v5\ARM\ARMCC\Bin
C Compiler:      Armcc.exe V5.05 update 1 (build 106)
Assembler:       Armasm.exe V5.05 update 1 (build 106)
Linker/Locator:  ArmLink.exe V5.05 update 1 (build 106)
Library Manager: ArmAr.exe V5.05 update 1 (build 106)
Hex Converter:   FromElf.exe V5.05 update 1 (build 106)
CPU DLL:         SARMCM3.DLL V5.13.0.0
Dialog DLL:      DARMSTM.DLL V1.65.0.0
Target DLL:      Segger\JL2CM3.dll V2.99.11.0
Dialog DLL:      TARMSTM.DLL V1.64.0.0
 
<h2>Project:</h2>
D:\Work\公司资料\功放\[jcmpa-02].-.fw_stm32f100c8\rf_module\rvmdk\rf_module.uvproj
Project File Date:  01/22/2015

<h2>Output:</h2>
Build target 'Release'
compiling main.c...
linking...
Program Size: Code=19252 RO-data=2732 RW-data=68 ZI-data=5452  
FromELF: creating hex file...
".\release\output\rf_module.axf" - 0 Error(s), 0 Warning(s).
</pre>
</body>
</html>
