<html>
<body>
<pre>
<h1>礦ision Build Log</h1>
<h2>Project:</h2>
D:\Work\公司资料\塔放\firmware\[jctma-0708-01-r1a].-.fw_stm32f100c8\rf_module\rvmdk\rf_module.uvproj
Project File Date:  01/21/2015

<h2>Output:</h2>
Rebuild target 'Release'
compiling main.c...
compiling rf_control.c...
compiling rf_protocol.c...
compiling rf_parameter.c...
compiling task.c...
compiling target.c...
compiling stm32f10x_it.c...
compiling system_stm32f10x.c...
compiling dev_spi.c...
compiling dev_att.c...
compiling dev_e2prom.c...
compiling dev_temp.c...
compiling user_timer.c...
compiling user_adc.c...
compiling user_i2c.c...
compiling user_uart.c...
compiling user_flash.c...
compiling misc.c...
compiling stm32f10x_adc.c...
compiling stm32f10x_gpio.c...
compiling stm32f10x_i2c.c...
compiling stm32f10x_rcc.c...
compiling stm32f10x_tim.c...
compiling stm32f10x_usart.c...
compiling stm32f10x_flash.c...
compiling stm32f10x_iwdg.c...
compiling stm32f10x_pwr.c...
compiling core_cm3.c...
assembling startup_stm32f10x_md_vl.s...
linking...
Program Size: Code=19132 RO-data=2732 RW-data=68 ZI-data=5452  
FromELF: creating hex file...
User command #1: .\outConv.exe release/output/rf_module.hex ../release/jctma-0708-01-r1a 0x0000 0x7000  0x5ff0
".\release\output\rf_module.axf" - 0 Error(s), 0 Warning(s).
Build target 'Release'
linking...
Program Size: Code=19132 RO-data=2732 RW-data=68 ZI-data=5452  
FromELF: creating hex file...
User command #1: .\outConv.exe release/output/rf_module.hex ../release/jctma-0708-01-r1a 0x0000 0x7000  0x5ff0
Convert Started!
    ../release/[jctma-0708-01-r1a]-[20150121162347]-[9C0D]-[UpgradeSct]-[Vx.2].BIN  FileSize = 28672 Bytes
    ../release/[jctma-0708-01-r1a]-[20150121162347]-[9C0D]-[UpgradeAll]-[V6.x].BIN  FileSize = 32768 Bytes
    ../release/[jctma-0708-01-r1a]-[20150121162347]-[9C0D]-[AllPage]-[BootV1.1].BIN  FileSize = 65536 Bytes
    ../release/[jctma-0708-01-r1a]-[20150121162347]-[9C0D]-[AllPage]-[BootV1.1].HEX  FileSize = 84357 Bytes
".\release\output\rf_module.axf" - 0 Error(s), 0 Warning(s).
Build target 'Release'
linking...
Program Size: Code=19132 RO-data=2732 RW-data=68 ZI-data=5452  
FromELF: creating hex file...
User command #1: .\outConv.exe release/output/rf_module.hex ../release/jctma-0708-01-r1a 0x0000 0x7000  0x5ff0
Convert Started!
    ../release/[jctma-0708-01-r1a]-[20150121162406]-[9C0D]-[UpgradeSct]-[Vx.2].BIN  FileSize = 28672 Bytes
    ../release/[jctma-0708-01-r1a]-[20150121162406]-[9C0D]-[UpgradeAll]-[V6.x].BIN  FileSize = 32768 Bytes
    ../release/[jctma-0708-01-r1a]-[20150121162406]-[9C0D]-[AllPage]-[BootV1.1].BIN  FileSize = 65536 Bytes
    ../release/[jctma-0708-01-r1a]-[20150121162406]-[9C0D]-[AllPage]-[BootV1.1].HEX  FileSize = 84357 Bytes
".\release\output\rf_module.axf" - 0 Error(s), 0 Warning(s).
Rebuild target 'Release'
compiling main.c...
compiling rf_control.c...
compiling rf_protocol.c...
compiling rf_parameter.c...
compiling task.c...
compiling target.c...
compiling stm32f10x_it.c...
compiling system_stm32f10x.c...
compiling dev_spi.c...
compiling dev_att.c...
compiling dev_e2prom.c...
compiling dev_temp.c...
compiling user_timer.c...
compiling user_adc.c...
compiling user_i2c.c...
compiling user_uart.c...
compiling user_flash.c...
compiling misc.c...
compiling stm32f10x_adc.c...
compiling stm32f10x_gpio.c...
compiling stm32f10x_i2c.c...
compiling stm32f10x_rcc.c...
compiling stm32f10x_tim.c...
compiling stm32f10x_usart.c...
compiling stm32f10x_flash.c...
compiling stm32f10x_iwdg.c...
compiling stm32f10x_pwr.c...
compiling core_cm3.c...
assembling startup_stm32f10x_md_vl.s...
linking...
Program Size: Code=19132 RO-data=2732 RW-data=68 ZI-data=5452  
FromELF: creating hex file...
User command #1: .\outConv.exe release/output/rf_module.hex ../release/jctma-0708-01-r1a 0x0000 0x7000  0x5ff0
Convert Started!
    ../release/[jctma-0708-01-r1a]-[20150121162422]-[9C0D]-[UpgradeSct]-[Vx.2].BIN  FileSize = 28672 Bytes
    ../release/[jctma-0708-01-r1a]-[20150121162422]-[9C0D]-[UpgradeAll]-[V6.x].BIN  FileSize = 32768 Bytes
    ../release/[jctma-0708-01-r1a]-[20150121162422]-[9C0D]-[AllPage]-[BootV1.1].BIN  FileSize = 65536 Bytes
    ../release/[jctma-0708-01-r1a]-[20150121162422]-[9C0D]-[AllPage]-[BootV1.1].HEX  FileSize = 84357 Bytes
".\release\output\rf_module.axf" - 0 Error(s), 0 Warning(s).
