<html>
<body>
<pre>
<h1>µVision Build Log</h1>
<h2>Tool Versions:</h2>
IDE-Version: ¦ÌVision V5.13.0.0
Copyright (C) 2014 ARM Ltd and ARM Germany GmbH. All rights reserved.
License Information: ma jin, zucc, LIC=----
 
Tool Versions:
Toolchain:       MDK-Lite  Version: 5.13.0.0
Toolchain Path:  C:\Program Files\Keil_v5\ARM\ARMCC\Bin
C Compiler:      Armcc.exe V5.05 update 1 (build 106)
Assembler:       Armasm.exe V5.05 update 1 (build 106)
Linker/Locator:  ArmLink.exe V5.05 update 1 (build 106)
Library Manager: ArmAr.exe V5.05 update 1 (build 106)
Hex Converter:   FromElf.exe V5.05 update 1 (build 106)
CPU DLL:         SARMCM3.DLL V5.13.0.0
Dialog DLL:      DARMSTM.DLL V1.65.0.0
Target DLL:      Segger\JL2CM3.dll V2.99.11.0
Dialog DLL:      TARMSTM.DLL V1.64.0.0
 
<h2>Project:</h2>
C:\Users\Administrator\Documents\jc_pim_pa\rf_module\rvmdk\rf_module.uvproj
Project File Date:  06/15/2015

<h2>Output:</h2>
Build target 'Release'
compiling main.c...
compiling rf_control.c...
compiling rf_protocol.c...
compiling rf_parameter.c...
compiling task.c...
compiling target.c...
compiling dev_spi.c...
compiling dev_att.c...
compiling dev_e2prom.c...
compiling dev_temp.c...
compiling user_timer.c...
compiling user_adc.c...
compiling user_i2c.c...
compiling user_uart.c...
compiling user_flash.c...
linking...
Program Size: Code=19544 RO-data=6336 RW-data=188 ZI-data=4484  
FromELF: creating hex file...
After Build - User command #2: mdkConv.exe     \release\output\rf_module.hex  ..\[FW].-.[JCSG-0727-M2]
==>Source HEX : C:\Users\Administrator\Documents\jc_pim_pa\rf_module\rvmdk\release\output\rf_module.hex
==>Output HEX : ..\[FW].-.[JCSG-0727-M2].-.[2015-07-03-09-57-17].-.[E97F].hex
==>Output BIN : ..\[FW].-.[JCSG-0727-M2].-.[2015-07-03-09-57-17].-.[E97F].bin
".\release\output\rf_module.axf" - 0 Error(s), 0 Warning(s).
</pre>
</body>
</html>
